[2025-09-22T11:57:48.787+0000][1][gc] Using G1
[2025-09-22T11:57:48.810+0000][1][gc,init] Version: 16.0.1+9 (release)
[2025-09-22T11:57:48.810+0000][1][gc,init] CPUs: 16 total, 16 available
[2025-09-22T11:57:48.810+0000][1][gc,init] Memory: 15898M
[2025-09-22T11:57:48.810+0000][1][gc,init] Large Page Support: Disabled
[2025-09-22T11:57:48.810+0000][1][gc,init] NUMA Support: Disabled
[2025-09-22T11:57:48.810+0000][1][gc,init] Compressed Oops: Enabled (32-bit)
[2025-09-22T11:57:48.810+0000][1][gc,init] Heap Region Size: 1M
[2025-09-22T11:57:48.810+0000][1][gc,init] Heap Min Capacity: 512M
[2025-09-22T11:57:48.810+0000][1][gc,init] Heap Initial Capacity: 512M
[2025-09-22T11:57:48.810+0000][1][gc,init] Heap Max Capacity: 512M
[2025-09-22T11:57:48.810+0000][1][gc,init] Pre-touch: Disabled
[2025-09-22T11:57:48.810+0000][1][gc,init] Parallel Workers: 13
[2025-09-22T11:57:48.810+0000][1][gc,init] Concurrent Workers: 3
[2025-09-22T11:57:48.810+0000][1][gc,init] Concurrent Refinement Workers: 13
[2025-09-22T11:57:48.810+0000][1][gc,init] Periodic GC: Disabled
[2025-09-22T11:57:48.812+0000][1][gc,metaspace] CDS archive(s) mapped at: [0x0000000800000000-0x0000000800bea000-0x0000000800bea000), size 12492800, SharedBaseAddress: 0x0000000800000000, ArchiveRelocationMode: 0.
[2025-09-22T11:57:48.812+0000][1][gc,metaspace] Compressed class space mapped at: 0x0000000800c00000-0x0000000840c00000, reserved size: 1073741824
[2025-09-22T11:57:48.812+0000][1][gc,metaspace] Narrow klass base: 0x0000000800000000, Narrow klass shift: 3, Narrow klass range: 0x100000000
[2025-09-22T11:57:50.423+0000][1][safepoint   ] Safepoint "ICBufferFull", Time since last: 1516850941 ns, Reaching safepoint: 300300 ns, At safepoint: 42700 ns, Total: 343000 ns
[2025-09-22T11:57:50.695+0000][1][gc,start    ] GC(0) Pause Young (Normal) (G1 Evacuation Pause)
[2025-09-22T11:57:50.700+0000][1][gc,task     ] GC(0) Using 12 workers of 13 for evacuation
[2025-09-22T11:57:50.700+0000][1][gc,age      ] GC(0) Desired survivor size 2097152 bytes, new threshold 15 (max threshold 15)
[2025-09-22T11:57:50.712+0000][1][gc,age      ] GC(0) Age table with threshold 15 (max threshold 15)
[2025-09-22T11:57:50.712+0000][1][gc,age      ] GC(0) - age   1:    3973992 bytes,    3973992 total
[2025-09-22T11:57:50.712+0000][1][gc,phases   ] GC(0)   Pre Evacuate Collection Set: 0.4ms
[2025-09-22T11:57:50.712+0000][1][gc,phases   ] GC(0)   Merge Heap Roots: 0.2ms
[2025-09-22T11:57:50.712+0000][1][gc,phases   ] GC(0)   Evacuate Collection Set: 8.6ms
[2025-09-22T11:57:50.712+0000][1][gc,phases   ] GC(0)   Post Evacuate Collection Set: 2.8ms
[2025-09-22T11:57:50.713+0000][1][gc,phases   ] GC(0)   Other: 6.0ms
[2025-09-22T11:57:50.713+0000][1][gc,heap     ] GC(0) Eden regions: 25->0(29)
[2025-09-22T11:57:50.713+0000][1][gc,heap     ] GC(0) Survivor regions: 0->4(4)
[2025-09-22T11:57:50.713+0000][1][gc,heap     ] GC(0) Old regions: 0->3
[2025-09-22T11:57:50.713+0000][1][gc,heap     ] GC(0) Archive regions: 2->2
[2025-09-22T11:57:50.713+0000][1][gc,heap     ] GC(0) Humongous regions: 1->1
[2025-09-22T11:57:50.713+0000][1][gc,metaspace] GC(0) Metaspace: 7695K(7872K)->7695K(7872K) NonClass: 6894K(6976K)->6894K(6976K) Class: 800K(896K)->800K(896K)
[2025-09-22T11:57:50.713+0000][1][gc          ] GC(0) Pause Young (Normal) (G1 Evacuation Pause) 26M->8M(512M) 18.061ms
[2025-09-22T11:57:50.713+0000][1][gc,cpu      ] GC(0) User=0.04s Sys=0.02s Real=0.02s
[2025-09-22T11:57:50.713+0000][1][safepoint   ] Safepoint "G1CollectForAllocation", Time since last: 270744443 ns, Reaching safepoint: 185600 ns, At safepoint: 18251803 ns, Total: 18437403 ns
[2025-09-22T11:57:51.978+0000][1][safepoint   ] Safepoint "Cleanup", Time since last: 1264371501 ns, Reaching safepoint: 533900 ns, At safepoint: 72100 ns, Total: 606000 ns
[2025-09-22T11:57:52.276+0000][1][gc,start    ] GC(1) Pause Young (Normal) (G1 Evacuation Pause)
[2025-09-22T11:57:52.276+0000][1][gc,task     ] GC(1) Using 12 workers of 13 for evacuation
[2025-09-22T11:57:52.276+0000][1][gc,age      ] GC(1) Desired survivor size 2621440 bytes, new threshold 1 (max threshold 15)
[2025-09-22T11:57:52.286+0000][1][gc,age      ] GC(1) Age table with threshold 1 (max threshold 15)
[2025-09-22T11:57:52.286+0000][1][gc,age      ] GC(1) - age   1:    4085160 bytes,    4085160 total
[2025-09-22T11:57:52.286+0000][1][gc,phases   ] GC(1)   Pre Evacuate Collection Set: 0.5ms
[2025-09-22T11:57:52.286+0000][1][gc,phases   ] GC(1)   Merge Heap Roots: 0.4ms
[2025-09-22T11:57:52.286+0000][1][gc,phases   ] GC(1)   Evacuate Collection Set: 5.9ms
[2025-09-22T11:57:52.286+0000][1][gc,phases   ] GC(1)   Post Evacuate Collection Set: 3.0ms
[2025-09-22T11:57:52.286+0000][1][gc,phases   ] GC(1)   Other: 0.4ms
[2025-09-22T11:57:52.286+0000][1][gc,heap     ] GC(1) Eden regions: 29->0(236)
[2025-09-22T11:57:52.286+0000][1][gc,heap     ] GC(1) Survivor regions: 4->4(5)
[2025-09-22T11:57:52.286+0000][1][gc,heap     ] GC(1) Old regions: 3->7
[2025-09-22T11:57:52.286+0000][1][gc,heap     ] GC(1) Archive regions: 2->2
[2025-09-22T11:57:52.286+0000][1][gc,heap     ] GC(1) Humongous regions: 1->1
[2025-09-22T11:57:52.286+0000][1][gc,metaspace] GC(1) Metaspace: 12716K(12928K)->12716K(12928K) NonClass: 11273K(11392K)->11273K(11392K) Class: 1442K(1536K)->1442K(1536K)
[2025-09-22T11:57:52.286+0000][1][gc          ] GC(1) Pause Young (Normal) (G1 Evacuation Pause) 37M->12M(512M) 10.251ms
[2025-09-22T11:57:52.286+0000][1][gc,cpu      ] GC(1) User=0.03s Sys=0.03s Real=0.02s
[2025-09-22T11:57:52.286+0000][1][safepoint   ] Safepoint "G1CollectForAllocation", Time since last: 297902647 ns, Reaching safepoint: 383400 ns, At safepoint: 10424602 ns, Total: 10808002 ns
[2025-09-22T11:57:53.463+0000][1][safepoint   ] Safepoint "Cleanup", Time since last: 1175293787 ns, Reaching safepoint: 1098200 ns, At safepoint: 92500 ns, Total: 1190700 ns
[2025-09-22T11:57:54.295+0000][1][gc,start    ] GC(2) Pause Young (Concurrent Start) (Metadata GC Threshold)
[2025-09-22T11:57:54.295+0000][1][gc,task     ] GC(2) Using 12 workers of 13 for evacuation
[2025-09-22T11:57:54.295+0000][1][gc,age      ] GC(2) Desired survivor size 15728640 bytes, new threshold 15 (max threshold 15)
[2025-09-22T11:57:54.303+0000][1][gc,age      ] GC(2) Age table with threshold 15 (max threshold 15)
[2025-09-22T11:57:54.304+0000][1][gc,age      ] GC(2) - age   1:    2072984 bytes,    2072984 total
[2025-09-22T11:57:54.304+0000][1][gc,age      ] GC(2) - age   2:    1661456 bytes,    3734440 total
[2025-09-22T11:57:54.304+0000][1][gc,phases   ] GC(2)   Pre Evacuate Collection Set: 0.4ms
[2025-09-22T11:57:54.304+0000][1][gc,phases   ] GC(2)   Merge Heap Roots: 0.3ms
[2025-09-22T11:57:54.304+0000][1][gc,phases   ] GC(2)   Evacuate Collection Set: 5.8ms
[2025-09-22T11:57:54.304+0000][1][gc,phases   ] GC(2)   Post Evacuate Collection Set: 1.8ms
[2025-09-22T11:57:54.304+0000][1][gc,phases   ] GC(2)   Other: 0.9ms
[2025-09-22T11:57:54.304+0000][1][gc,heap     ] GC(2) Eden regions: 185->0(303)
[2025-09-22T11:57:54.304+0000][1][gc,heap     ] GC(2) Survivor regions: 4->4(30)
[2025-09-22T11:57:54.304+0000][1][gc,heap     ] GC(2) Old regions: 7->7
[2025-09-22T11:57:54.304+0000][1][gc,heap     ] GC(2) Archive regions: 2->2
[2025-09-22T11:57:54.304+0000][1][gc,heap     ] GC(2) Humongous regions: 1->1
[2025-09-22T11:57:54.304+0000][1][gc,metaspace] GC(2) Metaspace: 20995K(21248K)->20995K(21248K) NonClass: 18453K(18560K)->18453K(18560K) Class: 2541K(2688K)->2541K(2688K)
[2025-09-22T11:57:54.304+0000][1][gc          ] GC(2) Pause Young (Concurrent Start) (Metadata GC Threshold) 196M->12M(512M) 9.204ms
[2025-09-22T11:57:54.304+0000][1][gc,cpu      ] GC(2) User=0.03s Sys=0.01s Real=0.01s
[2025-09-22T11:57:54.304+0000][1][gc          ] GC(3) Concurrent Mark Cycle
[2025-09-22T11:57:54.304+0000][1][gc,marking  ] GC(3) Concurrent Clear Claimed Marks
[2025-09-22T11:57:54.304+0000][1][gc,marking  ] GC(3) Concurrent Clear Claimed Marks 0.051ms
[2025-09-22T11:57:54.304+0000][1][safepoint   ] Safepoint "CollectForMetadataAllocation", Time since last: 831100732 ns, Reaching safepoint: 496900 ns, At safepoint: 9523101 ns, Total: 10020001 ns
[2025-09-22T11:57:54.304+0000][1][gc,marking  ] GC(3) Concurrent Scan Root Regions
[2025-09-22T11:57:54.307+0000][1][gc,marking  ] GC(3) Concurrent Scan Root Regions 3.491ms
[2025-09-22T11:57:54.308+0000][1][gc,marking  ] GC(3) Concurrent Mark
[2025-09-22T11:57:54.308+0000][1][gc,marking  ] GC(3) Concurrent Mark From Roots
[2025-09-22T11:57:54.308+0000][1][gc,task     ] GC(3) Using 3 workers of 3 for marking
[2025-09-22T11:57:54.313+0000][1][gc,marking  ] GC(3) Concurrent Mark From Roots 5.445ms
[2025-09-22T11:57:54.313+0000][1][gc,marking  ] GC(3) Concurrent Preclean
[2025-09-22T11:57:54.314+0000][1][gc,marking  ] GC(3) Concurrent Preclean 0.193ms
[2025-09-22T11:57:54.314+0000][1][gc,start    ] GC(3) Pause Remark
[2025-09-22T11:57:54.318+0000][1][gc          ] GC(3) Pause Remark 12M->12M(512M) 4.133ms
[2025-09-22T11:57:54.319+0000][1][gc,cpu      ] GC(3) User=0.01s Sys=0.00s Real=0.01s
[2025-09-22T11:57:54.319+0000][1][safepoint   ] Safepoint "G1Concurrent", Time since last: 9652602 ns, Reaching safepoint: 516200 ns, At safepoint: 4689801 ns, Total: 5206001 ns
[2025-09-22T11:57:54.319+0000][1][gc,marking  ] GC(3) Concurrent Mark 11.225ms
[2025-09-22T11:57:54.319+0000][1][gc,marking  ] GC(3) Concurrent Rebuild Remembered Sets
[2025-09-22T11:57:54.322+0000][1][gc,marking  ] GC(3) Concurrent Rebuild Remembered Sets 2.575ms
[2025-09-22T11:57:54.322+0000][1][gc,start    ] GC(3) Pause Cleanup
[2025-09-22T11:57:54.323+0000][1][gc          ] GC(3) Pause Cleanup 12M->12M(512M) 0.536ms
[2025-09-22T11:57:54.323+0000][1][gc,cpu      ] GC(3) User=0.01s Sys=0.00s Real=0.00s
[2025-09-22T11:57:54.323+0000][1][safepoint   ] Safepoint "G1Concurrent", Time since last: 3019600 ns, Reaching safepoint: 583400 ns, At safepoint: 682300 ns, Total: 1265700 ns
[2025-09-22T11:57:54.323+0000][1][gc,marking  ] GC(3) Concurrent Cleanup for Next Mark
[2025-09-22T11:57:54.330+0000][1][gc,marking  ] GC(3) Concurrent Cleanup for Next Mark 6.925ms
[2025-09-22T11:57:54.330+0000][1][gc          ] GC(3) Concurrent Mark Cycle 26.431ms
[2025-09-22T11:57:54.979+0000][1][safepoint   ] Safepoint "ICBufferFull", Time since last: 655467004 ns, Reaching safepoint: 347801 ns, At safepoint: 14700 ns, Total: 362501 ns
[2025-09-22T11:57:54.988+0000][1][safepoint   ] Safepoint "ICBufferFull", Time since last: 8248201 ns, Reaching safepoint: 461200 ns, At safepoint: 11600 ns, Total: 472800 ns
[2025-09-22T11:57:54.996+0000][1][safepoint   ] Safepoint "ICBufferFull", Time since last: 7624001 ns, Reaching safepoint: 435700 ns, At safepoint: 9100 ns, Total: 444800 ns
[2025-09-22T11:57:55.003+0000][1][safepoint   ] Safepoint "ICBufferFull", Time since last: 6953801 ns, Reaching safepoint: 418100 ns, At safepoint: 10700 ns, Total: 428800 ns
[2025-09-22T11:57:55.015+0000][1][safepoint   ] Safepoint "ICBufferFull", Time since last: 12020002 ns, Reaching safepoint: 244200 ns, At safepoint: 8100 ns, Total: 252300 ns
[2025-09-22T11:57:55.023+0000][1][safepoint   ] Safepoint "ICBufferFull", Time since last: 7399502 ns, Reaching safepoint: 613900 ns, At safepoint: 56800 ns, Total: 670700 ns
[2025-09-22T11:57:55.052+0000][1][safepoint   ] Safepoint "ICBufferFull", Time since last: 27779804 ns, Reaching safepoint: 938400 ns, At safepoint: 15400 ns, Total: 953800 ns
[2025-09-22T11:57:55.065+0000][1][safepoint   ] Safepoint "ICBufferFull", Time since last: 12783402 ns, Reaching safepoint: 108200 ns, At safepoint: 11400 ns, Total: 119600 ns
[2025-09-22T11:57:55.075+0000][1][safepoint   ] Safepoint "ICBufferFull", Time since last: 9315302 ns, Reaching safepoint: 239900 ns, At safepoint: 11700 ns, Total: 251600 ns
[2025-09-22T11:57:55.088+0000][1][safepoint   ] Safepoint "ICBufferFull", Time since last: 12984502 ns, Reaching safepoint: 278700 ns, At safepoint: 99100 ns, Total: 377800 ns
[2025-09-22T11:57:55.095+0000][1][safepoint   ] Safepoint "ICBufferFull", Time since last: 7031901 ns, Reaching safepoint: 370600 ns, At safepoint: 8200 ns, Total: 378800 ns
[2025-09-22T11:57:55.104+0000][1][safepoint   ] Safepoint "ICBufferFull", Time since last: 8163801 ns, Reaching safepoint: 506100 ns, At safepoint: 9500 ns, Total: 515600 ns
[2025-09-22T11:57:55.113+0000][1][safepoint   ] Safepoint "ICBufferFull", Time since last: 8084802 ns, Reaching safepoint: 471500 ns, At safepoint: 10800 ns, Total: 482300 ns
[2025-09-22T11:57:55.121+0000][1][safepoint   ] Safepoint "ICBufferFull", Time since last: 7394501 ns, Reaching safepoint: 432100 ns, At safepoint: 10000 ns, Total: 442100 ns
[2025-09-22T11:57:55.126+0000][1][safepoint   ] Safepoint "ICBufferFull", Time since last: 4874401 ns, Reaching safepoint: 365700 ns, At safepoint: 9500 ns, Total: 375200 ns
[2025-09-22T11:57:55.132+0000][1][safepoint   ] Safepoint "ICBufferFull", Time since last: 5548201 ns, Reaching safepoint: 416200 ns, At safepoint: 9700 ns, Total: 425900 ns
[2025-09-22T11:57:55.137+0000][1][safepoint   ] Safepoint "ICBufferFull", Time since last: 4637101 ns, Reaching safepoint: 438500 ns, At safepoint: 8800 ns, Total: 447300 ns
[2025-09-22T11:57:55.165+0000][1][safepoint   ] Safepoint "ICBufferFull", Time since last: 28002204 ns, Reaching safepoint: 538200 ns, At safepoint: 39200 ns, Total: 577400 ns
[2025-09-22T11:57:56.696+0000][1][safepoint   ] Safepoint "ICBufferFull", Time since last: 1529704520 ns, Reaching safepoint: 351380 ns, At safepoint: 58197 ns, Total: 409577 ns
[2025-09-22T11:57:57.412+0000][1][gc,start    ] GC(4) Pause Young (Concurrent Start) (Metadata GC Threshold)
[2025-09-22T11:57:57.413+0000][1][gc,task     ] GC(4) Using 12 workers of 13 for evacuation
[2025-09-22T11:57:57.413+0000][1][gc,age      ] GC(4) Desired survivor size 20447232 bytes, new threshold 15 (max threshold 15)
[2025-09-22T11:57:57.424+0000][1][gc,age      ] GC(4) Age table with threshold 15 (max threshold 15)
[2025-09-22T11:57:57.424+0000][1][gc,age      ] GC(4) - age   1:    5541040 bytes,    5541040 total
[2025-09-22T11:57:57.424+0000][1][gc,age      ] GC(4) - age   2:    1890912 bytes,    7431952 total
[2025-09-22T11:57:57.424+0000][1][gc,age      ] GC(4) - age   3:    1637336 bytes,    9069288 total
[2025-09-22T11:57:57.424+0000][1][gc,phases   ] GC(4)   Pre Evacuate Collection Set: 0.4ms
[2025-09-22T11:57:57.424+0000][1][gc,phases   ] GC(4)   Merge Heap Roots: 0.4ms
[2025-09-22T11:57:57.424+0000][1][gc,phases   ] GC(4)   Evacuate Collection Set: 7.1ms
[2025-09-22T11:57:57.424+0000][1][gc,phases   ] GC(4)   Post Evacuate Collection Set: 3.4ms
[2025-09-22T11:57:57.424+0000][1][gc,phases   ] GC(4)   Other: 0.5ms
[2025-09-22T11:57:57.424+0000][1][gc,heap     ] GC(4) Eden regions: 120->0(297)
[2025-09-22T11:57:57.424+0000][1][gc,heap     ] GC(4) Survivor regions: 4->10(39)
[2025-09-22T11:57:57.424+0000][1][gc,heap     ] GC(4) Old regions: 7->7
[2025-09-22T11:57:57.424+0000][1][gc,heap     ] GC(4) Archive regions: 2->2
[2025-09-22T11:57:57.424+0000][1][gc,heap     ] GC(4) Humongous regions: 2->1
[2025-09-22T11:57:57.424+0000][1][gc,metaspace] GC(4) Metaspace: 35364K(35648K)->35364K(35648K) NonClass: 30783K(30912K)->30783K(30912K) Class: 4580K(4736K)->4580K(4736K)
[2025-09-22T11:57:57.425+0000][1][gc          ] GC(4) Pause Young (Concurrent Start) (Metadata GC Threshold) 133M->17M(512M) 12.033ms
[2025-09-22T11:57:57.425+0000][1][gc,cpu      ] GC(4) User=0.05s Sys=0.01s Real=0.01s
[2025-09-22T11:57:57.425+0000][1][gc          ] GC(5) Concurrent Mark Cycle
[2025-09-22T11:57:57.425+0000][1][gc,marking  ] GC(5) Concurrent Clear Claimed Marks
[2025-09-22T11:57:57.425+0000][1][safepoint   ] Safepoint "CollectForMetadataAllocation", Time since last: 716417292 ns, Reaching safepoint: 476373 ns, At safepoint: 12307611 ns, Total: 12783984 ns
[2025-09-22T11:57:57.425+0000][1][gc,marking  ] GC(5) Concurrent Clear Claimed Marks 0.167ms
[2025-09-22T11:57:57.425+0000][1][gc,marking  ] GC(5) Concurrent Scan Root Regions
[2025-09-22T11:57:57.429+0000][1][gc,marking  ] GC(5) Concurrent Scan Root Regions 3.684ms
[2025-09-22T11:57:57.429+0000][1][gc,marking  ] GC(5) Concurrent Mark
[2025-09-22T11:57:57.429+0000][1][gc,marking  ] GC(5) Concurrent Mark From Roots
[2025-09-22T11:57:57.429+0000][1][gc,task     ] GC(5) Using 3 workers of 3 for marking
[2025-09-22T11:57:57.434+0000][1][gc,marking  ] GC(5) Concurrent Mark From Roots 5.572ms
[2025-09-22T11:57:57.434+0000][1][gc,marking  ] GC(5) Concurrent Preclean
[2025-09-22T11:57:57.435+0000][1][gc,marking  ] GC(5) Concurrent Preclean 0.277ms
[2025-09-22T11:57:57.435+0000][1][gc,start    ] GC(5) Pause Remark
[2025-09-22T11:57:57.439+0000][1][gc          ] GC(5) Pause Remark 17M->17M(512M) 3.889ms
[2025-09-22T11:57:57.439+0000][1][gc,cpu      ] GC(5) User=0.01s Sys=0.01s Real=0.01s
[2025-09-22T11:57:57.440+0000][1][safepoint   ] Safepoint "G1Concurrent", Time since last: 10171731 ns, Reaching safepoint: 564868 ns, At safepoint: 4096171 ns, Total: 4661039 ns
[2025-09-22T11:57:57.440+0000][1][gc,marking  ] GC(5) Concurrent Mark 10.971ms
[2025-09-22T11:57:57.440+0000][1][gc,marking  ] GC(5) Concurrent Rebuild Remembered Sets
[2025-09-22T11:57:57.442+0000][1][gc,marking  ] GC(5) Concurrent Rebuild Remembered Sets 2.213ms
[2025-09-22T11:57:57.443+0000][1][gc,start    ] GC(5) Pause Cleanup
[2025-09-22T11:57:57.443+0000][1][gc          ] GC(5) Pause Cleanup 17M->17M(512M) 0.437ms
[2025-09-22T11:57:57.443+0000][1][gc,cpu      ] GC(5) User=0.00s Sys=0.00s Real=0.00s
[2025-09-22T11:57:57.443+0000][1][safepoint   ] Safepoint "G1Concurrent", Time since last: 2545957 ns, Reaching safepoint: 453675 ns, At safepoint: 589467 ns, Total: 1043142 ns
[2025-09-22T11:57:57.443+0000][1][gc,marking  ] GC(5) Concurrent Cleanup for Next Mark
[2025-09-22T11:57:57.446+0000][1][gc,marking  ] GC(5) Concurrent Cleanup for Next Mark 3.010ms
[2025-09-22T11:57:57.446+0000][1][gc          ] GC(5) Concurrent Mark Cycle 21.713ms
[2025-09-22T11:57:58.261+0000][1][safepoint   ] Safepoint "ICBufferFull", Time since last: 816553386 ns, Reaching safepoint: 1266229 ns, At safepoint: 12400 ns, Total: 1278629 ns
[2025-09-22T11:57:59.015+0000][1][safepoint   ] Safepoint "ICBufferFull", Time since last: 753562512 ns, Reaching safepoint: 596967 ns, At safepoint: 162091 ns, Total: 759058 ns
[2025-09-22T11:57:59.971+0000][1][safepoint   ] Safepoint "ICBufferFull", Time since last: 954548461 ns, Reaching safepoint: 637464 ns, At safepoint: 73396 ns, Total: 710860 ns
[2025-09-22T11:58:01.093+0000][1][safepoint   ] Safepoint "ICBufferFull", Time since last: 1121376721 ns, Reaching safepoint: 501072 ns, At safepoint: 275484 ns, Total: 776556 ns
[2025-09-22T11:58:01.184+0000][1][gc,start    ] GC(6) Pause Young (Concurrent Start) (Metadata GC Threshold)
[2025-09-22T11:58:01.184+0000][1][gc,task     ] GC(6) Using 12 workers of 13 for evacuation
[2025-09-22T11:58:01.185+0000][1][gc,age      ] GC(6) Desired survivor size 20447232 bytes, new threshold 15 (max threshold 15)
[2025-09-22T11:58:01.201+0000][1][gc,age      ] GC(6) Age table with threshold 15 (max threshold 15)
[2025-09-22T11:58:01.201+0000][1][gc,age      ] GC(6) - age   1:    9186416 bytes,    9186416 total
[2025-09-22T11:58:01.201+0000][1][gc,age      ] GC(6) - age   2:    5318240 bytes,   14504656 total
[2025-09-22T11:58:01.201+0000][1][gc,age      ] GC(6) - age   3:    1861736 bytes,   16366392 total
[2025-09-22T11:58:01.201+0000][1][gc,age      ] GC(6) - age   4:    1626640 bytes,   17993032 total
[2025-09-22T11:58:01.201+0000][1][gc,phases   ] GC(6)   Pre Evacuate Collection Set: 0.6ms
[2025-09-22T11:58:01.201+0000][1][gc,phases   ] GC(6)   Merge Heap Roots: 0.4ms
[2025-09-22T11:58:01.201+0000][1][gc,phases   ] GC(6)   Evacuate Collection Set: 12.3ms
[2025-09-22T11:58:01.201+0000][1][gc,phases   ] GC(6)   Post Evacuate Collection Set: 3.2ms
[2025-09-22T11:58:01.201+0000][1][gc,phases   ] GC(6)   Other: 0.8ms
[2025-09-22T11:58:01.201+0000][1][gc,heap     ] GC(6) Eden regions: 117->0(288)
[2025-09-22T11:58:01.201+0000][1][gc,heap     ] GC(6) Survivor regions: 10->19(39)
[2025-09-22T11:58:01.201+0000][1][gc,heap     ] GC(6) Old regions: 7->7
[2025-09-22T11:58:01.201+0000][1][gc,heap     ] GC(6) Archive regions: 2->2
[2025-09-22T11:58:01.202+0000][1][gc,heap     ] GC(6) Humongous regions: 1->1
[2025-09-22T11:58:01.202+0000][1][gc,metaspace] GC(6) Metaspace: 59081K(59648K)->59081K(59648K) NonClass: 51062K(51392K)->51062K(51392K) Class: 8019K(8256K)->8019K(8256K)
[2025-09-22T11:58:01.202+0000][1][gc          ] GC(6) Pause Young (Concurrent Start) (Metadata GC Threshold) 134M->26M(512M) 17.511ms
[2025-09-22T11:58:01.202+0000][1][gc,cpu      ] GC(6) User=0.10s Sys=0.01s Real=0.02s
[2025-09-22T11:58:01.202+0000][1][gc          ] GC(7) Concurrent Mark Cycle
[2025-09-22T11:58:01.202+0000][1][gc,marking  ] GC(7) Concurrent Clear Claimed Marks
[2025-09-22T11:58:01.202+0000][1][gc,marking  ] GC(7) Concurrent Clear Claimed Marks 0.112ms
[2025-09-22T11:58:01.202+0000][1][gc,marking  ] GC(7) Concurrent Scan Root Regions
[2025-09-22T11:58:01.202+0000][1][safepoint   ] Safepoint "CollectForMetadataAllocation", Time since last: 90646026 ns, Reaching safepoint: 615165 ns, At safepoint: 17917897 ns, Total: 18533062 ns
[2025-09-22T11:58:01.207+0000][1][safepoint   ] Safepoint "CollectForMetadataAllocation", Time since last: 219088 ns, Reaching safepoint: 4765533 ns, At safepoint: 151392 ns, Total: 4916925 ns
[2025-09-22T11:58:01.208+0000][1][safepoint   ] Safepoint "CollectForMetadataAllocation", Time since last: 315182 ns, Reaching safepoint: 367179 ns, At safepoint: 179290 ns, Total: 546469 ns
[2025-09-22T11:58:01.209+0000][1][gc,marking  ] GC(7) Concurrent Scan Root Regions 6.975ms
[2025-09-22T11:58:01.209+0000][1][gc,marking  ] GC(7) Concurrent Mark
[2025-09-22T11:58:01.209+0000][1][gc,marking  ] GC(7) Concurrent Mark From Roots
[2025-09-22T11:58:01.209+0000][1][gc,task     ] GC(7) Using 3 workers of 3 for marking
[2025-09-22T11:58:01.215+0000][1][gc,marking  ] GC(7) Concurrent Mark From Roots 5.689ms
[2025-09-22T11:58:01.215+0000][1][gc,marking  ] GC(7) Concurrent Preclean
[2025-09-22T11:58:01.215+0000][1][gc,marking  ] GC(7) Concurrent Preclean 0.251ms
[2025-09-22T11:58:01.216+0000][1][gc,start    ] GC(7) Pause Remark
[2025-09-22T11:58:01.220+0000][1][gc          ] GC(7) Pause Remark 28M->28M(512M) 4.294ms
[2025-09-22T11:58:01.220+0000][1][gc,cpu      ] GC(7) User=0.02s Sys=0.00s Real=0.01s
[2025-09-22T11:58:01.220+0000][1][safepoint   ] Safepoint "G1Concurrent", Time since last: 7328490 ns, Reaching safepoint: 477173 ns, At safepoint: 4702337 ns, Total: 5179510 ns
[2025-09-22T11:58:01.221+0000][1][gc,marking  ] GC(7) Concurrent Mark 11.585ms
[2025-09-22T11:58:01.221+0000][1][gc,marking  ] GC(7) Concurrent Rebuild Remembered Sets
[2025-09-22T11:58:01.223+0000][1][gc,marking  ] GC(7) Concurrent Rebuild Remembered Sets 2.588ms
[2025-09-22T11:58:01.226+0000][1][gc,start    ] GC(7) Pause Cleanup
[2025-09-22T11:58:01.226+0000][1][gc          ] GC(7) Pause Cleanup 28M->28M(512M) 0.483ms
[2025-09-22T11:58:01.226+0000][1][gc,cpu      ] GC(7) User=0.00s Sys=0.00s Real=0.00s
[2025-09-22T11:58:01.227+0000][1][safepoint   ] Safepoint "G1Concurrent", Time since last: 2918537 ns, Reaching safepoint: 2572556 ns, At safepoint: 911449 ns, Total: 3484005 ns
[2025-09-22T11:58:01.227+0000][1][gc,marking  ] GC(7) Concurrent Cleanup for Next Mark
[2025-09-22T11:58:01.228+0000][1][gc,marking  ] GC(7) Concurrent Cleanup for Next Mark 0.982ms
[2025-09-22T11:58:01.228+0000][1][gc          ] GC(7) Concurrent Mark Cycle 26.359ms
[2025-09-22T11:58:01.600+0000][1][safepoint   ] Safepoint "ICBufferFull", Time since last: 373139810 ns, Reaching safepoint: 416277 ns, At safepoint: 14999 ns, Total: 431276 ns
[2025-09-22T11:58:01.601+0000][1][safepoint   ] Safepoint "ICBufferFull", Time since last: 301983 ns, Reaching safepoint: 617865 ns, At safepoint: 86895 ns, Total: 704760 ns
[2025-09-22T11:58:02.602+0000][1][safepoint   ] Safepoint "Cleanup", Time since last: 1000288900 ns, Reaching safepoint: 483473 ns, At safepoint: 29999 ns, Total: 513472 ns
[2025-09-22T11:58:03.603+0000][1][safepoint   ] Safepoint "Cleanup", Time since last: 1000370095 ns, Reaching safepoint: 358280 ns, At safepoint: 11500 ns, Total: 369780 ns
[2025-09-22T11:58:05.604+0000][1][safepoint   ] Safepoint "Cleanup", Time since last: 2000409746 ns, Reaching safepoint: 409663 ns, At safepoint: 12217 ns, Total: 421880 ns
[2025-09-22T11:58:07.605+0000][1][safepoint   ] Safepoint "Cleanup", Time since last: 2000379986 ns, Reaching safepoint: 465400 ns, At safepoint: 25100 ns, Total: 490500 ns
[2025-09-22T11:58:08.605+0000][1][safepoint   ] Safepoint "Cleanup", Time since last: 1000338427 ns, Reaching safepoint: 389600 ns, At safepoint: 11500 ns, Total: 401100 ns
[2025-09-22T11:58:12.607+0000][1][safepoint   ] Safepoint "Cleanup", Time since last: 4000840806 ns, Reaching safepoint: 369400 ns, At safepoint: 12300 ns, Total: 381700 ns
[2025-09-22T11:58:16.608+0000][1][safepoint   ] Safepoint "Cleanup", Time since last: 4000695015 ns, Reaching safepoint: 361499 ns, At safepoint: 10700 ns, Total: 372199 ns
[2025-09-22T11:58:18.608+0000][1][safepoint   ] Safepoint "Cleanup", Time since last: 2000439767 ns, Reaching safepoint: 365400 ns, At safepoint: 11500 ns, Total: 376900 ns
[2025-09-22T11:58:19.812+0000][1][safepoint   ] Safepoint "Cleanup", Time since last: 1204173036 ns, Reaching safepoint: 286200 ns, At safepoint: 9800 ns, Total: 296000 ns
[2025-09-22T11:58:20.813+0000][1][safepoint   ] Safepoint "Cleanup", Time since last: 1000357847 ns, Reaching safepoint: 323904 ns, At safepoint: 13600 ns, Total: 337504 ns
[2025-09-22T11:58:23.814+0000][1][safepoint   ] Safepoint "Cleanup", Time since last: 3000567083 ns, Reaching safepoint: 375304 ns, At safepoint: 12200 ns, Total: 387504 ns
[2025-09-22T11:58:27.815+0000][1][safepoint   ] Safepoint "Cleanup", Time since last: 4000708844 ns, Reaching safepoint: 343404 ns, At safepoint: 13600 ns, Total: 357004 ns
[2025-09-22T11:58:28.816+0000][1][safepoint   ] Safepoint "Cleanup", Time since last: 1000319302 ns, Reaching safepoint: 416679 ns, At safepoint: 15203 ns, Total: 431882 ns
[2025-09-22T11:58:30.668+0000][1][safepoint   ] Safepoint "Cleanup", Time since last: 1851310836 ns, Reaching safepoint: 741542 ns, At safepoint: 93618 ns, Total: 835160 ns
[2025-09-22T11:58:31.964+0000][1][safepoint   ] Safepoint "Cleanup", Time since last: 1296355878 ns, Reaching safepoint: 328963 ns, At safepoint: 9902 ns, Total: 338865 ns
[2025-09-22T11:58:46.967+0000][1][safepoint   ] Safepoint "Cleanup", Time since last: 15002515463 ns, Reaching safepoint: 351104 ns, At safepoint: 40000 ns, Total: 391104 ns
[2025-09-22T11:58:48.967+0000][1][safepoint   ] Safepoint "Cleanup", Time since last: 2000394718 ns, Reaching safepoint: 395704 ns, At safepoint: 46300 ns, Total: 442004 ns
[2025-09-22T11:58:49.968+0000][1][safepoint   ] Safepoint "Cleanup", Time since last: 1000271060 ns, Reaching safepoint: 373104 ns, At safepoint: 11400 ns, Total: 384504 ns
[2025-09-22T11:58:52.969+0000][1][safepoint   ] Safepoint "Cleanup", Time since last: 3000598397 ns, Reaching safepoint: 354044 ns, At safepoint: 15302 ns, Total: 369346 ns
[2025-09-22T11:59:00.971+0000][1][safepoint   ] Safepoint "Cleanup", Time since last: 8001307840 ns, Reaching safepoint: 356020 ns, At safepoint: 11001 ns, Total: 367021 ns
[2025-09-22T11:59:01.971+0000][1][safepoint   ] Safepoint "Cleanup", Time since last: 1000254596 ns, Reaching safepoint: 556631 ns, At safepoint: 25101 ns, Total: 581732 ns
[2025-09-22T11:59:02.972+0000][1][safepoint   ] Safepoint "Cleanup", Time since last: 1000407505 ns, Reaching safepoint: 503128 ns, At safepoint: 30502 ns, Total: 533630 ns
[2025-09-22T11:59:04.973+0000][1][safepoint   ] Safepoint "Cleanup", Time since last: 2000502892 ns, Reaching safepoint: 397422 ns, At safepoint: 18201 ns, Total: 415623 ns
[2025-09-22T11:59:07.975+0000][1][safepoint   ] Safepoint "Cleanup", Time since last: 3000833050 ns, Reaching safepoint: 349011 ns, At safepoint: 40001 ns, Total: 389012 ns
[2025-09-22T11:59:08.975+0000][1][safepoint   ] Safepoint "Cleanup", Time since last: 1000218886 ns, Reaching safepoint: 359205 ns, At safepoint: 9900 ns, Total: 369105 ns
[2025-09-22T11:59:11.976+0000][1][safepoint   ] Safepoint "Cleanup", Time since last: 3000488901 ns, Reaching safepoint: 414505 ns, At safepoint: 13601 ns, Total: 428106 ns
[2025-09-22T11:59:12.977+0000][1][safepoint   ] Safepoint "Cleanup", Time since last: 1000250601 ns, Reaching safepoint: 823212 ns, At safepoint: 24200 ns, Total: 847412 ns
[2025-09-22T11:59:13.978+0000][1][safepoint   ] Safepoint "Cleanup", Time since last: 1000274902 ns, Reaching safepoint: 362905 ns, At safepoint: 11200 ns, Total: 374105 ns
[2025-09-22T11:59:25.979+0000][1][safepoint   ] Safepoint "Cleanup", Time since last: 12002003945 ns, Reaching safepoint: 411994 ns, At safepoint: 13803 ns, Total: 425797 ns
[2025-09-22T11:59:30.980+0000][1][safepoint   ] Safepoint "Cleanup", Time since last: 5001012843 ns, Reaching safepoint: 354710 ns, At safepoint: 9500 ns, Total: 364210 ns
[2025-09-22T11:59:42.983+0000][1][safepoint   ] Safepoint "Cleanup", Time since last: 12002353966 ns, Reaching safepoint: 409815 ns, At safepoint: 18601 ns, Total: 428416 ns
[2025-09-22T11:59:49.984+0000][1][safepoint   ] Safepoint "Cleanup", Time since last: 7001928199 ns, Reaching safepoint: 944876 ns, At safepoint: 28799 ns, Total: 973675 ns
[2025-09-22T11:59:59.987+0000][1][safepoint   ] Safepoint "Cleanup", Time since last: 10002215480 ns, Reaching safepoint: 378579 ns, At safepoint: 14203 ns, Total: 392782 ns
[2025-09-22T12:00:02.988+0000][1][safepoint   ] Safepoint "Cleanup", Time since last: 3000617020 ns, Reaching safepoint: 463120 ns, At safepoint: 16601 ns, Total: 479721 ns
[2025-09-22T12:00:03.989+0000][1][safepoint   ] Safepoint "Cleanup", Time since last: 1000427297 ns, Reaching safepoint: 370216 ns, At safepoint: 12701 ns, Total: 382917 ns
[2025-09-22T12:00:06.904+0000][1][gc,heap,exit] Heap
[2025-09-22T12:00:06.904+0000][1][gc,heap,exit]  garbage-first heap   total 524288K, used 69609K [0x00000000e0000000, 0x0000000100000000)
[2025-09-22T12:00:06.904+0000][1][gc,heap,exit]   region size 1024K, 61 young (62464K), 19 survivors (19456K)
[2025-09-22T12:00:06.904+0000][1][gc,heap,exit]  Metaspace       used 62741K, committed 63360K, reserved 1105920K
[2025-09-22T12:00:06.904+0000][1][gc,heap,exit]   class space    used 8514K, committed 8832K, reserved 1048576K
