[2025-09-12T08:37:02.363+0000][1][gc] Using G1
[2025-09-12T08:37:02.383+0000][1][gc,init] Version: 16.0.1+9 (release)
[2025-09-12T08:37:02.383+0000][1][gc,init] CPUs: 16 total, 16 available
[2025-09-12T08:37:02.383+0000][1][gc,init] Memory: 15898M
[2025-09-12T08:37:02.383+0000][1][gc,init] Large Page Support: Disabled
[2025-09-12T08:37:02.383+0000][1][gc,init] NUMA Support: Disabled
[2025-09-12T08:37:02.383+0000][1][gc,init] Compressed Oops: Enabled (32-bit)
[2025-09-12T08:37:02.383+0000][1][gc,init] Heap Region Size: 1M
[2025-09-12T08:37:02.383+0000][1][gc,init] Heap Min Capacity: 512M
[2025-09-12T08:37:02.383+0000][1][gc,init] Heap Initial Capacity: 512M
[2025-09-12T08:37:02.383+0000][1][gc,init] Heap Max Capacity: 512M
[2025-09-12T08:37:02.383+0000][1][gc,init] Pre-touch: Disabled
[2025-09-12T08:37:02.383+0000][1][gc,init] Parallel Workers: 13
[2025-09-12T08:37:02.383+0000][1][gc,init] Concurrent Workers: 3
[2025-09-12T08:37:02.383+0000][1][gc,init] Concurrent Refinement Workers: 13
[2025-09-12T08:37:02.383+0000][1][gc,init] Periodic GC: Disabled
[2025-09-12T08:37:02.386+0000][1][gc,metaspace] CDS archive(s) mapped at: [0x0000000800000000-0x0000000800bea000-0x0000000800bea000), size 12492800, SharedBaseAddress: 0x0000000800000000, ArchiveRelocationMode: 0.
[2025-09-12T08:37:02.386+0000][1][gc,metaspace] Compressed class space mapped at: 0x0000000800c00000-0x0000000840c00000, reserved size: 1073741824
[2025-09-12T08:37:02.386+0000][1][gc,metaspace] Narrow klass base: 0x0000000800000000, Narrow klass shift: 3, Narrow klass range: 0x100000000
[2025-09-12T08:37:04.133+0000][1][safepoint   ] Safepoint "ICBufferFull", Time since last: 1663710862 ns, Reaching safepoint: 322302 ns, At safepoint: 14400 ns, Total: 336702 ns
[2025-09-12T08:37:04.549+0000][1][gc,start    ] GC(0) Pause Young (Normal) (G1 Evacuation Pause)
[2025-09-12T08:37:04.554+0000][1][gc,task     ] GC(0) Using 12 workers of 13 for evacuation
[2025-09-12T08:37:04.554+0000][1][gc,age      ] GC(0) Desired survivor size 2097152 bytes, new threshold 15 (max threshold 15)
[2025-09-12T08:37:04.563+0000][1][gc,age      ] GC(0) Age table with threshold 15 (max threshold 15)
[2025-09-12T08:37:04.563+0000][1][gc,age      ] GC(0) - age   1:    3740536 bytes,    3740536 total
[2025-09-12T08:37:04.563+0000][1][gc,phases   ] GC(0)   Pre Evacuate Collection Set: 0.4ms
[2025-09-12T08:37:04.563+0000][1][gc,phases   ] GC(0)   Merge Heap Roots: 0.4ms
[2025-09-12T08:37:04.563+0000][1][gc,phases   ] GC(0)   Evacuate Collection Set: 5.2ms
[2025-09-12T08:37:04.563+0000][1][gc,phases   ] GC(0)   Post Evacuate Collection Set: 2.7ms
[2025-09-12T08:37:04.563+0000][1][gc,phases   ] GC(0)   Other: 5.5ms
[2025-09-12T08:37:04.563+0000][1][gc,heap     ] GC(0) Eden regions: 25->0(29)
[2025-09-12T08:37:04.563+0000][1][gc,heap     ] GC(0) Survivor regions: 0->4(4)
[2025-09-12T08:37:04.563+0000][1][gc,heap     ] GC(0) Old regions: 0->3
[2025-09-12T08:37:04.563+0000][1][gc,heap     ] GC(0) Archive regions: 2->2
[2025-09-12T08:37:04.563+0000][1][gc,heap     ] GC(0) Humongous regions: 1->1
[2025-09-12T08:37:04.563+0000][1][gc,metaspace] GC(0) Metaspace: 7695K(7872K)->7695K(7872K) NonClass: 6895K(6976K)->6895K(6976K) Class: 800K(896K)->800K(896K)
[2025-09-12T08:37:04.563+0000][1][gc          ] GC(0) Pause Young (Normal) (G1 Evacuation Pause) 26M->8M(512M) 14.296ms
[2025-09-12T08:37:04.563+0000][1][gc,cpu      ] GC(0) User=0.03s Sys=0.02s Real=0.02s
[2025-09-12T08:37:04.563+0000][1][safepoint   ] Safepoint "G1CollectForAllocation", Time since last: 414788909 ns, Reaching safepoint: 220201 ns, At safepoint: 14529181 ns, Total: 14749382 ns
[2025-09-12T08:37:05.698+0000][1][safepoint   ] Safepoint "Cleanup", Time since last: 1134299215 ns, Reaching safepoint: 428002 ns, At safepoint: 45800 ns, Total: 473802 ns
[2025-09-12T08:37:06.340+0000][1][gc,start    ] GC(1) Pause Young (Normal) (G1 Evacuation Pause)
[2025-09-12T08:37:06.341+0000][1][gc,task     ] GC(1) Using 12 workers of 13 for evacuation
[2025-09-12T08:37:06.341+0000][1][gc,age      ] GC(1) Desired survivor size 2621440 bytes, new threshold 1 (max threshold 15)
[2025-09-12T08:37:06.355+0000][1][gc,age      ] GC(1) Age table with threshold 1 (max threshold 15)
[2025-09-12T08:37:06.355+0000][1][gc,age      ] GC(1) - age   1:    4146992 bytes,    4146992 total
[2025-09-12T08:37:06.355+0000][1][gc,phases   ] GC(1)   Pre Evacuate Collection Set: 0.5ms
[2025-09-12T08:37:06.355+0000][1][gc,phases   ] GC(1)   Merge Heap Roots: 0.4ms
[2025-09-12T08:37:06.355+0000][1][gc,phases   ] GC(1)   Evacuate Collection Set: 9.6ms
[2025-09-12T08:37:06.355+0000][1][gc,phases   ] GC(1)   Post Evacuate Collection Set: 3.6ms
[2025-09-12T08:37:06.355+0000][1][gc,phases   ] GC(1)   Other: 0.6ms
[2025-09-12T08:37:06.355+0000][1][gc,heap     ] GC(1) Eden regions: 29->0(247)
[2025-09-12T08:37:06.355+0000][1][gc,heap     ] GC(1) Survivor regions: 4->5(5)
[2025-09-12T08:37:06.355+0000][1][gc,heap     ] GC(1) Old regions: 3->7
[2025-09-12T08:37:06.355+0000][1][gc,heap     ] GC(1) Archive regions: 2->2
[2025-09-12T08:37:06.355+0000][1][gc,heap     ] GC(1) Humongous regions: 1->1
[2025-09-12T08:37:06.355+0000][1][gc,metaspace] GC(1) Metaspace: 12707K(12864K)->12707K(12864K) NonClass: 11266K(11328K)->11266K(11328K) Class: 1440K(1536K)->1440K(1536K)
[2025-09-12T08:37:06.355+0000][1][gc          ] GC(1) Pause Young (Normal) (G1 Evacuation Pause) 37M->12M(512M) 14.769ms
[2025-09-12T08:37:06.355+0000][1][gc,cpu      ] GC(1) User=0.07s Sys=0.05s Real=0.02s
[2025-09-12T08:37:06.355+0000][1][safepoint   ] Safepoint "G1CollectForAllocation", Time since last: 642139775 ns, Reaching safepoint: 488403 ns, At safepoint: 15011484 ns, Total: 15499887 ns
[2025-09-12T08:37:07.568+0000][1][safepoint   ] Safepoint "Cleanup", Time since last: 1212010947 ns, Reaching safepoint: 508903 ns, At safepoint: 38700 ns, Total: 547603 ns
[2025-09-12T08:37:08.149+0000][1][gc,start    ] GC(2) Pause Young (Concurrent Start) (Metadata GC Threshold)
[2025-09-12T08:37:08.149+0000][1][gc,task     ] GC(2) Using 12 workers of 13 for evacuation
[2025-09-12T08:37:08.149+0000][1][gc,age      ] GC(2) Desired survivor size 16777216 bytes, new threshold 15 (max threshold 15)
[2025-09-12T08:37:08.157+0000][1][gc,age      ] GC(2) Age table with threshold 15 (max threshold 15)
[2025-09-12T08:37:08.157+0000][1][gc,age      ] GC(2) - age   1:    2021168 bytes,    2021168 total
[2025-09-12T08:37:08.157+0000][1][gc,age      ] GC(2) - age   2:    1656952 bytes,    3678120 total
[2025-09-12T08:37:08.157+0000][1][gc,phases   ] GC(2)   Pre Evacuate Collection Set: 0.5ms
[2025-09-12T08:37:08.157+0000][1][gc,phases   ] GC(2)   Merge Heap Roots: 0.3ms
[2025-09-12T08:37:08.157+0000][1][gc,phases   ] GC(2)   Evacuate Collection Set: 4.7ms
[2025-09-12T08:37:08.157+0000][1][gc,phases   ] GC(2)   Post Evacuate Collection Set: 2.3ms
[2025-09-12T08:37:08.158+0000][1][gc,phases   ] GC(2)   Other: 0.7ms
[2025-09-12T08:37:08.158+0000][1][gc,heap     ] GC(2) Eden regions: 184->0(303)
[2025-09-12T08:37:08.158+0000][1][gc,heap     ] GC(2) Survivor regions: 5->4(32)
[2025-09-12T08:37:08.158+0000][1][gc,heap     ] GC(2) Old regions: 7->7
[2025-09-12T08:37:08.158+0000][1][gc,heap     ] GC(2) Archive regions: 2->2
[2025-09-12T08:37:08.158+0000][1][gc,heap     ] GC(2) Humongous regions: 1->1
[2025-09-12T08:37:08.158+0000][1][gc,metaspace] GC(2) Metaspace: 21013K(21248K)->21013K(21248K) NonClass: 18469K(18560K)->18469K(18560K) Class: 2543K(2688K)->2543K(2688K)
[2025-09-12T08:37:08.158+0000][1][gc          ] GC(2) Pause Young (Concurrent Start) (Metadata GC Threshold) 196M->12M(512M) 8.719ms
[2025-09-12T08:37:08.158+0000][1][gc,cpu      ] GC(2) User=0.03s Sys=0.02s Real=0.01s
[2025-09-12T08:37:08.158+0000][1][gc          ] GC(3) Concurrent Mark Cycle
[2025-09-12T08:37:08.158+0000][1][gc,marking  ] GC(3) Concurrent Clear Claimed Marks
[2025-09-12T08:37:08.158+0000][1][safepoint   ] Safepoint "CollectForMetadataAllocation", Time since last: 580591083 ns, Reaching safepoint: 393506 ns, At safepoint: 9014338 ns, Total: 9407844 ns
[2025-09-12T08:37:08.158+0000][1][gc,marking  ] GC(3) Concurrent Clear Claimed Marks 0.044ms
[2025-09-12T08:37:08.158+0000][1][gc,marking  ] GC(3) Concurrent Scan Root Regions
[2025-09-12T08:37:08.161+0000][1][gc,marking  ] GC(3) Concurrent Scan Root Regions 3.433ms
[2025-09-12T08:37:08.162+0000][1][gc,marking  ] GC(3) Concurrent Mark
[2025-09-12T08:37:08.162+0000][1][gc,marking  ] GC(3) Concurrent Mark From Roots
[2025-09-12T08:37:08.162+0000][1][gc,task     ] GC(3) Using 3 workers of 3 for marking
[2025-09-12T08:37:08.166+0000][1][gc,marking  ] GC(3) Concurrent Mark From Roots 4.751ms
[2025-09-12T08:37:08.166+0000][1][gc,marking  ] GC(3) Concurrent Preclean
[2025-09-12T08:37:08.167+0000][1][gc,marking  ] GC(3) Concurrent Preclean 0.277ms
[2025-09-12T08:37:08.167+0000][1][gc,start    ] GC(3) Pause Remark
[2025-09-12T08:37:08.171+0000][1][gc          ] GC(3) Pause Remark 12M->12M(512M) 3.908ms
[2025-09-12T08:37:08.171+0000][1][gc,cpu      ] GC(3) User=0.01s Sys=0.00s Real=0.01s
[2025-09-12T08:37:08.172+0000][1][safepoint   ] Safepoint "G1Concurrent", Time since last: 8985738 ns, Reaching safepoint: 534009 ns, At safepoint: 4127463 ns, Total: 4661472 ns
[2025-09-12T08:37:08.172+0000][1][gc,marking  ] GC(3) Concurrent Mark 10.224ms
[2025-09-12T08:37:08.172+0000][1][gc,marking  ] GC(3) Concurrent Rebuild Remembered Sets
[2025-09-12T08:37:08.174+0000][1][gc,marking  ] GC(3) Concurrent Rebuild Remembered Sets 2.429ms
[2025-09-12T08:37:08.175+0000][1][gc,start    ] GC(3) Pause Cleanup
[2025-09-12T08:37:08.176+0000][1][gc          ] GC(3) Pause Cleanup 13M->13M(512M) 0.640ms
[2025-09-12T08:37:08.176+0000][1][gc,cpu      ] GC(3) User=0.00s Sys=0.00s Real=0.00s
[2025-09-12T08:37:08.176+0000][1][safepoint   ] Safepoint "G1Concurrent", Time since last: 2932445 ns, Reaching safepoint: 565709 ns, At safepoint: 856613 ns, Total: 1422322 ns
[2025-09-12T08:37:08.176+0000][1][gc,marking  ] GC(3) Concurrent Cleanup for Next Mark
[2025-09-12T08:37:08.179+0000][1][gc,marking  ] GC(3) Concurrent Cleanup for Next Mark 3.140ms
[2025-09-12T08:37:08.179+0000][1][gc          ] GC(3) Concurrent Mark Cycle 21.455ms
[2025-09-12T08:37:08.790+0000][1][safepoint   ] Safepoint "ICBufferFull", Time since last: 613756320 ns, Reaching safepoint: 395106 ns, At safepoint: 35000 ns, Total: 430106 ns
[2025-09-12T08:37:08.797+0000][1][safepoint   ] Safepoint "ICBufferFull", Time since last: 6003193 ns, Reaching safepoint: 442606 ns, At safepoint: 8000 ns, Total: 450606 ns
[2025-09-12T08:37:08.804+0000][1][safepoint   ] Safepoint "ICBufferFull", Time since last: 7568217 ns, Reaching safepoint: 332205 ns, At safepoint: 6600 ns, Total: 338805 ns
[2025-09-12T08:37:08.810+0000][1][safepoint   ] Safepoint "ICBufferFull", Time since last: 5073878 ns, Reaching safepoint: 390406 ns, At safepoint: 8200 ns, Total: 398606 ns
[2025-09-12T08:37:08.817+0000][1][safepoint   ] Safepoint "ICBufferFull", Time since last: 7091609 ns, Reaching safepoint: 347005 ns, At safepoint: 7200 ns, Total: 354205 ns
[2025-09-12T08:37:08.824+0000][1][safepoint   ] Safepoint "ICBufferFull", Time since last: 6228496 ns, Reaching safepoint: 359005 ns, At safepoint: 6800 ns, Total: 365805 ns
[2025-09-12T08:37:08.830+0000][1][safepoint   ] Safepoint "ICBufferFull", Time since last: 6032293 ns, Reaching safepoint: 337105 ns, At safepoint: 6400 ns, Total: 343505 ns
[2025-09-12T08:37:08.837+0000][1][safepoint   ] Safepoint "ICBufferFull", Time since last: 5901791 ns, Reaching safepoint: 449107 ns, At safepoint: 19700 ns, Total: 468807 ns
[2025-09-12T08:37:08.844+0000][1][safepoint   ] Safepoint "ICBufferFull", Time since last: 6381698 ns, Reaching safepoint: 438807 ns, At safepoint: 8600 ns, Total: 447407 ns
[2025-09-12T08:37:08.853+0000][1][safepoint   ] Safepoint "ICBufferFull", Time since last: 9358543 ns, Reaching safepoint: 509408 ns, At safepoint: 7900 ns, Total: 517308 ns
[2025-09-12T08:37:08.860+0000][1][safepoint   ] Safepoint "ICBufferFull", Time since last: 5770089 ns, Reaching safepoint: 369206 ns, At safepoint: 8000 ns, Total: 377206 ns
[2025-09-12T08:37:08.868+0000][1][safepoint   ] Safepoint "ICBufferFull", Time since last: 8210226 ns, Reaching safepoint: 394106 ns, At safepoint: 9200 ns, Total: 403306 ns
[2025-09-12T08:37:08.878+0000][1][safepoint   ] Safepoint "ICBufferFull", Time since last: 9304443 ns, Reaching safepoint: 349505 ns, At safepoint: 6800 ns, Total: 356305 ns
[2025-09-12T08:37:08.885+0000][1][safepoint   ] Safepoint "ICBufferFull", Time since last: 7139310 ns, Reaching safepoint: 345605 ns, At safepoint: 7700 ns, Total: 353305 ns
[2025-09-12T08:37:08.891+0000][1][safepoint   ] Safepoint "ICBufferFull", Time since last: 4667772 ns, Reaching safepoint: 437707 ns, At safepoint: 75201 ns, Total: 512908 ns
[2025-09-12T08:37:08.896+0000][1][safepoint   ] Safepoint "ICBufferFull", Time since last: 5040577 ns, Reaching safepoint: 358406 ns, At safepoint: 7400 ns, Total: 365806 ns
[2025-09-12T08:37:08.901+0000][1][safepoint   ] Safepoint "ICBufferFull", Time since last: 4497669 ns, Reaching safepoint: 433906 ns, At safepoint: 8000 ns, Total: 441906 ns
[2025-09-12T08:37:09.828+0000][1][safepoint   ] Safepoint "ICBufferFull", Time since last: 926152715 ns, Reaching safepoint: 352306 ns, At safepoint: 183303 ns, Total: 535609 ns
[2025-09-12T08:37:10.596+0000][1][gc,start    ] GC(4) Pause Young (Concurrent Start) (Metadata GC Threshold)
[2025-09-12T08:37:10.596+0000][1][gc,task     ] GC(4) Using 12 workers of 13 for evacuation
[2025-09-12T08:37:10.596+0000][1][gc,age      ] GC(4) Desired survivor size 20447232 bytes, new threshold 15 (max threshold 15)
[2025-09-12T08:37:10.607+0000][1][gc,age      ] GC(4) Age table with threshold 15 (max threshold 15)
[2025-09-12T08:37:10.607+0000][1][gc,age      ] GC(4) - age   1:    5550824 bytes,    5550824 total
[2025-09-12T08:37:10.607+0000][1][gc,age      ] GC(4) - age   2:    1892280 bytes,    7443104 total
[2025-09-12T08:37:10.607+0000][1][gc,age      ] GC(4) - age   3:    1634896 bytes,    9078000 total
[2025-09-12T08:37:10.607+0000][1][gc,phases   ] GC(4)   Pre Evacuate Collection Set: 0.5ms
[2025-09-12T08:37:10.607+0000][1][gc,phases   ] GC(4)   Merge Heap Roots: 0.4ms
[2025-09-12T08:37:10.607+0000][1][gc,phases   ] GC(4)   Evacuate Collection Set: 6.7ms
[2025-09-12T08:37:10.607+0000][1][gc,phases   ] GC(4)   Post Evacuate Collection Set: 3.3ms
[2025-09-12T08:37:10.607+0000][1][gc,phases   ] GC(4)   Other: 0.5ms
[2025-09-12T08:37:10.607+0000][1][gc,heap     ] GC(4) Eden regions: 120->0(297)
[2025-09-12T08:37:10.607+0000][1][gc,heap     ] GC(4) Survivor regions: 4->10(39)
[2025-09-12T08:37:10.607+0000][1][gc,heap     ] GC(4) Old regions: 7->7
[2025-09-12T08:37:10.607+0000][1][gc,heap     ] GC(4) Archive regions: 2->2
[2025-09-12T08:37:10.607+0000][1][gc,heap     ] GC(4) Humongous regions: 2->1
[2025-09-12T08:37:10.607+0000][1][gc,metaspace] GC(4) Metaspace: 35366K(35648K)->35366K(35648K) NonClass: 30787K(30912K)->30787K(30912K) Class: 4579K(4736K)->4579K(4736K)
[2025-09-12T08:37:10.607+0000][1][gc          ] GC(4) Pause Young (Concurrent Start) (Metadata GC Threshold) 132M->17M(512M) 11.448ms
[2025-09-12T08:37:10.607+0000][1][gc,cpu      ] GC(4) User=0.04s Sys=0.01s Real=0.01s
[2025-09-12T08:37:10.607+0000][1][gc          ] GC(5) Concurrent Mark Cycle
[2025-09-12T08:37:10.608+0000][1][gc,marking  ] GC(5) Concurrent Clear Claimed Marks
[2025-09-12T08:37:10.608+0000][1][gc,marking  ] GC(5) Concurrent Clear Claimed Marks 0.064ms
[2025-09-12T08:37:10.608+0000][1][gc,marking  ] GC(5) Concurrent Scan Root Regions
[2025-09-12T08:37:10.608+0000][1][safepoint   ] Safepoint "CollectForMetadataAllocation", Time since last: 767760583 ns, Reaching safepoint: 473608 ns, At safepoint: 11831781 ns, Total: 12305389 ns
[2025-09-12T08:37:10.612+0000][1][gc,marking  ] GC(5) Concurrent Scan Root Regions 3.905ms
[2025-09-12T08:37:10.612+0000][1][gc,marking  ] GC(5) Concurrent Mark
[2025-09-12T08:37:10.612+0000][1][gc,marking  ] GC(5) Concurrent Mark From Roots
[2025-09-12T08:37:10.612+0000][1][gc,task     ] GC(5) Using 3 workers of 3 for marking
[2025-09-12T08:37:10.618+0000][1][gc,marking  ] GC(5) Concurrent Mark From Roots 5.901ms
[2025-09-12T08:37:10.618+0000][1][gc,marking  ] GC(5) Concurrent Preclean
[2025-09-12T08:37:10.618+0000][1][gc,marking  ] GC(5) Concurrent Preclean 0.181ms
[2025-09-12T08:37:10.619+0000][1][gc,start    ] GC(5) Pause Remark
[2025-09-12T08:37:10.623+0000][1][gc          ] GC(5) Pause Remark 18M->18M(512M) 4.145ms
[2025-09-12T08:37:10.623+0000][1][gc,cpu      ] GC(5) User=0.02s Sys=0.00s Real=0.01s
[2025-09-12T08:37:10.623+0000][1][safepoint   ] Safepoint "G1Concurrent", Time since last: 10345359 ns, Reaching safepoint: 528608 ns, At safepoint: 4391467 ns, Total: 4920075 ns
[2025-09-12T08:37:10.623+0000][1][gc,marking  ] GC(5) Concurrent Mark 11.380ms
[2025-09-12T08:37:10.623+0000][1][gc,marking  ] GC(5) Concurrent Rebuild Remembered Sets
[2025-09-12T08:37:10.625+0000][1][gc,marking  ] GC(5) Concurrent Rebuild Remembered Sets 2.281ms
[2025-09-12T08:37:10.626+0000][1][gc,start    ] GC(5) Pause Cleanup
[2025-09-12T08:37:10.627+0000][1][gc          ] GC(5) Pause Cleanup 18M->18M(512M) 0.536ms
[2025-09-12T08:37:10.627+0000][1][gc,cpu      ] GC(5) User=0.00s Sys=0.00s Real=0.00s
[2025-09-12T08:37:10.627+0000][1][safepoint   ] Safepoint "G1Concurrent", Time since last: 2698942 ns, Reaching safepoint: 459207 ns, At safepoint: 700011 ns, Total: 1159218 ns
[2025-09-12T08:37:10.627+0000][1][gc,marking  ] GC(5) Concurrent Cleanup for Next Mark
[2025-09-12T08:37:10.630+0000][1][gc,marking  ] GC(5) Concurrent Cleanup for Next Mark 3.074ms
[2025-09-12T08:37:10.630+0000][1][gc          ] GC(5) Concurrent Mark Cycle 22.562ms
[2025-09-12T08:37:11.403+0000][1][safepoint   ] Safepoint "ICBufferFull", Time since last: 776434216 ns, Reaching safepoint: 1447823 ns, At safepoint: 126802 ns, Total: 1574625 ns
[2025-09-12T08:37:12.169+0000][1][safepoint   ] Safepoint "ICBufferFull", Time since last: 765450448 ns, Reaching safepoint: 406606 ns, At safepoint: 8900 ns, Total: 415506 ns
[2025-09-12T08:37:13.197+0000][1][safepoint   ] Safepoint "Cleanup", Time since last: 1026998663 ns, Reaching safepoint: 351705 ns, At safepoint: 32101 ns, Total: 383806 ns
[2025-09-12T08:37:14.197+0000][1][safepoint   ] Safepoint "Cleanup", Time since last: 1000288152 ns, Reaching safepoint: 289305 ns, At safepoint: 47501 ns, Total: 336806 ns
[2025-09-12T08:37:14.490+0000][1][gc,start    ] GC(6) Pause Young (Concurrent Start) (Metadata GC Threshold)
[2025-09-12T08:37:14.490+0000][1][gc,task     ] GC(6) Using 12 workers of 13 for evacuation
[2025-09-12T08:37:14.490+0000][1][gc,age      ] GC(6) Desired survivor size 20447232 bytes, new threshold 15 (max threshold 15)
[2025-09-12T08:37:14.511+0000][1][gc,age      ] GC(6) Age table with threshold 15 (max threshold 15)
[2025-09-12T08:37:14.511+0000][1][gc,age      ] GC(6) - age   1:    9121168 bytes,    9121168 total
[2025-09-12T08:37:14.511+0000][1][gc,age      ] GC(6) - age   2:    5320328 bytes,   14441496 total
[2025-09-12T08:37:14.511+0000][1][gc,age      ] GC(6) - age   3:    1863072 bytes,   16304568 total
[2025-09-12T08:37:14.511+0000][1][gc,age      ] GC(6) - age   4:    1624312 bytes,   17928880 total
[2025-09-12T08:37:14.512+0000][1][gc,phases   ] GC(6)   Pre Evacuate Collection Set: 0.5ms
[2025-09-12T08:37:14.512+0000][1][gc,phases   ] GC(6)   Merge Heap Roots: 0.4ms
[2025-09-12T08:37:14.512+0000][1][gc,phases   ] GC(6)   Evacuate Collection Set: 15.8ms
[2025-09-12T08:37:14.512+0000][1][gc,phases   ] GC(6)   Post Evacuate Collection Set: 4.1ms
[2025-09-12T08:37:14.512+0000][1][gc,phases   ] GC(6)   Other: 0.7ms
[2025-09-12T08:37:14.512+0000][1][gc,heap     ] GC(6) Eden regions: 118->0(289)
[2025-09-12T08:37:14.512+0000][1][gc,heap     ] GC(6) Survivor regions: 10->18(39)
[2025-09-12T08:37:14.512+0000][1][gc,heap     ] GC(6) Old regions: 7->7
[2025-09-12T08:37:14.512+0000][1][gc,heap     ] GC(6) Archive regions: 2->2
[2025-09-12T08:37:14.512+0000][1][gc,heap     ] GC(6) Humongous regions: 1->1
[2025-09-12T08:37:14.512+0000][1][gc,metaspace] GC(6) Metaspace: 59074K(59648K)->59074K(59648K) NonClass: 51064K(51392K)->51064K(51392K) Class: 8010K(8256K)->8010K(8256K)
[2025-09-12T08:37:14.512+0000][1][gc          ] GC(6) Pause Young (Concurrent Start) (Metadata GC Threshold) 135M->26M(512M) 21.698ms
[2025-09-12T08:37:14.512+0000][1][gc,cpu      ] GC(6) User=0.13s Sys=0.01s Real=0.02s
[2025-09-12T08:37:14.512+0000][1][gc          ] GC(7) Concurrent Mark Cycle
[2025-09-12T08:37:14.512+0000][1][gc,marking  ] GC(7) Concurrent Clear Claimed Marks
[2025-09-12T08:37:14.512+0000][1][gc,marking  ] GC(7) Concurrent Clear Claimed Marks 0.130ms
[2025-09-12T08:37:14.512+0000][1][gc,marking  ] GC(7) Concurrent Scan Root Regions
[2025-09-12T08:37:14.512+0000][1][safepoint   ] Safepoint "CollectForMetadataAllocation", Time since last: 292219285 ns, Reaching safepoint: 606309 ns, At safepoint: 22120040 ns, Total: 22726349 ns
[2025-09-12T08:37:14.520+0000][1][safepoint   ] Safepoint "CollectForMetadataAllocation", Time since last: 5635186 ns, Reaching safepoint: 2480738 ns, At safepoint: 236604 ns, Total: 2717342 ns
[2025-09-12T08:37:14.521+0000][1][gc,marking  ] GC(7) Concurrent Scan Root Regions 8.650ms
[2025-09-12T08:37:14.521+0000][1][gc,marking  ] GC(7) Concurrent Mark
[2025-09-12T08:37:14.521+0000][1][gc,marking  ] GC(7) Concurrent Mark From Roots
[2025-09-12T08:37:14.521+0000][1][gc,task     ] GC(7) Using 3 workers of 3 for marking
[2025-09-12T08:37:14.533+0000][1][gc,marking  ] GC(7) Concurrent Mark From Roots 12.204ms
[2025-09-12T08:37:14.533+0000][1][gc,marking  ] GC(7) Concurrent Preclean
[2025-09-12T08:37:14.534+0000][1][gc,marking  ] GC(7) Concurrent Preclean 0.248ms
[2025-09-12T08:37:14.534+0000][1][gc,start    ] GC(7) Pause Remark
[2025-09-12T08:37:14.541+0000][1][gc          ] GC(7) Pause Remark 28M->28M(512M) 7.022ms
[2025-09-12T08:37:14.542+0000][1][gc,cpu      ] GC(7) User=0.02s Sys=0.01s Real=0.01s
[2025-09-12T08:37:14.542+0000][1][safepoint   ] Safepoint "G1Concurrent", Time since last: 13328804 ns, Reaching safepoint: 520608 ns, At safepoint: 7596417 ns, Total: 8117025 ns
[2025-09-12T08:37:14.546+0000][1][gc,marking  ] GC(7) Concurrent Mark 24.982ms
[2025-09-12T08:37:14.546+0000][1][gc,marking  ] GC(7) Concurrent Rebuild Remembered Sets
[2025-09-12T08:37:14.550+0000][1][gc,marking  ] GC(7) Concurrent Rebuild Remembered Sets 3.727ms
[2025-09-12T08:37:14.555+0000][1][gc,start    ] GC(7) Pause Cleanup
[2025-09-12T08:37:14.556+0000][1][gc          ] GC(7) Pause Cleanup 28M->28M(512M) 0.555ms
[2025-09-12T08:37:14.556+0000][1][gc,cpu      ] GC(7) User=0.00s Sys=0.01s Real=0.00s
[2025-09-12T08:37:14.556+0000][1][safepoint   ] Safepoint "G1Concurrent", Time since last: 8262727 ns, Reaching safepoint: 5006877 ns, At safepoint: 967414 ns, Total: 5974291 ns
[2025-09-12T08:37:14.556+0000][1][gc,marking  ] GC(7) Concurrent Cleanup for Next Mark
[2025-09-12T08:37:14.558+0000][1][gc,marking  ] GC(7) Concurrent Cleanup for Next Mark 2.079ms
[2025-09-12T08:37:14.559+0000][1][gc          ] GC(7) Concurrent Mark Cycle 46.672ms
[2025-09-12T08:37:15.034+0000][1][safepoint   ] Safepoint "ICBufferFull", Time since last: 477522130 ns, Reaching safepoint: 306204 ns, At safepoint: 47901 ns, Total: 354105 ns
[2025-09-12T08:37:16.117+0000][1][safepoint   ] Safepoint "Cleanup", Time since last: 1082136110 ns, Reaching safepoint: 433995 ns, At safepoint: 11902 ns, Total: 445897 ns
[2025-09-12T08:37:17.117+0000][1][safepoint   ] Safepoint "Cleanup", Time since last: 1000304109 ns, Reaching safepoint: 394186 ns, At safepoint: 11303 ns, Total: 405489 ns
[2025-09-12T08:37:19.118+0000][1][safepoint   ] Safepoint "Cleanup", Time since last: 2000523797 ns, Reaching safepoint: 483206 ns, At safepoint: 15104 ns, Total: 498310 ns
[2025-09-12T08:37:22.119+0000][1][safepoint   ] Safepoint "Cleanup", Time since last: 3000591991 ns, Reaching safepoint: 393211 ns, At safepoint: 11900 ns, Total: 405111 ns
[2025-09-12T08:37:29.121+0000][1][safepoint   ] Safepoint "Cleanup", Time since last: 7001241302 ns, Reaching safepoint: 371237 ns, At safepoint: 9901 ns, Total: 381138 ns
[2025-09-12T08:37:31.122+0000][1][safepoint   ] Safepoint "Cleanup", Time since last: 2000518422 ns, Reaching safepoint: 377518 ns, At safepoint: 10600 ns, Total: 388118 ns
[2025-09-12T08:37:32.360+0000][1][safepoint   ] Safepoint "Cleanup", Time since last: 1237726882 ns, Reaching safepoint: 341909 ns, At safepoint: 44501 ns, Total: 386410 ns
[2025-09-12T08:37:33.361+0000][1][safepoint   ] Safepoint "Cleanup", Time since last: 1000258730 ns, Reaching safepoint: 389611 ns, At safepoint: 10300 ns, Total: 399911 ns
[2025-09-12T08:37:36.362+0000][1][safepoint   ] Safepoint "Cleanup", Time since last: 3000705387 ns, Reaching safepoint: 362710 ns, At safepoint: 11300 ns, Total: 374010 ns
[2025-09-12T08:37:41.362+0000][1][safepoint   ] Safepoint "Cleanup", Time since last: 5001031555 ns, Reaching safepoint: 358283 ns, At safepoint: 10799 ns, Total: 369082 ns
[2025-09-12T08:37:42.362+0000][1][safepoint   ] Safepoint "Cleanup", Time since last: 1000307868 ns, Reaching safepoint: 405881 ns, At safepoint: 13599 ns, Total: 419480 ns
[2025-09-12T08:37:44.363+0000][1][safepoint   ] Safepoint "Cleanup", Time since last: 2000466443 ns, Reaching safepoint: 354284 ns, At safepoint: 9799 ns, Total: 364083 ns
[2025-09-12T08:37:45.364+0000][1][safepoint   ] Safepoint "Cleanup", Time since last: 1000277248 ns, Reaching safepoint: 405515 ns, At safepoint: 12000 ns, Total: 417515 ns
[2025-09-12T08:37:46.365+0000][1][safepoint   ] Safepoint "Cleanup", Time since last: 1000278919 ns, Reaching safepoint: 388814 ns, At safepoint: 9801 ns, Total: 398615 ns
[2025-09-12T08:37:47.365+0000][1][safepoint   ] Safepoint "Cleanup", Time since last: 1000292120 ns, Reaching safepoint: 382013 ns, At safepoint: 9601 ns, Total: 391614 ns
[2025-09-12T08:37:57.367+0000][1][safepoint   ] Safepoint "Cleanup", Time since last: 10001798904 ns, Reaching safepoint: 352020 ns, At safepoint: 9200 ns, Total: 361220 ns
[2025-09-12T08:37:58.368+0000][1][safepoint   ] Safepoint "Cleanup", Time since last: 1000332247 ns, Reaching safepoint: 353420 ns, At safepoint: 11100 ns, Total: 364520 ns
[2025-09-12T08:38:03.370+0000][1][safepoint   ] Safepoint "Cleanup", Time since last: 5000998300 ns, Reaching safepoint: 375521 ns, At safepoint: 10401 ns, Total: 385922 ns
[2025-09-12T08:38:14.370+0000][1][safepoint   ] Safepoint "Cleanup", Time since last: 11002129563 ns, Reaching safepoint: 334296 ns, At safepoint: 8700 ns, Total: 342996 ns
[2025-09-12T08:38:17.371+0000][1][safepoint   ] Safepoint "Cleanup", Time since last: 3000669712 ns, Reaching safepoint: 388996 ns, At safepoint: 9800 ns, Total: 398796 ns
[2025-09-12T08:38:19.372+0000][1][safepoint   ] Safepoint "Cleanup", Time since last: 2000504213 ns, Reaching safepoint: 530921 ns, At safepoint: 21701 ns, Total: 552622 ns
[2025-09-12T08:38:21.373+0000][1][safepoint   ] Safepoint "Cleanup", Time since last: 2000487866 ns, Reaching safepoint: 367479 ns, At safepoint: 10402 ns, Total: 377881 ns
[2025-09-12T08:38:22.374+0000][1][safepoint   ] Safepoint "Cleanup", Time since last: 1000267196 ns, Reaching safepoint: 319169 ns, At safepoint: 9502 ns, Total: 328671 ns
[2025-09-12T08:38:23.375+0000][1][safepoint   ] Safepoint "Cleanup", Time since last: 1000283799 ns, Reaching safepoint: 371180 ns, At safepoint: 41209 ns, Total: 412389 ns
[2025-09-12T08:38:25.375+0000][1][safepoint   ] Safepoint "Cleanup", Time since last: 2000355893 ns, Reaching safepoint: 483525 ns, At safepoint: 16701 ns, Total: 500226 ns
[2025-09-12T08:38:26.376+0000][1][safepoint   ] Safepoint "Cleanup", Time since last: 1000308854 ns, Reaching safepoint: 353918 ns, At safepoint: 13701 ns, Total: 367619 ns
[2025-09-12T08:38:32.378+0000][1][safepoint   ] Safepoint "Cleanup", Time since last: 6001238496 ns, Reaching safepoint: 382022 ns, At safepoint: 42603 ns, Total: 424625 ns
[2025-09-12T08:38:34.379+0000][1][safepoint   ] Safepoint "Cleanup", Time since last: 2000420387 ns, Reaching safepoint: 455126 ns, At safepoint: 35702 ns, Total: 490828 ns
[2025-09-12T08:38:39.380+0000][1][safepoint   ] Safepoint "Cleanup", Time since last: 5001084785 ns, Reaching safepoint: 363013 ns, At safepoint: 11400 ns, Total: 374413 ns
[2025-09-12T08:38:44.380+0000][1][safepoint   ] Safepoint "Cleanup", Time since last: 5000987090 ns, Reaching safepoint: 452022 ns, At safepoint: 14901 ns, Total: 466923 ns
[2025-09-12T08:38:46.381+0000][1][safepoint   ] Safepoint "Cleanup", Time since last: 2000490779 ns, Reaching safepoint: 421421 ns, At safepoint: 20301 ns, Total: 441722 ns
[2025-09-12T08:38:53.383+0000][1][safepoint   ] Safepoint "Cleanup", Time since last: 7001261846 ns, Reaching safepoint: 623750 ns, At safepoint: 23502 ns, Total: 647252 ns
[2025-09-12T08:38:54.384+0000][1][safepoint   ] Safepoint "Cleanup", Time since last: 1000330087 ns, Reaching safepoint: 434235 ns, At safepoint: 20402 ns, Total: 454637 ns
[2025-09-12T08:38:59.385+0000][1][safepoint   ] Safepoint "Cleanup", Time since last: 5000955576 ns, Reaching safepoint: 495840 ns, At safepoint: 16002 ns, Total: 511842 ns
[2025-09-12T08:39:02.386+0000][1][safepoint   ] Safepoint "Cleanup", Time since last: 3000654115 ns, Reaching safepoint: 382321 ns, At safepoint: 10300 ns, Total: 392621 ns
[2025-09-12T08:39:03.387+0000][1][safepoint   ] Safepoint "Cleanup", Time since last: 1000273710 ns, Reaching safepoint: 322518 ns, At safepoint: 10700 ns, Total: 333218 ns
[2025-09-12T08:39:13.387+0000][1][safepoint   ] Safepoint "Cleanup", Time since last: 10001808547 ns, Reaching safepoint: 409299 ns, At safepoint: 14300 ns, Total: 423599 ns
[2025-09-12T08:39:14.388+0000][1][safepoint   ] Safepoint "Cleanup", Time since last: 1000259959 ns, Reaching safepoint: 374020 ns, At safepoint: 8400 ns, Total: 382420 ns
[2025-09-12T08:39:15.389+0000][1][safepoint   ] Safepoint "Cleanup", Time since last: 1000332283 ns, Reaching safepoint: 360219 ns, At safepoint: 10400 ns, Total: 370619 ns
[2025-09-12T08:39:16.389+0000][1][safepoint   ] Safepoint "Cleanup", Time since last: 1000288536 ns, Reaching safepoint: 384621 ns, At safepoint: 11200 ns, Total: 395821 ns
[2025-09-12T08:39:19.390+0000][1][safepoint   ] Safepoint "Cleanup", Time since last: 3000630945 ns, Reaching safepoint: 395121 ns, At safepoint: 10801 ns, Total: 405922 ns
[2025-09-12T08:39:21.391+0000][1][safepoint   ] Safepoint "Cleanup", Time since last: 2000492800 ns, Reaching safepoint: 345818 ns, At safepoint: 10601 ns, Total: 356419 ns
[2025-09-12T08:39:22.392+0000][1][safepoint   ] Safepoint "Cleanup", Time since last: 1000301453 ns, Reaching safepoint: 360419 ns, At safepoint: 11900 ns, Total: 372319 ns
[2025-09-12T08:39:23.393+0000][1][safepoint   ] Safepoint "Cleanup", Time since last: 1000278652 ns, Reaching safepoint: 385820 ns, At safepoint: 10301 ns, Total: 396121 ns
[2025-09-12T08:39:38.396+0000][1][safepoint   ] Safepoint "Cleanup", Time since last: 15002724722 ns, Reaching safepoint: 406221 ns, At safepoint: 12401 ns, Total: 418622 ns
[2025-09-12T08:39:39.396+0000][1][safepoint   ] Safepoint "Cleanup", Time since last: 1000352038 ns, Reaching safepoint: 357020 ns, At safepoint: 10200 ns, Total: 367220 ns
[2025-09-12T08:39:41.396+0000][1][safepoint   ] Safepoint "Cleanup", Time since last: 2000451297 ns, Reaching safepoint: 535720 ns, At safepoint: 18700 ns, Total: 554420 ns
[2025-09-12T08:39:44.397+0000][1][safepoint   ] Safepoint "Cleanup", Time since last: 3000602671 ns, Reaching safepoint: 366914 ns, At safepoint: 10900 ns, Total: 377814 ns
[2025-09-12T08:39:51.399+0000][1][safepoint   ] Safepoint "Cleanup", Time since last: 7001390072 ns, Reaching safepoint: 324737 ns, At safepoint: 14402 ns, Total: 339139 ns
[2025-09-12T08:39:57.400+0000][1][safepoint   ] Safepoint "Cleanup", Time since last: 6001200481 ns, Reaching safepoint: 364021 ns, At safepoint: 9401 ns, Total: 373422 ns
[2025-09-12T08:40:20.402+0000][1][safepoint   ] Safepoint "Cleanup", Time since last: 23003867620 ns, Reaching safepoint: 386822 ns, At safepoint: 21101 ns, Total: 407923 ns
[2025-09-12T08:40:28.404+0000][1][safepoint   ] Safepoint "Cleanup", Time since last: 8001418295 ns, Reaching safepoint: 357124 ns, At safepoint: 10600 ns, Total: 367724 ns
[2025-09-12T08:40:44.406+0000][1][safepoint   ] Safepoint "Cleanup", Time since last: 16003049662 ns, Reaching safepoint: 559040 ns, At safepoint: 24502 ns, Total: 583542 ns
[2025-09-12T08:40:48.407+0000][1][safepoint   ] Safepoint "Cleanup", Time since last: 4000994378 ns, Reaching safepoint: 365626 ns, At safepoint: 9501 ns, Total: 375127 ns
[2025-09-12T08:40:51.409+0000][1][safepoint   ] Safepoint "Cleanup", Time since last: 3000609973 ns, Reaching safepoint: 562441 ns, At safepoint: 86306 ns, Total: 648747 ns
[2025-09-12T08:40:56.410+0000][1][safepoint   ] Safepoint "Cleanup", Time since last: 5000897882 ns, Reaching safepoint: 350935 ns, At safepoint: 9601 ns, Total: 360536 ns
[2025-09-12T08:41:02.411+0000][1][safepoint   ] Safepoint "Cleanup", Time since last: 6001230285 ns, Reaching safepoint: 348522 ns, At safepoint: 9400 ns, Total: 357922 ns
[2025-09-12T08:41:11.412+0000][1][safepoint   ] Safepoint "Cleanup", Time since last: 9001619108 ns, Reaching safepoint: 372015 ns, At safepoint: 10000 ns, Total: 382015 ns
[2025-09-12T08:41:14.413+0000][1][safepoint   ] Safepoint "Cleanup", Time since last: 3000559419 ns, Reaching safepoint: 501920 ns, At safepoint: 17301 ns, Total: 519221 ns
[2025-09-12T08:41:19.414+0000][1][safepoint   ] Safepoint "Cleanup", Time since last: 5001007366 ns, Reaching safepoint: 399123 ns, At safepoint: 11500 ns, Total: 410623 ns
[2025-09-12T08:41:31.417+0000][1][safepoint   ] Safepoint "Cleanup", Time since last: 12002253845 ns, Reaching safepoint: 440027 ns, At safepoint: 10600 ns, Total: 450627 ns
[2025-09-12T08:42:04.421+0000][1][safepoint   ] Safepoint "Cleanup", Time since last: 33005455864 ns, Reaching safepoint: 648437 ns, At safepoint: 26902 ns, Total: 675339 ns
[2025-09-12T08:42:05.422+0000][1][safepoint   ] Safepoint "Cleanup", Time since last: 1000332295 ns, Reaching safepoint: 411324 ns, At safepoint: 22101 ns, Total: 433425 ns
[2025-09-12T08:42:06.423+0000][1][safepoint   ] Safepoint "Cleanup", Time since last: 1000334196 ns, Reaching safepoint: 317318 ns, At safepoint: 9801 ns, Total: 327119 ns
[2025-09-12T08:42:07.424+0000][1][safepoint   ] Safepoint "Cleanup", Time since last: 1000339296 ns, Reaching safepoint: 474827 ns, At safepoint: 17501 ns, Total: 492328 ns
[2025-09-12T08:42:10.425+0000][1][safepoint   ] Safepoint "Cleanup", Time since last: 3000680569 ns, Reaching safepoint: 417924 ns, At safepoint: 19201 ns, Total: 437125 ns
[2025-09-12T08:42:14.424+0000][1][safepoint   ] Safepoint "Cleanup", Time since last: 4000871802 ns, Reaching safepoint: 402323 ns, At safepoint: 14401 ns, Total: 416724 ns
[2025-09-12T08:42:15.425+0000][1][safepoint   ] Safepoint "Cleanup", Time since last: 1000311867 ns, Reaching safepoint: 496428 ns, At safepoint: 11001 ns, Total: 507429 ns
[2025-09-12T08:42:16.426+0000][1][safepoint   ] Safepoint "Cleanup", Time since last: 1000280665 ns, Reaching safepoint: 422824 ns, At safepoint: 18901 ns, Total: 441725 ns
[2025-09-12T08:42:32.429+0000][1][safepoint   ] Safepoint "Cleanup", Time since last: 16003121292 ns, Reaching safepoint: 396024 ns, At safepoint: 10300 ns, Total: 406324 ns
[2025-09-12T08:42:34.430+0000][1][safepoint   ] Safepoint "Cleanup", Time since last: 2000410350 ns, Reaching safepoint: 261616 ns, At safepoint: 15101 ns, Total: 276717 ns
[2025-09-12T08:42:44.430+0000][1][safepoint   ] Safepoint "Cleanup", Time since last: 10001791987 ns, Reaching safepoint: 476227 ns, At safepoint: 12101 ns, Total: 488328 ns
[2025-09-12T08:43:04.434+0000][1][safepoint   ] Safepoint "Cleanup", Time since last: 20003659149 ns, Reaching safepoint: 477029 ns, At safepoint: 50303 ns, Total: 527332 ns
[2025-09-12T08:43:39.439+0000][1][safepoint   ] Safepoint "Cleanup", Time since last: 35006087598 ns, Reaching safepoint: 544233 ns, At safepoint: 15501 ns, Total: 559734 ns
[2025-09-12T08:43:41.439+0000][1][safepoint   ] Safepoint "Cleanup", Time since last: 2000507481 ns, Reaching safepoint: 367522 ns, At safepoint: 8701 ns, Total: 376223 ns
[2025-09-12T08:43:54.441+0000][1][safepoint   ] Safepoint "Cleanup", Time since last: 13002210311 ns, Reaching safepoint: 540234 ns, At safepoint: 17402 ns, Total: 557636 ns
[2025-09-12T08:44:04.444+0000][1][safepoint   ] Safepoint "Cleanup", Time since last: 10001955115 ns, Reaching safepoint: 393724 ns, At safepoint: 11601 ns, Total: 405325 ns
[2025-09-12T08:44:05.444+0000][1][safepoint   ] Safepoint "Cleanup", Time since last: 1000327531 ns, Reaching safepoint: 350320 ns, At safepoint: 9900 ns, Total: 360220 ns
[2025-09-12T08:44:11.444+0000][1][safepoint   ] Safepoint "Cleanup", Time since last: 6001284391 ns, Reaching safepoint: 385823 ns, At safepoint: 20401 ns, Total: 406224 ns
[2025-09-12T08:44:14.445+0000][1][safepoint   ] Safepoint "Cleanup", Time since last: 3000726923 ns, Reaching safepoint: 500729 ns, At safepoint: 20001 ns, Total: 520730 ns
[2025-09-12T08:44:34.449+0000][1][safepoint   ] Safepoint "Cleanup", Time since last: 20003524148 ns, Reaching safepoint: 216113 ns, At safepoint: 14601 ns, Total: 230714 ns
[2025-09-12T08:44:44.449+0000][1][safepoint   ] Safepoint "Cleanup", Time since last: 10001860590 ns, Reaching safepoint: 366122 ns, At safepoint: 17601 ns, Total: 383723 ns
[2025-09-12T08:44:47.450+0000][1][safepoint   ] Safepoint "Cleanup", Time since last: 3000748056 ns, Reaching safepoint: 435027 ns, At safepoint: 23301 ns, Total: 458328 ns
[2025-09-12T08:45:05.454+0000][1][safepoint   ] Safepoint "Cleanup", Time since last: 18003155407 ns, Reaching safepoint: 447830 ns, At safepoint: 18001 ns, Total: 465831 ns
[2025-09-12T08:45:14.454+0000][1][safepoint   ] Safepoint "Cleanup", Time since last: 9001437035 ns, Reaching safepoint: 342121 ns, At safepoint: 17001 ns, Total: 359122 ns
[2025-09-12T08:45:24.456+0000][1][safepoint   ] Safepoint "Cleanup", Time since last: 10001886244 ns, Reaching safepoint: 254616 ns, At safepoint: 12001 ns, Total: 266617 ns
[2025-09-12T08:46:31.465+0000][1][safepoint   ] Safepoint "Cleanup", Time since last: 67012114229 ns, Reaching safepoint: 388224 ns, At safepoint: 10601 ns, Total: 398825 ns
[2025-09-12T08:46:35.466+0000][1][safepoint   ] Safepoint "Cleanup", Time since last: 4000820943 ns, Reaching safepoint: 342821 ns, At safepoint: 13001 ns, Total: 355822 ns
[2025-09-12T08:47:13.318+0000][1][safepoint   ] Safepoint "Cleanup", Time since last: 37855327854 ns, Reaching safepoint: 348121 ns, At safepoint: 37102 ns, Total: 385223 ns
[2025-09-12T08:47:15.116+0000][1][safepoint   ] Safepoint "Cleanup", Time since last: 1797358243 ns, Reaching safepoint: 418425 ns, At safepoint: 12900 ns, Total: 431325 ns
[2025-09-12T08:47:36.120+0000][1][safepoint   ] Safepoint "Cleanup", Time since last: 21003684318 ns, Reaching safepoint: 400124 ns, At safepoint: 11300 ns, Total: 411424 ns
[2025-09-12T08:47:40.122+0000][1][safepoint   ] Safepoint "Cleanup", Time since last: 4000769792 ns, Reaching safepoint: 451927 ns, At safepoint: 13401 ns, Total: 465328 ns
[2025-09-12T08:47:41.120+0000][1][safepoint   ] Safepoint "Cleanup", Time since last: 1000270544 ns, Reaching safepoint: 345219 ns, At safepoint: 9500 ns, Total: 354719 ns
[2025-09-12T08:47:44.121+0000][1][safepoint   ] Safepoint "Cleanup", Time since last: 3000531460 ns, Reaching safepoint: 479927 ns, At safepoint: 21801 ns, Total: 501728 ns
[2025-09-12T08:47:45.122+0000][1][safepoint   ] Safepoint "Cleanup", Time since last: 1000318461 ns, Reaching safepoint: 375221 ns, At safepoint: 11000 ns, Total: 386221 ns
[2025-09-12T08:47:51.124+0000][1][safepoint   ] Safepoint "Cleanup", Time since last: 6001311510 ns, Reaching safepoint: 546634 ns, At safepoint: 18202 ns, Total: 564836 ns
[2025-09-12T08:48:14.126+0000][1][safepoint   ] Safepoint "Cleanup", Time since last: 23004037965 ns, Reaching safepoint: 392924 ns, At safepoint: 11301 ns, Total: 404225 ns
[2025-09-12T08:48:16.127+0000][1][safepoint   ] Safepoint "Cleanup", Time since last: 2000448083 ns, Reaching safepoint: 319820 ns, At safepoint: 10200 ns, Total: 330020 ns
[2025-09-12T08:48:26.129+0000][1][safepoint   ] Safepoint "Cleanup", Time since last: 10001748649 ns, Reaching safepoint: 387425 ns, At safepoint: 10101 ns, Total: 397526 ns
[2025-09-12T08:48:27.130+0000][1][safepoint   ] Safepoint "Cleanup", Time since last: 1000278406 ns, Reaching safepoint: 367123 ns, At safepoint: 10501 ns, Total: 377624 ns
[2025-09-12T08:48:32.131+0000][1][safepoint   ] Safepoint "Cleanup", Time since last: 5001009005 ns, Reaching safepoint: 369724 ns, At safepoint: 10301 ns, Total: 380025 ns
[2025-09-12T08:48:36.132+0000][1][safepoint   ] Safepoint "Cleanup", Time since last: 4000757538 ns, Reaching safepoint: 473830 ns, At safepoint: 17602 ns, Total: 491432 ns
[2025-09-12T08:48:44.133+0000][1][safepoint   ] Safepoint "Cleanup", Time since last: 8001465075 ns, Reaching safepoint: 554534 ns, At safepoint: 20802 ns, Total: 575336 ns
[2025-09-12T08:48:45.133+0000][1][safepoint   ] Safepoint "Cleanup", Time since last: 1000299700 ns, Reaching safepoint: 319419 ns, At safepoint: 10401 ns, Total: 329820 ns
[2025-09-12T08:48:52.135+0000][1][safepoint   ] Safepoint "Cleanup", Time since last: 7001373182 ns, Reaching safepoint: 346921 ns, At safepoint: 9801 ns, Total: 356722 ns
[2025-09-12T08:49:36.141+0000][1][safepoint   ] Safepoint "Cleanup", Time since last: 44007554312 ns, Reaching safepoint: 435227 ns, At safepoint: 10801 ns, Total: 446028 ns
[2025-09-12T08:49:41.141+0000][1][safepoint   ] Safepoint "Cleanup", Time since last: 5001050648 ns, Reaching safepoint: 382916 ns, At safepoint: 9600 ns, Total: 392516 ns
[2025-09-12T08:49:44.142+0000][1][safepoint   ] Safepoint "Cleanup", Time since last: 3000597421 ns, Reaching safepoint: 342914 ns, At safepoint: 10301 ns, Total: 353215 ns
[2025-09-12T08:50:14.145+0000][1][safepoint   ] Safepoint "Cleanup", Time since last: 30005199692 ns, Reaching safepoint: 383423 ns, At safepoint: 9401 ns, Total: 392824 ns
[2025-09-12T08:50:35.149+0000][1][safepoint   ] Safepoint "Cleanup", Time since last: 21003763719 ns, Reaching safepoint: 356722 ns, At safepoint: 10101 ns, Total: 366823 ns
[2025-09-12T08:50:36.150+0000][1][safepoint   ] Safepoint "Cleanup", Time since last: 1000273355 ns, Reaching safepoint: 339821 ns, At safepoint: 9801 ns, Total: 349622 ns
[2025-09-12T08:51:37.157+0000][1][safepoint   ] Safepoint "Cleanup", Time since last: 61010614872 ns, Reaching safepoint: 468330 ns, At safepoint: 14901 ns, Total: 483231 ns
[2025-09-12T08:51:45.157+0000][1][safepoint   ] Safepoint "Cleanup", Time since last: 8001408310 ns, Reaching safepoint: 482929 ns, At safepoint: 20601 ns, Total: 503530 ns
[2025-09-12T08:52:07.162+0000][1][safepoint   ] Safepoint "Cleanup", Time since last: 22004361303 ns, Reaching safepoint: 438326 ns, At safepoint: 10400 ns, Total: 448726 ns
[2025-09-12T08:52:14.161+0000][1][safepoint   ] Safepoint "Cleanup", Time since last: 7001374401 ns, Reaching safepoint: 328220 ns, At safepoint: 8201 ns, Total: 336421 ns
[2025-09-12T08:52:15.162+0000][1][safepoint   ] Safepoint "Cleanup", Time since last: 1000356349 ns, Reaching safepoint: 514631 ns, At safepoint: 62704 ns, Total: 577335 ns
[2025-09-12T08:52:37.166+0000][1][safepoint   ] Safepoint "Cleanup", Time since last: 22003704360 ns, Reaching safepoint: 369523 ns, At safepoint: 9801 ns, Total: 379324 ns
[2025-09-12T08:52:44.166+0000][1][safepoint   ] Safepoint "Cleanup", Time since last: 7001240983 ns, Reaching safepoint: 364423 ns, At safepoint: 11800 ns, Total: 376223 ns
[2025-09-12T08:53:07.171+0000][1][safepoint   ] Safepoint "Cleanup", Time since last: 23004210115 ns, Reaching safepoint: 365123 ns, At safepoint: 9101 ns, Total: 374224 ns
[2025-09-12T08:53:14.171+0000][1][safepoint   ] Safepoint "Cleanup", Time since last: 7001380748 ns, Reaching safepoint: 348722 ns, At safepoint: 9201 ns, Total: 357923 ns
[2025-09-12T08:53:18.172+0000][1][safepoint   ] Safepoint "Cleanup", Time since last: 4000875900 ns, Reaching safepoint: 353023 ns, At safepoint: 9700 ns, Total: 362723 ns
[2025-09-12T08:53:37.176+0000][1][safepoint   ] Safepoint "Cleanup", Time since last: 19003100286 ns, Reaching safepoint: 409825 ns, At safepoint: 10001 ns, Total: 419826 ns
[2025-09-12T08:53:44.176+0000][1][safepoint   ] Safepoint "Cleanup", Time since last: 7001509708 ns, Reaching safepoint: 358421 ns, At safepoint: 8701 ns, Total: 367122 ns
[2025-09-12T08:53:46.177+0000][1][safepoint   ] Safepoint "Cleanup", Time since last: 2000482443 ns, Reaching safepoint: 351321 ns, At safepoint: 10500 ns, Total: 361821 ns
[2025-09-12T08:55:08.188+0000][1][safepoint   ] Safepoint "Cleanup", Time since last: 82014283151 ns, Reaching safepoint: 427027 ns, At safepoint: 11101 ns, Total: 438128 ns
[2025-09-12T08:56:01.193+0000][1][safepoint   ] Safepoint "Cleanup", Time since last: 53008772066 ns, Reaching safepoint: 435128 ns, At safepoint: 8701 ns, Total: 443829 ns
[2025-09-12T08:56:38.198+0000][1][safepoint   ] Safepoint "Cleanup", Time since last: 37006159826 ns, Reaching safepoint: 464328 ns, At safepoint: 9901 ns, Total: 474229 ns
[2025-09-12T08:57:14.201+0000][1][safepoint   ] Safepoint "Cleanup", Time since last: 36006358574 ns, Reaching safepoint: 378023 ns, At safepoint: 11001 ns, Total: 389024 ns
[2025-09-12T08:57:38.206+0000][1][safepoint   ] Safepoint "Cleanup", Time since last: 24004135657 ns, Reaching safepoint: 333021 ns, At safepoint: 11201 ns, Total: 344222 ns
[2025-09-12T08:57:44.205+0000][1][safepoint   ] Safepoint "Cleanup", Time since last: 6001149145 ns, Reaching safepoint: 350921 ns, At safepoint: 9801 ns, Total: 360722 ns
[2025-09-12T08:58:08.210+0000][1][safepoint   ] Safepoint "Cleanup", Time since last: 24003930143 ns, Reaching safepoint: 523132 ns, At safepoint: 18702 ns, Total: 541834 ns
[2025-09-12T08:58:14.209+0000][1][safepoint   ] Safepoint "Cleanup", Time since last: 6001139327 ns, Reaching safepoint: 412924 ns, At safepoint: 13301 ns, Total: 426225 ns
[2025-09-12T08:58:39.214+0000][1][safepoint   ] Safepoint "Cleanup", Time since last: 25004241196 ns, Reaching safepoint: 387124 ns, At safepoint: 10801 ns, Total: 397925 ns
[2025-09-12T08:59:09.218+0000][1][safepoint   ] Safepoint "Cleanup", Time since last: 30005297989 ns, Reaching safepoint: 385524 ns, At safepoint: 11301 ns, Total: 396825 ns
[2025-09-12T09:00:39.229+0000][1][safepoint   ] Safepoint "Cleanup", Time since last: 90016469444 ns, Reaching safepoint: 398623 ns, At safepoint: 11301 ns, Total: 409924 ns
[2025-09-12T09:00:49.229+0000][1][safepoint   ] Safepoint "Cleanup", Time since last: 10001717719 ns, Reaching safepoint: 505030 ns, At safepoint: 224614 ns, Total: 729644 ns
[2025-09-12T09:00:50.230+0000][1][safepoint   ] Safepoint "Cleanup", Time since last: 1000321109 ns, Reaching safepoint: 506231 ns, At safepoint: 19401 ns, Total: 525632 ns
[2025-09-12T09:00:51.231+0000][1][safepoint   ] Safepoint "Cleanup", Time since last: 1000324410 ns, Reaching safepoint: 297918 ns, At safepoint: 23002 ns, Total: 320920 ns
[2025-09-12T09:00:52.232+0000][1][safepoint   ] Safepoint "Cleanup", Time since last: 1000232704 ns, Reaching safepoint: 359122 ns, At safepoint: 32902 ns, Total: 392024 ns
[2025-09-12T09:00:53.233+0000][1][safepoint   ] Safepoint "Cleanup", Time since last: 1000357211 ns, Reaching safepoint: 601937 ns, At safepoint: 127808 ns, Total: 729745 ns
[2025-09-12T09:00:54.234+0000][1][safepoint   ] Safepoint "Cleanup", Time since last: 1001351786 ns, Reaching safepoint: 336021 ns, At safepoint: 21501 ns, Total: 357522 ns
[2025-09-12T09:00:55.235+0000][1][safepoint   ] Safepoint "Cleanup", Time since last: 1000472877 ns, Reaching safepoint: 373523 ns, At safepoint: 37202 ns, Total: 410725 ns
[2025-09-12T09:00:56.236+0000][1][safepoint   ] Safepoint "Cleanup", Time since last: 1000367170 ns, Reaching safepoint: 383524 ns, At safepoint: 36002 ns, Total: 419526 ns
[2025-09-12T09:00:57.237+0000][1][safepoint   ] Safepoint "Cleanup", Time since last: 1000340568 ns, Reaching safepoint: 220514 ns, At safepoint: 21101 ns, Total: 241615 ns
[2025-09-12T09:00:58.238+0000][1][safepoint   ] Safepoint "Cleanup", Time since last: 1000549781 ns, Reaching safepoint: 577636 ns, At safepoint: 28201 ns, Total: 605837 ns
[2025-09-12T09:00:59.238+0000][1][safepoint   ] Safepoint "Cleanup", Time since last: 1000222961 ns, Reaching safepoint: 362723 ns, At safepoint: 16601 ns, Total: 379324 ns
[2025-09-12T09:01:00.239+0000][1][safepoint   ] Safepoint "Cleanup", Time since last: 1000201559 ns, Reaching safepoint: 391525 ns, At safepoint: 12900 ns, Total: 404425 ns
[2025-09-12T09:01:01.240+0000][1][safepoint   ] Safepoint "Cleanup", Time since last: 1000288165 ns, Reaching safepoint: 448228 ns, At safepoint: 28902 ns, Total: 477130 ns
[2025-09-12T09:01:02.241+0000][1][safepoint   ] Safepoint "Cleanup", Time since last: 1000362791 ns, Reaching safepoint: 536834 ns, At safepoint: 28901 ns, Total: 565735 ns
[2025-09-12T09:01:03.242+0000][1][safepoint   ] Safepoint "Cleanup", Time since last: 1000262958 ns, Reaching safepoint: 526432 ns, At safepoint: 41203 ns, Total: 567635 ns
[2025-09-12T09:01:04.418+0000][1][safepoint   ] Safepoint "Cleanup", Time since last: 1175503795 ns, Reaching safepoint: 1086367 ns, At safepoint: 62604 ns, Total: 1148971 ns
[2025-09-12T09:01:05.419+0000][1][safepoint   ] Safepoint "Cleanup", Time since last: 1000519873 ns, Reaching safepoint: 175411 ns, At safepoint: 18101 ns, Total: 193512 ns
[2025-09-12T09:01:06.420+0000][1][safepoint   ] Safepoint "Cleanup", Time since last: 1000393165 ns, Reaching safepoint: 478230 ns, At safepoint: 40503 ns, Total: 518733 ns
[2025-09-12T09:01:07.421+0000][1][safepoint   ] Safepoint "Cleanup", Time since last: 1000363163 ns, Reaching safepoint: 496231 ns, At safepoint: 37002 ns, Total: 533233 ns
[2025-09-12T09:01:08.422+0000][1][safepoint   ] Safepoint "Cleanup", Time since last: 1000484771 ns, Reaching safepoint: 463329 ns, At safepoint: 53503 ns, Total: 516832 ns
[2025-09-12T09:01:09.422+0000][1][safepoint   ] Safepoint "Cleanup", Time since last: 1000287659 ns, Reaching safepoint: 405025 ns, At safepoint: 19002 ns, Total: 424027 ns
[2025-09-12T09:01:10.423+0000][1][safepoint   ] Safepoint "Cleanup", Time since last: 1000269939 ns, Reaching safepoint: 418426 ns, At safepoint: 16901 ns, Total: 435327 ns
[2025-09-12T09:01:14.422+0000][1][safepoint   ] Safepoint "Cleanup", Time since last: 4000660240 ns, Reaching safepoint: 474829 ns, At safepoint: 41803 ns, Total: 516632 ns
[2025-09-12T09:01:15.423+0000][1][safepoint   ] Safepoint "Cleanup", Time since last: 1000379098 ns, Reaching safepoint: 461829 ns, At safepoint: 26101 ns, Total: 487930 ns
[2025-09-12T09:01:17.424+0000][1][safepoint   ] Safepoint "Cleanup", Time since last: 2000450478 ns, Reaching safepoint: 595937 ns, At safepoint: 38302 ns, Total: 634239 ns
[2025-09-12T09:01:19.020+0000][1][safepoint   ] Safepoint "Cleanup", Time since last: 1594708691 ns, Reaching safepoint: 512032 ns, At safepoint: 63203 ns, Total: 575235 ns
[2025-09-12T09:01:40.024+0000][1][safepoint   ] Safepoint "Cleanup", Time since last: 21003830966 ns, Reaching safepoint: 437628 ns, At safepoint: 19601 ns, Total: 457229 ns
[2025-09-12T09:01:44.024+0000][1][safepoint   ] Safepoint "Cleanup", Time since last: 4000649697 ns, Reaching safepoint: 456428 ns, At safepoint: 28602 ns, Total: 485030 ns
[2025-09-12T09:01:45.025+0000][1][safepoint   ] Safepoint "Cleanup", Time since last: 1000402968 ns, Reaching safepoint: 440228 ns, At safepoint: 26901 ns, Total: 467129 ns
[2025-09-12T09:02:10.029+0000][1][safepoint   ] Safepoint "Cleanup", Time since last: 25003857882 ns, Reaching safepoint: 712242 ns, At safepoint: 70304 ns, Total: 782546 ns
[2025-09-12T09:02:15.028+0000][1][safepoint   ] Safepoint "Cleanup", Time since last: 5000822511 ns, Reaching safepoint: 252215 ns, At safepoint: 28002 ns, Total: 280217 ns
[2025-09-12T09:03:10.036+0000][1][safepoint   ] Safepoint "Cleanup", Time since last: 55009431962 ns, Reaching safepoint: 360823 ns, At safepoint: 12501 ns, Total: 373324 ns
[2025-09-12T09:03:14.036+0000][1][safepoint   ] Safepoint "Cleanup", Time since last: 4000870135 ns, Reaching safepoint: 390124 ns, At safepoint: 13001 ns, Total: 403125 ns
[2025-09-12T09:04:06.043+0000][1][safepoint   ] Safepoint "Cleanup", Time since last: 52009017264 ns, Reaching safepoint: 568236 ns, At safepoint: 13301 ns, Total: 581537 ns
[2025-09-12T09:04:44.046+0000][1][safepoint   ] Safepoint "Cleanup", Time since last: 38006727696 ns, Reaching safepoint: 477325 ns, At safepoint: 18401 ns, Total: 495726 ns
[2025-09-12T09:04:54.049+0000][1][safepoint   ] Safepoint "Cleanup", Time since last: 10002316030 ns, Reaching safepoint: 365822 ns, At safepoint: 11801 ns, Total: 377623 ns
[2025-09-12T09:05:22.053+0000][1][safepoint   ] Safepoint "Cleanup", Time since last: 28005171852 ns, Reaching safepoint: 380724 ns, At safepoint: 13701 ns, Total: 394425 ns
[2025-09-12T09:05:22.563+0000][1][safepoint   ] Safepoint "ICBufferFull", Time since last: 508451676 ns, Reaching safepoint: 894956 ns, At safepoint: 194912 ns, Total: 1089868 ns
[2025-09-12T09:05:23.564+0000][1][safepoint   ] Safepoint "Cleanup", Time since last: 1000927267 ns, Reaching safepoint: 375623 ns, At safepoint: 14001 ns, Total: 389624 ns
[2025-09-12T09:05:25.565+0000][1][safepoint   ] Safepoint "Cleanup", Time since last: 2000348943 ns, Reaching safepoint: 366722 ns, At safepoint: 14201 ns, Total: 380923 ns
[2025-09-12T09:05:27.566+0000][1][safepoint   ] Safepoint "Cleanup", Time since last: 2000535906 ns, Reaching safepoint: 395925 ns, At safepoint: 12900 ns, Total: 408825 ns
[2025-09-12T09:05:32.567+0000][1][safepoint   ] Safepoint "Cleanup", Time since last: 5001069363 ns, Reaching safepoint: 372323 ns, At safepoint: 14001 ns, Total: 386324 ns
[2025-09-12T09:05:37.569+0000][1][safepoint   ] Safepoint "Cleanup", Time since last: 5001014741 ns, Reaching safepoint: 512431 ns, At safepoint: 52404 ns, Total: 564835 ns
[2025-09-12T09:05:42.568+0000][1][safepoint   ] Safepoint "Cleanup", Time since last: 5001019322 ns, Reaching safepoint: 363622 ns, At safepoint: 13101 ns, Total: 376723 ns
[2025-09-12T09:05:44.569+0000][1][safepoint   ] Safepoint "Cleanup", Time since last: 2000408270 ns, Reaching safepoint: 536533 ns, At safepoint: 27001 ns, Total: 563534 ns
[2025-09-12T09:05:47.570+0000][1][safepoint   ] Safepoint "Cleanup", Time since last: 3000640157 ns, Reaching safepoint: 424526 ns, At safepoint: 14801 ns, Total: 439327 ns
[2025-09-12T09:05:48.571+0000][1][safepoint   ] Safepoint "Cleanup", Time since last: 1000238787 ns, Reaching safepoint: 460528 ns, At safepoint: 28802 ns, Total: 489330 ns
[2025-09-12T09:05:49.572+0000][1][safepoint   ] Safepoint "Cleanup", Time since last: 1000276690 ns, Reaching safepoint: 345321 ns, At safepoint: 12701 ns, Total: 358022 ns
[2025-09-12T09:05:51.573+0000][1][safepoint   ] Safepoint "Cleanup", Time since last: 2000387153 ns, Reaching safepoint: 761448 ns, At safepoint: 40603 ns, Total: 802051 ns
[2025-09-12T09:05:52.573+0000][1][safepoint   ] Safepoint "Cleanup", Time since last: 1000256856 ns, Reaching safepoint: 401125 ns, At safepoint: 13301 ns, Total: 414426 ns
[2025-09-12T09:05:57.575+0000][1][safepoint   ] Safepoint "Cleanup", Time since last: 5001132771 ns, Reaching safepoint: 376923 ns, At safepoint: 14501 ns, Total: 391424 ns
[2025-09-12T09:06:02.576+0000][1][safepoint   ] Safepoint "Cleanup", Time since last: 5000884474 ns, Reaching safepoint: 452729 ns, At safepoint: 25101 ns, Total: 477830 ns
[2025-09-12T09:06:06.578+0000][1][safepoint   ] Safepoint "Cleanup", Time since last: 4000747521 ns, Reaching safepoint: 430828 ns, At safepoint: 14601 ns, Total: 445429 ns
[2025-09-12T09:06:07.578+0000][1][safepoint   ] Safepoint "Cleanup", Time since last: 1000279478 ns, Reaching safepoint: 425026 ns, At safepoint: 12801 ns, Total: 437827 ns
[2025-09-12T09:06:12.578+0000][1][safepoint   ] Safepoint "Cleanup", Time since last: 5000934230 ns, Reaching safepoint: 381723 ns, At safepoint: 14301 ns, Total: 396024 ns
[2025-09-12T09:06:14.579+0000][1][safepoint   ] Safepoint "Cleanup", Time since last: 2000366332 ns, Reaching safepoint: 494231 ns, At safepoint: 53703 ns, Total: 547934 ns
[2025-09-12T09:06:16.580+0000][1][safepoint   ] Safepoint "Cleanup", Time since last: 2000392489 ns, Reaching safepoint: 506832 ns, At safepoint: 24701 ns, Total: 531533 ns
[2025-09-12T09:06:17.581+0000][1][safepoint   ] Safepoint "Cleanup", Time since last: 1000311447 ns, Reaching safepoint: 387524 ns, At safepoint: 13701 ns, Total: 401225 ns
[2025-09-12T09:06:22.582+0000][1][safepoint   ] Safepoint "Cleanup", Time since last: 5000819889 ns, Reaching safepoint: 362123 ns, At safepoint: 14601 ns, Total: 376724 ns
[2025-09-12T09:06:23.582+0000][1][safepoint   ] Safepoint "Cleanup", Time since last: 1000290307 ns, Reaching safepoint: 394425 ns, At safepoint: 14401 ns, Total: 408826 ns
[2025-09-12T09:06:26.583+0000][1][safepoint   ] Safepoint "Cleanup", Time since last: 3000603638 ns, Reaching safepoint: 405026 ns, At safepoint: 12001 ns, Total: 417027 ns
[2025-09-12T09:06:27.584+0000][1][safepoint   ] Safepoint "Cleanup", Time since last: 1000303985 ns, Reaching safepoint: 388826 ns, At safepoint: 13400 ns, Total: 402226 ns
[2025-09-12T09:06:32.586+0000][1][safepoint   ] Safepoint "Cleanup", Time since last: 5001020594 ns, Reaching safepoint: 367624 ns, At safepoint: 13401 ns, Total: 381025 ns
[2025-09-12T09:06:37.587+0000][1][safepoint   ] Safepoint "Cleanup", Time since last: 5001012942 ns, Reaching safepoint: 430128 ns, At safepoint: 15101 ns, Total: 445229 ns
[2025-09-12T09:06:40.588+0000][1][safepoint   ] Safepoint "Cleanup", Time since last: 3000575465 ns, Reaching safepoint: 399924 ns, At safepoint: 15001 ns, Total: 414925 ns
[2025-09-12T09:06:42.587+0000][1][safepoint   ] Safepoint "Cleanup", Time since last: 2000440262 ns, Reaching safepoint: 508531 ns, At safepoint: 14501 ns, Total: 523032 ns
[2025-09-12T09:06:44.588+0000][1][safepoint   ] Safepoint "Cleanup", Time since last: 2000471264 ns, Reaching safepoint: 521632 ns, At safepoint: 25802 ns, Total: 547434 ns
[2025-09-12T09:06:47.589+0000][1][safepoint   ] Safepoint "Cleanup", Time since last: 3000548585 ns, Reaching safepoint: 371223 ns, At safepoint: 15001 ns, Total: 386224 ns
[2025-09-12T09:06:52.590+0000][1][safepoint   ] Safepoint "Cleanup", Time since last: 5000952382 ns, Reaching safepoint: 361823 ns, At safepoint: 11700 ns, Total: 373523 ns
[2025-09-12T09:06:57.591+0000][1][safepoint   ] Safepoint "Cleanup", Time since last: 5001005492 ns, Reaching safepoint: 389224 ns, At safepoint: 28402 ns, Total: 417626 ns
[2025-09-12T09:07:02.593+0000][1][safepoint   ] Safepoint "Cleanup", Time since last: 5000884323 ns, Reaching safepoint: 388524 ns, At safepoint: 11201 ns, Total: 399725 ns
[2025-09-12T09:07:07.594+0000][1][safepoint   ] Safepoint "Cleanup", Time since last: 5001059307 ns, Reaching safepoint: 325120 ns, At safepoint: 43703 ns, Total: 368823 ns
[2025-09-12T09:07:11.593+0000][1][safepoint   ] Safepoint "Cleanup", Time since last: 4000813854 ns, Reaching safepoint: 399624 ns, At safepoint: 16801 ns, Total: 416425 ns
[2025-09-12T09:07:12.594+0000][1][safepoint   ] Safepoint "Cleanup", Time since last: 1000287062 ns, Reaching safepoint: 375123 ns, At safepoint: 13201 ns, Total: 388324 ns
[2025-09-12T09:07:14.595+0000][1][safepoint   ] Safepoint "Cleanup", Time since last: 2000446715 ns, Reaching safepoint: 365923 ns, At safepoint: 12901 ns, Total: 378824 ns
[2025-09-12T09:07:17.596+0000][1][safepoint   ] Safepoint "Cleanup", Time since last: 3000557965 ns, Reaching safepoint: 387024 ns, At safepoint: 12201 ns, Total: 399225 ns
[2025-09-12T09:07:23.598+0000][1][safepoint   ] Safepoint "Cleanup", Time since last: 6001488742 ns, Reaching safepoint: 419528 ns, At safepoint: 23302 ns, Total: 442830 ns
[2025-09-12T09:07:32.356+0000][1][safepoint   ] Safepoint "Cleanup", Time since last: 8758006164 ns, Reaching safepoint: 525334 ns, At safepoint: 35902 ns, Total: 561236 ns
[2025-09-12T09:16:03.826+0000][1][safepoint   ] Safepoint "Cleanup", Time since last: 10005598007 ns, Reaching safepoint: 407325 ns, At safepoint: 14101 ns, Total: 421426 ns
[2025-09-12T09:16:06.827+0000][1][safepoint   ] Safepoint "Cleanup", Time since last: 3000615091 ns, Reaching safepoint: 358622 ns, At safepoint: 12501 ns, Total: 371123 ns
[2025-09-12T09:16:07.828+0000][1][safepoint   ] Safepoint "Cleanup", Time since last: 1000316504 ns, Reaching safepoint: 359622 ns, At safepoint: 13101 ns, Total: 372723 ns
[2025-09-12T09:16:11.829+0000][1][safepoint   ] Safepoint "Cleanup", Time since last: 4000732482 ns, Reaching safepoint: 419626 ns, At safepoint: 20801 ns, Total: 440427 ns
[2025-09-12T09:16:32.831+0000][1][safepoint   ] Safepoint "Cleanup", Time since last: 21003601565 ns, Reaching safepoint: 415326 ns, At safepoint: 14701 ns, Total: 430027 ns
[2025-09-12T09:16:35.832+0000][1][safepoint   ] Safepoint "Cleanup", Time since last: 3000635206 ns, Reaching safepoint: 361922 ns, At safepoint: 11701 ns, Total: 373623 ns
[2025-09-12T09:16:38.833+0000][1][safepoint   ] Safepoint "Cleanup", Time since last: 3000548485 ns, Reaching safepoint: 362122 ns, At safepoint: 13301 ns, Total: 375423 ns
[2025-09-12T09:16:43.835+0000][1][safepoint   ] Safepoint "Cleanup", Time since last: 5000924485 ns, Reaching safepoint: 385125 ns, At safepoint: 89905 ns, Total: 475030 ns
[2025-09-12T09:16:48.836+0000][1][safepoint   ] Safepoint "Cleanup", Time since last: 5001069089 ns, Reaching safepoint: 364723 ns, At safepoint: 43303 ns, Total: 408026 ns
[2025-09-12T09:16:53.165+0000][1][gc,start    ] GC(8) Pause Young (Normal) (G1 Evacuation Pause)
[2025-09-12T09:16:53.165+0000][1][gc,task     ] GC(8) Using 12 workers of 13 for evacuation
[2025-09-12T09:16:53.165+0000][1][gc,age      ] GC(8) Desired survivor size 20447232 bytes, new threshold 15 (max threshold 15)
[2025-09-12T09:16:53.222+0000][1][gc,age      ] GC(8) Age table with threshold 15 (max threshold 15)
[2025-09-12T09:16:53.223+0000][1][gc,age      ] GC(8) - age   1:   13709072 bytes,   13709072 total
[2025-09-12T09:16:53.223+0000][1][gc,age      ] GC(8) - age   2:    8409872 bytes,   22118944 total
[2025-09-12T09:16:53.223+0000][1][gc,age      ] GC(8) - age   3:    5291944 bytes,   27410888 total
[2025-09-12T09:16:53.223+0000][1][gc,age      ] GC(8) - age   4:    1843640 bytes,   29254528 total
[2025-09-12T09:16:53.223+0000][1][gc,age      ] GC(8) - age   5:    1622432 bytes,   30876960 total
[2025-09-12T09:16:53.223+0000][1][gc,phases   ] GC(8)   Pre Evacuate Collection Set: 0.6ms
[2025-09-12T09:16:53.223+0000][1][gc,phases   ] GC(8)   Merge Heap Roots: 0.9ms
[2025-09-12T09:16:53.223+0000][1][gc,phases   ] GC(8)   Evacuate Collection Set: 43.4ms
[2025-09-12T09:16:53.223+0000][1][gc,phases   ] GC(8)   Post Evacuate Collection Set: 12.3ms
[2025-09-12T09:16:53.223+0000][1][gc,phases   ] GC(8)   Other: 1.2ms
[2025-09-12T09:16:53.223+0000][1][gc,heap     ] GC(8) Eden regions: 289->0(276)
[2025-09-12T09:16:53.223+0000][1][gc,heap     ] GC(8) Survivor regions: 18->31(39)
[2025-09-12T09:16:53.223+0000][1][gc,heap     ] GC(8) Old regions: 7->7
[2025-09-12T09:16:53.223+0000][1][gc,heap     ] GC(8) Archive regions: 2->2
[2025-09-12T09:16:53.223+0000][1][gc,heap     ] GC(8) Humongous regions: 7->1
[2025-09-12T09:16:53.223+0000][1][gc,metaspace] GC(8) Metaspace: 77054K(77760K)->77054K(77760K) NonClass: 67045K(67456K)->67045K(67456K) Class: 10008K(10304K)->10008K(10304K)
[2025-09-12T09:16:53.223+0000][1][gc          ] GC(8) Pause Young (Normal) (G1 Evacuation Pause) 321M->39M(512M) 58.492ms
[2025-09-12T09:16:53.223+0000][1][gc,cpu      ] GC(8) User=0.21s Sys=0.12s Real=0.06s
[2025-09-12T09:16:53.223+0000][1][safepoint   ] Safepoint "G1CollectForAllocation", Time since last: 4327763121 ns, Reaching safepoint: 550635 ns, At safepoint: 58828863 ns, Total: 59379498 ns
[2025-09-12T09:16:54.224+0000][1][safepoint   ] Safepoint "Cleanup", Time since last: 1000188479 ns, Reaching safepoint: 405525 ns, At safepoint: 54303 ns, Total: 459828 ns
[2025-09-12T09:16:58.225+0000][1][safepoint   ] Safepoint "Cleanup", Time since last: 4000686490 ns, Reaching safepoint: 451313 ns, At safepoint: 27401 ns, Total: 478714 ns
[2025-09-12T09:17:03.225+0000][1][safepoint   ] Safepoint "Cleanup", Time since last: 5000864320 ns, Reaching safepoint: 548816 ns, At safepoint: 28300 ns, Total: 577116 ns
[2025-09-12T09:17:04.225+0000][1][safepoint   ] Safepoint "Cleanup", Time since last: 1000330189 ns, Reaching safepoint: 369710 ns, At safepoint: 13401 ns, Total: 383111 ns
[2025-09-12T09:17:06.226+0000][1][safepoint   ] Safepoint "Cleanup", Time since last: 2000554045 ns, Reaching safepoint: 379420 ns, At safepoint: 15601 ns, Total: 395021 ns
[2025-09-12T09:17:08.227+0000][1][safepoint   ] Safepoint "Cleanup", Time since last: 2000402145 ns, Reaching safepoint: 367420 ns, At safepoint: 12101 ns, Total: 379521 ns
[2025-09-12T09:17:52.233+0000][1][safepoint   ] Safepoint "Cleanup", Time since last: 44007163357 ns, Reaching safepoint: 392421 ns, At safepoint: 12501 ns, Total: 404922 ns
[2025-09-12T09:18:05.235+0000][1][safepoint   ] Safepoint "Cleanup", Time since last: 13002819597 ns, Reaching safepoint: 387017 ns, At safepoint: 13701 ns, Total: 400718 ns
[2025-09-12T09:18:44.241+0000][1][safepoint   ] Safepoint "Cleanup", Time since last: 39007596329 ns, Reaching safepoint: 414423 ns, At safepoint: 14101 ns, Total: 428524 ns
[2025-09-12T09:18:52.243+0000][1][safepoint   ] Safepoint "Cleanup", Time since last: 8001476412 ns, Reaching safepoint: 370621 ns, At safepoint: 40502 ns, Total: 411123 ns
[2025-09-12T09:19:06.244+0000][1][safepoint   ] Safepoint "Cleanup", Time since last: 14002438184 ns, Reaching safepoint: 543630 ns, At safepoint: 32401 ns, Total: 576031 ns
[2025-09-12T09:19:52.205+0000][1][safepoint   ] Safepoint "Cleanup", Time since last: 45961699230 ns, Reaching safepoint: 367720 ns, At safepoint: 42603 ns, Total: 410323 ns
[2025-09-12T09:19:53.205+0000][1][safepoint   ] Safepoint "Cleanup", Time since last: 1000311392 ns, Reaching safepoint: 313718 ns, At safepoint: 35502 ns, Total: 349220 ns
[2025-09-12T09:20:06.206+0000][1][safepoint   ] Safepoint "Cleanup", Time since last: 13002304357 ns, Reaching safepoint: 544028 ns, At safepoint: 25401 ns, Total: 569429 ns
[2025-09-12T09:20:07.207+0000][1][safepoint   ] Safepoint "Cleanup", Time since last: 1000342797 ns, Reaching safepoint: 314316 ns, At safepoint: 12901 ns, Total: 327217 ns
[2025-09-12T09:20:36.211+0000][1][safepoint   ] Safepoint "Cleanup", Time since last: 29005124923 ns, Reaching safepoint: 429124 ns, At safepoint: 14401 ns, Total: 443525 ns
[2025-09-12T09:20:49.214+0000][1][safepoint   ] Safepoint "Cleanup", Time since last: 13002750750 ns, Reaching safepoint: 496129 ns, At safepoint: 26302 ns, Total: 522431 ns
[2025-09-12T09:20:52.216+0000][1][safepoint   ] Safepoint "Cleanup", Time since last: 3001074497 ns, Reaching safepoint: 409124 ns, At safepoint: 80005 ns, Total: 489129 ns
[2025-09-12T09:21:03.973+0000][1][safepoint   ] Safepoint "Cleanup", Time since last: 11758215196 ns, Reaching safepoint: 404423 ns, At safepoint: 15201 ns, Total: 419624 ns
[2025-09-12T09:21:08.974+0000][1][safepoint   ] Safepoint "Cleanup", Time since last: 5000914693 ns, Reaching safepoint: 514529 ns, At safepoint: 25402 ns, Total: 539931 ns
[2025-09-12T09:21:52.981+0000][1][safepoint   ] Safepoint "Cleanup", Time since last: 44007719151 ns, Reaching safepoint: 373821 ns, At safepoint: 12400 ns, Total: 386221 ns
[2025-09-12T09:22:09.982+0000][1][safepoint   ] Safepoint "Cleanup", Time since last: 17002943583 ns, Reaching safepoint: 378320 ns, At safepoint: 12601 ns, Total: 390921 ns
[2025-09-12T09:22:27.985+0000][1][safepoint   ] Safepoint "Cleanup", Time since last: 18002856851 ns, Reaching safepoint: 484027 ns, At safepoint: 58704 ns, Total: 542731 ns
[2025-09-12T09:22:32.985+0000][1][safepoint   ] Safepoint "Cleanup", Time since last: 5000868828 ns, Reaching safepoint: 541830 ns, At safepoint: 27502 ns, Total: 569332 ns
[2025-09-12T09:22:35.987+0000][1][safepoint   ] Safepoint "Cleanup", Time since last: 3000726193 ns, Reaching safepoint: 422324 ns, At safepoint: 14501 ns, Total: 436825 ns
[2025-09-12T09:22:37.987+0000][1][safepoint   ] Safepoint "Cleanup", Time since last: 2000475853 ns, Reaching safepoint: 383922 ns, At safepoint: 15301 ns, Total: 399223 ns
[2025-09-12T09:22:43.989+0000][1][safepoint   ] Safepoint "Cleanup", Time since last: 6001004047 ns, Reaching safepoint: 364821 ns, At safepoint: 12201 ns, Total: 377022 ns
[2025-09-12T09:22:48.991+0000][1][safepoint   ] Safepoint "Cleanup", Time since last: 5001310863 ns, Reaching safepoint: 431125 ns, At safepoint: 19301 ns, Total: 450426 ns
[2025-09-12T09:22:53.992+0000][1][safepoint   ] Safepoint "Cleanup", Time since last: 5000820896 ns, Reaching safepoint: 397423 ns, At safepoint: 20701 ns, Total: 418124 ns
[2025-09-12T10:19:39.849+0000][1][safepoint   ] Safepoint "Cleanup", Time since last: 14095564166 ns, Reaching safepoint: 430525 ns, At safepoint: 104606 ns, Total: 535131 ns
[2025-09-12T10:20:09.859+0000][1][safepoint   ] Safepoint "Cleanup", Time since last: 30011336266 ns, Reaching safepoint: 558631 ns, At safepoint: 28202 ns, Total: 586833 ns
[2025-09-12T10:20:14.861+0000][1][safepoint   ] Safepoint "Cleanup", Time since last: 5000905474 ns, Reaching safepoint: 402122 ns, At safepoint: 51602 ns, Total: 453724 ns
[2025-09-12T10:20:15.864+0000][1][safepoint   ] Safepoint "Cleanup", Time since last: 1003322535 ns, Reaching safepoint: 283115 ns, At safepoint: 19501 ns, Total: 302616 ns
[2025-09-12T10:20:16.865+0000][1][safepoint   ] Safepoint "Cleanup", Time since last: 1000349774 ns, Reaching safepoint: 402921 ns, At safepoint: 45803 ns, Total: 448724 ns
[2025-09-12T10:20:17.866+0000][1][safepoint   ] Safepoint "Cleanup", Time since last: 1000365674 ns, Reaching safepoint: 435624 ns, At safepoint: 38602 ns, Total: 474226 ns
[2025-09-12T10:20:18.867+0000][1][safepoint   ] Safepoint "Cleanup", Time since last: 1000275969 ns, Reaching safepoint: 440324 ns, At safepoint: 38202 ns, Total: 478526 ns
[2025-09-12T10:20:19.867+0000][1][safepoint   ] Safepoint "Cleanup", Time since last: 1000299318 ns, Reaching safepoint: 393838 ns, At safepoint: 58306 ns, Total: 452144 ns
[2025-09-12T10:20:20.868+0000][1][safepoint   ] Safepoint "Cleanup", Time since last: 1000263896 ns, Reaching safepoint: 410540 ns, At safepoint: 25303 ns, Total: 435843 ns
[2025-09-12T10:20:21.869+0000][1][safepoint   ] Safepoint "Cleanup", Time since last: 1000324202 ns, Reaching safepoint: 451943 ns, At safepoint: 25203 ns, Total: 477146 ns
[2025-09-12T10:20:22.870+0000][1][safepoint   ] Safepoint "Cleanup", Time since last: 1000277598 ns, Reaching safepoint: 624460 ns, At safepoint: 49205 ns, Total: 673665 ns
[2025-09-12T10:20:23.871+0000][1][safepoint   ] Safepoint "Cleanup", Time since last: 1000289199 ns, Reaching safepoint: 528951 ns, At safepoint: 45504 ns, Total: 574455 ns
[2025-09-12T10:20:24.871+0000][1][safepoint   ] Safepoint "Cleanup", Time since last: 1000263197 ns, Reaching safepoint: 393738 ns, At safepoint: 23702 ns, Total: 417440 ns
[2025-09-12T10:20:25.872+0000][1][safepoint   ] Safepoint "Cleanup", Time since last: 1000339404 ns, Reaching safepoint: 256324 ns, At safepoint: 17302 ns, Total: 273626 ns
[2025-09-12T10:20:26.873+0000][1][safepoint   ] Safepoint "Cleanup", Time since last: 1000320602 ns, Reaching safepoint: 380937 ns, At safepoint: 25202 ns, Total: 406139 ns
[2025-09-12T10:20:27.874+0000][1][safepoint   ] Safepoint "Cleanup", Time since last: 1000344466 ns, Reaching safepoint: 396521 ns, At safepoint: 23902 ns, Total: 420423 ns
[2025-09-12T10:20:28.874+0000][1][safepoint   ] Safepoint "Cleanup", Time since last: 1000298593 ns, Reaching safepoint: 380920 ns, At safepoint: 77004 ns, Total: 457924 ns
[2025-09-12T10:20:29.875+0000][1][safepoint   ] Safepoint "Cleanup", Time since last: 1000321795 ns, Reaching safepoint: 311016 ns, At safepoint: 33202 ns, Total: 344218 ns
[2025-09-12T10:20:30.876+0000][1][safepoint   ] Safepoint "Cleanup", Time since last: 1000278393 ns, Reaching safepoint: 511527 ns, At safepoint: 25401 ns, Total: 536928 ns
[2025-09-12T10:20:31.876+0000][1][safepoint   ] Safepoint "Cleanup", Time since last: 1000245391 ns, Reaching safepoint: 412321 ns, At safepoint: 30302 ns, Total: 442623 ns
[2025-09-12T10:20:32.877+0000][1][safepoint   ] Safepoint "Cleanup", Time since last: 1000328095 ns, Reaching safepoint: 367320 ns, At safepoint: 23901 ns, Total: 391221 ns
[2025-09-12T10:20:33.878+0000][1][safepoint   ] Safepoint "Cleanup", Time since last: 1000283893 ns, Reaching safepoint: 237712 ns, At safepoint: 33502 ns, Total: 271214 ns
[2025-09-12T10:20:34.879+0000][1][safepoint   ] Safepoint "Cleanup", Time since last: 1000263692 ns, Reaching safepoint: 433422 ns, At safepoint: 69804 ns, Total: 503226 ns
[2025-09-12T10:20:35.879+0000][1][safepoint   ] Safepoint "Cleanup", Time since last: 1000265920 ns, Reaching safepoint: 470712 ns, At safepoint: 38301 ns, Total: 509013 ns
[2025-09-12T10:20:36.880+0000][1][safepoint   ] Safepoint "Cleanup", Time since last: 1000377935 ns, Reaching safepoint: 382909 ns, At safepoint: 26301 ns, Total: 409210 ns
[2025-09-12T10:20:37.881+0000][1][safepoint   ] Safepoint "Cleanup", Time since last: 1000282933 ns, Reaching safepoint: 379809 ns, At safepoint: 19201 ns, Total: 399010 ns
[2025-09-12T10:20:38.881+0000][1][safepoint   ] Safepoint "Cleanup", Time since last: 1000206831 ns, Reaching safepoint: 415110 ns, At safepoint: 24600 ns, Total: 439710 ns
[2025-09-12T10:20:39.881+0000][1][safepoint   ] Safepoint "Cleanup", Time since last: 1000322634 ns, Reaching safepoint: 420210 ns, At safepoint: 35401 ns, Total: 455611 ns
[2025-09-12T10:20:44.882+0000][1][safepoint   ] Safepoint "Cleanup", Time since last: 5000783374 ns, Reaching safepoint: 457116 ns, At safepoint: 25301 ns, Total: 482417 ns
[2025-09-12T10:20:52.884+0000][1][safepoint   ] Safepoint "Cleanup", Time since last: 8001336407 ns, Reaching safepoint: 457729 ns, At safepoint: 26002 ns, Total: 483731 ns
[2025-09-12T10:21:15.887+0000][1][safepoint   ] Safepoint "Cleanup", Time since last: 23003887463 ns, Reaching safepoint: 520508 ns, At safepoint: 148531 ns, Total: 669039 ns
[2025-09-12T10:21:52.891+0000][1][safepoint   ] Safepoint "Cleanup", Time since last: 37005983926 ns, Reaching safepoint: 429023 ns, At safepoint: 19501 ns, Total: 448524 ns
[2025-09-12T10:22:07.894+0000][1][safepoint   ] Safepoint "Cleanup", Time since last: 15002870884 ns, Reaching safepoint: 403822 ns, At safepoint: 12701 ns, Total: 416523 ns
[2025-09-12T10:22:16.895+0000][1][safepoint   ] Safepoint "Cleanup", Time since last: 9001680682 ns, Reaching safepoint: 338518 ns, At safepoint: 14301 ns, Total: 352819 ns
[2025-09-12T10:22:52.900+0000][1][safepoint   ] Safepoint "Cleanup", Time since last: 36006185010 ns, Reaching safepoint: 542530 ns, At safepoint: 25802 ns, Total: 568332 ns
[2025-09-12T10:23:17.903+0000][1][safepoint   ] Safepoint "Cleanup", Time since last: 25004281367 ns, Reaching safepoint: 402524 ns, At safepoint: 13901 ns, Total: 416425 ns
[2025-09-12T10:23:52.908+0000][1][safepoint   ] Safepoint "Cleanup", Time since last: 35005984241 ns, Reaching safepoint: 403627 ns, At safepoint: 14901 ns, Total: 418528 ns
[2025-09-12T10:24:18.910+0000][1][safepoint   ] Safepoint "Cleanup", Time since last: 26004268730 ns, Reaching safepoint: 498627 ns, At safepoint: 30102 ns, Total: 528729 ns
[2025-09-12T10:24:52.915+0000][1][safepoint   ] Safepoint "Cleanup", Time since last: 34005792317 ns, Reaching safepoint: 409023 ns, At safepoint: 14301 ns, Total: 423324 ns
[2025-09-12T10:25:19.919+0000][1][safepoint   ] Safepoint "Cleanup", Time since last: 27004617659 ns, Reaching safepoint: 667039 ns, At safepoint: 29001 ns, Total: 696040 ns
[2025-09-12T10:25:38.922+0000][1][safepoint   ] Safepoint "Cleanup", Time since last: 19003277340 ns, Reaching safepoint: 407724 ns, At safepoint: 22701 ns, Total: 430425 ns
[2025-09-12T10:25:43.922+0000][1][safepoint   ] Safepoint "Cleanup", Time since last: 5001060980 ns, Reaching safepoint: 360019 ns, At safepoint: 15001 ns, Total: 375020 ns
[2025-09-12T10:25:52.924+0000][1][safepoint   ] Safepoint "Cleanup", Time since last: 9001951204 ns, Reaching safepoint: 358923 ns, At safepoint: 13901 ns, Total: 372824 ns
[2025-09-12T10:26:12.926+0000][1][safepoint   ] Safepoint "Cleanup", Time since last: 20003681883 ns, Reaching safepoint: 397723 ns, At safepoint: 14401 ns, Total: 412124 ns
[2025-09-12T10:26:20.928+0000][1][safepoint   ] Safepoint "Cleanup", Time since last: 8001335572 ns, Reaching safepoint: 368722 ns, At safepoint: 13900 ns, Total: 382622 ns
[2025-09-12T10:26:52.932+0000][1][safepoint   ] Safepoint "Cleanup", Time since last: 32005161171 ns, Reaching safepoint: 455526 ns, At safepoint: 142209 ns, Total: 597735 ns
[2025-09-12T10:27:07.936+0000][1][safepoint   ] Safepoint "Cleanup", Time since last: 15002545909 ns, Reaching safepoint: 469026 ns, At safepoint: 15701 ns, Total: 484727 ns
[2025-09-12T10:27:21.937+0000][1][safepoint   ] Safepoint "Cleanup", Time since last: 14002509867 ns, Reaching safepoint: 396323 ns, At safepoint: 16301 ns, Total: 412624 ns
[2025-09-12T10:27:52.941+0000][1][safepoint   ] Safepoint "Cleanup", Time since last: 31005502442 ns, Reaching safepoint: 405527 ns, At safepoint: 14500 ns, Total: 420027 ns
[2025-09-12T10:28:11.939+0000][1][safepoint   ] Safepoint "Cleanup", Time since last: 19003308362 ns, Reaching safepoint: 401423 ns, At safepoint: 15401 ns, Total: 416824 ns
[2025-09-12T10:28:22.941+0000][1][safepoint   ] Safepoint "Cleanup", Time since last: 11001938557 ns, Reaching safepoint: 363021 ns, At safepoint: 13001 ns, Total: 376022 ns
[2025-09-12T10:28:42.947+0000][1][safepoint   ] Safepoint "Cleanup", Time since last: 20003641506 ns, Reaching safepoint: 364421 ns, At safepoint: 15401 ns, Total: 379822 ns
[2025-09-12T10:28:52.950+0000][1][safepoint   ] Safepoint "Cleanup", Time since last: 10001595827 ns, Reaching safepoint: 488029 ns, At safepoint: 26301 ns, Total: 514330 ns
[2025-09-12T10:29:23.953+0000][1][safepoint   ] Safepoint "Cleanup", Time since last: 31005473212 ns, Reaching safepoint: 402224 ns, At safepoint: 12800 ns, Total: 415024 ns
[2025-09-12T10:29:42.956+0000][1][safepoint   ] Safepoint "Cleanup", Time since last: 19003676876 ns, Reaching safepoint: 392722 ns, At safepoint: 24902 ns, Total: 417624 ns
[2025-09-12T10:29:52.958+0000][1][safepoint   ] Safepoint "Cleanup", Time since last: 10001746313 ns, Reaching safepoint: 496829 ns, At safepoint: 26202 ns, Total: 523031 ns
[2025-09-12T10:30:24.962+0000][1][safepoint   ] Safepoint "Cleanup", Time since last: 32005451310 ns, Reaching safepoint: 431026 ns, At safepoint: 14101 ns, Total: 445127 ns
[2025-09-12T10:30:52.966+0000][1][safepoint   ] Safepoint "Cleanup", Time since last: 28004908235 ns, Reaching safepoint: 376722 ns, At safepoint: 11500 ns, Total: 388222 ns
[2025-09-12T10:31:25.970+0000][1][safepoint   ] Safepoint "Cleanup", Time since last: 33005314445 ns, Reaching safepoint: 695543 ns, At safepoint: 25701 ns, Total: 721244 ns
[2025-09-12T10:31:52.973+0000][1][safepoint   ] Safepoint "Cleanup", Time since last: 27004460417 ns, Reaching safepoint: 461935 ns, At safepoint: 14101 ns, Total: 476036 ns
[2025-09-12T10:32:26.978+0000][1][safepoint   ] Safepoint "Cleanup", Time since last: 34005783577 ns, Reaching safepoint: 397324 ns, At safepoint: 14701 ns, Total: 412025 ns
[2025-09-12T10:33:27.985+0000][1][safepoint   ] Safepoint "Cleanup", Time since last: 61010455849 ns, Reaching safepoint: 431227 ns, At safepoint: 15401 ns, Total: 446628 ns
[2025-09-12T10:33:52.987+0000][1][safepoint   ] Safepoint "Cleanup", Time since last: 25004386735 ns, Reaching safepoint: 527042 ns, At safepoint: 27702 ns, Total: 554744 ns
[2025-09-12T10:34:28.992+0000][1][safepoint   ] Safepoint "Cleanup", Time since last: 36005963435 ns, Reaching safepoint: 397725 ns, At safepoint: 13901 ns, Total: 411626 ns
[2025-09-12T10:34:52.994+0000][1][safepoint   ] Safepoint "Cleanup", Time since last: 24004133996 ns, Reaching safepoint: 386125 ns, At safepoint: 11800 ns, Total: 397925 ns
[2025-09-12T10:35:29.999+0000][1][safepoint   ] Safepoint "Cleanup", Time since last: 37006282819 ns, Reaching safepoint: 411826 ns, At safepoint: 14901 ns, Total: 426727 ns
[2025-09-12T10:35:39.000+0000][1][safepoint   ] Safepoint "Cleanup", Time since last: 9001630833 ns, Reaching safepoint: 392425 ns, At safepoint: 24001 ns, Total: 416426 ns
[2025-09-12T10:35:53.003+0000][1][safepoint   ] Safepoint "Cleanup", Time since last: 14002259910 ns, Reaching safepoint: 761148 ns, At safepoint: 25502 ns, Total: 786650 ns
[2025-09-12T10:36:31.007+0000][1][safepoint   ] Safepoint "Cleanup", Time since last: 38006294581 ns, Reaching safepoint: 398726 ns, At safepoint: 13600 ns, Total: 412326 ns
[2025-09-12T10:36:33.008+0000][1][safepoint   ] Safepoint "Cleanup", Time since last: 2000400543 ns, Reaching safepoint: 700345 ns, At safepoint: 16301 ns, Total: 716646 ns
[2025-09-12T10:36:43.009+0000][1][safepoint   ] Safepoint "Cleanup", Time since last: 10001898800 ns, Reaching safepoint: 456629 ns, At safepoint: 13300 ns, Total: 469929 ns
[2025-09-12T10:36:54.011+0000][1][safepoint   ] Safepoint "Cleanup", Time since last: 11001897304 ns, Reaching safepoint: 518832 ns, At safepoint: 30402 ns, Total: 549234 ns
[2025-09-12T10:36:59.013+0000][1][safepoint   ] Safepoint "Cleanup", Time since last: 5001066303 ns, Reaching safepoint: 424026 ns, At safepoint: 20902 ns, Total: 444928 ns
[2025-09-12T10:37:04.015+0000][1][safepoint   ] Safepoint "Cleanup", Time since last: 5001006078 ns, Reaching safepoint: 663942 ns, At safepoint: 39002 ns, Total: 702944 ns
[2025-09-12T10:37:08.016+0000][1][safepoint   ] Safepoint "Cleanup", Time since last: 4000844580 ns, Reaching safepoint: 474630 ns, At safepoint: 16101 ns, Total: 490731 ns
[2025-09-12T10:37:09.015+0000][1][safepoint   ] Safepoint "Cleanup", Time since last: 1000271683 ns, Reaching safepoint: 407025 ns, At safepoint: 13201 ns, Total: 420226 ns
[2025-09-12T10:37:19.017+0000][1][safepoint   ] Safepoint "Cleanup", Time since last: 10001666989 ns, Reaching safepoint: 417026 ns, At safepoint: 18001 ns, Total: 435027 ns
[2025-09-12T10:37:24.018+0000][1][safepoint   ] Safepoint "Cleanup", Time since last: 5000921439 ns, Reaching safepoint: 369923 ns, At safepoint: 13001 ns, Total: 382924 ns
[2025-09-12T10:37:32.020+0000][1][safepoint   ] Safepoint "Cleanup", Time since last: 8001476117 ns, Reaching safepoint: 375324 ns, At safepoint: 12201 ns, Total: 387525 ns
[2025-09-12T10:37:49.021+0000][1][safepoint   ] Safepoint "Cleanup", Time since last: 17002998987 ns, Reaching safepoint: 432128 ns, At safepoint: 14000 ns, Total: 446128 ns
[2025-09-12T10:38:15.025+0000][1][safepoint   ] Safepoint "Cleanup", Time since last: 26004610125 ns, Reaching safepoint: 434127 ns, At safepoint: 11701 ns, Total: 445828 ns
[2025-09-12T10:38:19.026+0000][1][safepoint   ] Safepoint "Cleanup", Time since last: 4000956155 ns, Reaching safepoint: 321721 ns, At safepoint: 10800 ns, Total: 332521 ns
[2025-09-12T10:38:33.029+0000][1][safepoint   ] Safepoint "Cleanup", Time since last: 14002462798 ns, Reaching safepoint: 398325 ns, At safepoint: 10800 ns, Total: 409125 ns
[2025-09-12T10:39:34.036+0000][1][safepoint   ] Safepoint "Cleanup", Time since last: 61010982162 ns, Reaching safepoint: 235015 ns, At safepoint: 13601 ns, Total: 248616 ns
[2025-09-12T10:39:39.036+0000][1][safepoint   ] Safepoint "Cleanup", Time since last: 5001201220 ns, Reaching safepoint: 405925 ns, At safepoint: 24002 ns, Total: 429927 ns
[2025-09-12T10:39:53.040+0000][1][safepoint   ] Safepoint "Cleanup", Time since last: 14002665608 ns, Reaching safepoint: 533633 ns, At safepoint: 35702 ns, Total: 569335 ns
[2025-09-12T10:40:35.044+0000][1][safepoint   ] Safepoint "Cleanup", Time since last: 42006771707 ns, Reaching safepoint: 365426 ns, At safepoint: 13901 ns, Total: 379327 ns
[2025-09-12T10:40:53.046+0000][1][safepoint   ] Safepoint "Cleanup", Time since last: 18002837938 ns, Reaching safepoint: 448229 ns, At safepoint: 17901 ns, Total: 466130 ns
[2025-09-12T10:41:09.047+0000][1][safepoint   ] Safepoint "Cleanup", Time since last: 16002865741 ns, Reaching safepoint: 474126 ns, At safepoint: 28802 ns, Total: 502928 ns
[2025-09-12T10:41:29.051+0000][1][safepoint   ] Safepoint "Cleanup", Time since last: 20003665963 ns, Reaching safepoint: 537836 ns, At safepoint: 31602 ns, Total: 569438 ns
[2025-09-12T10:41:30.052+0000][1][safepoint   ] Safepoint "Cleanup", Time since last: 1000349820 ns, Reaching safepoint: 327522 ns, At safepoint: 28802 ns, Total: 356324 ns
[2025-09-12T10:41:31.053+0000][1][safepoint   ] Safepoint "Cleanup", Time since last: 1000281915 ns, Reaching safepoint: 605641 ns, At safepoint: 37502 ns, Total: 643143 ns
[2025-09-12T10:41:32.054+0000][1][safepoint   ] Safepoint "Cleanup", Time since last: 1000300216 ns, Reaching safepoint: 387126 ns, At safepoint: 83606 ns, Total: 470732 ns
[2025-09-12T10:41:33.055+0000][1][safepoint   ] Safepoint "Cleanup", Time since last: 1000308319 ns, Reaching safepoint: 576937 ns, At safepoint: 74305 ns, Total: 651242 ns
[2025-09-12T10:41:34.055+0000][1][safepoint   ] Safepoint "Cleanup", Time since last: 1000354270 ns, Reaching safepoint: 261417 ns, At safepoint: 28702 ns, Total: 290119 ns
[2025-09-12T10:41:35.056+0000][1][safepoint   ] Safepoint "Cleanup", Time since last: 1000448577 ns, Reaching safepoint: 334621 ns, At safepoint: 24602 ns, Total: 359223 ns
[2025-09-12T10:41:36.057+0000][1][safepoint   ] Safepoint "Cleanup", Time since last: 1000274365 ns, Reaching safepoint: 441529 ns, At safepoint: 25401 ns, Total: 466930 ns
[2025-09-12T10:41:37.058+0000][1][safepoint   ] Safepoint "Cleanup", Time since last: 1000305967 ns, Reaching safepoint: 386925 ns, At safepoint: 30702 ns, Total: 417627 ns
[2025-09-12T10:41:38.058+0000][1][safepoint   ] Safepoint "Cleanup", Time since last: 1000402474 ns, Reaching safepoint: 421227 ns, At safepoint: 24302 ns, Total: 445529 ns
[2025-09-12T10:41:39.058+0000][1][safepoint   ] Safepoint "Cleanup", Time since last: 1000337068 ns, Reaching safepoint: 390926 ns, At safepoint: 27001 ns, Total: 417927 ns
[2025-09-12T10:41:40.060+0000][1][safepoint   ] Safepoint "Cleanup", Time since last: 1001873369 ns, Reaching safepoint: 267117 ns, At safepoint: 39703 ns, Total: 306820 ns
[2025-09-12T10:41:41.061+0000][1][safepoint   ] Safepoint "Cleanup", Time since last: 1000501745 ns, Reaching safepoint: 441028 ns, At safepoint: 20201 ns, Total: 461229 ns
[2025-09-12T10:41:42.061+0000][1][safepoint   ] Safepoint "Cleanup", Time since last: 1000302571 ns, Reaching safepoint: 304119 ns, At safepoint: 63404 ns, Total: 367523 ns
[2025-09-12T10:41:43.062+0000][1][safepoint   ] Safepoint "Cleanup", Time since last: 1000281770 ns, Reaching safepoint: 261716 ns, At safepoint: 41003 ns, Total: 302719 ns
[2025-09-12T10:41:44.063+0000][1][safepoint   ] Safepoint "Cleanup", Time since last: 1000392177 ns, Reaching safepoint: 460029 ns, At safepoint: 25401 ns, Total: 485430 ns
[2025-09-12T10:41:45.064+0000][1][safepoint   ] Safepoint "Cleanup", Time since last: 1000277470 ns, Reaching safepoint: 219714 ns, At safepoint: 98806 ns, Total: 318520 ns
[2025-09-12T10:41:46.064+0000][1][safepoint   ] Safepoint "Cleanup", Time since last: 1000284870 ns, Reaching safepoint: 526233 ns, At safepoint: 48303 ns, Total: 574536 ns
[2025-09-12T10:41:47.065+0000][1][safepoint   ] Safepoint "Cleanup", Time since last: 1000324872 ns, Reaching safepoint: 448129 ns, At safepoint: 30001 ns, Total: 478130 ns
[2025-09-12T10:41:48.066+0000][1][safepoint   ] Safepoint "Cleanup", Time since last: 1000363375 ns, Reaching safepoint: 499032 ns, At safepoint: 22501 ns, Total: 521533 ns
[2025-09-12T10:41:50.067+0000][1][safepoint   ] Safepoint "Cleanup", Time since last: 2000339385 ns, Reaching safepoint: 321321 ns, At safepoint: 28102 ns, Total: 349423 ns
[2025-09-12T10:41:51.067+0000][1][safepoint   ] Safepoint "Cleanup", Time since last: 1000279000 ns, Reaching safepoint: 408726 ns, At safepoint: 55504 ns, Total: 464230 ns
[2025-09-12T10:41:53.068+0000][1][safepoint   ] Safepoint "Cleanup", Time since last: 2000396589 ns, Reaching safepoint: 403626 ns, At safepoint: 24501 ns, Total: 428127 ns
[2025-09-12T10:41:56.069+0000][1][safepoint   ] Safepoint "Cleanup", Time since last: 3000623286 ns, Reaching safepoint: 326521 ns, At safepoint: 19101 ns, Total: 345622 ns
[2025-09-12T10:41:58.070+0000][1][safepoint   ] Safepoint "Cleanup", Time since last: 2000382335 ns, Reaching safepoint: 521133 ns, At safepoint: 31102 ns, Total: 552235 ns
[2025-09-12T10:41:58.690+0000][1][safepoint   ] Safepoint "ICBufferFull", Time since last: 618654600 ns, Reaching safepoint: 607139 ns, At safepoint: 109107 ns, Total: 716246 ns
[2025-09-12T10:41:59.700+0000][1][safepoint   ] Safepoint "Cleanup", Time since last: 1010411202 ns, Reaching safepoint: 396025 ns, At safepoint: 18502 ns, Total: 414527 ns
[2025-09-12T10:42:07.702+0000][1][safepoint   ] Safepoint "Cleanup", Time since last: 8001324131 ns, Reaching safepoint: 337422 ns, At safepoint: 12900 ns, Total: 350322 ns
[2025-09-12T10:42:08.703+0000][1][safepoint   ] Safepoint "Cleanup", Time since last: 1000321090 ns, Reaching safepoint: 480931 ns, At safepoint: 22301 ns, Total: 503232 ns
[2025-09-12T10:42:09.702+0000][1][safepoint   ] Safepoint "Cleanup", Time since last: 1000266786 ns, Reaching safepoint: 511332 ns, At safepoint: 42303 ns, Total: 553635 ns
[2025-09-12T10:42:32.706+0000][1][safepoint   ] Safepoint "Cleanup", Time since last: 23003608516 ns, Reaching safepoint: 629245 ns, At safepoint: 32102 ns, Total: 661347 ns
[2025-09-12T10:42:36.714+0000][1][safepoint   ] Safepoint "Cleanup", Time since last: 4007089672 ns, Reaching safepoint: 757754 ns, At safepoint: 44904 ns, Total: 802658 ns
[2025-09-12T10:43:09.716+0000][1][safepoint   ] Safepoint "Cleanup", Time since last: 33005358618 ns, Reaching safepoint: 378124 ns, At safepoint: 23701 ns, Total: 401825 ns
[2025-09-12T10:43:37.721+0000][1][safepoint   ] Safepoint "Cleanup", Time since last: 28004598168 ns, Reaching safepoint: 431727 ns, At safepoint: 20302 ns, Total: 452029 ns
[2025-09-12T10:43:52.722+0000][1][safepoint   ] Safepoint "Cleanup", Time since last: 15002841347 ns, Reaching safepoint: 458830 ns, At safepoint: 16201 ns, Total: 475031 ns
[2025-09-12T10:44:38.729+0000][1][safepoint   ] Safepoint "Cleanup", Time since last: 46007934464 ns, Reaching safepoint: 403626 ns, At safepoint: 13401 ns, Total: 417027 ns
[2025-09-12T10:44:52.730+0000][1][safepoint   ] Safepoint "Cleanup", Time since last: 14002474830 ns, Reaching safepoint: 401427 ns, At safepoint: 15201 ns, Total: 416628 ns
[2025-09-12T10:45:09.731+0000][1][safepoint   ] Safepoint "Cleanup", Time since last: 17002922007 ns, Reaching safepoint: 396919 ns, At safepoint: 24701 ns, Total: 421620 ns
[2025-09-12T10:45:39.735+0000][1][safepoint   ] Safepoint "Cleanup", Time since last: 30006096300 ns, Reaching safepoint: 456924 ns, At safepoint: 54203 ns, Total: 511127 ns
[2025-09-12T10:45:47.737+0000][1][safepoint   ] Safepoint "Cleanup", Time since last: 8001328408 ns, Reaching safepoint: 376223 ns, At safepoint: 15801 ns, Total: 392024 ns
[2025-09-12T10:45:52.738+0000][1][safepoint   ] Safepoint "Cleanup", Time since last: 5000973259 ns, Reaching safepoint: 363924 ns, At safepoint: 12600 ns, Total: 376524 ns
[2025-09-12T10:46:08.525+0000][1][gc,start    ] GC(9) Pause Young (Normal) (G1 Evacuation Pause)
[2025-09-12T10:46:08.525+0000][1][gc,task     ] GC(9) Using 12 workers of 13 for evacuation
[2025-09-12T10:46:08.526+0000][1][gc,age      ] GC(9) Desired survivor size 20447232 bytes, new threshold 2 (max threshold 15)
[2025-09-12T10:46:08.607+0000][1][gc,age      ] GC(9) Age table with threshold 2 (max threshold 15)
[2025-09-12T10:46:08.607+0000][1][gc,age      ] GC(9) - age   1:    1787944 bytes,    1787944 total
[2025-09-12T10:46:08.607+0000][1][gc,age      ] GC(9) - age   2:   12502304 bytes,   14290248 total
[2025-09-12T10:46:08.608+0000][1][gc,phases   ] GC(9)   Pre Evacuate Collection Set: 1.1ms
[2025-09-12T10:46:08.608+0000][1][gc,phases   ] GC(9)   Merge Heap Roots: 0.7ms
[2025-09-12T10:46:08.608+0000][1][gc,phases   ] GC(9)   Evacuate Collection Set: 70.8ms
[2025-09-12T10:46:08.608+0000][1][gc,phases   ] GC(9)   Post Evacuate Collection Set: 8.1ms
[2025-09-12T10:46:08.608+0000][1][gc,phases   ] GC(9)   Other: 1.9ms
[2025-09-12T10:46:08.608+0000][1][gc,heap     ] GC(9) Eden regions: 276->0(291)
[2025-09-12T10:46:08.608+0000][1][gc,heap     ] GC(9) Survivor regions: 31->16(39)
[2025-09-12T10:46:08.608+0000][1][gc,heap     ] GC(9) Old regions: 7->24
[2025-09-12T10:46:08.608+0000][1][gc,heap     ] GC(9) Archive regions: 2->2
[2025-09-12T10:46:08.608+0000][1][gc,heap     ] GC(9) Humongous regions: 1->1
[2025-09-12T10:46:08.608+0000][1][gc,metaspace] GC(9) Metaspace: 79720K(80384K)->79720K(80384K) NonClass: 69591K(69952K)->69591K(69952K) Class: 10129K(10432K)->10129K(10432K)
[2025-09-12T10:46:08.608+0000][1][gc          ] GC(9) Pause Young (Normal) (G1 Evacuation Pause) 315M->41M(512M) 82.885ms
[2025-09-12T10:46:08.608+0000][1][gc,cpu      ] GC(9) User=0.75s Sys=0.05s Real=0.08s
[2025-09-12T10:46:08.608+0000][1][safepoint   ] Safepoint "G1CollectForAllocation", Time since last: 15786094004 ns, Reaching safepoint: 409526 ns, At safepoint: 83681896 ns, Total: 84091422 ns
[2025-09-12T10:46:39.610+0000][1][safepoint   ] Safepoint "Cleanup", Time since last: 31005015183 ns, Reaching safepoint: 418427 ns, At safepoint: 24302 ns, Total: 442729 ns
[2025-09-12T10:46:40.611+0000][1][safepoint   ] Safepoint "Cleanup", Time since last: 1000280706 ns, Reaching safepoint: 353723 ns, At safepoint: 14701 ns, Total: 368424 ns
[2025-09-12T10:46:52.613+0000][1][safepoint   ] Safepoint "Cleanup", Time since last: 12002065835 ns, Reaching safepoint: 361825 ns, At safepoint: 12501 ns, Total: 374326 ns
[2025-09-12T10:46:54.614+0000][1][safepoint   ] Safepoint "Cleanup", Time since last: 2000475877 ns, Reaching safepoint: 385527 ns, At safepoint: 51103 ns, Total: 436630 ns
[2025-09-12T10:46:55.615+0000][1][safepoint   ] Safepoint "Cleanup", Time since last: 1000296558 ns, Reaching safepoint: 364524 ns, At safepoint: 13401 ns, Total: 377925 ns
[2025-09-12T10:46:59.616+0000][1][safepoint   ] Safepoint "Cleanup", Time since last: 4000673396 ns, Reaching safepoint: 380226 ns, At safepoint: 17001 ns, Total: 397227 ns
[2025-09-12T10:47:17.618+0000][1][safepoint   ] Safepoint "Cleanup", Time since last: 18003115492 ns, Reaching safepoint: 481633 ns, At safepoint: 27202 ns, Total: 508835 ns
[2025-09-12T10:47:41.621+0000][1][safepoint   ] Safepoint "Cleanup", Time since last: 24004336914 ns, Reaching safepoint: 646141 ns, At safepoint: 64104 ns, Total: 710245 ns
[2025-09-12T10:48:02.625+0000][1][safepoint   ] Safepoint "Cleanup", Time since last: 21003648380 ns, Reaching safepoint: 627841 ns, At safepoint: 41503 ns, Total: 669344 ns
[2025-09-12T10:48:04.626+0000][1][safepoint   ] Safepoint "Cleanup", Time since last: 2000502690 ns, Reaching safepoint: 326421 ns, At safepoint: 23702 ns, Total: 350123 ns
[2025-09-12T10:48:06.627+0000][1][safepoint   ] Safepoint "Cleanup", Time since last: 2000458628 ns, Reaching safepoint: 495431 ns, At safepoint: 24702 ns, Total: 520133 ns
[2025-09-12T10:48:08.628+0000][1][safepoint   ] Safepoint "Cleanup", Time since last: 2000376827 ns, Reaching safepoint: 463229 ns, At safepoint: 40603 ns, Total: 503832 ns
[2025-09-12T10:48:09.626+0000][1][safepoint   ] Safepoint "Cleanup", Time since last: 1000233515 ns, Reaching safepoint: 494932 ns, At safepoint: 28701 ns, Total: 523633 ns
[2025-09-12T10:48:10.627+0000][1][safepoint   ] Safepoint "Cleanup", Time since last: 1000290320 ns, Reaching safepoint: 530734 ns, At safepoint: 37302 ns, Total: 568036 ns
[2025-09-12T10:48:11.628+0000][1][safepoint   ] Safepoint "Cleanup", Time since last: 1000356324 ns, Reaching safepoint: 258316 ns, At safepoint: 22902 ns, Total: 281218 ns
[2025-09-12T10:48:12.629+0000][1][safepoint   ] Safepoint "Cleanup", Time since last: 1000284919 ns, Reaching safepoint: 403326 ns, At safepoint: 104406 ns, Total: 507732 ns
[2025-09-12T10:48:13.629+0000][1][safepoint   ] Safepoint "Cleanup", Time since last: 1000249225 ns, Reaching safepoint: 514532 ns, At safepoint: 25202 ns, Total: 539734 ns
[2025-09-12T10:48:14.630+0000][1][safepoint   ] Safepoint "Cleanup", Time since last: 1000328638 ns, Reaching safepoint: 407926 ns, At safepoint: 20302 ns, Total: 428228 ns
[2025-09-12T10:48:15.631+0000][1][safepoint   ] Safepoint "Cleanup", Time since last: 1000252133 ns, Reaching safepoint: 455229 ns, At safepoint: 23501 ns, Total: 478730 ns
[2025-09-12T10:48:19.632+0000][1][safepoint   ] Safepoint "Cleanup", Time since last: 4000602708 ns, Reaching safepoint: 346222 ns, At safepoint: 20901 ns, Total: 367123 ns
[2025-09-12T10:48:29.634+0000][1][safepoint   ] Safepoint "Cleanup", Time since last: 10001631547 ns, Reaching safepoint: 374724 ns, At safepoint: 18202 ns, Total: 392926 ns
[2025-09-12T10:48:30.635+0000][1][safepoint   ] Safepoint "Cleanup", Time since last: 1000265617 ns, Reaching safepoint: 433728 ns, At safepoint: 24202 ns, Total: 457930 ns
[2025-09-12T10:48:42.638+0000][1][safepoint   ] Safepoint "Cleanup", Time since last: 12004400279 ns, Reaching safepoint: 757448 ns, At safepoint: 155810 ns, Total: 913258 ns
[2025-09-12T10:48:47.640+0000][1][safepoint   ] Safepoint "Cleanup", Time since last: 5001000793 ns, Reaching safepoint: 501232 ns, At safepoint: 38003 ns, Total: 539235 ns
[2025-09-12T10:48:52.641+0000][1][safepoint   ] Safepoint "Cleanup", Time since last: 5000719015 ns, Reaching safepoint: 393126 ns, At safepoint: 20101 ns, Total: 413227 ns
[2025-09-12T10:48:59.643+0000][1][safepoint   ] Safepoint "Cleanup", Time since last: 7001050119 ns, Reaching safepoint: 434228 ns, At safepoint: 23302 ns, Total: 457530 ns
[2025-09-12T10:50:39.651+0000][1][safepoint   ] Safepoint "Cleanup", Time since last: 100015877232 ns, Reaching safepoint: 397726 ns, At safepoint: 12101 ns, Total: 409827 ns
[2025-09-12T10:51:45.658+0000][1][safepoint   ] Safepoint "Cleanup", Time since last: 66010776802 ns, Reaching safepoint: 447229 ns, At safepoint: 24202 ns, Total: 471431 ns
[2025-09-12T10:52:52.666+0000][1][safepoint   ] Safepoint "Cleanup", Time since last: 67010991821 ns, Reaching safepoint: 528435 ns, At safepoint: 31502 ns, Total: 559937 ns
[2025-09-12T10:53:14.668+0000][1][safepoint   ] Safepoint "Cleanup", Time since last: 22003644301 ns, Reaching safepoint: 393426 ns, At safepoint: 14101 ns, Total: 407527 ns
[2025-09-12T10:53:47.672+0000][1][safepoint   ] Safepoint "Cleanup", Time since last: 33005758228 ns, Reaching safepoint: 407327 ns, At safepoint: 24302 ns, Total: 431629 ns
[2025-09-12T10:53:52.673+0000][1][safepoint   ] Safepoint "Cleanup", Time since last: 5000792412 ns, Reaching safepoint: 425329 ns, At safepoint: 22101 ns, Total: 447430 ns
[2025-09-12T10:54:52.680+0000][1][safepoint   ] Safepoint "Cleanup", Time since last: 60009818727 ns, Reaching safepoint: 399827 ns, At safepoint: 14501 ns, Total: 414328 ns
[2025-09-12T10:55:34.685+0000][1][safepoint   ] Safepoint "Cleanup", Time since last: 42006809035 ns, Reaching safepoint: 558237 ns, At safepoint: 43003 ns, Total: 601240 ns
[2025-09-12T10:55:37.686+0000][1][safepoint   ] Safepoint "Cleanup", Time since last: 3000658009 ns, Reaching safepoint: 393426 ns, At safepoint: 11701 ns, Total: 405127 ns
[2025-09-12T10:55:43.684+0000][1][safepoint   ] Safepoint "Cleanup", Time since last: 6001078027 ns, Reaching safepoint: 413628 ns, At safepoint: 25502 ns, Total: 439130 ns
[2025-09-12T10:55:49.686+0000][1][safepoint   ] Safepoint "Cleanup", Time since last: 6001128423 ns, Reaching safepoint: 374624 ns, At safepoint: 14101 ns, Total: 388725 ns
[2025-09-12T10:55:58.688+0000][1][safepoint   ] Safepoint "Cleanup", Time since last: 9001347954 ns, Reaching safepoint: 391626 ns, At safepoint: 15901 ns, Total: 407527 ns
[2025-09-12T10:56:13.689+0000][1][safepoint   ] Safepoint "Cleanup", Time since last: 15002307351 ns, Reaching safepoint: 390326 ns, At safepoint: 24102 ns, Total: 414428 ns
[2025-09-12T10:56:18.691+0000][1][safepoint   ] Safepoint "Cleanup", Time since last: 5000988385 ns, Reaching safepoint: 364124 ns, At safepoint: 31302 ns, Total: 395426 ns
[2025-09-12T10:56:23.692+0000][1][safepoint   ] Safepoint "Cleanup", Time since last: 5000798276 ns, Reaching safepoint: 375026 ns, At safepoint: 79005 ns, Total: 454031 ns
[2025-09-12T10:56:33.695+0000][1][safepoint   ] Safepoint "Cleanup", Time since last: 10001729240 ns, Reaching safepoint: 624842 ns, At safepoint: 33102 ns, Total: 657944 ns
[2025-09-12T10:56:38.696+0000][1][safepoint   ] Safepoint "Cleanup", Time since last: 5000944349 ns, Reaching safepoint: 444629 ns, At safepoint: 18901 ns, Total: 463530 ns
[2025-09-12T10:56:39.695+0000][1][safepoint   ] Safepoint "Cleanup", Time since last: 1000323589 ns, Reaching safepoint: 373725 ns, At safepoint: 12701 ns, Total: 386426 ns
[2025-09-12T10:56:50.697+0000][1][safepoint   ] Safepoint "Cleanup", Time since last: 11002001571 ns, Reaching safepoint: 513634 ns, At safepoint: 26502 ns, Total: 540136 ns
[2025-09-12T10:56:58.699+0000][1][safepoint   ] Safepoint "Cleanup", Time since last: 8001343144 ns, Reaching safepoint: 415928 ns, At safepoint: 12501 ns, Total: 428429 ns
[2025-09-12T10:57:03.700+0000][1][safepoint   ] Safepoint "Cleanup", Time since last: 5000904728 ns, Reaching safepoint: 386325 ns, At safepoint: 40403 ns, Total: 426728 ns
[2025-09-12T10:57:08.702+0000][1][safepoint   ] Safepoint "Cleanup", Time since last: 5000944799 ns, Reaching safepoint: 377725 ns, At safepoint: 12701 ns, Total: 390426 ns
[2025-09-12T10:57:43.704+0000][1][safepoint   ] Safepoint "Cleanup", Time since last: 35006284138 ns, Reaching safepoint: 471731 ns, At safepoint: 48103 ns, Total: 519834 ns
[2025-09-12T10:57:48.706+0000][1][safepoint   ] Safepoint "Cleanup", Time since last: 5000981452 ns, Reaching safepoint: 395326 ns, At safepoint: 14001 ns, Total: 409327 ns
[2025-09-12T10:57:51.707+0000][1][safepoint   ] Safepoint "Cleanup", Time since last: 3000628898 ns, Reaching safepoint: 391326 ns, At safepoint: 14001 ns, Total: 405327 ns
[2025-09-12T10:58:50.713+0000][1][safepoint   ] Safepoint "Cleanup", Time since last: 59009739089 ns, Reaching safepoint: 431729 ns, At safepoint: 14901 ns, Total: 446630 ns
[2025-09-12T11:00:27.725+0000][1][safepoint   ] Safepoint "Cleanup", Time since last: 97016736863 ns, Reaching safepoint: 528535 ns, At safepoint: 81206 ns, Total: 609741 ns
[2025-09-12T11:00:29.726+0000][1][safepoint   ] Safepoint "Cleanup", Time since last: 2000474853 ns, Reaching safepoint: 422428 ns, At safepoint: 30602 ns, Total: 453030 ns
[2025-09-12T11:00:30.726+0000][1][safepoint   ] Safepoint "Cleanup", Time since last: 1000327731 ns, Reaching safepoint: 540836 ns, At safepoint: 32602 ns, Total: 573438 ns
[2025-09-12T11:00:31.727+0000][1][safepoint   ] Safepoint "Cleanup", Time since last: 1000397026 ns, Reaching safepoint: 242016 ns, At safepoint: 20002 ns, Total: 262018 ns
[2025-09-12T11:00:32.728+0000][1][safepoint   ] Safepoint "Cleanup", Time since last: 1000288119 ns, Reaching safepoint: 145009 ns, At safepoint: 23702 ns, Total: 168711 ns
[2025-09-12T11:00:35.731+0000][1][safepoint   ] Safepoint "Cleanup", Time since last: 3003148008 ns, Reaching safepoint: 630742 ns, At safepoint: 55203 ns, Total: 685945 ns
[2025-09-12T11:00:36.732+0000][1][safepoint   ] Safepoint "Cleanup", Time since last: 1000301620 ns, Reaching safepoint: 323522 ns, At safepoint: 37702 ns, Total: 361224 ns
[2025-09-12T11:00:38.733+0000][1][safepoint   ] Safepoint "Cleanup", Time since last: 2000651228 ns, Reaching safepoint: 474730 ns, At safepoint: 265417 ns, Total: 740147 ns
[2025-09-12T11:00:40.733+0000][1][safepoint   ] Safepoint "Cleanup", Time since last: 2000495621 ns, Reaching safepoint: 825353 ns, At safepoint: 21201 ns, Total: 846554 ns
[2025-09-12T11:00:41.733+0000][1][safepoint   ] Safepoint "Cleanup", Time since last: 1000326116 ns, Reaching safepoint: 485631 ns, At safepoint: 41302 ns, Total: 526933 ns
[2025-09-12T11:00:42.734+0000][1][safepoint   ] Safepoint "Cleanup", Time since last: 1000309115 ns, Reaching safepoint: 311320 ns, At safepoint: 36602 ns, Total: 347922 ns
[2025-09-12T11:00:45.735+0000][1][safepoint   ] Safepoint "Cleanup", Time since last: 3000530619 ns, Reaching safepoint: 523734 ns, At safepoint: 36402 ns, Total: 560136 ns
[2025-09-12T11:00:48.736+0000][1][safepoint   ] Safepoint "Cleanup", Time since last: 3000533860 ns, Reaching safepoint: 488633 ns, At safepoint: 24301 ns, Total: 512934 ns
[2025-09-12T11:00:51.737+0000][1][safepoint   ] Safepoint "Cleanup", Time since last: 3000642192 ns, Reaching safepoint: 461331 ns, At safepoint: 27001 ns, Total: 488332 ns
[2025-09-12T11:00:52.738+0000][1][safepoint   ] Safepoint "Cleanup", Time since last: 1000298637 ns, Reaching safepoint: 355223 ns, At safepoint: 18001 ns, Total: 373224 ns
[2025-09-12T11:00:59.740+0000][1][safepoint   ] Safepoint "Cleanup", Time since last: 7001125020 ns, Reaching safepoint: 398726 ns, At safepoint: 17001 ns, Total: 415727 ns
[2025-09-12T11:01:00.740+0000][1][safepoint   ] Safepoint "Cleanup", Time since last: 1000287143 ns, Reaching safepoint: 622942 ns, At safepoint: 40003 ns, Total: 662945 ns
[2025-09-12T11:01:01.741+0000][1][safepoint   ] Safepoint "Cleanup", Time since last: 1000269242 ns, Reaching safepoint: 422028 ns, At safepoint: 27602 ns, Total: 449630 ns
[2025-09-12T11:01:09.742+0000][1][safepoint   ] Safepoint "Cleanup", Time since last: 8002801833 ns, Reaching safepoint: 519035 ns, At safepoint: 26901 ns, Total: 545936 ns
[2025-09-12T11:01:10.742+0000][1][safepoint   ] Safepoint "Cleanup", Time since last: 1000326795 ns, Reaching safepoint: 161911 ns, At safepoint: 12001 ns, Total: 173912 ns
[2025-09-12T11:01:11.743+0000][1][safepoint   ] Safepoint "Cleanup", Time since last: 1000360515 ns, Reaching safepoint: 511034 ns, At safepoint: 36002 ns, Total: 547036 ns
[2025-09-12T11:01:12.744+0000][1][safepoint   ] Safepoint "Cleanup", Time since last: 1000278793 ns, Reaching safepoint: 579138 ns, At safepoint: 37503 ns, Total: 616641 ns
[2025-09-12T11:01:13.745+0000][1][safepoint   ] Safepoint "Cleanup", Time since last: 1000309694 ns, Reaching safepoint: 531435 ns, At safepoint: 44403 ns, Total: 575838 ns
[2025-09-12T11:01:14.746+0000][1][safepoint   ] Safepoint "Cleanup", Time since last: 1000691120 ns, Reaching safepoint: 292919 ns, At safepoint: 16701 ns, Total: 309620 ns
[2025-09-12T11:01:15.747+0000][1][safepoint   ] Safepoint "Cleanup", Time since last: 1000298495 ns, Reaching safepoint: 524234 ns, At safepoint: 28302 ns, Total: 552536 ns
[2025-09-12T11:01:16.750+0000][1][safepoint   ] Safepoint "Cleanup", Time since last: 1002356229 ns, Reaching safepoint: 231515 ns, At safepoint: 37403 ns, Total: 268918 ns
[2025-09-12T11:01:17.750+0000][1][safepoint   ] Safepoint "Cleanup", Time since last: 1000346397 ns, Reaching safepoint: 510734 ns, At safepoint: 30402 ns, Total: 541136 ns
[2025-09-12T11:01:18.751+0000][1][safepoint   ] Safepoint "Cleanup", Time since last: 1000367898 ns, Reaching safepoint: 336822 ns, At safepoint: 30402 ns, Total: 367224 ns
[2025-09-12T11:01:19.752+0000][1][safepoint   ] Safepoint "Cleanup", Time since last: 1000242546 ns, Reaching safepoint: 427829 ns, At safepoint: 28002 ns, Total: 455831 ns
[2025-09-12T11:01:21.753+0000][1][safepoint   ] Safepoint "Cleanup", Time since last: 2000625156 ns, Reaching safepoint: 353924 ns, At safepoint: 27302 ns, Total: 381226 ns
[2025-09-12T11:01:22.754+0000][1][safepoint   ] Safepoint "Cleanup", Time since last: 1000297977 ns, Reaching safepoint: 488133 ns, At safepoint: 142009 ns, Total: 630142 ns
[2025-09-12T11:01:24.755+0000][1][safepoint   ] Safepoint "Cleanup", Time since last: 2000412943 ns, Reaching safepoint: 451030 ns, At safepoint: 24901 ns, Total: 475931 ns
[2025-09-12T11:01:25.755+0000][1][safepoint   ] Safepoint "Cleanup", Time since last: 1000299778 ns, Reaching safepoint: 392626 ns, At safepoint: 21902 ns, Total: 414528 ns
[2025-09-12T11:01:26.756+0000][1][safepoint   ] Safepoint "Cleanup", Time since last: 1000309778 ns, Reaching safepoint: 446430 ns, At safepoint: 39702 ns, Total: 486132 ns
[2025-09-12T11:01:27.757+0000][1][safepoint   ] Safepoint "Cleanup", Time since last: 1000310694 ns, Reaching safepoint: 665646 ns, At safepoint: 38302 ns, Total: 703948 ns
[2025-09-12T11:01:28.758+0000][1][safepoint   ] Safepoint "Cleanup", Time since last: 1000312755 ns, Reaching safepoint: 488034 ns, At safepoint: 18901 ns, Total: 506935 ns
[2025-09-12T11:01:29.759+0000][1][safepoint   ] Safepoint "Cleanup", Time since last: 1000247551 ns, Reaching safepoint: 470432 ns, At safepoint: 30902 ns, Total: 501334 ns
[2025-09-12T11:01:36.760+0000][1][safepoint   ] Safepoint "Cleanup", Time since last: 7001053170 ns, Reaching safepoint: 488733 ns, At safepoint: 29802 ns, Total: 518535 ns
[2025-09-12T11:01:39.760+0000][1][safepoint   ] Safepoint "Cleanup", Time since last: 3000503482 ns, Reaching safepoint: 508235 ns, At safepoint: 29702 ns, Total: 537937 ns
[2025-09-12T11:01:40.053+0000][1][gc,start    ] GC(10) Pause Young (Normal) (G1 Evacuation Pause)
[2025-09-12T11:01:40.053+0000][1][gc,task     ] GC(10) Using 12 workers of 13 for evacuation
[2025-09-12T11:01:40.053+0000][1][gc,age      ] GC(10) Desired survivor size 20447232 bytes, new threshold 15 (max threshold 15)
[2025-09-12T11:01:40.095+0000][1][gc,age      ] GC(10) Age table with threshold 15 (max threshold 15)
[2025-09-12T11:01:40.095+0000][1][gc,age      ] GC(10) - age   1:    3030248 bytes,    3030248 total
[2025-09-12T11:01:40.095+0000][1][gc,age      ] GC(10) - age   2:    1369248 bytes,    4399496 total
[2025-09-12T11:01:40.095+0000][1][gc,age      ] GC(10) - age   3:   12177496 bytes,   16576992 total
[2025-09-12T11:01:40.095+0000][1][gc,phases   ] GC(10)   Pre Evacuate Collection Set: 0.9ms
[2025-09-12T11:01:40.095+0000][1][gc,phases   ] GC(10)   Merge Heap Roots: 0.4ms
[2025-09-12T11:01:40.095+0000][1][gc,phases   ] GC(10)   Evacuate Collection Set: 34.5ms
[2025-09-12T11:01:40.095+0000][1][gc,phases   ] GC(10)   Post Evacuate Collection Set: 5.5ms
[2025-09-12T11:01:40.096+0000][1][gc,phases   ] GC(10)   Other: 1.4ms
[2025-09-12T11:01:40.096+0000][1][gc,heap     ] GC(10) Eden regions: 291->0(289)
[2025-09-12T11:01:40.096+0000][1][gc,heap     ] GC(10) Survivor regions: 16->18(39)
[2025-09-12T11:01:40.096+0000][1][gc,heap     ] GC(10) Old regions: 24->24
[2025-09-12T11:01:40.096+0000][1][gc,heap     ] GC(10) Archive regions: 2->2
[2025-09-12T11:01:40.096+0000][1][gc,heap     ] GC(10) Humongous regions: 1->1
[2025-09-12T11:01:40.096+0000][1][gc,metaspace] GC(10) Metaspace: 80722K(81408K)->80722K(81408K) NonClass: 70591K(70976K)->70591K(70976K) Class: 10130K(10432K)->10130K(10432K)
[2025-09-12T11:01:40.096+0000][1][gc          ] GC(10) Pause Young (Normal) (G1 Evacuation Pause) 332M->43M(512M) 42.939ms
[2025-09-12T11:01:40.096+0000][1][gc,cpu      ] GC(10) User=0.17s Sys=0.02s Real=0.04s
[2025-09-12T11:01:40.096+0000][1][safepoint   ] Safepoint "G1CollectForAllocation", Time since last: 290839046 ns, Reaching safepoint: 1570706 ns, At safepoint: 43312125 ns, Total: 44882831 ns
[2025-09-12T11:01:41.097+0000][1][safepoint   ] Safepoint "Cleanup", Time since last: 1000286169 ns, Reaching safepoint: 929363 ns, At safepoint: 133609 ns, Total: 1062972 ns
[2025-09-12T11:01:42.098+0000][1][safepoint   ] Safepoint "Cleanup", Time since last: 1000286369 ns, Reaching safepoint: 393527 ns, At safepoint: 26301 ns, Total: 419828 ns
[2025-09-12T11:01:53.100+0000][1][safepoint   ] Safepoint "Cleanup", Time since last: 11001714581 ns, Reaching safepoint: 461833 ns, At safepoint: 19302 ns, Total: 481135 ns
[2025-09-12T11:01:56.101+0000][1][safepoint   ] Safepoint "Cleanup", Time since last: 3000514061 ns, Reaching safepoint: 452232 ns, At safepoint: 28202 ns, Total: 480434 ns
[2025-09-12T11:02:08.104+0000][1][safepoint   ] Safepoint "Cleanup", Time since last: 12002067498 ns, Reaching safepoint: 499528 ns, At safepoint: 31802 ns, Total: 531330 ns
[2025-09-12T11:02:22.105+0000][1][safepoint   ] Safepoint "Cleanup", Time since last: 14002115926 ns, Reaching safepoint: 462529 ns, At safepoint: 24802 ns, Total: 487331 ns
[2025-09-12T11:02:53.107+0000][1][safepoint   ] Safepoint "Cleanup", Time since last: 31005112831 ns, Reaching safepoint: 407028 ns, At safepoint: 14301 ns, Total: 421329 ns
[2025-09-12T11:03:53.114+0000][1][safepoint   ] Safepoint "Cleanup", Time since last: 60009503830 ns, Reaching safepoint: 445230 ns, At safepoint: 28002 ns, Total: 473232 ns
