[2025-09-11T09:11:07.194+0000][1][gc] Using G1
[2025-09-11T09:11:07.209+0000][1][gc,init] Version: 16.0.1+9 (release)
[2025-09-11T09:11:07.209+0000][1][gc,init] CPUs: 16 total, 16 available
[2025-09-11T09:11:07.209+0000][1][gc,init] Memory: 15898M
[2025-09-11T09:11:07.209+0000][1][gc,init] Large Page Support: Disabled
[2025-09-11T09:11:07.209+0000][1][gc,init] NUMA Support: Disabled
[2025-09-11T09:11:07.209+0000][1][gc,init] Compressed Oops: Enabled (32-bit)
[2025-09-11T09:11:07.209+0000][1][gc,init] Heap Region Size: 1M
[2025-09-11T09:11:07.209+0000][1][gc,init] Heap Min Capacity: 512M
[2025-09-11T09:11:07.209+0000][1][gc,init] Heap Initial Capacity: 512M
[2025-09-11T09:11:07.209+0000][1][gc,init] Heap Max Capacity: 512M
[2025-09-11T09:11:07.209+0000][1][gc,init] Pre-touch: Disabled
[2025-09-11T09:11:07.210+0000][1][gc,init] Parallel Workers: 13
[2025-09-11T09:11:07.210+0000][1][gc,init] Concurrent Workers: 3
[2025-09-11T09:11:07.210+0000][1][gc,init] Concurrent Refinement Workers: 13
[2025-09-11T09:11:07.210+0000][1][gc,init] Periodic GC: Disabled
[2025-09-11T09:11:07.211+0000][1][gc,metaspace] CDS archive(s) mapped at: [0x0000000800000000-0x0000000800bea000-0x0000000800bea000), size 12492800, SharedBaseAddress: 0x0000000800000000, ArchiveRelocationMode: 0.
[2025-09-11T09:11:07.211+0000][1][gc,metaspace] Compressed class space mapped at: 0x0000000800c00000-0x0000000840c00000, reserved size: 1073741824
[2025-09-11T09:11:07.211+0000][1][gc,metaspace] Narrow klass base: 0x0000000800000000, Narrow klass shift: 3, Narrow klass range: 0x100000000
[2025-09-11T09:11:08.925+0000][1][safepoint   ] Safepoint "ICBufferFull", Time since last: 1627003643 ns, Reaching safepoint: 460526 ns, At safepoint: 81105 ns, Total: 541631 ns
[2025-09-11T09:11:09.342+0000][1][gc,start    ] GC(0) Pause Young (Normal) (G1 Evacuation Pause)
[2025-09-11T09:11:09.347+0000][1][gc,task     ] GC(0) Using 12 workers of 13 for evacuation
[2025-09-11T09:11:09.347+0000][1][gc,age      ] GC(0) Desired survivor size 2097152 bytes, new threshold 15 (max threshold 15)
[2025-09-11T09:11:09.359+0000][1][gc,age      ] GC(0) Age table with threshold 15 (max threshold 15)
[2025-09-11T09:11:09.359+0000][1][gc,age      ] GC(0) - age   1:    3694144 bytes,    3694144 total
[2025-09-11T09:11:09.359+0000][1][gc,phases   ] GC(0)   Pre Evacuate Collection Set: 0.4ms
[2025-09-11T09:11:09.359+0000][1][gc,phases   ] GC(0)   Merge Heap Roots: 0.3ms
[2025-09-11T09:11:09.359+0000][1][gc,phases   ] GC(0)   Evacuate Collection Set: 7.7ms
[2025-09-11T09:11:09.359+0000][1][gc,phases   ] GC(0)   Post Evacuate Collection Set: 3.2ms
[2025-09-11T09:11:09.359+0000][1][gc,phases   ] GC(0)   Other: 5.8ms
[2025-09-11T09:11:09.359+0000][1][gc,heap     ] GC(0) Eden regions: 25->0(29)
[2025-09-11T09:11:09.359+0000][1][gc,heap     ] GC(0) Survivor regions: 0->4(4)
[2025-09-11T09:11:09.359+0000][1][gc,heap     ] GC(0) Old regions: 0->3
[2025-09-11T09:11:09.359+0000][1][gc,heap     ] GC(0) Archive regions: 2->2
[2025-09-11T09:11:09.359+0000][1][gc,heap     ] GC(0) Humongous regions: 1->1
[2025-09-11T09:11:09.359+0000][1][gc,metaspace] GC(0) Metaspace: 7847K(8064K)->7847K(8064K) NonClass: 7028K(7168K)->7028K(7168K) Class: 819K(896K)->819K(896K)
[2025-09-11T09:11:09.359+0000][1][gc          ] GC(0) Pause Young (Normal) (G1 Evacuation Pause) 26M->8M(512M) 17.638ms
[2025-09-11T09:11:09.359+0000][1][gc,cpu      ] GC(0) User=0.04s Sys=0.01s Real=0.02s
[2025-09-11T09:11:09.360+0000][1][safepoint   ] Safepoint "G1CollectForAllocation", Time since last: 416656997 ns, Reaching safepoint: 214412 ns, At safepoint: 18079224 ns, Total: 18293636 ns
[2025-09-11T09:11:10.596+0000][1][safepoint   ] Safepoint "Cleanup", Time since last: 1236194515 ns, Reaching safepoint: 360320 ns, At safepoint: 40002 ns, Total: 400322 ns
[2025-09-11T09:11:11.115+0000][1][gc,start    ] GC(1) Pause Young (Normal) (G1 Evacuation Pause)
[2025-09-11T09:11:11.115+0000][1][gc,task     ] GC(1) Using 12 workers of 13 for evacuation
[2025-09-11T09:11:11.115+0000][1][gc,age      ] GC(1) Desired survivor size 2621440 bytes, new threshold 1 (max threshold 15)
[2025-09-11T09:11:11.126+0000][1][gc,age      ] GC(1) Age table with threshold 1 (max threshold 15)
[2025-09-11T09:11:11.126+0000][1][gc,age      ] GC(1) - age   1:    4214912 bytes,    4214912 total
[2025-09-11T09:11:11.126+0000][1][gc,phases   ] GC(1)   Pre Evacuate Collection Set: 0.4ms
[2025-09-11T09:11:11.126+0000][1][gc,phases   ] GC(1)   Merge Heap Roots: 0.3ms
[2025-09-11T09:11:11.126+0000][1][gc,phases   ] GC(1)   Evacuate Collection Set: 6.9ms
[2025-09-11T09:11:11.126+0000][1][gc,phases   ] GC(1)   Post Evacuate Collection Set: 3.0ms
[2025-09-11T09:11:11.126+0000][1][gc,phases   ] GC(1)   Other: 0.5ms
[2025-09-11T09:11:11.126+0000][1][gc,heap     ] GC(1) Eden regions: 29->0(302)
[2025-09-11T09:11:11.126+0000][1][gc,heap     ] GC(1) Survivor regions: 4->5(5)
[2025-09-11T09:11:11.126+0000][1][gc,heap     ] GC(1) Old regions: 3->7
[2025-09-11T09:11:11.126+0000][1][gc,heap     ] GC(1) Archive regions: 2->2
[2025-09-11T09:11:11.126+0000][1][gc,heap     ] GC(1) Humongous regions: 1->1
[2025-09-11T09:11:11.126+0000][1][gc,metaspace] GC(1) Metaspace: 12708K(12928K)->12708K(12928K) NonClass: 11267K(11392K)->11267K(11392K) Class: 1440K(1536K)->1440K(1536K)
[2025-09-11T09:11:11.126+0000][1][gc          ] GC(1) Pause Young (Normal) (G1 Evacuation Pause) 37M->12M(512M) 11.223ms
[2025-09-11T09:11:11.126+0000][1][gc,cpu      ] GC(1) User=0.07s Sys=0.03s Real=0.01s
[2025-09-11T09:11:11.126+0000][1][safepoint   ] Safepoint "G1CollectForAllocation", Time since last: 517942741 ns, Reaching safepoint: 471627 ns, At safepoint: 11411046 ns, Total: 11882673 ns
[2025-09-11T09:11:12.357+0000][1][safepoint   ] Safepoint "Cleanup", Time since last: 1230760522 ns, Reaching safepoint: 538731 ns, At safepoint: 41702 ns, Total: 580433 ns
[2025-09-11T09:11:12.826+0000][1][gc,start    ] GC(2) Pause Young (Concurrent Start) (Metadata GC Threshold)
[2025-09-11T09:11:12.826+0000][1][gc,task     ] GC(2) Using 12 workers of 13 for evacuation
[2025-09-11T09:11:12.826+0000][1][gc,age      ] GC(2) Desired survivor size 20447232 bytes, new threshold 15 (max threshold 15)
[2025-09-11T09:11:12.834+0000][1][gc,age      ] GC(2) Age table with threshold 15 (max threshold 15)
[2025-09-11T09:11:12.834+0000][1][gc,age      ] GC(2) - age   1:    2017712 bytes,    2017712 total
[2025-09-11T09:11:12.834+0000][1][gc,age      ] GC(2) - age   2:    1652624 bytes,    3670336 total
[2025-09-11T09:11:12.834+0000][1][gc,phases   ] GC(2)   Pre Evacuate Collection Set: 0.4ms
[2025-09-11T09:11:12.834+0000][1][gc,phases   ] GC(2)   Merge Heap Roots: 0.3ms
[2025-09-11T09:11:12.834+0000][1][gc,phases   ] GC(2)   Evacuate Collection Set: 4.9ms
[2025-09-11T09:11:12.834+0000][1][gc,phases   ] GC(2)   Post Evacuate Collection Set: 2.1ms
[2025-09-11T09:11:12.834+0000][1][gc,phases   ] GC(2)   Other: 0.6ms
[2025-09-11T09:11:12.834+0000][1][gc,heap     ] GC(2) Eden regions: 184->0(303)
[2025-09-11T09:11:12.834+0000][1][gc,heap     ] GC(2) Survivor regions: 5->4(39)
[2025-09-11T09:11:12.834+0000][1][gc,heap     ] GC(2) Old regions: 7->7
[2025-09-11T09:11:12.834+0000][1][gc,heap     ] GC(2) Archive regions: 2->2
[2025-09-11T09:11:12.834+0000][1][gc,heap     ] GC(2) Humongous regions: 1->1
[2025-09-11T09:11:12.834+0000][1][gc,metaspace] GC(2) Metaspace: 21007K(21248K)->21007K(21248K) NonClass: 18466K(18560K)->18466K(18560K) Class: 2541K(2688K)->2541K(2688K)
[2025-09-11T09:11:12.834+0000][1][gc          ] GC(2) Pause Young (Concurrent Start) (Metadata GC Threshold) 196M->12M(512M) 8.470ms
[2025-09-11T09:11:12.834+0000][1][gc,cpu      ] GC(2) User=0.03s Sys=0.02s Real=0.00s
[2025-09-11T09:11:12.834+0000][1][safepoint   ] Safepoint "CollectForMetadataAllocation", Time since last: 467904307 ns, Reaching safepoint: 356320 ns, At safepoint: 8728194 ns, Total: 9084514 ns
[2025-09-11T09:11:12.834+0000][1][gc          ] GC(3) Concurrent Mark Cycle
[2025-09-11T09:11:12.834+0000][1][gc,marking  ] GC(3) Concurrent Clear Claimed Marks
[2025-09-11T09:11:12.835+0000][1][gc,marking  ] GC(3) Concurrent Clear Claimed Marks 0.034ms
[2025-09-11T09:11:12.835+0000][1][gc,marking  ] GC(3) Concurrent Scan Root Regions
[2025-09-11T09:11:12.837+0000][1][gc,marking  ] GC(3) Concurrent Scan Root Regions 2.871ms
[2025-09-11T09:11:12.837+0000][1][gc,marking  ] GC(3) Concurrent Mark
[2025-09-11T09:11:12.837+0000][1][gc,marking  ] GC(3) Concurrent Mark From Roots
[2025-09-11T09:11:12.837+0000][1][gc,task     ] GC(3) Using 3 workers of 3 for marking
[2025-09-11T09:11:12.843+0000][1][gc,marking  ] GC(3) Concurrent Mark From Roots 5.374ms
[2025-09-11T09:11:12.843+0000][1][gc,marking  ] GC(3) Concurrent Preclean
[2025-09-11T09:11:12.843+0000][1][gc,marking  ] GC(3) Concurrent Preclean 0.210ms
[2025-09-11T09:11:12.844+0000][1][gc,start    ] GC(3) Pause Remark
[2025-09-11T09:11:12.848+0000][1][gc          ] GC(3) Pause Remark 12M->12M(512M) 4.079ms
[2025-09-11T09:11:12.848+0000][1][gc,cpu      ] GC(3) User=0.01s Sys=0.00s Real=0.00s
[2025-09-11T09:11:12.848+0000][1][safepoint   ] Safepoint "G1Concurrent", Time since last: 8987609 ns, Reaching safepoint: 465127 ns, At safepoint: 4292543 ns, Total: 4757670 ns
[2025-09-11T09:11:12.848+0000][1][gc,marking  ] GC(3) Concurrent Mark 10.807ms
[2025-09-11T09:11:12.848+0000][1][gc,marking  ] GC(3) Concurrent Rebuild Remembered Sets
[2025-09-11T09:11:12.851+0000][1][gc,marking  ] GC(3) Concurrent Rebuild Remembered Sets 2.759ms
[2025-09-11T09:11:12.852+0000][1][gc,start    ] GC(3) Pause Cleanup
[2025-09-11T09:11:12.853+0000][1][gc          ] GC(3) Pause Cleanup 12M->12M(512M) 0.517ms
[2025-09-11T09:11:12.853+0000][1][gc,cpu      ] GC(3) User=0.00s Sys=0.00s Real=0.00s
[2025-09-11T09:11:12.853+0000][1][safepoint   ] Safepoint "G1Concurrent", Time since last: 3189581 ns, Reaching safepoint: 631635 ns, At safepoint: 693540 ns, Total: 1325175 ns
[2025-09-11T09:11:12.853+0000][1][gc,marking  ] GC(3) Concurrent Cleanup for Next Mark
[2025-09-11T09:11:12.856+0000][1][gc,marking  ] GC(3) Concurrent Cleanup for Next Mark 3.122ms
[2025-09-11T09:11:12.856+0000][1][gc          ] GC(3) Concurrent Mark Cycle 21.605ms
[2025-09-11T09:11:13.462+0000][1][safepoint   ] Safepoint "ICBufferFull", Time since last: 608613477 ns, Reaching safepoint: 561932 ns, At safepoint: 39702 ns, Total: 601634 ns
[2025-09-11T09:11:13.473+0000][1][safepoint   ] Safepoint "ICBufferFull", Time since last: 11032625 ns, Reaching safepoint: 368621 ns, At safepoint: 12001 ns, Total: 380622 ns
[2025-09-11T09:11:13.481+0000][1][safepoint   ] Safepoint "ICBufferFull", Time since last: 6966995 ns, Reaching safepoint: 278815 ns, At safepoint: 14301 ns, Total: 293116 ns
[2025-09-11T09:11:13.490+0000][1][safepoint   ] Safepoint "ICBufferFull", Time since last: 9106816 ns, Reaching safepoint: 312618 ns, At safepoint: 15201 ns, Total: 327819 ns
[2025-09-11T09:11:13.501+0000][1][safepoint   ] Safepoint "ICBufferFull", Time since last: 10198377 ns, Reaching safepoint: 338419 ns, At safepoint: 9401 ns, Total: 347820 ns
[2025-09-11T09:11:13.509+0000][1][safepoint   ] Safepoint "ICBufferFull", Time since last: 7718537 ns, Reaching safepoint: 549731 ns, At safepoint: 48403 ns, Total: 598134 ns
[2025-09-11T09:11:13.519+0000][1][safepoint   ] Safepoint "ICBufferFull", Time since last: 9478537 ns, Reaching safepoint: 302817 ns, At safepoint: 12101 ns, Total: 314918 ns
[2025-09-11T09:11:13.528+0000][1][safepoint   ] Safepoint "ICBufferFull", Time since last: 8944407 ns, Reaching safepoint: 265915 ns, At safepoint: 10200 ns, Total: 276115 ns
[2025-09-11T09:11:13.542+0000][1][safepoint   ] Safepoint "ICBufferFull", Time since last: 13125144 ns, Reaching safepoint: 601934 ns, At safepoint: 97605 ns, Total: 699539 ns
[2025-09-11T09:11:13.560+0000][1][safepoint   ] Safepoint "ICBufferFull", Time since last: 18290137 ns, Reaching safepoint: 303417 ns, At safepoint: 78904 ns, Total: 382321 ns
[2025-09-11T09:11:13.568+0000][1][safepoint   ] Safepoint "ICBufferFull", Time since last: 7660334 ns, Reaching safepoint: 370921 ns, At safepoint: 8701 ns, Total: 379622 ns
[2025-09-11T09:11:13.578+0000][1][safepoint   ] Safepoint "ICBufferFull", Time since last: 9177220 ns, Reaching safepoint: 583033 ns, At safepoint: 15200 ns, Total: 598233 ns
[2025-09-11T09:11:13.588+0000][1][safepoint   ] Safepoint "ICBufferFull", Time since last: 9256925 ns, Reaching safepoint: 445925 ns, At safepoint: 39502 ns, Total: 485427 ns
[2025-09-11T09:11:13.596+0000][1][safepoint   ] Safepoint "ICBufferFull", Time since last: 7559329 ns, Reaching safepoint: 415523 ns, At safepoint: 10401 ns, Total: 425924 ns
[2025-09-11T09:11:13.602+0000][1][safepoint   ] Safepoint "ICBufferFull", Time since last: 5542814 ns, Reaching safepoint: 550231 ns, At safepoint: 14701 ns, Total: 564932 ns
[2025-09-11T09:11:13.610+0000][1][safepoint   ] Safepoint "ICBufferFull", Time since last: 7287613 ns, Reaching safepoint: 397922 ns, At safepoint: 10001 ns, Total: 407923 ns
[2025-09-11T09:11:13.616+0000][1][safepoint   ] Safepoint "ICBufferFull", Time since last: 5885333 ns, Reaching safepoint: 452326 ns, At safepoint: 78404 ns, Total: 530730 ns
[2025-09-11T09:11:14.566+0000][1][safepoint   ] Safepoint "ICBufferFull", Time since last: 949989516 ns, Reaching safepoint: 357921 ns, At safepoint: 33702 ns, Total: 391623 ns
[2025-09-11T09:11:15.302+0000][1][gc,heap,exit] Heap
[2025-09-11T09:11:15.302+0000][1][gc,heap,exit]  garbage-first heap   total 524288K, used 131425K [0x00000000e0000000, 0x0000000100000000)
[2025-09-11T09:11:15.302+0000][1][gc,heap,exit]   region size 1024K, 120 young (122880K), 4 survivors (4096K)
[2025-09-11T09:11:15.302+0000][1][gc,heap,exit]  Metaspace       used 33804K, committed 34176K, reserved 1081344K
[2025-09-11T09:11:15.302+0000][1][gc,heap,exit]   class space    used 4256K, committed 4416K, reserved 1048576K
