[2025-09-23T11:37:05.971+0000][1][gc] Using G1
[2025-09-23T11:37:06.015+0000][1][gc,init] Version: 16.0.1+9 (release)
[2025-09-23T11:37:06.015+0000][1][gc,init] CPUs: 16 total, 16 available
[2025-09-23T11:37:06.015+0000][1][gc,init] Memory: 15898M
[2025-09-23T11:37:06.015+0000][1][gc,init] Large Page Support: Disabled
[2025-09-23T11:37:06.015+0000][1][gc,init] NUMA Support: Disabled
[2025-09-23T11:37:06.016+0000][1][gc,init] Compressed Oops: Enabled (32-bit)
[2025-09-23T11:37:06.016+0000][1][gc,init] Heap Region Size: 1M
[2025-09-23T11:37:06.016+0000][1][gc,init] Heap Min Capacity: 512M
[2025-09-23T11:37:06.016+0000][1][gc,init] Heap Initial Capacity: 512M
[2025-09-23T11:37:06.016+0000][1][gc,init] Heap Max Capacity: 512M
[2025-09-23T11:37:06.016+0000][1][gc,init] Pre-touch: Disabled
[2025-09-23T11:37:06.016+0000][1][gc,init] Parallel Workers: 13
[2025-09-23T11:37:06.016+0000][1][gc,init] Concurrent Workers: 3
[2025-09-23T11:37:06.016+0000][1][gc,init] Concurrent Refinement Workers: 13
[2025-09-23T11:37:06.016+0000][1][gc,init] Periodic GC: Disabled
[2025-09-23T11:37:06.024+0000][1][gc,metaspace] CDS archive(s) mapped at: [0x0000000800000000-0x0000000800bea000-0x0000000800bea000), size 12492800, SharedBaseAddress: 0x0000000800000000, ArchiveRelocationMode: 0.
[2025-09-23T11:37:06.025+0000][1][gc,metaspace] Compressed class space mapped at: 0x0000000800c00000-0x0000000840c00000, reserved size: 1073741824
[2025-09-23T11:37:06.025+0000][1][gc,metaspace] Narrow klass base: 0x0000000800000000, Narrow klass shift: 3, Narrow klass range: 0x100000000
[2025-09-23T11:37:07.467+0000][1][safepoint   ] Safepoint "Cleanup", Time since last: 1004426610 ns, Reaching safepoint: 4706608 ns, At safepoint: 63702 ns, Total: 4770310 ns
[2025-09-23T11:37:09.360+0000][1][safepoint   ] Safepoint "Cleanup", Time since last: 1883889597 ns, Reaching safepoint: 9309012 ns, At safepoint: 73403 ns, Total: 9382415 ns
[2025-09-23T11:37:10.363+0000][1][safepoint   ] Safepoint "Cleanup", Time since last: 1000739448 ns, Reaching safepoint: 1635572 ns, At safepoint: 18001 ns, Total: 1653573 ns
[2025-09-23T11:37:11.372+0000][1][safepoint   ] Safepoint "Cleanup", Time since last: 1008636286 ns, Reaching safepoint: 251563 ns, At safepoint: 92724 ns, Total: 344287 ns
[2025-09-23T11:37:11.589+0000][1][gc,start    ] GC(0) Pause Young (Normal) (G1 Evacuation Pause)
[2025-09-23T11:37:11.617+0000][1][gc,task     ] GC(0) Using 12 workers of 13 for evacuation
[2025-09-23T11:37:11.617+0000][1][gc,age      ] GC(0) Desired survivor size 2097152 bytes, new threshold 15 (max threshold 15)
[2025-09-23T11:37:11.646+0000][1][gc,age      ] GC(0) Age table with threshold 15 (max threshold 15)
[2025-09-23T11:37:11.646+0000][1][gc,age      ] GC(0) - age   1:    3978016 bytes,    3978016 total
[2025-09-23T11:37:11.646+0000][1][gc,phases   ] GC(0)   Pre Evacuate Collection Set: 0.3ms
[2025-09-23T11:37:11.646+0000][1][gc,phases   ] GC(0)   Merge Heap Roots: 0.2ms
[2025-09-23T11:37:11.646+0000][1][gc,phases   ] GC(0)   Evacuate Collection Set: 25.6ms
[2025-09-23T11:37:11.646+0000][1][gc,phases   ] GC(0)   Post Evacuate Collection Set: 2.9ms
[2025-09-23T11:37:11.646+0000][1][gc,phases   ] GC(0)   Other: 28.1ms
[2025-09-23T11:37:11.646+0000][1][gc,heap     ] GC(0) Eden regions: 25->0(29)
[2025-09-23T11:37:11.646+0000][1][gc,heap     ] GC(0) Survivor regions: 0->4(4)
[2025-09-23T11:37:11.646+0000][1][gc,heap     ] GC(0) Old regions: 0->3
[2025-09-23T11:37:11.646+0000][1][gc,heap     ] GC(0) Archive regions: 2->2
[2025-09-23T11:37:11.646+0000][1][gc,heap     ] GC(0) Humongous regions: 1->1
[2025-09-23T11:37:11.646+0000][1][gc,metaspace] GC(0) Metaspace: 7786K(8000K)->7786K(8000K) NonClass: 6974K(7104K)->6974K(7104K) Class: 812K(896K)->812K(896K)
[2025-09-23T11:37:11.646+0000][1][gc          ] GC(0) Pause Young (Normal) (G1 Evacuation Pause) 26M->8M(512M) 57.357ms
[2025-09-23T11:37:11.646+0000][1][gc,cpu      ] GC(0) User=0.04s Sys=0.04s Real=0.05s
[2025-09-23T11:37:11.646+0000][1][safepoint   ] Safepoint "G1CollectForAllocation", Time since last: 217205364 ns, Reaching safepoint: 38510 ns, At safepoint: 57549483 ns, Total: 57587993 ns
[2025-09-23T11:37:12.721+0000][1][safepoint   ] Safepoint "Cleanup", Time since last: 1074379992 ns, Reaching safepoint: 279770 ns, At safepoint: 48012 ns, Total: 327782 ns
[2025-09-23T11:37:14.399+0000][1][safepoint   ] Safepoint "Cleanup", Time since last: 1674416304 ns, Reaching safepoint: 3638516 ns, At safepoint: 24406 ns, Total: 3662922 ns
[2025-09-23T11:37:15.219+0000][1][gc,start    ] GC(1) Pause Young (Normal) (G1 Evacuation Pause)
[2025-09-23T11:37:15.220+0000][1][gc,task     ] GC(1) Using 12 workers of 13 for evacuation
[2025-09-23T11:37:15.220+0000][1][gc,age      ] GC(1) Desired survivor size 2621440 bytes, new threshold 1 (max threshold 15)
[2025-09-23T11:37:15.261+0000][1][gc,age      ] GC(1) Age table with threshold 1 (max threshold 15)
[2025-09-23T11:37:15.261+0000][1][gc,age      ] GC(1) - age   1:    4101088 bytes,    4101088 total
[2025-09-23T11:37:15.261+0000][1][gc,phases   ] GC(1)   Pre Evacuate Collection Set: 1.3ms
[2025-09-23T11:37:15.261+0000][1][gc,phases   ] GC(1)   Merge Heap Roots: 0.2ms
[2025-09-23T11:37:15.261+0000][1][gc,phases   ] GC(1)   Evacuate Collection Set: 33.9ms
[2025-09-23T11:37:15.261+0000][1][gc,phases   ] GC(1)   Post Evacuate Collection Set: 5.9ms
[2025-09-23T11:37:15.262+0000][1][gc,phases   ] GC(1)   Other: 1.0ms
[2025-09-23T11:37:15.262+0000][1][gc,heap     ] GC(1) Eden regions: 29->0(303)
[2025-09-23T11:37:15.262+0000][1][gc,heap     ] GC(1) Survivor regions: 4->4(5)
[2025-09-23T11:37:15.262+0000][1][gc,heap     ] GC(1) Old regions: 3->7
[2025-09-23T11:37:15.262+0000][1][gc,heap     ] GC(1) Archive regions: 2->2
[2025-09-23T11:37:15.262+0000][1][gc,heap     ] GC(1) Humongous regions: 1->1
[2025-09-23T11:37:15.262+0000][1][gc,metaspace] GC(1) Metaspace: 12763K(12992K)->12763K(12992K) NonClass: 11315K(11456K)->11315K(11456K) Class: 1447K(1536K)->1447K(1536K)
[2025-09-23T11:37:15.262+0000][1][gc          ] GC(1) Pause Young (Normal) (G1 Evacuation Pause) 37M->12M(512M) 42.394ms
[2025-09-23T11:37:15.262+0000][1][gc,cpu      ] GC(1) User=0.08s Sys=0.03s Real=0.04s
[2025-09-23T11:37:15.262+0000][1][safepoint   ] Safepoint "G1CollectForAllocation", Time since last: 819179464 ns, Reaching safepoint: 743587 ns, At safepoint: 42833880 ns, Total: 43577467 ns
[2025-09-23T11:37:16.747+0000][1][safepoint   ] Safepoint "Cleanup", Time since last: 1482106205 ns, Reaching safepoint: 3410958 ns, At safepoint: 21506 ns, Total: 3432464 ns
[2025-09-23T11:37:17.759+0000][1][safepoint   ] Safepoint "Cleanup", Time since last: 1007634993 ns, Reaching safepoint: 3538891 ns, At safepoint: 51013 ns, Total: 3589904 ns
[2025-09-23T11:37:19.686+0000][1][safepoint   ] Safepoint "Cleanup", Time since last: 1925584028 ns, Reaching safepoint: 1506161 ns, At safepoint: 42508 ns, Total: 1548669 ns
[2025-09-23T11:37:20.135+0000][1][gc,start    ] GC(2) Pause Young (Concurrent Start) (Metadata GC Threshold)
[2025-09-23T11:37:20.135+0000][1][gc,task     ] GC(2) Using 12 workers of 13 for evacuation
[2025-09-23T11:37:20.136+0000][1][gc,age      ] GC(2) Desired survivor size 20447232 bytes, new threshold 15 (max threshold 15)
[2025-09-23T11:37:20.159+0000][1][gc,age      ] GC(2) Age table with threshold 15 (max threshold 15)
[2025-09-23T11:37:20.159+0000][1][gc,age      ] GC(2) - age   1:    1978752 bytes,    1978752 total
[2025-09-23T11:37:20.159+0000][1][gc,age      ] GC(2) - age   2:    1663176 bytes,    3641928 total
[2025-09-23T11:37:20.159+0000][1][gc,phases   ] GC(2)   Pre Evacuate Collection Set: 0.4ms
[2025-09-23T11:37:20.160+0000][1][gc,phases   ] GC(2)   Merge Heap Roots: 0.3ms
[2025-09-23T11:37:20.160+0000][1][gc,phases   ] GC(2)   Evacuate Collection Set: 19.5ms
[2025-09-23T11:37:20.160+0000][1][gc,phases   ] GC(2)   Post Evacuate Collection Set: 2.6ms
[2025-09-23T11:37:20.160+0000][1][gc,phases   ] GC(2)   Other: 1.7ms
[2025-09-23T11:37:20.160+0000][1][gc,heap     ] GC(2) Eden regions: 184->0(303)
[2025-09-23T11:37:20.160+0000][1][gc,heap     ] GC(2) Survivor regions: 4->4(39)
[2025-09-23T11:37:20.160+0000][1][gc,heap     ] GC(2) Old regions: 7->7
[2025-09-23T11:37:20.161+0000][1][gc,heap     ] GC(2) Archive regions: 2->2
[2025-09-23T11:37:20.161+0000][1][gc,heap     ] GC(2) Humongous regions: 1->1
[2025-09-23T11:37:20.161+0000][1][gc,metaspace] GC(2) Metaspace: 20986K(21248K)->20986K(21248K) NonClass: 18442K(18560K)->18442K(18560K) Class: 2544K(2688K)->2544K(2688K)
[2025-09-23T11:37:20.161+0000][1][gc          ] GC(2) Pause Young (Concurrent Start) (Metadata GC Threshold) 196M->12M(512M) 25.835ms
[2025-09-23T11:37:20.161+0000][1][gc,cpu      ] GC(2) User=0.05s Sys=0.01s Real=0.03s
[2025-09-23T11:37:20.161+0000][1][gc          ] GC(3) Concurrent Mark Cycle
[2025-09-23T11:37:20.162+0000][1][gc,marking  ] GC(3) Concurrent Clear Claimed Marks
[2025-09-23T11:37:20.162+0000][1][gc,marking  ] GC(3) Concurrent Clear Claimed Marks 0.104ms
[2025-09-23T11:37:20.162+0000][1][gc,marking  ] GC(3) Concurrent Scan Root Regions
[2025-09-23T11:37:20.161+0000][1][safepoint   ] Safepoint "CollectForMetadataAllocation", Time since last: 449211239 ns, Reaching safepoint: 123221 ns, At safepoint: 26273465 ns, Total: 26396686 ns
[2025-09-23T11:37:20.168+0000][1][gc,marking  ] GC(3) Concurrent Scan Root Regions 6.145ms
[2025-09-23T11:37:20.168+0000][1][gc,marking  ] GC(3) Concurrent Mark
[2025-09-23T11:37:20.168+0000][1][gc,marking  ] GC(3) Concurrent Mark From Roots
[2025-09-23T11:37:20.172+0000][1][gc,task     ] GC(3) Using 3 workers of 3 for marking
[2025-09-23T11:37:20.183+0000][1][gc,marking  ] GC(3) Concurrent Mark From Roots 14.925ms
[2025-09-23T11:37:20.183+0000][1][gc,marking  ] GC(3) Concurrent Preclean
[2025-09-23T11:37:20.183+0000][1][gc,marking  ] GC(3) Concurrent Preclean 0.226ms
[2025-09-23T11:37:20.184+0000][1][gc,start    ] GC(3) Pause Remark
[2025-09-23T11:37:20.195+0000][1][gc          ] GC(3) Pause Remark 13M->13M(512M) 10.698ms
[2025-09-23T11:37:20.195+0000][1][gc,cpu      ] GC(3) User=0.01s Sys=0.01s Real=0.01s
[2025-09-23T11:37:20.195+0000][1][safepoint   ] Safepoint "G1Concurrent", Time since last: 22442098 ns, Reaching safepoint: 313655 ns, At safepoint: 10898593 ns, Total: 11212248 ns
[2025-09-23T11:37:20.195+0000][1][gc,marking  ] GC(3) Concurrent Mark 27.254ms
[2025-09-23T11:37:20.196+0000][1][gc,marking  ] GC(3) Concurrent Rebuild Remembered Sets
[2025-09-23T11:37:20.204+0000][1][gc,marking  ] GC(3) Concurrent Rebuild Remembered Sets 7.801ms
[2025-09-23T11:37:20.208+0000][1][gc,start    ] GC(3) Pause Cleanup
[2025-09-23T11:37:20.208+0000][1][gc          ] GC(3) Pause Cleanup 13M->13M(512M) 0.526ms
[2025-09-23T11:37:20.208+0000][1][gc,cpu      ] GC(3) User=0.00s Sys=0.00s Real=0.00s
[2025-09-23T11:37:20.208+0000][1][safepoint   ] Safepoint "G1Concurrent", Time since last: 8885944 ns, Reaching safepoint: 3710144 ns, At safepoint: 705223 ns, Total: 4415367 ns
[2025-09-23T11:37:20.208+0000][1][gc,marking  ] GC(3) Concurrent Cleanup for Next Mark
[2025-09-23T11:37:20.220+0000][1][gc,marking  ] GC(3) Concurrent Cleanup for Next Mark 11.290ms
[2025-09-23T11:37:20.220+0000][1][gc          ] GC(3) Concurrent Mark Cycle 58.493ms
[2025-09-23T11:37:21.211+0000][1][safepoint   ] Safepoint "Cleanup", Time since last: 1000183356 ns, Reaching safepoint: 2621255 ns, At safepoint: 85215 ns, Total: 2706470 ns
[2025-09-23T11:37:21.565+0000][1][safepoint   ] Safepoint "ICBufferFull", Time since last: 353201460 ns, Reaching safepoint: 206436 ns, At safepoint: 8901 ns, Total: 215337 ns
[2025-09-23T11:37:21.573+0000][1][safepoint   ] Safepoint "ICBufferFull", Time since last: 8266537 ns, Reaching safepoint: 340859 ns, At safepoint: 9001 ns, Total: 349860 ns
[2025-09-23T11:37:21.587+0000][1][safepoint   ] Safepoint "ICBufferFull", Time since last: 13299811 ns, Reaching safepoint: 636910 ns, At safepoint: 9502 ns, Total: 646412 ns
[2025-09-23T11:37:21.598+0000][1][safepoint   ] Safepoint "ICBufferFull", Time since last: 10722563 ns, Reaching safepoint: 124121 ns, At safepoint: 6102 ns, Total: 130223 ns
[2025-09-23T11:37:21.608+0000][1][safepoint   ] Safepoint "ICBufferFull", Time since last: 9515253 ns, Reaching safepoint: 145525 ns, At safepoint: 7101 ns, Total: 152626 ns
[2025-09-23T11:37:21.634+0000][1][safepoint   ] Safepoint "ICBufferFull", Time since last: 21280697 ns, Reaching safepoint: 4552091 ns, At safepoint: 65611 ns, Total: 4617702 ns
[2025-09-23T11:37:21.663+0000][1][safepoint   ] Safepoint "ICBufferFull", Time since last: 29227078 ns, Reaching safepoint: 286950 ns, At safepoint: 11602 ns, Total: 298552 ns
[2025-09-23T11:37:21.671+0000][1][safepoint   ] Safepoint "ICBufferFull", Time since last: 7147641 ns, Reaching safepoint: 413772 ns, At safepoint: 52309 ns, Total: 466081 ns
[2025-09-23T11:37:21.685+0000][1][safepoint   ] Safepoint "ICBufferFull", Time since last: 14043040 ns, Reaching safepoint: 326957 ns, At safepoint: 13002 ns, Total: 339959 ns
[2025-09-23T11:37:21.700+0000][1][safepoint   ] Safepoint "ICBufferFull", Time since last: 14766265 ns, Reaching safepoint: 232241 ns, At safepoint: 46008 ns, Total: 278249 ns
[2025-09-23T11:37:21.707+0000][1][safepoint   ] Safepoint "ICBufferFull", Time since last: 6763274 ns, Reaching safepoint: 176731 ns, At safepoint: 6701 ns, Total: 183432 ns
[2025-09-23T11:37:21.716+0000][1][safepoint   ] Safepoint "ICBufferFull", Time since last: 7894472 ns, Reaching safepoint: 457179 ns, At safepoint: 53710 ns, Total: 510889 ns
[2025-09-23T11:37:21.727+0000][1][safepoint   ] Safepoint "ICBufferFull", Time since last: 11120631 ns, Reaching safepoint: 349061 ns, At safepoint: 11002 ns, Total: 360063 ns
[2025-09-23T11:37:21.735+0000][1][safepoint   ] Safepoint "ICBufferFull", Time since last: 8138414 ns, Reaching safepoint: 249943 ns, At safepoint: 7702 ns, Total: 257645 ns
[2025-09-23T11:37:21.744+0000][1][safepoint   ] Safepoint "ICBufferFull", Time since last: 8397358 ns, Reaching safepoint: 389968 ns, At safepoint: 12102 ns, Total: 402070 ns
[2025-09-23T11:37:21.751+0000][1][safepoint   ] Safepoint "ICBufferFull", Time since last: 6736171 ns, Reaching safepoint: 524791 ns, At safepoint: 10101 ns, Total: 534892 ns
[2025-09-23T11:37:21.759+0000][1][safepoint   ] Safepoint "ICBufferFull", Time since last: 7075630 ns, Reaching safepoint: 192033 ns, At safepoint: 8201 ns, Total: 200234 ns
[2025-09-23T11:37:22.633+0000][1][safepoint   ] Safepoint "ICBufferFull", Time since last: 874247179 ns, Reaching safepoint: 313354 ns, At safepoint: 9102 ns, Total: 322456 ns
[2025-09-23T11:37:24.309+0000][1][gc,start    ] GC(4) Pause Young (Concurrent Start) (Metadata GC Threshold)
[2025-09-23T11:37:24.309+0000][1][gc,task     ] GC(4) Using 12 workers of 13 for evacuation
[2025-09-23T11:37:24.309+0000][1][gc,age      ] GC(4) Desired survivor size 20447232 bytes, new threshold 15 (max threshold 15)
[2025-09-23T11:37:24.325+0000][1][gc,age      ] GC(4) Age table with threshold 15 (max threshold 15)
[2025-09-23T11:37:24.325+0000][1][gc,age      ] GC(4) - age   1:    5544008 bytes,    5544008 total
[2025-09-23T11:37:24.325+0000][1][gc,age      ] GC(4) - age   2:    1881384 bytes,    7425392 total
[2025-09-23T11:37:24.325+0000][1][gc,age      ] GC(4) - age   3:    1630896 bytes,    9056288 total
[2025-09-23T11:37:24.325+0000][1][gc,phases   ] GC(4)   Pre Evacuate Collection Set: 0.4ms
[2025-09-23T11:37:24.325+0000][1][gc,phases   ] GC(4)   Merge Heap Roots: 0.4ms
[2025-09-23T11:37:24.325+0000][1][gc,phases   ] GC(4)   Evacuate Collection Set: 9.6ms
[2025-09-23T11:37:24.325+0000][1][gc,phases   ] GC(4)   Post Evacuate Collection Set: 5.3ms
[2025-09-23T11:37:24.325+0000][1][gc,phases   ] GC(4)   Other: 0.6ms
[2025-09-23T11:37:24.325+0000][1][gc,heap     ] GC(4) Eden regions: 120->0(298)
[2025-09-23T11:37:24.325+0000][1][gc,heap     ] GC(4) Survivor regions: 4->9(39)
[2025-09-23T11:37:24.325+0000][1][gc,heap     ] GC(4) Old regions: 7->7
[2025-09-23T11:37:24.325+0000][1][gc,heap     ] GC(4) Archive regions: 2->2
[2025-09-23T11:37:24.325+0000][1][gc,heap     ] GC(4) Humongous regions: 2->1
[2025-09-23T11:37:24.325+0000][1][gc,metaspace] GC(4) Metaspace: 35315K(35648K)->35315K(35648K) NonClass: 30741K(30912K)->30741K(30912K) Class: 4574K(4736K)->4574K(4736K)
[2025-09-23T11:37:24.325+0000][1][gc          ] GC(4) Pause Young (Concurrent Start) (Metadata GC Threshold) 133M->17M(512M) 16.402ms
[2025-09-23T11:37:24.326+0000][1][gc,cpu      ] GC(4) User=0.06s Sys=0.01s Real=0.01s
[2025-09-23T11:37:24.326+0000][1][gc          ] GC(5) Concurrent Mark Cycle
[2025-09-23T11:37:24.326+0000][1][gc,marking  ] GC(5) Concurrent Clear Claimed Marks
[2025-09-23T11:37:24.326+0000][1][gc,marking  ] GC(5) Concurrent Clear Claimed Marks 0.050ms
[2025-09-23T11:37:24.326+0000][1][gc,marking  ] GC(5) Concurrent Scan Root Regions
[2025-09-23T11:37:24.326+0000][1][safepoint   ] Safepoint "CollectForMetadataAllocation", Time since last: 1675215825 ns, Reaching safepoint: 482084 ns, At safepoint: 17475436 ns, Total: 17957520 ns
[2025-09-23T11:37:24.331+0000][1][gc,marking  ] GC(5) Concurrent Scan Root Regions 4.905ms
[2025-09-23T11:37:24.331+0000][1][gc,marking  ] GC(5) Concurrent Mark
[2025-09-23T11:37:24.331+0000][1][gc,marking  ] GC(5) Concurrent Mark From Roots
[2025-09-23T11:37:24.331+0000][1][gc,task     ] GC(5) Using 3 workers of 3 for marking
[2025-09-23T11:37:24.341+0000][1][gc,marking  ] GC(5) Concurrent Mark From Roots 10.119ms
[2025-09-23T11:37:24.341+0000][1][gc,marking  ] GC(5) Concurrent Preclean
[2025-09-23T11:37:24.341+0000][1][gc,marking  ] GC(5) Concurrent Preclean 0.297ms
[2025-09-23T11:37:24.342+0000][1][gc,start    ] GC(5) Pause Remark
[2025-09-23T11:37:24.350+0000][1][gc          ] GC(5) Pause Remark 18M->18M(512M) 7.954ms
[2025-09-23T11:37:24.350+0000][1][gc,cpu      ] GC(5) User=0.02s Sys=0.00s Real=0.01s
[2025-09-23T11:37:24.350+0000][1][safepoint   ] Safepoint "G1Concurrent", Time since last: 15018509 ns, Reaching safepoint: 628409 ns, At safepoint: 8366254 ns, Total: 8994663 ns
[2025-09-23T11:37:24.351+0000][1][gc,marking  ] GC(5) Concurrent Mark 19.840ms
[2025-09-23T11:37:24.351+0000][1][gc,marking  ] GC(5) Concurrent Rebuild Remembered Sets
[2025-09-23T11:37:24.353+0000][1][gc,marking  ] GC(5) Concurrent Rebuild Remembered Sets 2.417ms
[2025-09-23T11:37:24.354+0000][1][gc,start    ] GC(5) Pause Cleanup
[2025-09-23T11:37:24.354+0000][1][gc          ] GC(5) Pause Cleanup 18M->18M(512M) 0.642ms
[2025-09-23T11:37:24.354+0000][1][gc,cpu      ] GC(5) User=0.00s Sys=0.00s Real=0.00s
[2025-09-23T11:37:24.355+0000][1][safepoint   ] Safepoint "G1Concurrent", Time since last: 2750478 ns, Reaching safepoint: 416372 ns, At safepoint: 842446 ns, Total: 1258818 ns
[2025-09-23T11:37:24.355+0000][1][gc,marking  ] GC(5) Concurrent Cleanup for Next Mark
[2025-09-23T11:37:24.358+0000][1][gc,marking  ] GC(5) Concurrent Cleanup for Next Mark 3.207ms
[2025-09-23T11:37:24.358+0000][1][gc          ] GC(5) Concurrent Mark Cycle 32.338ms
[2025-09-23T11:37:25.321+0000][1][safepoint   ] Safepoint "ICBufferFull", Time since last: 964974740 ns, Reaching safepoint: 1354235 ns, At safepoint: 10202 ns, Total: 1364437 ns
[2025-09-23T11:37:26.200+0000][1][safepoint   ] Safepoint "ICBufferFull", Time since last: 878584732 ns, Reaching safepoint: 445077 ns, At safepoint: 9502 ns, Total: 454579 ns
[2025-09-23T11:37:27.293+0000][1][safepoint   ] Safepoint "ICBufferFull", Time since last: 1092834800 ns, Reaching safepoint: 461476 ns, At safepoint: 6767 ns, Total: 468243 ns
[2025-09-23T11:37:28.435+0000][1][safepoint   ] Safepoint "Cleanup", Time since last: 1141004905 ns, Reaching safepoint: 563401 ns, At safepoint: 45100 ns, Total: 608501 ns
[2025-09-23T11:37:28.721+0000][1][gc,start    ] GC(6) Pause Young (Concurrent Start) (Metadata GC Threshold)
[2025-09-23T11:37:28.722+0000][1][gc,task     ] GC(6) Using 12 workers of 13 for evacuation
[2025-09-23T11:37:28.722+0000][1][gc,age      ] GC(6) Desired survivor size 20447232 bytes, new threshold 15 (max threshold 15)
[2025-09-23T11:37:28.779+0000][1][gc,age      ] GC(6) Age table with threshold 15 (max threshold 15)
[2025-09-23T11:37:28.779+0000][1][gc,age      ] GC(6) - age   1:    9187152 bytes,    9187152 total
[2025-09-23T11:37:28.779+0000][1][gc,age      ] GC(6) - age   2:    5314888 bytes,   14502040 total
[2025-09-23T11:37:28.779+0000][1][gc,age      ] GC(6) - age   3:    1851808 bytes,   16353848 total
[2025-09-23T11:37:28.779+0000][1][gc,age      ] GC(6) - age   4:    1619992 bytes,   17973840 total
[2025-09-23T11:37:28.779+0000][1][gc,phases   ] GC(6)   Pre Evacuate Collection Set: 0.4ms
[2025-09-23T11:37:28.779+0000][1][gc,phases   ] GC(6)   Merge Heap Roots: 0.4ms
[2025-09-23T11:37:28.779+0000][1][gc,phases   ] GC(6)   Evacuate Collection Set: 48.3ms
[2025-09-23T11:37:28.779+0000][1][gc,phases   ] GC(6)   Post Evacuate Collection Set: 7.6ms
[2025-09-23T11:37:28.779+0000][1][gc,phases   ] GC(6)   Other: 0.8ms
[2025-09-23T11:37:28.779+0000][1][gc,heap     ] GC(6) Eden regions: 116->0(289)
[2025-09-23T11:37:28.779+0000][1][gc,heap     ] GC(6) Survivor regions: 9->18(39)
[2025-09-23T11:37:28.779+0000][1][gc,heap     ] GC(6) Old regions: 7->7
[2025-09-23T11:37:28.779+0000][1][gc,heap     ] GC(6) Archive regions: 2->2
[2025-09-23T11:37:28.779+0000][1][gc,heap     ] GC(6) Humongous regions: 1->1
[2025-09-23T11:37:28.779+0000][1][gc,metaspace] GC(6) Metaspace: 59021K(59520K)->59021K(59520K) NonClass: 51027K(51264K)->51027K(51264K) Class: 7994K(8256K)->7994K(8256K)
[2025-09-23T11:37:28.779+0000][1][gc          ] GC(6) Pause Young (Concurrent Start) (Metadata GC Threshold) 133M->26M(512M) 57.784ms
[2025-09-23T11:37:28.779+0000][1][gc,cpu      ] GC(6) User=0.25s Sys=0.03s Real=0.06s
[2025-09-23T11:37:28.779+0000][1][gc          ] GC(7) Concurrent Mark Cycle
[2025-09-23T11:37:28.780+0000][1][gc,marking  ] GC(7) Concurrent Clear Claimed Marks
[2025-09-23T11:37:28.780+0000][1][gc,marking  ] GC(7) Concurrent Clear Claimed Marks 0.105ms
[2025-09-23T11:37:28.780+0000][1][gc,marking  ] GC(7) Concurrent Scan Root Regions
[2025-09-23T11:37:28.780+0000][1][safepoint   ] Safepoint "CollectForMetadataAllocation", Time since last: 285744485 ns, Reaching safepoint: 835300 ns, At safepoint: 58224659 ns, Total: 59059959 ns
[2025-09-23T11:37:28.807+0000][1][gc,marking  ] GC(7) Concurrent Scan Root Regions 27.140ms
[2025-09-23T11:37:28.807+0000][1][gc,marking  ] GC(7) Concurrent Mark
[2025-09-23T11:37:28.807+0000][1][gc,marking  ] GC(7) Concurrent Mark From Roots
[2025-09-23T11:37:28.807+0000][1][gc,task     ] GC(7) Using 3 workers of 3 for marking
[2025-09-23T11:37:28.835+0000][1][gc,marking  ] GC(7) Concurrent Mark From Roots 27.888ms
[2025-09-23T11:37:28.835+0000][1][gc,marking  ] GC(7) Concurrent Preclean
[2025-09-23T11:37:28.835+0000][1][gc,marking  ] GC(7) Concurrent Preclean 0.232ms
[2025-09-23T11:37:28.837+0000][1][gc,start    ] GC(7) Pause Remark
[2025-09-23T11:37:28.845+0000][1][gc          ] GC(7) Pause Remark 28M->28M(512M) 8.653ms
[2025-09-23T11:37:28.845+0000][1][gc,cpu      ] GC(7) User=0.03s Sys=0.00s Real=0.01s
[2025-09-23T11:37:28.845+0000][1][safepoint   ] Safepoint "G1Concurrent", Time since last: 55636855 ns, Reaching safepoint: 1229801 ns, At safepoint: 9001509 ns, Total: 10231310 ns
[2025-09-23T11:37:28.859+0000][1][gc,marking  ] GC(7) Concurrent Mark 51.931ms
[2025-09-23T11:37:28.859+0000][1][gc,marking  ] GC(7) Concurrent Rebuild Remembered Sets
[2025-09-23T11:37:28.865+0000][1][gc,marking  ] GC(7) Concurrent Rebuild Remembered Sets 6.327ms
[2025-09-23T11:37:28.866+0000][1][gc,start    ] GC(7) Pause Cleanup
[2025-09-23T11:37:28.866+0000][1][gc          ] GC(7) Pause Cleanup 29M->29M(512M) 0.369ms
[2025-09-23T11:37:28.866+0000][1][gc,cpu      ] GC(7) User=0.00s Sys=0.00s Real=0.00s
[2025-09-23T11:37:28.866+0000][1][safepoint   ] Safepoint "G1Concurrent", Time since last: 20052220 ns, Reaching safepoint: 277500 ns, At safepoint: 489301 ns, Total: 766801 ns
[2025-09-23T11:37:28.866+0000][1][gc,marking  ] GC(7) Concurrent Cleanup for Next Mark
[2025-09-23T11:37:28.868+0000][1][gc,marking  ] GC(7) Concurrent Cleanup for Next Mark 1.535ms
[2025-09-23T11:37:28.868+0000][1][gc          ] GC(7) Concurrent Mark Cycle 88.619ms
[2025-09-23T11:37:29.757+0000][1][safepoint   ] Safepoint "ICBufferFull", Time since last: 889914787 ns, Reaching safepoint: 368800 ns, At safepoint: 86100 ns, Total: 454900 ns
[2025-09-23T11:37:30.757+0000][1][safepoint   ] Safepoint "Cleanup", Time since last: 1000358997 ns, Reaching safepoint: 409500 ns, At safepoint: 15300 ns, Total: 424800 ns
[2025-09-23T11:37:31.765+0000][1][safepoint   ] Safepoint "Cleanup", Time since last: 1006840603 ns, Reaching safepoint: 464901 ns, At safepoint: 23400 ns, Total: 488301 ns
[2025-09-23T11:37:32.766+0000][1][safepoint   ] Safepoint "Cleanup", Time since last: 1000310696 ns, Reaching safepoint: 517101 ns, At safepoint: 18000 ns, Total: 535101 ns
[2025-09-23T11:37:35.767+0000][1][safepoint   ] Safepoint "Cleanup", Time since last: 3000588960 ns, Reaching safepoint: 541701 ns, At safepoint: 28800 ns, Total: 570501 ns
[2025-09-23T11:37:36.993+0000][1][safepoint   ] Safepoint "Cleanup", Time since last: 1225905291 ns, Reaching safepoint: 543700 ns, At safepoint: 17300 ns, Total: 561000 ns
[2025-09-23T11:37:39.996+0000][1][safepoint   ] Safepoint "Cleanup", Time since last: 3000638016 ns, Reaching safepoint: 475500 ns, At safepoint: 21600 ns, Total: 497100 ns
[2025-09-23T11:37:41.997+0000][1][safepoint   ] Safepoint "Cleanup", Time since last: 2000483044 ns, Reaching safepoint: 436200 ns, At safepoint: 17300 ns, Total: 453500 ns
[2025-09-23T11:37:43.997+0000][1][safepoint   ] Safepoint "Cleanup", Time since last: 2000570363 ns, Reaching safepoint: 393077 ns, At safepoint: 12412 ns, Total: 405489 ns
[2025-09-23T11:37:47.999+0000][1][safepoint   ] Safepoint "Cleanup", Time since last: 4000820967 ns, Reaching safepoint: 347400 ns, At safepoint: 17000 ns, Total: 364400 ns
[2025-09-23T11:37:50.006+0000][1][safepoint   ] Safepoint "Cleanup", Time since last: 2006680212 ns, Reaching safepoint: 611100 ns, At safepoint: 23200 ns, Total: 634300 ns
[2025-09-23T11:37:55.007+0000][1][safepoint   ] Safepoint "Cleanup", Time since last: 5001028344 ns, Reaching safepoint: 434381 ns, At safepoint: 14399 ns, Total: 448780 ns
[2025-09-23T11:37:56.008+0000][1][safepoint   ] Safepoint "Cleanup", Time since last: 1000271198 ns, Reaching safepoint: 396982 ns, At safepoint: 12300 ns, Total: 409282 ns
[2025-09-23T11:37:57.009+0000][1][safepoint   ] Safepoint "Cleanup", Time since last: 1000241999 ns, Reaching safepoint: 396683 ns, At safepoint: 20399 ns, Total: 417082 ns
[2025-09-23T11:37:59.010+0000][1][safepoint   ] Safepoint "Cleanup", Time since last: 2000444561 ns, Reaching safepoint: 728359 ns, At safepoint: 29665 ns, Total: 758024 ns
[2025-09-23T11:38:01.011+0000][1][safepoint   ] Safepoint "Cleanup", Time since last: 2000792232 ns, Reaching safepoint: 384400 ns, At safepoint: 11800 ns, Total: 396200 ns
[2025-09-23T11:38:03.012+0000][1][safepoint   ] Safepoint "Cleanup", Time since last: 2000471718 ns, Reaching safepoint: 380400 ns, At safepoint: 12400 ns, Total: 392800 ns
[2025-09-23T11:38:10.013+0000][1][safepoint   ] Safepoint "Cleanup", Time since last: 7001332832 ns, Reaching safepoint: 356999 ns, At safepoint: 12400 ns, Total: 369399 ns
[2025-09-23T11:38:11.014+0000][1][safepoint   ] Safepoint "Cleanup", Time since last: 1000308479 ns, Reaching safepoint: 342400 ns, At safepoint: 10700 ns, Total: 353100 ns
[2025-09-23T11:38:12.014+0000][1][safepoint   ] Safepoint "Cleanup", Time since last: 1000271878 ns, Reaching safepoint: 347600 ns, At safepoint: 10600 ns, Total: 358200 ns
[2025-09-23T11:38:17.016+0000][1][safepoint   ] Safepoint "Cleanup", Time since last: 5000994736 ns, Reaching safepoint: 386332 ns, At safepoint: 10501 ns, Total: 396833 ns
[2025-09-23T11:38:18.017+0000][1][safepoint   ] Safepoint "Cleanup", Time since last: 1000370610 ns, Reaching safepoint: 394533 ns, At safepoint: 13701 ns, Total: 408234 ns
[2025-09-23T11:38:19.017+0000][1][safepoint   ] Safepoint "Cleanup", Time since last: 1000306005 ns, Reaching safepoint: 368430 ns, At safepoint: 20202 ns, Total: 388632 ns
[2025-09-23T11:38:27.019+0000][1][safepoint   ] Safepoint "Cleanup", Time since last: 8001575594 ns, Reaching safepoint: 531101 ns, At safepoint: 23500 ns, Total: 554601 ns
[2025-09-23T11:38:29.020+0000][1][safepoint   ] Safepoint "Cleanup", Time since last: 2000389186 ns, Reaching safepoint: 351400 ns, At safepoint: 14700 ns, Total: 366100 ns
[2025-09-23T11:38:31.912+0000][1][safepoint   ] Safepoint "Cleanup", Time since last: 2885679312 ns, Reaching safepoint: 5748373 ns, At safepoint: 129202 ns, Total: 5877575 ns
[2025-09-23T11:38:33.260+0000][1][safepoint   ] Safepoint "ICBufferFull", Time since last: 1342790911 ns, Reaching safepoint: 5168166 ns, At safepoint: 155602 ns, Total: 5323768 ns
[2025-09-23T11:38:33.989+0000][1][safepoint   ] Safepoint "ICBufferFull", Time since last: 728493729 ns, Reaching safepoint: 702509 ns, At safepoint: 303904 ns, Total: 1006413 ns
[2025-09-23T11:38:34.990+0000][1][safepoint   ] Safepoint "Cleanup", Time since last: 1000325273 ns, Reaching safepoint: 317504 ns, At safepoint: 19700 ns, Total: 337204 ns
[2025-09-23T11:38:35.991+0000][1][safepoint   ] Safepoint "Cleanup", Time since last: 1000285573 ns, Reaching safepoint: 429405 ns, At safepoint: 27700 ns, Total: 457105 ns
[2025-09-23T11:38:36.992+0000][1][safepoint   ] Safepoint "Cleanup", Time since last: 1000285773 ns, Reaching safepoint: 419505 ns, At safepoint: 92002 ns, Total: 511507 ns
[2025-09-23T11:38:37.991+0000][1][safepoint   ] Safepoint "Cleanup", Time since last: 1000290572 ns, Reaching safepoint: 405305 ns, At safepoint: 72201 ns, Total: 477506 ns
[2025-09-23T11:38:38.996+0000][1][safepoint   ] Safepoint "Cleanup", Time since last: 1000325994 ns, Reaching safepoint: 4991367 ns, At safepoint: 44901 ns, Total: 5036268 ns
[2025-09-23T11:38:39.997+0000][1][safepoint   ] Safepoint "Cleanup", Time since last: 1000261285 ns, Reaching safepoint: 439906 ns, At safepoint: 19000 ns, Total: 458906 ns
[2025-09-23T11:38:40.998+0000][1][safepoint   ] Safepoint "Cleanup", Time since last: 1000261785 ns, Reaching safepoint: 431906 ns, At safepoint: 25800 ns, Total: 457706 ns
[2025-09-23T11:38:41.998+0000][1][safepoint   ] Safepoint "Cleanup", Time since last: 1000389287 ns, Reaching safepoint: 291104 ns, At safepoint: 24000 ns, Total: 315104 ns
[2025-09-23T11:38:43.000+0000][1][safepoint   ] Safepoint "Cleanup", Time since last: 1000656090 ns, Reaching safepoint: 935913 ns, At safepoint: 97101 ns, Total: 1033014 ns
[2025-09-23T11:38:44.001+0000][1][safepoint   ] Safepoint "Cleanup", Time since last: 1000339486 ns, Reaching safepoint: 528207 ns, At safepoint: 35601 ns, Total: 563808 ns
[2025-09-23T11:38:45.002+0000][1][safepoint   ] Safepoint "Cleanup", Time since last: 1000279385 ns, Reaching safepoint: 416506 ns, At safepoint: 32800 ns, Total: 449306 ns
[2025-09-23T11:38:46.002+0000][1][safepoint   ] Safepoint "Cleanup", Time since last: 1000345986 ns, Reaching safepoint: 305805 ns, At safepoint: 31500 ns, Total: 337305 ns
[2025-09-23T11:38:47.003+0000][1][safepoint   ] Safepoint "Cleanup", Time since last: 1000381826 ns, Reaching safepoint: 427826 ns, At safepoint: 71120 ns, Total: 498946 ns
[2025-09-23T11:38:48.004+0000][1][safepoint   ] Safepoint "Cleanup", Time since last: 1000309596 ns, Reaching safepoint: 413521 ns, At safepoint: 47914 ns, Total: 461435 ns
[2025-09-23T11:38:49.005+0000][1][safepoint   ] Safepoint "Cleanup", Time since last: 1000537462 ns, Reaching safepoint: 394716 ns, At safepoint: 23807 ns, Total: 418523 ns
[2025-09-23T11:38:50.006+0000][1][safepoint   ] Safepoint "Cleanup", Time since last: 1000707312 ns, Reaching safepoint: 726612 ns, At safepoint: 39312 ns, Total: 765924 ns
[2025-09-23T11:38:51.008+0000][1][safepoint   ] Safepoint "Cleanup", Time since last: 1000299230 ns, Reaching safepoint: 916621 ns, At safepoint: 202705 ns, Total: 1119326 ns
[2025-09-23T11:38:52.009+0000][1][safepoint   ] Safepoint "Cleanup", Time since last: 1001076079 ns, Reaching safepoint: 289507 ns, At safepoint: 17800 ns, Total: 307307 ns
[2025-09-23T11:38:53.010+0000][1][safepoint   ] Safepoint "Cleanup", Time since last: 1000258661 ns, Reaching safepoint: 423009 ns, At safepoint: 29601 ns, Total: 452610 ns
[2025-09-23T11:38:54.011+0000][1][safepoint   ] Safepoint "Cleanup", Time since last: 1000273061 ns, Reaching safepoint: 446310 ns, At safepoint: 35101 ns, Total: 481411 ns
[2025-09-23T11:38:55.011+0000][1][safepoint   ] Safepoint "Cleanup", Time since last: 1000413722 ns, Reaching safepoint: 331920 ns, At safepoint: 58404 ns, Total: 390324 ns
[2025-09-23T11:38:56.012+0000][1][safepoint   ] Safepoint "Cleanup", Time since last: 1000295841 ns, Reaching safepoint: 347021 ns, At safepoint: 26901 ns, Total: 373922 ns
[2025-09-23T11:38:57.013+0000][1][safepoint   ] Safepoint "Cleanup", Time since last: 1000440250 ns, Reaching safepoint: 635038 ns, At safepoint: 38603 ns, Total: 673641 ns
[2025-09-23T11:38:58.014+0000][1][safepoint   ] Safepoint "Cleanup", Time since last: 1000288940 ns, Reaching safepoint: 481129 ns, At safepoint: 41303 ns, Total: 522432 ns
[2025-09-23T11:38:59.015+0000][1][safepoint   ] Safepoint "Cleanup", Time since last: 1000360444 ns, Reaching safepoint: 483530 ns, At safepoint: 28401 ns, Total: 511931 ns
[2025-09-23T11:39:05.016+0000][1][safepoint   ] Safepoint "Cleanup", Time since last: 6001170567 ns, Reaching safepoint: 264211 ns, At safepoint: 21001 ns, Total: 285212 ns
[2025-09-23T11:39:07.017+0000][1][safepoint   ] Safepoint "Cleanup", Time since last: 2000414948 ns, Reaching safepoint: 460320 ns, At safepoint: 22701 ns, Total: 483021 ns
[2025-09-23T11:39:07.748+0000][1][safepoint   ] Safepoint "ICBufferFull", Time since last: 731940733 ns, Reaching safepoint: 405217 ns, At safepoint: 87803 ns, Total: 493020 ns
[2025-09-23T11:39:08.795+0000][1][safepoint   ] Safepoint "Cleanup", Time since last: 1047135082 ns, Reaching safepoint: 509222 ns, At safepoint: 43701 ns, Total: 552923 ns
[2025-09-23T11:39:26.799+0000][1][safepoint   ] Safepoint "Cleanup", Time since last: 18002806704 ns, Reaching safepoint: 599144 ns, At safepoint: 22201 ns, Total: 621345 ns
[2025-09-23T11:39:28.800+0000][1][safepoint   ] Safepoint "Cleanup", Time since last: 2000399726 ns, Reaching safepoint: 679349 ns, At safepoint: 65805 ns, Total: 745154 ns
[2025-09-23T11:39:30.801+0000][1][safepoint   ] Safepoint "Cleanup", Time since last: 2000369723 ns, Reaching safepoint: 358726 ns, At safepoint: 18902 ns, Total: 377628 ns
[2025-09-23T11:39:31.801+0000][1][safepoint   ] Safepoint "Cleanup", Time since last: 1000288119 ns, Reaching safepoint: 461633 ns, At safepoint: 17901 ns, Total: 479534 ns
[2025-09-23T11:39:33.802+0000][1][safepoint   ] Safepoint "Cleanup", Time since last: 2000444229 ns, Reaching safepoint: 384028 ns, At safepoint: 20902 ns, Total: 404930 ns
[2025-09-23T11:39:34.803+0000][1][safepoint   ] Safepoint "Cleanup", Time since last: 1000358165 ns, Reaching safepoint: 449027 ns, At safepoint: 20901 ns, Total: 469928 ns
[2025-09-23T11:39:36.804+0000][1][safepoint   ] Safepoint "Cleanup", Time since last: 2000440297 ns, Reaching safepoint: 396724 ns, At safepoint: 15001 ns, Total: 411725 ns
[2025-09-23T11:39:38.803+0000][1][safepoint   ] Safepoint "Cleanup", Time since last: 2000377593 ns, Reaching safepoint: 312118 ns, At safepoint: 14801 ns, Total: 326919 ns
[2025-09-23T11:39:54.808+0000][1][safepoint   ] Safepoint "Cleanup", Time since last: 16003638121 ns, Reaching safepoint: 496032 ns, At safepoint: 25801 ns, Total: 521833 ns
[2025-09-23T11:39:56.809+0000][1][safepoint   ] Safepoint "Cleanup", Time since last: 2000502334 ns, Reaching safepoint: 442728 ns, At safepoint: 33702 ns, Total: 476430 ns
[2025-09-23T11:39:58.809+0000][1][safepoint   ] Safepoint "Cleanup", Time since last: 2000439195 ns, Reaching safepoint: 427924 ns, At safepoint: 22801 ns, Total: 450725 ns
[2025-09-23T11:40:02.811+0000][1][safepoint   ] Safepoint "Cleanup", Time since last: 4000725626 ns, Reaching safepoint: 513629 ns, At safepoint: 29202 ns, Total: 542831 ns
[2025-09-23T11:40:04.812+0000][1][safepoint   ] Safepoint "Cleanup", Time since last: 2000401315 ns, Reaching safepoint: 374422 ns, At safepoint: 17401 ns, Total: 391823 ns
[2025-09-23T11:40:14.812+0000][1][safepoint   ] Safepoint "Cleanup", Time since last: 10002000361 ns, Reaching safepoint: 533214 ns, At safepoint: 38701 ns, Total: 571915 ns
[2025-09-23T11:40:28.817+0000][1][safepoint   ] Safepoint "Cleanup", Time since last: 14004493462 ns, Reaching safepoint: 454231 ns, At safepoint: 22801 ns, Total: 477032 ns
[2025-09-23T11:40:38.817+0000][1][safepoint   ] Safepoint "Cleanup", Time since last: 10001854023 ns, Reaching safepoint: 481328 ns, At safepoint: 31502 ns, Total: 512830 ns
[2025-09-23T11:41:00.821+0000][1][safepoint   ] Safepoint "Cleanup", Time since last: 22003711668 ns, Reaching safepoint: 416025 ns, At safepoint: 20401 ns, Total: 436426 ns
[2025-09-23T11:41:01.822+0000][1][safepoint   ] Safepoint "Cleanup", Time since last: 1000262105 ns, Reaching safepoint: 366022 ns, At safepoint: 12301 ns, Total: 378323 ns
[2025-09-23T11:41:04.823+0000][1][safepoint   ] Safepoint "Cleanup", Time since last: 3000550516 ns, Reaching safepoint: 360322 ns, At safepoint: 14501 ns, Total: 374823 ns
[2025-09-23T11:41:07.823+0000][1][safepoint   ] Safepoint "Cleanup", Time since last: 3000545199 ns, Reaching safepoint: 378523 ns, At safepoint: 15101 ns, Total: 393624 ns
[2025-09-23T11:41:09.824+0000][1][safepoint   ] Safepoint "Cleanup", Time since last: 2000446404 ns, Reaching safepoint: 509031 ns, At safepoint: 37102 ns, Total: 546133 ns
[2025-09-23T11:41:11.824+0000][1][safepoint   ] Safepoint "Cleanup", Time since last: 2000425863 ns, Reaching safepoint: 346121 ns, At safepoint: 16801 ns, Total: 362922 ns
[2025-09-23T11:41:15.826+0000][1][safepoint   ] Safepoint "Cleanup", Time since last: 4000850670 ns, Reaching safepoint: 412725 ns, At safepoint: 13901 ns, Total: 426626 ns
[2025-09-23T11:41:20.827+0000][1][safepoint   ] Safepoint "Cleanup", Time since last: 5000936282 ns, Reaching safepoint: 430127 ns, At safepoint: 64204 ns, Total: 494331 ns
[2025-09-23T11:41:34.830+0000][1][safepoint   ] Safepoint "Cleanup", Time since last: 14002199348 ns, Reaching safepoint: 506430 ns, At safepoint: 22401 ns, Total: 528831 ns
[2025-09-23T11:42:24.835+0000][1][safepoint   ] Safepoint "Cleanup", Time since last: 50008279685 ns, Reaching safepoint: 385626 ns, At safepoint: 16601 ns, Total: 402227 ns
[2025-09-23T11:42:28.836+0000][1][safepoint   ] Safepoint "Cleanup", Time since last: 4000785244 ns, Reaching safepoint: 455930 ns, At safepoint: 18201 ns, Total: 474131 ns
[2025-09-23T11:42:29.837+0000][1][safepoint   ] Safepoint "Cleanup", Time since last: 1000265916 ns, Reaching safepoint: 452430 ns, At safepoint: 26001 ns, Total: 478431 ns
[2025-09-23T11:42:34.838+0000][1][safepoint   ] Safepoint "Cleanup", Time since last: 5000886430 ns, Reaching safepoint: 352221 ns, At safepoint: 14501 ns, Total: 366722 ns
[2025-09-23T11:42:45.839+0000][1][safepoint   ] Safepoint "Cleanup", Time since last: 11002046458 ns, Reaching safepoint: 433425 ns, At safepoint: 27502 ns, Total: 460927 ns
[2025-09-23T11:42:58.842+0000][1][safepoint   ] Safepoint "Cleanup", Time since last: 13002409649 ns, Reaching safepoint: 369122 ns, At safepoint: 15201 ns, Total: 384323 ns
[2025-09-23T11:43:24.844+0000][1][safepoint   ] Safepoint "Cleanup", Time since last: 26004817646 ns, Reaching safepoint: 364522 ns, At safepoint: 14301 ns, Total: 378823 ns
[2025-09-23T11:43:59.849+0000][1][safepoint   ] Safepoint "Cleanup", Time since last: 35005889010 ns, Reaching safepoint: 506431 ns, At safepoint: 25701 ns, Total: 532132 ns
[2025-09-23T11:44:09.850+0000][1][safepoint   ] Safepoint "Cleanup", Time since last: 10001676096 ns, Reaching safepoint: 375622 ns, At safepoint: 14501 ns, Total: 390123 ns
[2025-09-23T11:44:19.852+0000][1][safepoint   ] Safepoint "Cleanup", Time since last: 10001778543 ns, Reaching safepoint: 450930 ns, At safepoint: 21501 ns, Total: 472431 ns
[2025-09-23T11:45:01.858+0000][1][safepoint   ] Safepoint "Cleanup", Time since last: 42007521178 ns, Reaching safepoint: 380923 ns, At safepoint: 14201 ns, Total: 395124 ns
[2025-09-23T11:45:08.858+0000][1][safepoint   ] Safepoint "Cleanup", Time since last: 7001383411 ns, Reaching safepoint: 366121 ns, At safepoint: 14601 ns, Total: 380722 ns
[2025-09-23T11:45:28.862+0000][1][safepoint   ] Safepoint "Cleanup", Time since last: 20003380362 ns, Reaching safepoint: 409024 ns, At safepoint: 14701 ns, Total: 423725 ns
[2025-09-23T11:46:08.865+0000][1][safepoint   ] Safepoint "Cleanup", Time since last: 40006824057 ns, Reaching safepoint: 380422 ns, At safepoint: 16501 ns, Total: 396923 ns
[2025-09-23T11:46:29.148+0000][1][safepoint   ] Safepoint "Cleanup", Time since last: 20282127702 ns, Reaching safepoint: 435231 ns, At safepoint: 22601 ns, Total: 457832 ns
[2025-09-23T11:46:39.148+0000][1][safepoint   ] Safepoint "Cleanup", Time since last: 10001691139 ns, Reaching safepoint: 485229 ns, At safepoint: 26402 ns, Total: 511631 ns
[2025-09-23T11:46:45.150+0000][1][safepoint   ] Safepoint "Cleanup", Time since last: 6001043174 ns, Reaching safepoint: 374723 ns, At safepoint: 15001 ns, Total: 389724 ns
[2025-09-23T11:47:27.616+0000][1][safepoint   ] Safepoint "Cleanup", Time since last: 42467565561 ns, Reaching safepoint: 335122 ns, At safepoint: 41702 ns, Total: 376824 ns
[2025-09-23T11:47:29.476+0000][1][safepoint   ] Safepoint "Cleanup", Time since last: 1858891470 ns, Reaching safepoint: 551335 ns, At safepoint: 33502 ns, Total: 584837 ns
[2025-09-23T11:47:58.480+0000][1][safepoint   ] Safepoint "Cleanup", Time since last: 29005713492 ns, Reaching safepoint: 395625 ns, At safepoint: 14601 ns, Total: 410226 ns
[2025-09-23T11:48:09.480+0000][1][safepoint   ] Safepoint "Cleanup", Time since last: 11002102505 ns, Reaching safepoint: 404116 ns, At safepoint: 25301 ns, Total: 429417 ns
[2025-09-23T11:48:25.484+0000][1][safepoint   ] Safepoint "Cleanup", Time since last: 16002803168 ns, Reaching safepoint: 514534 ns, At safepoint: 18101 ns, Total: 532635 ns
[2025-09-23T11:48:39.484+0000][1][safepoint   ] Safepoint "Cleanup", Time since last: 14002416698 ns, Reaching safepoint: 416826 ns, At safepoint: 25501 ns, Total: 442327 ns
[2025-09-23T11:48:54.488+0000][1][safepoint   ] Safepoint "Cleanup", Time since last: 15003288471 ns, Reaching safepoint: 456529 ns, At safepoint: 44103 ns, Total: 500632 ns
[2025-09-23T11:48:58.490+0000][1][safepoint   ] Safepoint "Cleanup", Time since last: 4001219248 ns, Reaching safepoint: 928159 ns, At safepoint: 26101 ns, Total: 954260 ns
[2025-09-23T11:49:40.496+0000][1][safepoint   ] Safepoint "Cleanup", Time since last: 42008595673 ns, Reaching safepoint: 691742 ns, At safepoint: 23101 ns, Total: 714843 ns
[2025-09-23T11:49:58.500+0000][1][safepoint   ] Safepoint "Cleanup", Time since last: 18003500448 ns, Reaching safepoint: 578937 ns, At safepoint: 22801 ns, Total: 601738 ns
[2025-09-23T11:50:28.504+0000][1][safepoint   ] Safepoint "Cleanup", Time since last: 30005566852 ns, Reaching safepoint: 507040 ns, At safepoint: 20401 ns, Total: 527441 ns
[2025-09-23T11:50:48.507+0000][1][safepoint   ] Safepoint "Cleanup", Time since last: 20004522019 ns, Reaching safepoint: 665241 ns, At safepoint: 58804 ns, Total: 724045 ns
[2025-09-23T11:51:40.516+0000][1][safepoint   ] Safepoint "Cleanup", Time since last: 52011993112 ns, Reaching safepoint: 411526 ns, At safepoint: 16201 ns, Total: 427727 ns
[2025-09-23T11:52:00.522+0000][1][safepoint   ] Safepoint "Cleanup", Time since last: 20004658599 ns, Reaching safepoint: 471529 ns, At safepoint: 14501 ns, Total: 486030 ns
[2025-09-23T11:52:24.525+0000][1][safepoint   ] Safepoint "Cleanup", Time since last: 24006128122 ns, Reaching safepoint: 411159 ns, At safepoint: 15102 ns, Total: 426261 ns
[2025-09-23T11:52:28.527+0000][1][safepoint   ] Safepoint "Cleanup", Time since last: 4000806916 ns, Reaching safepoint: 429561 ns, At safepoint: 19203 ns, Total: 448764 ns
[2025-09-23T11:52:30.528+0000][1][safepoint   ] Safepoint "Cleanup", Time since last: 2000500771 ns, Reaching safepoint: 636342 ns, At safepoint: 18801 ns, Total: 655143 ns
[2025-09-23T11:52:41.529+0000][1][safepoint   ] Safepoint "Cleanup", Time since last: 11002306158 ns, Reaching safepoint: 343824 ns, At safepoint: 17101 ns, Total: 360925 ns
[2025-09-23T11:54:58.548+0000][1][safepoint   ] Safepoint "Cleanup", Time since last: 137027230529 ns, Reaching safepoint: 620742 ns, At safepoint: 44403 ns, Total: 665145 ns
[2025-09-23T11:55:12.548+0000][1][safepoint   ] Safepoint "Cleanup", Time since last: 14002255917 ns, Reaching safepoint: 368325 ns, At safepoint: 14501 ns, Total: 382826 ns
[2025-09-23T11:55:41.554+0000][1][safepoint   ] Safepoint "Cleanup", Time since last: 29006241064 ns, Reaching safepoint: 591441 ns, At safepoint: 19401 ns, Total: 610842 ns
[2025-09-23T11:55:58.557+0000][1][safepoint   ] Safepoint "Cleanup", Time since last: 17003091418 ns, Reaching safepoint: 477633 ns, At safepoint: 29902 ns, Total: 507535 ns
[2025-09-23T11:56:42.563+0000][1][safepoint   ] Safepoint "Cleanup", Time since last: 44009685519 ns, Reaching safepoint: 408429 ns, At safepoint: 15101 ns, Total: 423530 ns
[2025-09-23T11:57:12.569+0000][1][safepoint   ] Safepoint "Cleanup", Time since last: 30007605949 ns, Reaching safepoint: 398127 ns, At safepoint: 15201 ns, Total: 413328 ns
[2025-09-23T11:57:30.574+0000][1][safepoint   ] Safepoint "Cleanup", Time since last: 18004758833 ns, Reaching safepoint: 434430 ns, At safepoint: 15901 ns, Total: 450331 ns
[2025-09-23T11:59:58.598+0000][1][safepoint   ] Safepoint "Cleanup", Time since last: 148032194869 ns, Reaching safepoint: 400721 ns, At safepoint: 17801 ns, Total: 418522 ns
[2025-09-23T12:00:43.604+0000][1][safepoint   ] Safepoint "Cleanup", Time since last: 45009778061 ns, Reaching safepoint: 442323 ns, At safepoint: 21701 ns, Total: 464024 ns
[2025-09-23T12:01:13.610+0000][1][safepoint   ] Safepoint "Cleanup", Time since last: 30006193949 ns, Reaching safepoint: 464224 ns, At safepoint: 20001 ns, Total: 484225 ns
[2025-09-23T12:02:28.623+0000][1][safepoint   ] Safepoint "Cleanup", Time since last: 75015744615 ns, Reaching safepoint: 431823 ns, At safepoint: 23401 ns, Total: 455224 ns
[2025-09-23T12:03:57.640+0000][1][safepoint   ] Safepoint "Cleanup", Time since last: 89023169004 ns, Reaching safepoint: 908990 ns, At safepoint: 23802 ns, Total: 932792 ns
[2025-09-23T12:04:28.647+0000][1][safepoint   ] Safepoint "Cleanup", Time since last: 31006541154 ns, Reaching safepoint: 483325 ns, At safepoint: 13501 ns, Total: 496826 ns
[2025-09-23T12:04:57.652+0000][1][safepoint   ] Safepoint "Cleanup", Time since last: 29006225961 ns, Reaching safepoint: 602037 ns, At safepoint: 34502 ns, Total: 636539 ns
[2025-09-23T12:04:58.653+0000][1][safepoint   ] Safepoint "Cleanup", Time since last: 1000338335 ns, Reaching safepoint: 498831 ns, At safepoint: 18501 ns, Total: 517332 ns
[2025-09-23T12:06:14.665+0000][1][safepoint   ] Safepoint "Cleanup", Time since last: 76017512755 ns, Reaching safepoint: 861564 ns, At safepoint: 26402 ns, Total: 887966 ns
[2025-09-23T12:07:20.673+0000][1][safepoint   ] Safepoint "Cleanup", Time since last: 66013837088 ns, Reaching safepoint: 589852 ns, At safepoint: 21602 ns, Total: 611454 ns
[2025-09-23T12:07:45.677+0000][1][safepoint   ] Safepoint "Cleanup", Time since last: 25006313611 ns, Reaching safepoint: 418441 ns, At safepoint: 15502 ns, Total: 433943 ns
[2025-09-23T12:08:15.681+0000][1][safepoint   ] Safepoint "Cleanup", Time since last: 30006143868 ns, Reaching safepoint: 480143 ns, At safepoint: 19102 ns, Total: 499245 ns
[2025-09-23T12:09:14.686+0000][1][safepoint   ] Safepoint "Cleanup", Time since last: 59010602089 ns, Reaching safepoint: 526952 ns, At safepoint: 29603 ns, Total: 556555 ns
[2025-09-23T12:09:28.690+0000][1][safepoint   ] Safepoint "Cleanup", Time since last: 14002803085 ns, Reaching safepoint: 391341 ns, At safepoint: 17102 ns, Total: 408443 ns
[2025-09-23T12:11:16.706+0000][1][safepoint   ] Safepoint "Cleanup", Time since last: 108026085249 ns, Reaching safepoint: 399236 ns, At safepoint: 12902 ns, Total: 412138 ns
[2025-09-23T12:12:28.718+0000][1][safepoint   ] Safepoint "Cleanup", Time since last: 72017664664 ns, Reaching safepoint: 480345 ns, At safepoint: 32603 ns, Total: 512948 ns
[2025-09-23T12:13:01.723+0000][1][safepoint   ] Safepoint "Cleanup", Time since last: 33006767944 ns, Reaching safepoint: 436041 ns, At safepoint: 16301 ns, Total: 452342 ns
[2025-09-23T12:13:16.723+0000][1][safepoint   ] Safepoint "Cleanup", Time since last: 15003115801 ns, Reaching safepoint: 406638 ns, At safepoint: 14601 ns, Total: 421239 ns
[2025-09-23T12:13:58.729+0000][1][safepoint   ] Safepoint "Cleanup", Time since last: 42007888858 ns, Reaching safepoint: 477144 ns, At safepoint: 32403 ns, Total: 509547 ns
[2025-09-23T12:15:24.742+0000][1][safepoint   ] Safepoint "Cleanup", Time since last: 86020455875 ns, Reaching safepoint: 398837 ns, At safepoint: 14902 ns, Total: 413739 ns
[2025-09-23T12:15:58.747+0000][1][safepoint   ] Safepoint "Cleanup", Time since last: 34007833466 ns, Reaching safepoint: 398537 ns, At safepoint: 24802 ns, Total: 423339 ns
[2025-09-23T12:17:28.759+0000][1][safepoint   ] Safepoint "Cleanup", Time since last: 90018959780 ns, Reaching safepoint: 446641 ns, At safepoint: 16101 ns, Total: 462742 ns
[2025-09-23T12:18:18.764+0000][1][safepoint   ] Safepoint "Cleanup", Time since last: 50010497219 ns, Reaching safepoint: 397136 ns, At safepoint: 25202 ns, Total: 422338 ns
[2025-09-23T12:20:48.781+0000][1][safepoint   ] Safepoint "Cleanup", Time since last: 150029421104 ns, Reaching safepoint: 423338 ns, At safepoint: 15601 ns, Total: 438939 ns
[2025-09-23T12:20:58.784+0000][1][safepoint   ] Safepoint "Cleanup", Time since last: 10002053711 ns, Reaching safepoint: 1098898 ns, At safepoint: 40204 ns, Total: 1139102 ns
[2025-09-23T12:21:59.793+0000][1][safepoint   ] Safepoint "Cleanup", Time since last: 61013294169 ns, Reaching safepoint: 496844 ns, At safepoint: 21102 ns, Total: 517946 ns
[2025-09-23T12:22:13.792+0000][1][safepoint   ] Safepoint "Cleanup", Time since last: 14002599150 ns, Reaching safepoint: 434639 ns, At safepoint: 16401 ns, Total: 451040 ns
[2025-09-23T12:22:28.797+0000][1][safepoint   ] Safepoint "Cleanup", Time since last: 15003769847 ns, Reaching safepoint: 414537 ns, At safepoint: 14001 ns, Total: 428538 ns
[2025-09-23T12:23:19.802+0000][1][safepoint   ] Safepoint "Cleanup", Time since last: 51010124690 ns, Reaching safepoint: 405236 ns, At safepoint: 14602 ns, Total: 419838 ns
[2025-09-23T12:24:19.811+0000][1][safepoint   ] Safepoint "Cleanup", Time since last: 60013525724 ns, Reaching safepoint: 727367 ns, At safepoint: 60905 ns, Total: 788272 ns
[2025-09-23T12:25:28.820+0000][1][safepoint   ] Safepoint "Cleanup", Time since last: 69013135949 ns, Reaching safepoint: 740267 ns, At safepoint: 31902 ns, Total: 772169 ns
[2025-09-23T12:25:44.821+0000][1][safepoint   ] Safepoint "Cleanup", Time since last: 16003780878 ns, Reaching safepoint: 473442 ns, At safepoint: 22302 ns, Total: 495744 ns
[2025-09-23T12:25:54.823+0000][1][safepoint   ] Safepoint "Cleanup", Time since last: 10001835368 ns, Reaching safepoint: 350131 ns, At safepoint: 13801 ns, Total: 363932 ns
[2025-09-23T12:26:20.829+0000][1][safepoint   ] Safepoint "Cleanup", Time since last: 26007244038 ns, Reaching safepoint: 644159 ns, At safepoint: 42404 ns, Total: 686563 ns
[2025-09-23T12:26:44.833+0000][1][safepoint   ] Safepoint "Cleanup", Time since last: 24004907021 ns, Reaching safepoint: 1716653 ns, At safepoint: 31903 ns, Total: 1748556 ns
[2025-09-23T12:27:03.839+0000][1][safepoint   ] Safepoint "Cleanup", Time since last: 19003995574 ns, Reaching safepoint: 1288115 ns, At safepoint: 135112 ns, Total: 1423227 ns
[2025-09-23T12:27:04.840+0000][1][safepoint   ] Safepoint "Cleanup", Time since last: 1000339154 ns, Reaching safepoint: 866477 ns, At safepoint: 85807 ns, Total: 952284 ns
[2025-09-23T12:27:05.841+0000][1][safepoint   ] Safepoint "Cleanup", Time since last: 1000291050 ns, Reaching safepoint: 579152 ns, At safepoint: 39203 ns, Total: 618355 ns
[2025-09-23T12:27:06.842+0000][1][safepoint   ] Safepoint "Cleanup", Time since last: 1000286149 ns, Reaching safepoint: 342531 ns, At safepoint: 18701 ns, Total: 361232 ns
[2025-09-23T12:27:07.839+0000][1][safepoint   ] Safepoint "Cleanup", Time since last: 1000369695 ns, Reaching safepoint: 538742 ns, At safepoint: 37103 ns, Total: 575845 ns
[2025-09-23T12:27:08.840+0000][1][safepoint   ] Safepoint "Cleanup", Time since last: 1000298586 ns, Reaching safepoint: 402831 ns, At safepoint: 19702 ns, Total: 422533 ns
[2025-09-23T12:27:09.841+0000][1][safepoint   ] Safepoint "Cleanup", Time since last: 1000249682 ns, Reaching safepoint: 380529 ns, At safepoint: 32003 ns, Total: 412532 ns
[2025-09-23T12:27:10.842+0000][1][safepoint   ] Safepoint "Cleanup", Time since last: 1000319987 ns, Reaching safepoint: 640251 ns, At safepoint: 92907 ns, Total: 733158 ns
[2025-09-23T12:27:11.842+0000][1][safepoint   ] Safepoint "Cleanup", Time since last: 1000323787 ns, Reaching safepoint: 450436 ns, At safepoint: 21101 ns, Total: 471537 ns
[2025-09-23T12:27:12.843+0000][1][safepoint   ] Safepoint "Cleanup", Time since last: 1000649513 ns, Reaching safepoint: 213817 ns, At safepoint: 62205 ns, Total: 276022 ns
[2025-09-23T12:27:13.844+0000][1][safepoint   ] Safepoint "Cleanup", Time since last: 1000274784 ns, Reaching safepoint: 519141 ns, At safepoint: 56504 ns, Total: 575645 ns
[2025-09-23T12:27:14.845+0000][1][safepoint   ] Safepoint "Cleanup", Time since last: 1000351390 ns, Reaching safepoint: 475237 ns, At safepoint: 25902 ns, Total: 501139 ns
[2025-09-23T12:27:15.846+0000][1][safepoint   ] Safepoint "Cleanup", Time since last: 1000264129 ns, Reaching safepoint: 461341 ns, At safepoint: 34704 ns, Total: 496045 ns
[2025-09-23T12:27:16.846+0000][1][safepoint   ] Safepoint "Cleanup", Time since last: 1000357946 ns, Reaching safepoint: 282926 ns, At safepoint: 37503 ns, Total: 320429 ns
[2025-09-23T12:27:17.847+0000][1][safepoint   ] Safepoint "Cleanup", Time since last: 1000352446 ns, Reaching safepoint: 526748 ns, At safepoint: 36503 ns, Total: 563251 ns
[2025-09-23T12:27:18.848+0000][1][safepoint   ] Safepoint "Cleanup", Time since last: 1000373348 ns, Reaching safepoint: 473143 ns, At safepoint: 73707 ns, Total: 546850 ns
[2025-09-23T12:27:19.849+0000][1][safepoint   ] Safepoint "Cleanup", Time since last: 1000323143 ns, Reaching safepoint: 409937 ns, At safepoint: 23602 ns, Total: 433539 ns
[2025-09-23T12:27:20.850+0000][1][safepoint   ] Safepoint "Cleanup", Time since last: 1000301942 ns, Reaching safepoint: 421538 ns, At safepoint: 26602 ns, Total: 448140 ns
[2025-09-23T12:27:21.820+0000][1][gc,start    ] GC(8) Pause Young (Normal) (G1 Evacuation Pause)
[2025-09-23T12:27:21.821+0000][1][gc,task     ] GC(8) Using 12 workers of 13 for evacuation
[2025-09-23T12:27:21.822+0000][1][gc,age      ] GC(8) Desired survivor size 20447232 bytes, new threshold 15 (max threshold 15)
[2025-09-23T12:27:22.051+0000][1][gc,age      ] GC(8) Age table with threshold 15 (max threshold 15)
[2025-09-23T12:27:22.051+0000][1][gc,age      ] GC(8) - age   1:   16191760 bytes,   16191760 total
[2025-09-23T12:27:22.051+0000][1][gc,age      ] GC(8) - age   2:    8464288 bytes,   24656048 total
[2025-09-23T12:27:22.051+0000][1][gc,age      ] GC(8) - age   3:    5287696 bytes,   29943744 total
[2025-09-23T12:27:22.051+0000][1][gc,age      ] GC(8) - age   4:    1833032 bytes,   31776776 total
[2025-09-23T12:27:22.051+0000][1][gc,age      ] GC(8) - age   5:    1618080 bytes,   33394856 total
[2025-09-23T12:27:22.051+0000][1][gc,mmu      ] GC(8) MMU target violated: 201.0ms (200.0ms/201.0ms)
[2025-09-23T12:27:22.052+0000][1][gc,phases   ] GC(8)   Pre Evacuate Collection Set: 3.5ms
[2025-09-23T12:27:22.052+0000][1][gc,phases   ] GC(8)   Merge Heap Roots: 1.3ms
[2025-09-23T12:27:22.052+0000][1][gc,phases   ] GC(8)   Evacuate Collection Set: 204.3ms
[2025-09-23T12:27:22.052+0000][1][gc,phases   ] GC(8)   Post Evacuate Collection Set: 15.9ms
[2025-09-23T12:27:22.053+0000][1][gc,phases   ] GC(8)   Other: 7.1ms
[2025-09-23T12:27:22.053+0000][1][gc,heap     ] GC(8) Eden regions: 289->0(273)
[2025-09-23T12:27:22.053+0000][1][gc,heap     ] GC(8) Survivor regions: 18->34(39)
[2025-09-23T12:27:22.053+0000][1][gc,heap     ] GC(8) Old regions: 7->7
[2025-09-23T12:27:22.053+0000][1][gc,heap     ] GC(8) Archive regions: 2->2
[2025-09-23T12:27:22.053+0000][1][gc,heap     ] GC(8) Humongous regions: 1->1
[2025-09-23T12:27:22.053+0000][1][gc,metaspace] GC(8) Metaspace: 76956K(77632K)->76956K(77632K) NonClass: 67117K(67456K)->67117K(67456K) Class: 9839K(10176K)->9839K(10176K)
[2025-09-23T12:27:22.053+0000][1][gc          ] GC(8) Pause Young (Normal) (G1 Evacuation Pause) 315M->42M(512M) 232.700ms
[2025-09-23T12:27:22.053+0000][1][gc,cpu      ] GC(8) User=1.57s Sys=0.22s Real=0.23s
[2025-09-23T12:27:22.053+0000][1][safepoint   ] Safepoint "G1CollectForAllocation", Time since last: 969121226 ns, Reaching safepoint: 690762 ns, At safepoint: 233894924 ns, Total: 234585686 ns
[2025-09-23T12:27:23.054+0000][1][safepoint   ] Safepoint "Cleanup", Time since last: 1000224435 ns, Reaching safepoint: 517247 ns, At safepoint: 82007 ns, Total: 599254 ns
[2025-09-23T12:27:24.055+0000][1][safepoint   ] Safepoint "Cleanup", Time since last: 1000373034 ns, Reaching safepoint: 219721 ns, At safepoint: 32303 ns, Total: 252024 ns
[2025-09-23T12:27:25.056+0000][1][safepoint   ] Safepoint "Cleanup", Time since last: 1000375454 ns, Reaching safepoint: 491147 ns, At safepoint: 72207 ns, Total: 563354 ns
[2025-09-23T12:27:26.057+0000][1][safepoint   ] Safepoint "Cleanup", Time since last: 1000404656 ns, Reaching safepoint: 406939 ns, At safepoint: 23602 ns, Total: 430541 ns
[2025-09-23T12:27:27.057+0000][1][safepoint   ] Safepoint "Cleanup", Time since last: 1000275145 ns, Reaching safepoint: 442142 ns, At safepoint: 23502 ns, Total: 465644 ns
[2025-09-23T12:27:28.058+0000][1][safepoint   ] Safepoint "Cleanup", Time since last: 1000271044 ns, Reaching safepoint: 528151 ns, At safepoint: 68606 ns, Total: 596757 ns
[2025-09-23T12:27:29.059+0000][1][safepoint   ] Safepoint "Cleanup", Time since last: 1000270644 ns, Reaching safepoint: 388137 ns, At safepoint: 17102 ns, Total: 405239 ns
[2025-09-23T12:27:30.834+0000][1][safepoint   ] Safepoint "Cleanup", Time since last: 1774973897 ns, Reaching safepoint: 444242 ns, At safepoint: 27803 ns, Total: 472045 ns
[2025-09-23T12:27:31.835+0000][1][safepoint   ] Safepoint "Cleanup", Time since last: 1000216905 ns, Reaching safepoint: 550750 ns, At safepoint: 40103 ns, Total: 590853 ns
[2025-09-23T12:27:32.836+0000][1][safepoint   ] Safepoint "Cleanup", Time since last: 1000287877 ns, Reaching safepoint: 459441 ns, At safepoint: 59505 ns, Total: 518946 ns
[2025-09-23T12:27:34.837+0000][1][safepoint   ] Safepoint "Cleanup", Time since last: 2000375935 ns, Reaching safepoint: 487544 ns, At safepoint: 27502 ns, Total: 515046 ns
[2025-09-23T12:27:35.838+0000][1][safepoint   ] Safepoint "Cleanup", Time since last: 1000335981 ns, Reaching safepoint: 257723 ns, At safepoint: 33403 ns, Total: 291126 ns
[2025-09-23T12:27:36.937+0000][1][safepoint   ] Safepoint "Cleanup", Time since last: 1099168871 ns, Reaching safepoint: 599854 ns, At safepoint: 38203 ns, Total: 638057 ns
[2025-09-23T12:27:37.939+0000][1][safepoint   ] Safepoint "Cleanup", Time since last: 1000453892 ns, Reaching safepoint: 3000770 ns, At safepoint: 43603 ns, Total: 3044373 ns
[2025-09-23T12:27:39.940+0000][1][safepoint   ] Safepoint "Cleanup", Time since last: 2000446897 ns, Reaching safepoint: 308127 ns, At safepoint: 19802 ns, Total: 327929 ns
[2025-09-23T12:27:41.435+0000][1][safepoint   ] Safepoint "Cleanup", Time since last: 1494757271 ns, Reaching safepoint: 595753 ns, At safepoint: 49004 ns, Total: 644757 ns
[2025-09-23T12:27:42.436+0000][1][safepoint   ] Safepoint "Cleanup", Time since last: 1000314721 ns, Reaching safepoint: 564450 ns, At safepoint: 100109 ns, Total: 664559 ns
[2025-09-23T12:27:43.437+0000][1][safepoint   ] Safepoint "Cleanup", Time since last: 1000219812 ns, Reaching safepoint: 436839 ns, At safepoint: 30903 ns, Total: 467742 ns
[2025-09-23T12:27:44.438+0000][1][safepoint   ] Safepoint "Cleanup", Time since last: 1000394628 ns, Reaching safepoint: 382334 ns, At safepoint: 43604 ns, Total: 425938 ns
[2025-09-23T12:27:47.445+0000][1][safepoint   ] Safepoint "Cleanup", Time since last: 3004732300 ns, Reaching safepoint: 2424517 ns, At safepoint: 45904 ns, Total: 2470421 ns
[2025-09-23T12:27:48.446+0000][1][safepoint   ] Safepoint "Cleanup", Time since last: 1000349929 ns, Reaching safepoint: 715965 ns, At safepoint: 579152 ns, Total: 1295117 ns
[2025-09-23T12:27:49.448+0000][1][safepoint   ] Safepoint "Cleanup", Time since last: 1000842374 ns, Reaching safepoint: 474943 ns, At safepoint: 26402 ns, Total: 501345 ns
[2025-09-23T12:27:50.448+0000][1][safepoint   ] Safepoint "Cleanup", Time since last: 1000295724 ns, Reaching safepoint: 466342 ns, At safepoint: 27803 ns, Total: 494145 ns
[2025-09-23T12:27:51.449+0000][1][safepoint   ] Safepoint "Cleanup", Time since last: 1000254120 ns, Reaching safepoint: 463642 ns, At safepoint: 116111 ns, Total: 579753 ns
[2025-09-23T12:27:52.450+0000][1][safepoint   ] Safepoint "Cleanup", Time since last: 1000313725 ns, Reaching safepoint: 477943 ns, At safepoint: 67307 ns, Total: 545250 ns
[2025-09-23T12:27:55.451+0000][1][safepoint   ] Safepoint "Cleanup", Time since last: 3000608846 ns, Reaching safepoint: 466642 ns, At safepoint: 21502 ns, Total: 488144 ns
[2025-09-23T12:27:57.452+0000][1][safepoint   ] Safepoint "Cleanup", Time since last: 2000412301 ns, Reaching safepoint: 505646 ns, At safepoint: 30502 ns, Total: 536148 ns
[2025-09-23T12:27:58.453+0000][1][safepoint   ] Safepoint "Cleanup", Time since last: 1000261391 ns, Reaching safepoint: 383535 ns, At safepoint: 36303 ns, Total: 419838 ns
[2025-09-23T12:29:28.460+0000][1][safepoint   ] Safepoint "Cleanup", Time since last: 90014149894 ns, Reaching safepoint: 445039 ns, At safepoint: 24702 ns, Total: 469741 ns
[2025-09-23T12:30:07.461+0000][1][safepoint   ] Safepoint "Cleanup", Time since last: 39006581067 ns, Reaching safepoint: 524143 ns, At safepoint: 25602 ns, Total: 549745 ns
[2025-09-23T12:30:28.467+0000][1][safepoint   ] Safepoint "Cleanup", Time since last: 21005272196 ns, Reaching safepoint: 414036 ns, At safepoint: 14701 ns, Total: 428737 ns
[2025-09-23T12:31:22.472+0000][1][safepoint   ] Safepoint "Cleanup", Time since last: 54009776205 ns, Reaching safepoint: 374344 ns, At safepoint: 13501 ns, Total: 387845 ns
[2025-09-23T12:32:22.479+0000][1][safepoint   ] Safepoint "Cleanup", Time since last: 60011606559 ns, Reaching safepoint: 441538 ns, At safepoint: 17502 ns, Total: 459040 ns
[2025-09-23T12:32:28.480+0000][1][safepoint   ] Safepoint "Cleanup", Time since last: 6000986805 ns, Reaching safepoint: 363131 ns, At safepoint: 16001 ns, Total: 379132 ns
[2025-09-23T12:32:52.483+0000][1][safepoint   ] Safepoint "Cleanup", Time since last: 24004604108 ns, Reaching safepoint: 426937 ns, At safepoint: 15902 ns, Total: 442839 ns
[2025-09-23T12:32:54.485+0000][1][safepoint   ] Safepoint "Cleanup", Time since last: 2000495362 ns, Reaching safepoint: 477741 ns, At safepoint: 122311 ns, Total: 600052 ns
[2025-09-23T12:34:54.497+0000][1][safepoint   ] Safepoint "Cleanup", Time since last: 120022569764 ns, Reaching safepoint: 598654 ns, At safepoint: 45305 ns, Total: 643959 ns
[2025-09-23T12:36:53.509+0000][1][safepoint   ] Safepoint "Cleanup", Time since last: 119021050514 ns, Reaching safepoint: 508142 ns, At safepoint: 17702 ns, Total: 525844 ns
[2025-09-23T12:37:24.513+0000][1][safepoint   ] Safepoint "Cleanup", Time since last: 31006130812 ns, Reaching safepoint: 487844 ns, At safepoint: 40403 ns, Total: 528247 ns
[2025-09-23T12:38:24.519+0000][1][safepoint   ] Safepoint "Cleanup", Time since last: 60011040266 ns, Reaching safepoint: 395833 ns, At safepoint: 17101 ns, Total: 412934 ns
[2025-09-23T12:39:10.525+0000][1][safepoint   ] Safepoint "Cleanup", Time since last: 46009254944 ns, Reaching safepoint: 372031 ns, At safepoint: 14301 ns, Total: 386332 ns
[2025-09-23T12:39:10.796+0000][1][safepoint   ] Safepoint "ICBufferFull", Time since last: 270751613 ns, Reaching safepoint: 645453 ns, At safepoint: 257521 ns, Total: 902974 ns
[2025-09-23T12:39:10.953+0000][1][safepoint   ] Safepoint "ICBufferFull", Time since last: 156494039 ns, Reaching safepoint: 383331 ns, At safepoint: 92108 ns, Total: 475439 ns
[2025-09-23T12:39:11.954+0000][1][safepoint   ] Safepoint "Cleanup", Time since last: 1000312068 ns, Reaching safepoint: 427535 ns, At safepoint: 36003 ns, Total: 463538 ns
[2025-09-23T12:39:13.955+0000][1][safepoint   ] Safepoint "Cleanup", Time since last: 2000620435 ns, Reaching safepoint: 462538 ns, At safepoint: 28102 ns, Total: 490640 ns
[2025-09-23T12:39:14.956+0000][1][safepoint   ] Safepoint "Cleanup", Time since last: 1000300367 ns, Reaching safepoint: 403333 ns, At safepoint: 14501 ns, Total: 417834 ns
[2025-09-23T12:39:15.957+0000][1][safepoint   ] Safepoint "Cleanup", Time since last: 1000345071 ns, Reaching safepoint: 507142 ns, At safepoint: 25302 ns, Total: 532444 ns
[2025-09-23T12:39:19.958+0000][1][safepoint   ] Safepoint "Cleanup", Time since last: 4000634087 ns, Reaching safepoint: 339128 ns, At safepoint: 13501 ns, Total: 352629 ns
[2025-09-23T12:39:20.959+0000][1][safepoint   ] Safepoint "Cleanup", Time since last: 1000323759 ns, Reaching safepoint: 523943 ns, At safepoint: 25103 ns, Total: 549046 ns
[2025-09-23T12:39:21.959+0000][1][safepoint   ] Safepoint "Cleanup", Time since last: 1000228450 ns, Reaching safepoint: 418335 ns, At safepoint: 24402 ns, Total: 442737 ns
[2025-09-23T12:39:25.961+0000][1][safepoint   ] Safepoint "Cleanup", Time since last: 4001009104 ns, Reaching safepoint: 581048 ns, At safepoint: 34803 ns, Total: 615851 ns
[2025-09-23T12:39:30.962+0000][1][safepoint   ] Safepoint "Cleanup", Time since last: 5000972324 ns, Reaching safepoint: 372932 ns, At safepoint: 17801 ns, Total: 390733 ns
[2025-09-23T12:39:35.964+0000][1][safepoint   ] Safepoint "Cleanup", Time since last: 5000893514 ns, Reaching safepoint: 395430 ns, At safepoint: 17201 ns, Total: 412631 ns
[2025-09-23T12:39:40.963+0000][1][safepoint   ] Safepoint "Cleanup", Time since last: 5001169233 ns, Reaching safepoint: 419331 ns, At safepoint: 15602 ns, Total: 434933 ns
[2025-09-23T12:39:45.964+0000][1][safepoint   ] Safepoint "Cleanup", Time since last: 5001027868 ns, Reaching safepoint: 446434 ns, At safepoint: 15901 ns, Total: 462335 ns
[2025-09-23T12:39:47.118+0000][1][safepoint   ] Safepoint "Cleanup", Time since last: 1153149384 ns, Reaching safepoint: 383329 ns, At safepoint: 12101 ns, Total: 395430 ns
[2025-09-23T12:39:50.901+0000][1][gc,start    ] GC(9) Pause Young (Normal) (G1 Evacuation Pause)
[2025-09-23T12:39:50.901+0000][1][gc,task     ] GC(9) Using 12 workers of 13 for evacuation
[2025-09-23T12:39:50.901+0000][1][gc,age      ] GC(9) Desired survivor size 20447232 bytes, new threshold 2 (max threshold 15)
[2025-09-23T12:39:50.932+0000][1][gc,age      ] GC(9) Age table with threshold 2 (max threshold 15)
[2025-09-23T12:39:50.932+0000][1][gc,age      ] GC(9) - age   1:    4474400 bytes,    4474400 total
[2025-09-23T12:39:50.932+0000][1][gc,age      ] GC(9) - age   2:    9376328 bytes,   13850728 total
[2025-09-23T12:39:50.932+0000][1][gc,phases   ] GC(9)   Pre Evacuate Collection Set: 0.4ms
[2025-09-23T12:39:50.932+0000][1][gc,phases   ] GC(9)   Merge Heap Roots: 0.4ms
[2025-09-23T12:39:50.932+0000][1][gc,phases   ] GC(9)   Evacuate Collection Set: 24.7ms
[2025-09-23T12:39:50.932+0000][1][gc,phases   ] GC(9)   Post Evacuate Collection Set: 5.6ms
[2025-09-23T12:39:50.932+0000][1][gc,phases   ] GC(9)   Other: 0.6ms
[2025-09-23T12:39:50.932+0000][1][gc,heap     ] GC(9) Eden regions: 273->0(291)
[2025-09-23T12:39:50.932+0000][1][gc,heap     ] GC(9) Survivor regions: 34->16(39)
[2025-09-23T12:39:50.932+0000][1][gc,heap     ] GC(9) Old regions: 7->24
[2025-09-23T12:39:50.932+0000][1][gc,heap     ] GC(9) Archive regions: 2->2
[2025-09-23T12:39:50.932+0000][1][gc,heap     ] GC(9) Humongous regions: 7->1
[2025-09-23T12:39:50.932+0000][1][gc,metaspace] GC(9) Metaspace: 79508K(80192K)->79508K(80192K) NonClass: 69524K(69888K)->69524K(69888K) Class: 9984K(10304K)->9984K(10304K)
[2025-09-23T12:39:50.932+0000][1][gc          ] GC(9) Pause Young (Normal) (G1 Evacuation Pause) 321M->40M(512M) 31.849ms
[2025-09-23T12:39:50.932+0000][1][gc,cpu      ] GC(9) User=0.18s Sys=0.04s Real=0.03s
[2025-09-23T12:39:50.933+0000][1][safepoint   ] Safepoint "G1CollectForAllocation", Time since last: 3782168814 ns, Reaching safepoint: 558647 ns, At safepoint: 32104459 ns, Total: 32663106 ns
[2025-09-23T12:39:55.934+0000][1][safepoint   ] Safepoint "Cleanup", Time since last: 5001063206 ns, Reaching safepoint: 360130 ns, At safepoint: 14701 ns, Total: 374831 ns
[2025-09-23T12:40:00.936+0000][1][safepoint   ] Safepoint "Cleanup", Time since last: 5001026753 ns, Reaching safepoint: 569648 ns, At safepoint: 61405 ns, Total: 631053 ns
[2025-09-23T12:40:05.937+0000][1][safepoint   ] Safepoint "Cleanup", Time since last: 5000930356 ns, Reaching safepoint: 371529 ns, At safepoint: 14601 ns, Total: 386130 ns
[2025-09-23T12:40:10.936+0000][1][safepoint   ] Safepoint "Cleanup", Time since last: 5000966116 ns, Reaching safepoint: 451236 ns, At safepoint: 29202 ns, Total: 480438 ns
[2025-09-23T12:40:11.937+0000][1][safepoint   ] Safepoint "Cleanup", Time since last: 1000256748 ns, Reaching safepoint: 498639 ns, At safepoint: 39703 ns, Total: 538342 ns
[2025-09-23T12:40:15.938+0000][1][safepoint   ] Safepoint "Cleanup", Time since last: 4000776143 ns, Reaching safepoint: 371730 ns, At safepoint: 14301 ns, Total: 386031 ns
[2025-09-23T12:40:20.940+0000][1][safepoint   ] Safepoint "Cleanup", Time since last: 5001304400 ns, Reaching safepoint: 367030 ns, At safepoint: 18702 ns, Total: 385732 ns
[2025-09-23T12:40:25.941+0000][1][safepoint   ] Safepoint "Cleanup", Time since last: 5001055783 ns, Reaching safepoint: 387231 ns, At safepoint: 14002 ns, Total: 401233 ns
[2025-09-23T12:40:28.943+0000][1][safepoint   ] Safepoint "Cleanup", Time since last: 3001266609 ns, Reaching safepoint: 895673 ns, At safepoint: 29702 ns, Total: 925375 ns
[2025-09-23T12:40:30.944+0000][1][safepoint   ] Safepoint "Cleanup", Time since last: 2000549388 ns, Reaching safepoint: 373831 ns, At safepoint: 15701 ns, Total: 389532 ns
[2025-09-23T12:40:35.946+0000][1][safepoint   ] Safepoint "Cleanup", Time since last: 5000882080 ns, Reaching safepoint: 421334 ns, At safepoint: 24402 ns, Total: 445736 ns
[2025-09-23T12:40:40.944+0000][1][safepoint   ] Safepoint "Cleanup", Time since last: 5001111045 ns, Reaching safepoint: 519041 ns, At safepoint: 25002 ns, Total: 544043 ns
[2025-09-23T12:40:54.947+0000][1][safepoint   ] Safepoint "Cleanup", Time since last: 14002179279 ns, Reaching safepoint: 547546 ns, At safepoint: 60105 ns, Total: 607651 ns
[2025-09-23T12:41:12.950+0000][1][safepoint   ] Safepoint "Cleanup", Time since last: 18004256313 ns, Reaching safepoint: 472538 ns, At safepoint: 18802 ns, Total: 491340 ns
[2025-09-23T12:41:22.953+0000][1][safepoint   ] Safepoint "Cleanup", Time since last: 10002185181 ns, Reaching safepoint: 381432 ns, At safepoint: 14001 ns, Total: 395433 ns
[2025-09-23T12:41:26.954+0000][1][safepoint   ] Safepoint "Cleanup", Time since last: 4000768955 ns, Reaching safepoint: 380231 ns, At safepoint: 15502 ns, Total: 395733 ns
[2025-09-23T12:42:13.958+0000][1][safepoint   ] Safepoint "Cleanup", Time since last: 47008452601 ns, Reaching safepoint: 494341 ns, At safepoint: 27602 ns, Total: 521943 ns
[2025-09-23T12:42:26.961+0000][1][safepoint   ] Safepoint "Cleanup", Time since last: 13002553696 ns, Reaching safepoint: 444237 ns, At safepoint: 20101 ns, Total: 464338 ns
[2025-09-23T12:43:14.966+0000][1][safepoint   ] Safepoint "Cleanup", Time since last: 48008836593 ns, Reaching safepoint: 550144 ns, At safepoint: 61905 ns, Total: 612049 ns
[2025-09-23T12:43:26.969+0000][1][safepoint   ] Safepoint "Cleanup", Time since last: 12002505849 ns, Reaching safepoint: 488040 ns, At safepoint: 37703 ns, Total: 525743 ns
[2025-09-23T12:44:14.976+0000][1][safepoint   ] Safepoint "Cleanup", Time since last: 48011012784 ns, Reaching safepoint: 638652 ns, At safepoint: 53504 ns, Total: 692156 ns
[2025-09-23T12:44:15.976+0000][1][safepoint   ] Safepoint "Cleanup", Time since last: 1000400493 ns, Reaching safepoint: 442135 ns, At safepoint: 12401 ns, Total: 454536 ns
[2025-09-23T12:44:26.979+0000][1][safepoint   ] Safepoint "Cleanup", Time since last: 11002012983 ns, Reaching safepoint: 388431 ns, At safepoint: 13701 ns, Total: 402132 ns
[2025-09-23T12:45:16.984+0000][1][safepoint   ] Safepoint "Cleanup", Time since last: 50009401967 ns, Reaching safepoint: 617650 ns, At safepoint: 24902 ns, Total: 642552 ns
[2025-09-23T12:45:26.986+0000][1][safepoint   ] Safepoint "Cleanup", Time since last: 10001974451 ns, Reaching safepoint: 367330 ns, At safepoint: 13501 ns, Total: 380831 ns
[2025-09-23T12:46:17.991+0000][1][safepoint   ] Safepoint "Cleanup", Time since last: 51009010743 ns, Reaching safepoint: 441436 ns, At safepoint: 18901 ns, Total: 460337 ns
[2025-09-23T12:46:26.993+0000][1][safepoint   ] Safepoint "Cleanup", Time since last: 9001582267 ns, Reaching safepoint: 491039 ns, At safepoint: 20502 ns, Total: 511541 ns
[2025-09-23T12:47:19.000+0000][1][safepoint   ] Safepoint "Cleanup", Time since last: 52010918104 ns, Reaching safepoint: 442836 ns, At safepoint: 17802 ns, Total: 460638 ns
[2025-09-23T12:47:27.002+0000][1][safepoint   ] Safepoint "Cleanup", Time since last: 8001516647 ns, Reaching safepoint: 406933 ns, At safepoint: 20801 ns, Total: 427734 ns
[2025-09-23T12:48:20.007+0000][1][safepoint   ] Safepoint "Cleanup", Time since last: 53010025783 ns, Reaching safepoint: 562944 ns, At safepoint: 28903 ns, Total: 591847 ns
[2025-09-23T12:48:27.009+0000][1][safepoint   ] Safepoint "Cleanup", Time since last: 7001516844 ns, Reaching safepoint: 370930 ns, At safepoint: 17401 ns, Total: 388331 ns
[2025-09-23T12:49:21.016+0000][1][safepoint   ] Safepoint "Cleanup", Time since last: 54011403575 ns, Reaching safepoint: 397233 ns, At safepoint: 14302 ns, Total: 411535 ns
[2025-09-23T12:50:22.024+0000][1][safepoint   ] Safepoint "Cleanup", Time since last: 61012456700 ns, Reaching safepoint: 433335 ns, At safepoint: 21702 ns, Total: 455037 ns
[2025-09-23T12:50:27.026+0000][1][safepoint   ] Safepoint "Cleanup", Time since last: 5001023476 ns, Reaching safepoint: 373330 ns, At safepoint: 12101 ns, Total: 385431 ns
[2025-09-23T12:50:28.027+0000][1][safepoint   ] Safepoint "Cleanup", Time since last: 1000599808 ns, Reaching safepoint: 1090588 ns, At safepoint: 52104 ns, Total: 1142692 ns
[2025-09-23T12:51:23.034+0000][1][safepoint   ] Safepoint "Cleanup", Time since last: 55011644909 ns, Reaching safepoint: 373531 ns, At safepoint: 14701 ns, Total: 388232 ns
[2025-09-23T12:52:24.042+0000][1][safepoint   ] Safepoint "Cleanup", Time since last: 61012190235 ns, Reaching safepoint: 386132 ns, At safepoint: 17402 ns, Total: 403534 ns
[2025-09-23T12:52:27.043+0000][1][safepoint   ] Safepoint "Cleanup", Time since last: 3000719511 ns, Reaching safepoint: 385033 ns, At safepoint: 14601 ns, Total: 399634 ns
[2025-09-23T12:53:25.051+0000][1][safepoint   ] Safepoint "Cleanup", Time since last: 58011761484 ns, Reaching safepoint: 521442 ns, At safepoint: 27702 ns, Total: 549144 ns
[2025-09-23T12:53:27.051+0000][1][safepoint   ] Safepoint "Cleanup", Time since last: 2000494455 ns, Reaching safepoint: 363029 ns, At safepoint: 16302 ns, Total: 379331 ns
[2025-09-23T12:54:26.059+0000][1][safepoint   ] Safepoint "Cleanup", Time since last: 59012267427 ns, Reaching safepoint: 433535 ns, At safepoint: 36803 ns, Total: 470338 ns
[2025-09-23T12:54:27.060+0000][1][safepoint   ] Safepoint "Cleanup", Time since last: 1000235478 ns, Reaching safepoint: 407133 ns, At safepoint: 14201 ns, Total: 421334 ns
[2025-09-23T12:55:27.068+0000][1][safepoint   ] Safepoint "Cleanup", Time since last: 60012122160 ns, Reaching safepoint: 473539 ns, At safepoint: 20801 ns, Total: 494340 ns
[2025-09-23T12:55:59.075+0000][1][safepoint   ] Safepoint "Cleanup", Time since last: 32008668660 ns, Reaching safepoint: 540044 ns, At safepoint: 40303 ns, Total: 580347 ns
[2025-09-23T12:56:27.079+0000][1][safepoint   ] Safepoint "Cleanup", Time since last: 28006313689 ns, Reaching safepoint: 566146 ns, At safepoint: 40503 ns, Total: 606649 ns
[2025-09-23T12:56:28.080+0000][1][safepoint   ] Safepoint "Cleanup", Time since last: 1000279384 ns, Reaching safepoint: 545345 ns, At safepoint: 61205 ns, Total: 606550 ns
[2025-09-23T12:57:28.090+0000][1][safepoint   ] Safepoint "Cleanup", Time since last: 60013973662 ns, Reaching safepoint: 390031 ns, At safepoint: 13801 ns, Total: 403832 ns
[2025-09-23T12:57:29.090+0000][1][safepoint   ] Safepoint "Cleanup", Time since last: 1000252863 ns, Reaching safepoint: 357428 ns, At safepoint: 13701 ns, Total: 371129 ns
[2025-09-23T12:58:27.099+0000][1][safepoint   ] Safepoint "Cleanup", Time since last: 58012983906 ns, Reaching safepoint: 761061 ns, At safepoint: 25602 ns, Total: 786663 ns
[2025-09-23T12:58:30.101+0000][1][safepoint   ] Safepoint "Cleanup", Time since last: 3000994325 ns, Reaching safepoint: 401132 ns, At safepoint: 37103 ns, Total: 438235 ns
[2025-09-23T12:59:27.108+0000][1][safepoint   ] Safepoint "Cleanup", Time since last: 57011931497 ns, Reaching safepoint: 505940 ns, At safepoint: 32403 ns, Total: 538343 ns
[2025-09-23T12:59:31.110+0000][1][safepoint   ] Safepoint "Cleanup", Time since last: 4000790403 ns, Reaching safepoint: 372530 ns, At safepoint: 13601 ns, Total: 386131 ns
[2025-09-23T13:00:32.118+0000][1][safepoint   ] Safepoint "Cleanup", Time since last: 61012249850 ns, Reaching safepoint: 1128689 ns, At safepoint: 84807 ns, Total: 1213496 ns
[2025-09-23T13:01:13.121+0000][1][safepoint   ] Safepoint "Cleanup", Time since last: 41007526528 ns, Reaching safepoint: 436135 ns, At safepoint: 19701 ns, Total: 455836 ns
[2025-09-23T13:01:16.122+0000][1][safepoint   ] Safepoint "Cleanup", Time since last: 3000552440 ns, Reaching safepoint: 377730 ns, At safepoint: 17701 ns, Total: 395431 ns
[2025-09-23T13:01:27.125+0000][1][safepoint   ] Safepoint "Cleanup", Time since last: 11001637842 ns, Reaching safepoint: 751459 ns, At safepoint: 31303 ns, Total: 782762 ns
[2025-09-23T13:01:33.126+0000][1][safepoint   ] Safepoint "Cleanup", Time since last: 6000943182 ns, Reaching safepoint: 466737 ns, At safepoint: 106609 ns, Total: 573346 ns
[2025-09-23T13:02:27.137+0000][1][safepoint   ] Safepoint "Cleanup", Time since last: 54014819704 ns, Reaching safepoint: 676254 ns, At safepoint: 31403 ns, Total: 707657 ns
[2025-09-23T13:02:34.139+0000][1][safepoint   ] Safepoint "Cleanup", Time since last: 7001250234 ns, Reaching safepoint: 599347 ns, At safepoint: 35603 ns, Total: 634950 ns
[2025-09-23T13:03:27.144+0000][1][safepoint   ] Safepoint "Cleanup", Time since last: 53009466330 ns, Reaching safepoint: 498138 ns, At safepoint: 23702 ns, Total: 521840 ns
[2025-09-23T13:03:35.146+0000][1][safepoint   ] Safepoint "Cleanup", Time since last: 8001548812 ns, Reaching safepoint: 363128 ns, At safepoint: 17302 ns, Total: 380430 ns
[2025-09-23T13:04:36.154+0000][1][safepoint   ] Safepoint "Cleanup", Time since last: 61011297043 ns, Reaching safepoint: 467636 ns, At safepoint: 21401 ns, Total: 489037 ns
[2025-09-23T13:05:37.162+0000][1][safepoint   ] Safepoint "Cleanup", Time since last: 61012273679 ns, Reaching safepoint: 424130 ns, At safepoint: 16501 ns, Total: 440631 ns
[2025-09-23T13:06:15.165+0000][1][safepoint   ] Safepoint "Cleanup", Time since last: 38007321645 ns, Reaching safepoint: 420931 ns, At safepoint: 15001 ns, Total: 435932 ns
[2025-09-23T13:06:27.167+0000][1][safepoint   ] Safepoint "Cleanup", Time since last: 12002177610 ns, Reaching safepoint: 403732 ns, At safepoint: 12101 ns, Total: 415833 ns
[2025-09-23T13:06:38.168+0000][1][safepoint   ] Safepoint "Cleanup", Time since last: 11001928030 ns, Reaching safepoint: 448735 ns, At safepoint: 25401 ns, Total: 474136 ns
[2025-09-23T13:07:27.186+0000][1][safepoint   ] Safepoint "Cleanup", Time since last: 49019193895 ns, Reaching safepoint: 845765 ns, At safepoint: 30502 ns, Total: 876267 ns
[2025-09-23T13:07:39.186+0000][1][safepoint   ] Safepoint "Cleanup", Time since last: 12002384131 ns, Reaching safepoint: 398927 ns, At safepoint: 16901 ns, Total: 415828 ns
[2025-09-23T13:08:27.194+0000][1][safepoint   ] Safepoint "Cleanup", Time since last: 48009555591 ns, Reaching safepoint: 527942 ns, At safepoint: 22701 ns, Total: 550643 ns
[2025-09-23T13:08:40.194+0000][1][safepoint   ] Safepoint "Cleanup", Time since last: 13002376199 ns, Reaching safepoint: 554643 ns, At safepoint: 27402 ns, Total: 582045 ns
[2025-09-23T13:09:27.201+0000][1][safepoint   ] Safepoint "Cleanup", Time since last: 47008503841 ns, Reaching safepoint: 503640 ns, At safepoint: 21902 ns, Total: 525542 ns
[2025-09-23T13:09:41.202+0000][1][safepoint   ] Safepoint "Cleanup", Time since last: 14002450530 ns, Reaching safepoint: 433032 ns, At safepoint: 22802 ns, Total: 455834 ns
[2025-09-23T13:09:58.206+0000][1][safepoint   ] Safepoint "Cleanup", Time since last: 17003737203 ns, Reaching safepoint: 355827 ns, At safepoint: 26202 ns, Total: 382029 ns
[2025-09-23T13:10:27.209+0000][1][safepoint   ] Safepoint "Cleanup", Time since last: 29005158124 ns, Reaching safepoint: 416932 ns, At safepoint: 16202 ns, Total: 433134 ns
[2025-09-23T13:10:42.211+0000][1][safepoint   ] Safepoint "Cleanup", Time since last: 15003366738 ns, Reaching safepoint: 398130 ns, At safepoint: 20501 ns, Total: 418631 ns
[2025-09-23T13:11:27.217+0000][1][safepoint   ] Safepoint "Cleanup", Time since last: 45008514600 ns, Reaching safepoint: 469837 ns, At safepoint: 21001 ns, Total: 490838 ns
[2025-09-23T13:11:43.218+0000][1][safepoint   ] Safepoint "Cleanup", Time since last: 16003076812 ns, Reaching safepoint: 348022 ns, At safepoint: 23702 ns, Total: 371724 ns
[2025-09-23T13:12:27.225+0000][1][safepoint   ] Safepoint "Cleanup", Time since last: 44008406817 ns, Reaching safepoint: 436035 ns, At safepoint: 15601 ns, Total: 451636 ns
[2025-09-23T13:12:44.227+0000][1][safepoint   ] Safepoint "Cleanup", Time since last: 17003516279 ns, Reaching safepoint: 361226 ns, At safepoint: 15301 ns, Total: 376527 ns
[2025-09-23T13:12:58.230+0000][1][safepoint   ] Safepoint "Cleanup", Time since last: 14002487467 ns, Reaching safepoint: 405831 ns, At safepoint: 327126 ns, Total: 732957 ns
[2025-09-23T13:13:27.233+0000][1][safepoint   ] Safepoint "Cleanup", Time since last: 29005022681 ns, Reaching safepoint: 607247 ns, At safepoint: 36503 ns, Total: 643750 ns
[2025-09-23T13:13:34.235+0000][1][safepoint   ] Safepoint "Cleanup", Time since last: 7001377926 ns, Reaching safepoint: 386830 ns, At safepoint: 19401 ns, Total: 406231 ns
[2025-09-23T13:13:45.237+0000][1][safepoint   ] Safepoint "Cleanup", Time since last: 11002928177 ns, Reaching safepoint: 597846 ns, At safepoint: 34803 ns, Total: 632649 ns
[2025-09-23T13:13:58.240+0000][1][safepoint   ] Safepoint "Cleanup", Time since last: 13002578616 ns, Reaching safepoint: 382330 ns, At safepoint: 25102 ns, Total: 407432 ns
[2025-09-23T13:14:04.241+0000][1][safepoint   ] Safepoint "Cleanup", Time since last: 6001085958 ns, Reaching safepoint: 370728 ns, At safepoint: 16601 ns, Total: 387329 ns
[2025-09-23T13:14:27.244+0000][1][safepoint   ] Safepoint "Cleanup", Time since last: 23004376017 ns, Reaching safepoint: 414532 ns, At safepoint: 15801 ns, Total: 430333 ns
[2025-09-23T13:14:34.245+0000][1][safepoint   ] Safepoint "Cleanup", Time since last: 7001445081 ns, Reaching safepoint: 435229 ns, At safepoint: 25502 ns, Total: 460731 ns
[2025-09-23T13:14:46.246+0000][1][safepoint   ] Safepoint "Cleanup", Time since last: 12002473016 ns, Reaching safepoint: 354927 ns, At safepoint: 17001 ns, Total: 371928 ns
[2025-09-23T13:15:27.252+0000][1][safepoint   ] Safepoint "Cleanup", Time since last: 41008346995 ns, Reaching safepoint: 389530 ns, At safepoint: 15301 ns, Total: 404831 ns
[2025-09-23T13:15:47.255+0000][1][safepoint   ] Safepoint "Cleanup", Time since last: 20004052256 ns, Reaching safepoint: 353327 ns, At safepoint: 15201 ns, Total: 368528 ns
[2025-09-23T13:16:27.261+0000][1][safepoint   ] Safepoint "Cleanup", Time since last: 40007844531 ns, Reaching safepoint: 666651 ns, At safepoint: 34502 ns, Total: 701153 ns
[2025-09-23T13:16:48.263+0000][1][safepoint   ] Safepoint "Cleanup", Time since last: 21004013547 ns, Reaching safepoint: 437332 ns, At safepoint: 17101 ns, Total: 454433 ns
[2025-09-23T13:17:27.271+0000][1][safepoint   ] Safepoint "Cleanup", Time since last: 39009296891 ns, Reaching safepoint: 406730 ns, At safepoint: 15201 ns, Total: 421931 ns
[2025-09-23T13:17:49.274+0000][1][safepoint   ] Safepoint "Cleanup", Time since last: 22004669328 ns, Reaching safepoint: 439733 ns, At safepoint: 27002 ns, Total: 466735 ns
[2025-09-23T13:18:27.282+0000][1][safepoint   ] Safepoint "Cleanup", Time since last: 38009906670 ns, Reaching safepoint: 389231 ns, At safepoint: 14401 ns, Total: 403632 ns
[2025-09-23T13:18:50.285+0000][1][safepoint   ] Safepoint "Cleanup", Time since last: 23004642668 ns, Reaching safepoint: 889667 ns, At safepoint: 26902 ns, Total: 916569 ns
[2025-09-23T13:19:51.292+0000][1][safepoint   ] Safepoint "Cleanup", Time since last: 61011895707 ns, Reaching safepoint: 528240 ns, At safepoint: 34202 ns, Total: 562442 ns
[2025-09-23T13:20:27.299+0000][1][safepoint   ] Safepoint "Cleanup", Time since last: 36008051231 ns, Reaching safepoint: 429834 ns, At safepoint: 37703 ns, Total: 467537 ns
[2025-09-23T13:20:52.302+0000][1][safepoint   ] Safepoint "Cleanup", Time since last: 25005207342 ns, Reaching safepoint: 351426 ns, At safepoint: 16402 ns, Total: 367828 ns
[2025-09-23T13:21:27.308+0000][1][safepoint   ] Safepoint "Cleanup", Time since last: 35007474121 ns, Reaching safepoint: 419831 ns, At safepoint: 15701 ns, Total: 435532 ns
[2025-09-23T13:21:36.311+0000][1][safepoint   ] Safepoint "Cleanup", Time since last: 9002238049 ns, Reaching safepoint: 429432 ns, At safepoint: 16102 ns, Total: 445534 ns
[2025-09-23T13:21:51.312+0000][1][safepoint   ] Safepoint "Cleanup", Time since last: 15002668911 ns, Reaching safepoint: 411931 ns, At safepoint: 16702 ns, Total: 428633 ns
[2025-09-23T13:21:52.312+0000][1][safepoint   ] Safepoint "Cleanup", Time since last: 1000277233 ns, Reaching safepoint: 369828 ns, At safepoint: 17301 ns, Total: 387129 ns
[2025-09-23T13:21:56.315+0000][1][safepoint   ] Safepoint "Cleanup", Time since last: 4001159038 ns, Reaching safepoint: 1261297 ns, At safepoint: 42803 ns, Total: 1304100 ns
[2025-09-23T13:22:01.317+0000][1][safepoint   ] Safepoint "Cleanup", Time since last: 5001444039 ns, Reaching safepoint: 405031 ns, At safepoint: 17001 ns, Total: 422032 ns
[2025-09-23T13:22:16.319+0000][1][safepoint   ] Safepoint "Cleanup", Time since last: 15003838075 ns, Reaching safepoint: 397429 ns, At safepoint: 14801 ns, Total: 412230 ns
[2025-09-23T13:22:21.320+0000][1][safepoint   ] Safepoint "Cleanup", Time since last: 5001060893 ns, Reaching safepoint: 354728 ns, At safepoint: 13701 ns, Total: 368429 ns
[2025-09-23T13:22:26.322+0000][1][safepoint   ] Safepoint "Cleanup", Time since last: 5000931899 ns, Reaching safepoint: 425633 ns, At safepoint: 16801 ns, Total: 442434 ns
[2025-09-23T13:22:29.323+0000][1][safepoint   ] Safepoint "Cleanup", Time since last: 3000629730 ns, Reaching safepoint: 440734 ns, At safepoint: 12301 ns, Total: 453035 ns
[2025-09-23T13:22:41.324+0000][1][safepoint   ] Safepoint "Cleanup", Time since last: 12003420556 ns, Reaching safepoint: 986870 ns, At safepoint: 25102 ns, Total: 1011972 ns
[2025-09-23T13:22:53.328+0000][1][safepoint   ] Safepoint "Cleanup", Time since last: 12004026651 ns, Reaching safepoint: 370928 ns, At safepoint: 16901 ns, Total: 387829 ns
[2025-09-23T13:22:56.329+0000][1][safepoint   ] Safepoint "Cleanup", Time since last: 3000628510 ns, Reaching safepoint: 397730 ns, At safepoint: 30602 ns, Total: 428332 ns
[2025-09-23T13:23:01.331+0000][1][safepoint   ] Safepoint "Cleanup", Time since last: 5000968386 ns, Reaching safepoint: 526641 ns, At safepoint: 30503 ns, Total: 557144 ns
[2025-09-23T13:23:15.333+0000][1][safepoint   ] Safepoint "Cleanup", Time since last: 14002710974 ns, Reaching safepoint: 440334 ns, At safepoint: 32702 ns, Total: 473036 ns
[2025-09-23T13:23:26.336+0000][1][safepoint   ] Safepoint "Cleanup", Time since last: 11003069113 ns, Reaching safepoint: 400331 ns, At safepoint: 23901 ns, Total: 424232 ns
[2025-09-23T13:23:31.339+0000][1][safepoint   ] Safepoint "Cleanup", Time since last: 5001700891 ns, Reaching safepoint: 828963 ns, At safepoint: 25702 ns, Total: 854665 ns
[2025-09-23T13:23:36.340+0000][1][safepoint   ] Safepoint "Cleanup", Time since last: 5001172431 ns, Reaching safepoint: 398531 ns, At safepoint: 12801 ns, Total: 411332 ns
[2025-09-23T13:23:41.339+0000][1][safepoint   ] Safepoint "Cleanup", Time since last: 5000916274 ns, Reaching safepoint: 350126 ns, At safepoint: 15601 ns, Total: 365727 ns
[2025-09-23T13:23:46.341+0000][1][safepoint   ] Safepoint "Cleanup", Time since last: 5000907978 ns, Reaching safepoint: 658050 ns, At safepoint: 20502 ns, Total: 678552 ns
[2025-09-23T13:23:51.343+0000][1][safepoint   ] Safepoint "Cleanup", Time since last: 5001487984 ns, Reaching safepoint: 786659 ns, At safepoint: 29303 ns, Total: 815962 ns
[2025-09-23T13:23:53.346+0000][1][safepoint   ] Safepoint "Cleanup", Time since last: 2001388216 ns, Reaching safepoint: 837364 ns, At safepoint: 23702 ns, Total: 861066 ns
[2025-09-23T13:23:56.347+0000][1][safepoint   ] Safepoint "Cleanup", Time since last: 3000978323 ns, Reaching safepoint: 377129 ns, At safepoint: 14401 ns, Total: 391530 ns
[2025-09-23T13:24:06.351+0000][1][safepoint   ] Safepoint "Cleanup", Time since last: 10002420717 ns, Reaching safepoint: 1095583 ns, At safepoint: 41903 ns, Total: 1137486 ns
[2025-09-23T13:24:11.349+0000][1][safepoint   ] Safepoint "Cleanup", Time since last: 5001633630 ns, Reaching safepoint: 368124 ns, At safepoint: 12700 ns, Total: 380824 ns
[2025-09-23T13:24:16.351+0000][1][safepoint   ] Safepoint "Cleanup", Time since last: 5001378478 ns, Reaching safepoint: 397926 ns, At safepoint: 15701 ns, Total: 413627 ns
[2025-09-23T13:24:20.352+0000][1][safepoint   ] Safepoint "Cleanup", Time since last: 4000787193 ns, Reaching safepoint: 472756 ns, At safepoint: 16902 ns, Total: 489658 ns
[2025-09-23T13:24:21.353+0000][1][safepoint   ] Safepoint "Cleanup", Time since last: 1000229869 ns, Reaching safepoint: 492358 ns, At safepoint: 26903 ns, Total: 519261 ns
[2025-09-23T13:24:26.354+0000][1][safepoint   ] Safepoint "Cleanup", Time since last: 5000981589 ns, Reaching safepoint: 536949 ns, At safepoint: 32103 ns, Total: 569052 ns
[2025-09-23T13:24:31.358+0000][1][safepoint   ] Safepoint "Cleanup", Time since last: 5001805116 ns, Reaching safepoint: 1188509 ns, At safepoint: 124711 ns, Total: 1313220 ns
[2025-09-23T13:24:36.360+0000][1][safepoint   ] Safepoint "Cleanup", Time since last: 5001710113 ns, Reaching safepoint: 443041 ns, At safepoint: 37604 ns, Total: 480645 ns
[2025-09-23T13:24:41.360+0000][1][safepoint   ] Safepoint "Cleanup", Time since last: 5001282211 ns, Reaching safepoint: 454572 ns, At safepoint: 29605 ns, Total: 484177 ns
[2025-09-23T13:24:51.364+0000][1][safepoint   ] Safepoint "Cleanup", Time since last: 10002803597 ns, Reaching safepoint: 696060 ns, At safepoint: 27002 ns, Total: 723062 ns
[2025-09-23T13:24:54.365+0000][1][safepoint   ] Safepoint "Cleanup", Time since last: 3001151253 ns, Reaching safepoint: 380232 ns, At safepoint: 12702 ns, Total: 392934 ns
[2025-09-23T13:25:01.367+0000][1][safepoint   ] Safepoint "Cleanup", Time since last: 7001415528 ns, Reaching safepoint: 464335 ns, At safepoint: 13501 ns, Total: 477836 ns
[2025-09-23T13:25:11.368+0000][1][safepoint   ] Safepoint "Cleanup", Time since last: 10002345046 ns, Reaching safepoint: 354726 ns, At safepoint: 13801 ns, Total: 368527 ns
[2025-09-23T13:25:16.371+0000][1][safepoint   ] Safepoint "Cleanup", Time since last: 5001849086 ns, Reaching safepoint: 857335 ns, At safepoint: 25201 ns, Total: 882536 ns
[2025-09-23T13:25:21.374+0000][1][safepoint   ] Safepoint "Cleanup", Time since last: 5001574118 ns, Reaching safepoint: 896341 ns, At safepoint: 22301 ns, Total: 918642 ns
[2025-09-23T13:25:26.376+0000][1][safepoint   ] Safepoint "Cleanup", Time since last: 5001681341 ns, Reaching safepoint: 358616 ns, At safepoint: 14101 ns, Total: 372717 ns
[2025-09-23T13:25:36.378+0000][1][safepoint   ] Safepoint "Cleanup", Time since last: 10001834905 ns, Reaching safepoint: 370317 ns, At safepoint: 14600 ns, Total: 384917 ns
[2025-09-23T13:25:46.378+0000][1][safepoint   ] Safepoint "Cleanup", Time since last: 10001839616 ns, Reaching safepoint: 384843 ns, At safepoint: 15501 ns, Total: 400344 ns
[2025-09-23T13:25:51.380+0000][1][safepoint   ] Safepoint "Cleanup", Time since last: 5000980153 ns, Reaching safepoint: 456050 ns, At safepoint: 15302 ns, Total: 471352 ns
[2025-09-23T13:25:55.381+0000][1][safepoint   ] Safepoint "Cleanup", Time since last: 4001264566 ns, Reaching safepoint: 357523 ns, At safepoint: 16701 ns, Total: 374224 ns
[2025-09-23T13:25:56.382+0000][1][safepoint   ] Safepoint "Cleanup", Time since last: 1000333505 ns, Reaching safepoint: 388824 ns, At safepoint: 14501 ns, Total: 403325 ns
[2025-09-23T13:26:01.384+0000][1][safepoint   ] Safepoint "Cleanup", Time since last: 5001360782 ns, Reaching safepoint: 496726 ns, At safepoint: 29801 ns, Total: 526527 ns
[2025-09-23T13:26:16.386+0000][1][safepoint   ] Safepoint "Cleanup", Time since last: 15002957181 ns, Reaching safepoint: 433922 ns, At safepoint: 73004 ns, Total: 506926 ns
[2025-09-23T13:26:21.387+0000][1][safepoint   ] Safepoint "Cleanup", Time since last: 5000978932 ns, Reaching safepoint: 441325 ns, At safepoint: 85404 ns, Total: 526729 ns
[2025-09-23T13:26:26.389+0000][1][safepoint   ] Safepoint "Cleanup", Time since last: 5001231820 ns, Reaching safepoint: 370421 ns, At safepoint: 46002 ns, Total: 416423 ns
[2025-09-23T13:26:31.391+0000][1][safepoint   ] Safepoint "Cleanup", Time since last: 5001538214 ns, Reaching safepoint: 538330 ns, At safepoint: 30301 ns, Total: 568631 ns
[2025-09-23T13:26:36.393+0000][1][safepoint   ] Safepoint "Cleanup", Time since last: 5001333212 ns, Reaching safepoint: 372420 ns, At safepoint: 15001 ns, Total: 387421 ns
[2025-09-23T13:26:41.392+0000][1][safepoint   ] Safepoint "Cleanup", Time since last: 5001447444 ns, Reaching safepoint: 410922 ns, At safepoint: 13901 ns, Total: 424823 ns
[2025-09-23T13:26:46.394+0000][1][safepoint   ] Safepoint "Cleanup", Time since last: 5001256434 ns, Reaching safepoint: 397121 ns, At safepoint: 18601 ns, Total: 415722 ns
[2025-09-23T13:26:56.396+0000][1][safepoint   ] Safepoint "Cleanup", Time since last: 10001556559 ns, Reaching safepoint: 376923 ns, At safepoint: 17301 ns, Total: 394224 ns
[2025-09-23T13:27:08.398+0000][1][safepoint   ] Safepoint "Cleanup", Time since last: 12002196813 ns, Reaching safepoint: 525733 ns, At safepoint: 33002 ns, Total: 558735 ns
[2025-09-23T13:27:27.402+0000][1][safepoint   ] Safepoint "Cleanup", Time since last: 19003972843 ns, Reaching safepoint: 409024 ns, At safepoint: 14301 ns, Total: 423325 ns
[2025-09-23T13:27:28.403+0000][1][safepoint   ] Safepoint "Cleanup", Time since last: 1000379828 ns, Reaching safepoint: 404124 ns, At safepoint: 23202 ns, Total: 427326 ns
[2025-09-23T13:27:38.404+0000][1][safepoint   ] Safepoint "Cleanup", Time since last: 10002073548 ns, Reaching safepoint: 426618 ns, At safepoint: 30702 ns, Total: 457320 ns
[2025-09-23T13:28:49.415+0000][1][safepoint   ] Safepoint "Cleanup", Time since last: 71015088029 ns, Reaching safepoint: 369020 ns, At safepoint: 45903 ns, Total: 414923 ns
[2025-09-23T13:28:57.418+0000][1][safepoint   ] Safepoint "Cleanup", Time since last: 8002245970 ns, Reaching safepoint: 535731 ns, At safepoint: 51403 ns, Total: 587134 ns
[2025-09-23T13:28:59.419+0000][1][safepoint   ] Safepoint "Cleanup", Time since last: 2000453344 ns, Reaching safepoint: 499630 ns, At safepoint: 27301 ns, Total: 526931 ns
[2025-09-23T13:29:00.420+0000][1][safepoint   ] Safepoint "Cleanup", Time since last: 1000387897 ns, Reaching safepoint: 333920 ns, At safepoint: 25501 ns, Total: 359421 ns
[2025-09-23T13:29:07.421+0000][1][safepoint   ] Safepoint "Cleanup", Time since last: 7001158028 ns, Reaching safepoint: 414124 ns, At safepoint: 28902 ns, Total: 443026 ns
[2025-09-23T13:29:08.420+0000][1][safepoint   ] Safepoint "Cleanup", Time since last: 1000270608 ns, Reaching safepoint: 393123 ns, At safepoint: 24902 ns, Total: 418025 ns
[2025-09-23T13:29:12.422+0000][1][safepoint   ] Safepoint "Cleanup", Time since last: 4000756818 ns, Reaching safepoint: 361321 ns, At safepoint: 23502 ns, Total: 384823 ns
[2025-09-23T13:29:14.423+0000][1][safepoint   ] Safepoint "Cleanup", Time since last: 2000419556 ns, Reaching safepoint: 1139465 ns, At safepoint: 46903 ns, Total: 1186368 ns
[2025-09-23T13:29:23.425+0000][1][safepoint   ] Safepoint "Cleanup", Time since last: 9001482365 ns, Reaching safepoint: 419025 ns, At safepoint: 18101 ns, Total: 437126 ns
[2025-09-23T13:29:24.426+0000][1][safepoint   ] Safepoint "Cleanup", Time since last: 1000245610 ns, Reaching safepoint: 451727 ns, At safepoint: 19501 ns, Total: 471228 ns
[2025-09-23T13:29:27.427+0000][1][safepoint   ] Safepoint "Cleanup", Time since last: 3000603023 ns, Reaching safepoint: 430926 ns, At safepoint: 23201 ns, Total: 454127 ns
[2025-09-23T13:29:28.428+0000][1][safepoint   ] Safepoint "Cleanup", Time since last: 1000341116 ns, Reaching safepoint: 397024 ns, At safepoint: 15301 ns, Total: 412325 ns
[2025-09-23T13:29:59.432+0000][1][safepoint   ] Safepoint "Cleanup", Time since last: 31004901725 ns, Reaching safepoint: 509831 ns, At safepoint: 45503 ns, Total: 555334 ns
[2025-09-23T13:30:27.435+0000][1][safepoint   ] Safepoint "Cleanup", Time since last: 28004571499 ns, Reaching safepoint: 497529 ns, At safepoint: 27001 ns, Total: 524530 ns
[2025-09-23T13:31:09.440+0000][1][safepoint   ] Safepoint "Cleanup", Time since last: 42008380037 ns, Reaching safepoint: 398824 ns, At safepoint: 15101 ns, Total: 413925 ns
[2025-09-23T13:31:26.896+0000][1][gc,start    ] GC(10) Pause Young (Normal) (G1 Evacuation Pause)
[2025-09-23T13:31:26.896+0000][1][gc,task     ] GC(10) Using 12 workers of 13 for evacuation
[2025-09-23T13:31:26.897+0000][1][gc,age      ] GC(10) Desired survivor size 20447232 bytes, new threshold 15 (max threshold 15)
[2025-09-23T13:31:26.946+0000][1][gc,age      ] GC(10) Age table with threshold 15 (max threshold 15)
[2025-09-23T13:31:26.946+0000][1][gc,age      ] GC(10) - age   1:    1038032 bytes,    1038032 total
[2025-09-23T13:31:26.946+0000][1][gc,age      ] GC(10) - age   2:    4268440 bytes,    5306472 total
[2025-09-23T13:31:26.946+0000][1][gc,age      ] GC(10) - age   3:    9346368 bytes,   14652840 total
[2025-09-23T13:31:26.946+0000][1][gc,phases   ] GC(10)   Pre Evacuate Collection Set: 1.7ms
[2025-09-23T13:31:26.946+0000][1][gc,phases   ] GC(10)   Merge Heap Roots: 1.3ms
[2025-09-23T13:31:26.946+0000][1][gc,phases   ] GC(10)   Evacuate Collection Set: 37.9ms
[2025-09-23T13:31:26.946+0000][1][gc,phases   ] GC(10)   Post Evacuate Collection Set: 7.7ms
[2025-09-23T13:31:26.946+0000][1][gc,phases   ] GC(10)   Other: 2.4ms
[2025-09-23T13:31:26.947+0000][1][gc,heap     ] GC(10) Eden regions: 291->0(291)
[2025-09-23T13:31:26.947+0000][1][gc,heap     ] GC(10) Survivor regions: 16->16(39)
[2025-09-23T13:31:26.947+0000][1][gc,heap     ] GC(10) Old regions: 24->24
[2025-09-23T13:31:26.947+0000][1][gc,heap     ] GC(10) Archive regions: 2->2
[2025-09-23T13:31:26.947+0000][1][gc,heap     ] GC(10) Humongous regions: 1->1
[2025-09-23T13:31:26.947+0000][1][gc,metaspace] GC(10) Metaspace: 80167K(80832K)->80167K(80832K) NonClass: 70177K(70528K)->70177K(70528K) Class: 9990K(10304K)->9990K(10304K)
[2025-09-23T13:31:26.947+0000][1][gc          ] GC(10) Pause Young (Normal) (G1 Evacuation Pause) 331M->41M(512M) 51.063ms
[2025-09-23T13:31:26.947+0000][1][gc,cpu      ] GC(10) User=0.48s Sys=0.00s Real=0.05s
[2025-09-23T13:31:26.947+0000][1][safepoint   ] Safepoint "G1CollectForAllocation", Time since last: 17454616647 ns, Reaching safepoint: 412425 ns, At safepoint: 52107564 ns, Total: 52519989 ns
[2025-09-23T13:32:26.937+0000][1][safepoint   ] Safepoint "Cleanup", Time since last: 59992897483 ns, Reaching safepoint: 467727 ns, At safepoint: 65504 ns, Total: 533231 ns
[2025-09-23T13:32:27.938+0000][1][safepoint   ] Safepoint "Cleanup", Time since last: 1000298239 ns, Reaching safepoint: 424525 ns, At safepoint: 20501 ns, Total: 445026 ns
[2025-09-23T13:32:39.940+0000][1][safepoint   ] Safepoint "Cleanup", Time since last: 12002430821 ns, Reaching safepoint: 979157 ns, At safepoint: 25501 ns, Total: 1004658 ns
[2025-09-23T13:33:28.949+0000][1][safepoint   ] Safepoint "Cleanup", Time since last: 49010813423 ns, Reaching safepoint: 576636 ns, At safepoint: 32602 ns, Total: 609238 ns
[2025-09-23T13:34:02.955+0000][1][safepoint   ] Safepoint "Cleanup", Time since last: 34006961935 ns, Reaching safepoint: 428425 ns, At safepoint: 20201 ns, Total: 448626 ns
