[2025-09-11T11:26:02.649+0000][1][gc] Using G1
[2025-09-11T11:26:02.674+0000][1][gc,init] Version: 16.0.1+9 (release)
[2025-09-11T11:26:02.674+0000][1][gc,init] CPUs: 16 total, 16 available
[2025-09-11T11:26:02.675+0000][1][gc,init] Memory: 15898M
[2025-09-11T11:26:02.675+0000][1][gc,init] Large Page Support: Disabled
[2025-09-11T11:26:02.675+0000][1][gc,init] NUMA Support: Disabled
[2025-09-11T11:26:02.675+0000][1][gc,init] Compressed Oops: Enabled (32-bit)
[2025-09-11T11:26:02.676+0000][1][gc,init] Heap Region Size: 1M
[2025-09-11T11:26:02.676+0000][1][gc,init] Heap Min Capacity: 512M
[2025-09-11T11:26:02.676+0000][1][gc,init] Heap Initial Capacity: 512M
[2025-09-11T11:26:02.676+0000][1][gc,init] Heap Max Capacity: 512M
[2025-09-11T11:26:02.676+0000][1][gc,init] Pre-touch: Disabled
[2025-09-11T11:26:02.676+0000][1][gc,init] Parallel Workers: 13
[2025-09-11T11:26:02.676+0000][1][gc,init] Concurrent Workers: 3
[2025-09-11T11:26:02.676+0000][1][gc,init] Concurrent Refinement Workers: 13
[2025-09-11T11:26:02.676+0000][1][gc,init] Periodic GC: Disabled
[2025-09-11T11:26:02.690+0000][1][gc,metaspace] CDS archive(s) mapped at: [0x0000000800000000-0x0000000800bea000-0x0000000800bea000), size 12492800, SharedBaseAddress: 0x0000000800000000, ArchiveRelocationMode: 0.
[2025-09-11T11:26:02.690+0000][1][gc,metaspace] Compressed class space mapped at: 0x0000000800c00000-0x0000000840c00000, reserved size: 1073741824
[2025-09-11T11:26:02.690+0000][1][gc,metaspace] Narrow klass base: 0x0000000800000000, Narrow klass shift: 3, Narrow klass range: 0x100000000
[2025-09-11T11:26:03.822+0000][1][safepoint   ] Safepoint "ICBufferFull", Time since last: 1046642475 ns, Reaching safepoint: 410332 ns, At safepoint: 45803 ns, Total: 456135 ns
[2025-09-11T11:26:03.990+0000][1][gc,start    ] GC(0) Pause Young (Normal) (G1 Evacuation Pause)
[2025-09-11T11:26:03.996+0000][1][gc,task     ] GC(0) Using 12 workers of 13 for evacuation
[2025-09-11T11:26:03.996+0000][1][gc,age      ] GC(0) Desired survivor size 2097152 bytes, new threshold 15 (max threshold 15)
[2025-09-11T11:26:04.006+0000][1][gc,age      ] GC(0) Age table with threshold 15 (max threshold 15)
[2025-09-11T11:26:04.006+0000][1][gc,age      ] GC(0) - age   1:    3365200 bytes,    3365200 total
[2025-09-11T11:26:04.006+0000][1][gc,phases   ] GC(0)   Pre Evacuate Collection Set: 0.4ms
[2025-09-11T11:26:04.006+0000][1][gc,phases   ] GC(0)   Merge Heap Roots: 0.4ms
[2025-09-11T11:26:04.006+0000][1][gc,phases   ] GC(0)   Evacuate Collection Set: 6.2ms
[2025-09-11T11:26:04.006+0000][1][gc,phases   ] GC(0)   Post Evacuate Collection Set: 2.3ms
[2025-09-11T11:26:04.006+0000][1][gc,phases   ] GC(0)   Other: 6.4ms
[2025-09-11T11:26:04.006+0000][1][gc,heap     ] GC(0) Eden regions: 25->0(29)
[2025-09-11T11:26:04.006+0000][1][gc,heap     ] GC(0) Survivor regions: 0->4(4)
[2025-09-11T11:26:04.006+0000][1][gc,heap     ] GC(0) Old regions: 0->3
[2025-09-11T11:26:04.006+0000][1][gc,heap     ] GC(0) Archive regions: 2->2
[2025-09-11T11:26:04.006+0000][1][gc,heap     ] GC(0) Humongous regions: 1->1
[2025-09-11T11:26:04.006+0000][1][gc,metaspace] GC(0) Metaspace: 7386K(7552K)->7386K(7552K) NonClass: 6632K(6720K)->6632K(6720K) Class: 754K(832K)->754K(832K)
[2025-09-11T11:26:04.006+0000][1][gc          ] GC(0) Pause Young (Normal) (G1 Evacuation Pause) 26M->8M(512M) 15.804ms
[2025-09-11T11:26:04.006+0000][1][gc,cpu      ] GC(0) User=0.03s Sys=0.03s Real=0.01s
[2025-09-11T11:26:04.006+0000][1][safepoint   ] Safepoint "G1CollectForAllocation", Time since last: 167710267 ns, Reaching safepoint: 194915 ns, At safepoint: 16496656 ns, Total: 16691571 ns
[2025-09-11T11:26:05.032+0000][1][safepoint   ] Safepoint "Cleanup", Time since last: 1025163429 ns, Reaching safepoint: 361227 ns, At safepoint: 69105 ns, Total: 430332 ns
[2025-09-11T11:26:05.440+0000][1][gc,start    ] GC(1) Pause Young (Normal) (G1 Evacuation Pause)
[2025-09-11T11:26:05.440+0000][1][gc,task     ] GC(1) Using 12 workers of 13 for evacuation
[2025-09-11T11:26:05.440+0000][1][gc,age      ] GC(1) Desired survivor size 2621440 bytes, new threshold 1 (max threshold 15)
[2025-09-11T11:26:05.451+0000][1][gc,age      ] GC(1) Age table with threshold 1 (max threshold 15)
[2025-09-11T11:26:05.452+0000][1][gc,age      ] GC(1) - age   1:    3795640 bytes,    3795640 total
[2025-09-11T11:26:05.452+0000][1][gc,phases   ] GC(1)   Pre Evacuate Collection Set: 0.5ms
[2025-09-11T11:26:05.452+0000][1][gc,phases   ] GC(1)   Merge Heap Roots: 0.4ms
[2025-09-11T11:26:05.452+0000][1][gc,phases   ] GC(1)   Evacuate Collection Set: 6.7ms
[2025-09-11T11:26:05.452+0000][1][gc,phases   ] GC(1)   Post Evacuate Collection Set: 3.2ms
[2025-09-11T11:26:05.452+0000][1][gc,phases   ] GC(1)   Other: 0.5ms
[2025-09-11T11:26:05.452+0000][1][gc,heap     ] GC(1) Eden regions: 29->0(111)
[2025-09-11T11:26:05.452+0000][1][gc,heap     ] GC(1) Survivor regions: 4->4(5)
[2025-09-11T11:26:05.452+0000][1][gc,heap     ] GC(1) Old regions: 3->7
[2025-09-11T11:26:05.452+0000][1][gc,heap     ] GC(1) Archive regions: 2->2
[2025-09-11T11:26:05.452+0000][1][gc,heap     ] GC(1) Humongous regions: 1->1
[2025-09-11T11:26:05.452+0000][1][gc,metaspace] GC(1) Metaspace: 12778K(12992K)->12778K(12992K) NonClass: 11330K(11456K)->11330K(11456K) Class: 1447K(1536K)->1447K(1536K)
[2025-09-11T11:26:05.452+0000][1][gc          ] GC(1) Pause Young (Normal) (G1 Evacuation Pause) 37M->11M(512M) 11.422ms
[2025-09-11T11:26:05.452+0000][1][gc,cpu      ] GC(1) User=0.04s Sys=0.04s Real=0.01s
[2025-09-11T11:26:05.452+0000][1][safepoint   ] Safepoint "G1CollectForAllocation", Time since last: 407764119 ns, Reaching safepoint: 480736 ns, At safepoint: 11696675 ns, Total: 12177411 ns
[2025-09-11T11:26:06.238+0000][1][gc,start    ] GC(2) Pause Young (Normal) (G1 Evacuation Pause)
[2025-09-11T11:26:06.238+0000][1][gc,task     ] GC(2) Using 12 workers of 13 for evacuation
[2025-09-11T11:26:06.238+0000][1][gc,age      ] GC(2) Desired survivor size 7864320 bytes, new threshold 15 (max threshold 15)
[2025-09-11T11:26:06.249+0000][1][gc,age      ] GC(2) Age table with threshold 15 (max threshold 15)
[2025-09-11T11:26:06.249+0000][1][gc,age      ] GC(2) - age   1:    4167280 bytes,    4167280 total
[2025-09-11T11:26:06.249+0000][1][gc,age      ] GC(2) - age   2:    1728248 bytes,    5895528 total
[2025-09-11T11:26:06.249+0000][1][gc,phases   ] GC(2)   Pre Evacuate Collection Set: 0.4ms
[2025-09-11T11:26:06.249+0000][1][gc,phases   ] GC(2)   Merge Heap Roots: 0.5ms
[2025-09-11T11:26:06.249+0000][1][gc,phases   ] GC(2)   Evacuate Collection Set: 7.3ms
[2025-09-11T11:26:06.249+0000][1][gc,phases   ] GC(2)   Post Evacuate Collection Set: 2.1ms
[2025-09-11T11:26:06.249+0000][1][gc,phases   ] GC(2)   Other: 0.5ms
[2025-09-11T11:26:06.249+0000][1][gc,heap     ] GC(2) Eden regions: 111->0(301)
[2025-09-11T11:26:06.249+0000][1][gc,heap     ] GC(2) Survivor regions: 4->6(15)
[2025-09-11T11:26:06.249+0000][1][gc,heap     ] GC(2) Old regions: 7->7
[2025-09-11T11:26:06.249+0000][1][gc,heap     ] GC(2) Archive regions: 2->2
[2025-09-11T11:26:06.249+0000][1][gc,heap     ] GC(2) Humongous regions: 1->1
[2025-09-11T11:26:06.249+0000][1][gc,metaspace] GC(2) Metaspace: 14684K(14912K)->14684K(14912K) NonClass: 13039K(13120K)->13039K(13120K) Class: 1644K(1792K)->1644K(1792K)
[2025-09-11T11:26:06.249+0000][1][gc          ] GC(2) Pause Young (Normal) (G1 Evacuation Pause) 122M->14M(512M) 10.776ms
[2025-09-11T11:26:06.249+0000][1][gc,cpu      ] GC(2) User=0.06s Sys=0.02s Real=0.01s
[2025-09-11T11:26:06.249+0000][1][safepoint   ] Safepoint "G1CollectForAllocation", Time since last: 785942625 ns, Reaching safepoint: 387029 ns, At safepoint: 10869113 ns, Total: 11256142 ns
[2025-09-11T11:26:06.932+0000][1][gc,start    ] GC(3) Pause Young (Concurrent Start) (Metadata GC Threshold)
[2025-09-11T11:26:06.932+0000][1][gc,task     ] GC(3) Using 12 workers of 13 for evacuation
[2025-09-11T11:26:06.932+0000][1][gc,age      ] GC(3) Desired survivor size 20447232 bytes, new threshold 15 (max threshold 15)
[2025-09-11T11:26:06.941+0000][1][gc,age      ] GC(3) Age table with threshold 15 (max threshold 15)
[2025-09-11T11:26:06.941+0000][1][gc,age      ] GC(3) - age   1:    1702880 bytes,    1702880 total
[2025-09-11T11:26:06.941+0000][1][gc,age      ] GC(3) - age   2:     275208 bytes,    1978088 total
[2025-09-11T11:26:06.941+0000][1][gc,age      ] GC(3) - age   3:    1707248 bytes,    3685336 total
[2025-09-11T11:26:06.941+0000][1][gc,phases   ] GC(3)   Pre Evacuate Collection Set: 0.6ms
[2025-09-11T11:26:06.941+0000][1][gc,phases   ] GC(3)   Merge Heap Roots: 0.5ms
[2025-09-11T11:26:06.941+0000][1][gc,phases   ] GC(3)   Evacuate Collection Set: 4.9ms
[2025-09-11T11:26:06.941+0000][1][gc,phases   ] GC(3)   Post Evacuate Collection Set: 2.4ms
[2025-09-11T11:26:06.941+0000][1][gc,phases   ] GC(3)   Other: 0.7ms
[2025-09-11T11:26:06.941+0000][1][gc,heap     ] GC(3) Eden regions: 74->0(303)
[2025-09-11T11:26:06.941+0000][1][gc,heap     ] GC(3) Survivor regions: 6->4(39)
[2025-09-11T11:26:06.941+0000][1][gc,heap     ] GC(3) Old regions: 7->7
[2025-09-11T11:26:06.941+0000][1][gc,heap     ] GC(3) Archive regions: 2->2
[2025-09-11T11:26:06.941+0000][1][gc,heap     ] GC(3) Humongous regions: 1->1
[2025-09-11T11:26:06.941+0000][1][gc,metaspace] GC(3) Metaspace: 20946K(21248K)->20946K(21248K) NonClass: 18412K(18560K)->18412K(18560K) Class: 2534K(2688K)->2534K(2688K)
[2025-09-11T11:26:06.941+0000][1][gc          ] GC(3) Pause Young (Concurrent Start) (Metadata GC Threshold) 88M->12M(512M) 9.049ms
[2025-09-11T11:26:06.941+0000][1][gc,cpu      ] GC(3) User=0.03s Sys=0.02s Real=0.01s
[2025-09-11T11:26:06.941+0000][1][safepoint   ] Safepoint "CollectForMetadataAllocation", Time since last: 682688997 ns, Reaching safepoint: 405430 ns, At safepoint: 9213389 ns, Total: 9618819 ns
[2025-09-11T11:26:06.942+0000][1][gc          ] GC(4) Concurrent Mark Cycle
[2025-09-11T11:26:06.942+0000][1][gc,marking  ] GC(4) Concurrent Clear Claimed Marks
[2025-09-11T11:26:06.942+0000][1][gc,marking  ] GC(4) Concurrent Clear Claimed Marks 0.080ms
[2025-09-11T11:26:06.942+0000][1][gc,marking  ] GC(4) Concurrent Scan Root Regions
[2025-09-11T11:26:06.945+0000][1][gc,marking  ] GC(4) Concurrent Scan Root Regions 3.667ms
[2025-09-11T11:26:06.946+0000][1][gc,marking  ] GC(4) Concurrent Mark
[2025-09-11T11:26:06.946+0000][1][gc,marking  ] GC(4) Concurrent Mark From Roots
[2025-09-11T11:26:06.946+0000][1][gc,task     ] GC(4) Using 3 workers of 3 for marking
[2025-09-11T11:26:06.950+0000][1][gc,marking  ] GC(4) Concurrent Mark From Roots 4.409ms
[2025-09-11T11:26:06.950+0000][1][gc,marking  ] GC(4) Concurrent Preclean
[2025-09-11T11:26:06.950+0000][1][gc,marking  ] GC(4) Concurrent Preclean 0.262ms
[2025-09-11T11:26:06.951+0000][1][gc,start    ] GC(4) Pause Remark
[2025-09-11T11:26:06.956+0000][1][gc          ] GC(4) Pause Remark 13M->13M(512M) 4.883ms
[2025-09-11T11:26:06.956+0000][1][gc,cpu      ] GC(4) User=0.01s Sys=0.00s Real=0.01s
[2025-09-11T11:26:06.957+0000][1][safepoint   ] Safepoint "G1Concurrent", Time since last: 9036777 ns, Reaching safepoint: 966772 ns, At safepoint: 5076980 ns, Total: 6043752 ns
[2025-09-11T11:26:06.957+0000][1][gc,marking  ] GC(4) Concurrent Mark 11.247ms
[2025-09-11T11:26:06.957+0000][1][gc,marking  ] GC(4) Concurrent Rebuild Remembered Sets
[2025-09-11T11:26:06.959+0000][1][gc,marking  ] GC(4) Concurrent Rebuild Remembered Sets 2.275ms
[2025-09-11T11:26:06.960+0000][1][gc,start    ] GC(4) Pause Cleanup
[2025-09-11T11:26:06.960+0000][1][gc          ] GC(4) Pause Cleanup 13M->13M(512M) 0.474ms
[2025-09-11T11:26:06.960+0000][1][gc,cpu      ] GC(4) User=0.00s Sys=0.00s Real=0.00s
[2025-09-11T11:26:06.960+0000][1][safepoint   ] Safepoint "G1Concurrent", Time since last: 2708503 ns, Reaching safepoint: 558042 ns, At safepoint: 642648 ns, Total: 1200690 ns
[2025-09-11T11:26:06.961+0000][1][gc,marking  ] GC(4) Concurrent Cleanup for Next Mark
[2025-09-11T11:26:06.969+0000][1][gc,marking  ] GC(4) Concurrent Cleanup for Next Mark 8.561ms
[2025-09-11T11:26:06.969+0000][1][gc          ] GC(4) Concurrent Mark Cycle 27.877ms
[2025-09-11T11:26:07.436+0000][1][safepoint   ] Safepoint "ICBufferFull", Time since last: 475422583 ns, Reaching safepoint: 380528 ns, At safepoint: 36503 ns, Total: 417031 ns
[2025-09-11T11:26:07.442+0000][1][safepoint   ] Safepoint "ICBufferFull", Time since last: 5017976 ns, Reaching safepoint: 324724 ns, At safepoint: 5100 ns, Total: 329824 ns
[2025-09-11T11:26:07.448+0000][1][safepoint   ] Safepoint "ICBufferFull", Time since last: 6002450 ns, Reaching safepoint: 383528 ns, At safepoint: 6301 ns, Total: 389829 ns
[2025-09-11T11:26:07.453+0000][1][safepoint   ] Safepoint "ICBufferFull", Time since last: 4664749 ns, Reaching safepoint: 462935 ns, At safepoint: 10000 ns, Total: 472935 ns
[2025-09-11T11:26:07.460+0000][1][safepoint   ] Safepoint "ICBufferFull", Time since last: 6583793 ns, Reaching safepoint: 486137 ns, At safepoint: 9600 ns, Total: 495737 ns
[2025-09-11T11:26:07.465+0000][1][safepoint   ] Safepoint "ICBufferFull", Time since last: 4164312 ns, Reaching safepoint: 347526 ns, At safepoint: 6100 ns, Total: 353626 ns
[2025-09-11T11:26:07.470+0000][1][safepoint   ] Safepoint "ICBufferFull", Time since last: 4573943 ns, Reaching safepoint: 476635 ns, At safepoint: 9401 ns, Total: 486036 ns
[2025-09-11T11:26:07.474+0000][1][safepoint   ] Safepoint "ICBufferFull", Time since last: 3831187 ns, Reaching safepoint: 472435 ns, At safepoint: 8901 ns, Total: 481336 ns
[2025-09-11T11:26:07.479+0000][1][safepoint   ] Safepoint "ICBufferFull", Time since last: 4575542 ns, Reaching safepoint: 361727 ns, At safepoint: 101408 ns, Total: 463135 ns
[2025-09-11T11:26:07.485+0000][1][safepoint   ] Safepoint "ICBufferFull", Time since last: 5286096 ns, Reaching safepoint: 344826 ns, At safepoint: 5400 ns, Total: 350226 ns
[2025-09-11T11:26:07.490+0000][1][safepoint   ] Safepoint "ICBufferFull", Time since last: 4716553 ns, Reaching safepoint: 377528 ns, At safepoint: 36403 ns, Total: 413931 ns
[2025-09-11T11:26:07.497+0000][1][safepoint   ] Safepoint "ICBufferFull", Time since last: 6528189 ns, Reaching safepoint: 362127 ns, At safepoint: 6500 ns, Total: 368627 ns
[2025-09-11T11:26:07.502+0000][1][safepoint   ] Safepoint "ICBufferFull", Time since last: 4511438 ns, Reaching safepoint: 344026 ns, At safepoint: 5100 ns, Total: 349126 ns
[2025-09-11T11:26:07.509+0000][1][safepoint   ] Safepoint "ICBufferFull", Time since last: 7337849 ns, Reaching safepoint: 348126 ns, At safepoint: 6101 ns, Total: 354227 ns
[2025-09-11T11:26:07.515+0000][1][safepoint   ] Safepoint "ICBufferFull", Time since last: 5017475 ns, Reaching safepoint: 496237 ns, At safepoint: 9601 ns, Total: 505838 ns
[2025-09-11T11:26:07.521+0000][1][safepoint   ] Safepoint "ICBufferFull", Time since last: 5413905 ns, Reaching safepoint: 361427 ns, At safepoint: 6401 ns, Total: 367828 ns
[2025-09-11T11:26:07.528+0000][1][safepoint   ] Safepoint "ICBufferFull", Time since last: 6316373 ns, Reaching safepoint: 566442 ns, At safepoint: 40903 ns, Total: 607345 ns
[2025-09-11T11:26:07.785+0000][1][safepoint   ] Safepoint "ICBufferFull", Time since last: 256255080 ns, Reaching safepoint: 566142 ns, At safepoint: 147911 ns, Total: 714053 ns
[2025-09-11T11:26:08.596+0000][1][safepoint   ] Safepoint "ICBufferFull", Time since last: 810636673 ns, Reaching safepoint: 574243 ns, At safepoint: 85406 ns, Total: 659649 ns
[2025-09-11T11:26:08.635+0000][1][gc,heap,exit] Heap
[2025-09-11T11:26:08.635+0000][1][gc,heap,exit]  garbage-first heap   total 524288K, used 130178K [0x00000000e0000000, 0x0000000100000000)
[2025-09-11T11:26:08.635+0000][1][gc,heap,exit]   region size 1024K, 119 young (121856K), 4 survivors (4096K)
[2025-09-11T11:26:08.635+0000][1][gc,heap,exit]  Metaspace       used 33806K, committed 34176K, reserved 1081344K
[2025-09-11T11:26:08.635+0000][1][gc,heap,exit]   class space    used 4258K, committed 4416K, reserved 1048576K
