[2025-09-11T11:50:57.374+0000][1][gc] Using G1
[2025-09-11T11:50:57.392+0000][1][gc,init] Version: 16.0.1+9 (release)
[2025-09-11T11:50:57.392+0000][1][gc,init] CPUs: 16 total, 16 available
[2025-09-11T11:50:57.392+0000][1][gc,init] Memory: 15898M
[2025-09-11T11:50:57.392+0000][1][gc,init] Large Page Support: Disabled
[2025-09-11T11:50:57.392+0000][1][gc,init] NUMA Support: Disabled
[2025-09-11T11:50:57.392+0000][1][gc,init] Compressed Oops: Enabled (32-bit)
[2025-09-11T11:50:57.392+0000][1][gc,init] Heap Region Size: 1M
[2025-09-11T11:50:57.392+0000][1][gc,init] Heap Min Capacity: 512M
[2025-09-11T11:50:57.392+0000][1][gc,init] Heap Initial Capacity: 512M
[2025-09-11T11:50:57.392+0000][1][gc,init] Heap Max Capacity: 512M
[2025-09-11T11:50:57.392+0000][1][gc,init] Pre-touch: Disabled
[2025-09-11T11:50:57.392+0000][1][gc,init] Parallel Workers: 13
[2025-09-11T11:50:57.393+0000][1][gc,init] Concurrent Workers: 3
[2025-09-11T11:50:57.393+0000][1][gc,init] Concurrent Refinement Workers: 13
[2025-09-11T11:50:57.393+0000][1][gc,init] Periodic GC: Disabled
[2025-09-11T11:50:57.393+0000][1][gc,metaspace] CDS archive(s) mapped at: [0x0000000800000000-0x0000000800bea000-0x0000000800bea000), size 12492800, SharedBaseAddress: 0x0000000800000000, ArchiveRelocationMode: 0.
[2025-09-11T11:50:57.393+0000][1][gc,metaspace] Compressed class space mapped at: 0x0000000800c00000-0x0000000840c00000, reserved size: 1073741824
[2025-09-11T11:50:57.393+0000][1][gc,metaspace] Narrow klass base: 0x0000000800000000, Narrow klass shift: 3, Narrow klass range: 0x100000000
[2025-09-11T11:50:58.560+0000][1][safepoint   ] Safepoint "ICBufferFull", Time since last: 1147148834 ns, Reaching safepoint: 339625 ns, At safepoint: 68406 ns, Total: 408031 ns
[2025-09-11T11:50:58.740+0000][1][gc,start    ] GC(0) Pause Young (Normal) (G1 Evacuation Pause)
[2025-09-11T11:50:58.744+0000][1][gc,task     ] GC(0) Using 12 workers of 13 for evacuation
[2025-09-11T11:50:58.745+0000][1][gc,age      ] GC(0) Desired survivor size 2097152 bytes, new threshold 15 (max threshold 15)
[2025-09-11T11:50:58.753+0000][1][gc,age      ] GC(0) Age table with threshold 15 (max threshold 15)
[2025-09-11T11:50:58.753+0000][1][gc,age      ] GC(0) - age   1:    3783824 bytes,    3783824 total
[2025-09-11T11:50:58.753+0000][1][gc,phases   ] GC(0)   Pre Evacuate Collection Set: 0.4ms
[2025-09-11T11:50:58.753+0000][1][gc,phases   ] GC(0)   Merge Heap Roots: 0.3ms
[2025-09-11T11:50:58.753+0000][1][gc,phases   ] GC(0)   Evacuate Collection Set: 5.8ms
[2025-09-11T11:50:58.753+0000][1][gc,phases   ] GC(0)   Post Evacuate Collection Set: 2.1ms
[2025-09-11T11:50:58.754+0000][1][gc,phases   ] GC(0)   Other: 4.8ms
[2025-09-11T11:50:58.754+0000][1][gc,heap     ] GC(0) Eden regions: 25->0(29)
[2025-09-11T11:50:58.754+0000][1][gc,heap     ] GC(0) Survivor regions: 0->4(4)
[2025-09-11T11:50:58.754+0000][1][gc,heap     ] GC(0) Old regions: 0->3
[2025-09-11T11:50:58.754+0000][1][gc,heap     ] GC(0) Archive regions: 2->2
[2025-09-11T11:50:58.754+0000][1][gc,heap     ] GC(0) Humongous regions: 1->1
[2025-09-11T11:50:58.754+0000][1][gc,metaspace] GC(0) Metaspace: 7535K(7744K)->7535K(7744K) NonClass: 6761K(6848K)->6761K(6848K) Class: 773K(896K)->773K(896K)
[2025-09-11T11:50:58.754+0000][1][gc          ] GC(0) Pause Young (Normal) (G1 Evacuation Pause) 26M->8M(512M) 13.533ms
[2025-09-11T11:50:58.754+0000][1][gc,cpu      ] GC(0) User=0.03s Sys=0.02s Real=0.01s
[2025-09-11T11:50:58.754+0000][1][safepoint   ] Safepoint "G1CollectForAllocation", Time since last: 179885047 ns, Reaching safepoint: 267021 ns, At safepoint: 13887753 ns, Total: 14154774 ns
[2025-09-11T11:50:59.868+0000][1][safepoint   ] Safepoint "Cleanup", Time since last: 1114144630 ns, Reaching safepoint: 441633 ns, At safepoint: 77706 ns, Total: 519339 ns
[2025-09-11T11:51:00.079+0000][1][gc,start    ] GC(1) Pause Young (Normal) (G1 Evacuation Pause)
[2025-09-11T11:51:00.079+0000][1][gc,task     ] GC(1) Using 12 workers of 13 for evacuation
[2025-09-11T11:51:00.079+0000][1][gc,age      ] GC(1) Desired survivor size 2621440 bytes, new threshold 1 (max threshold 15)
[2025-09-11T11:51:00.093+0000][1][gc,age      ] GC(1) Age table with threshold 1 (max threshold 15)
[2025-09-11T11:51:00.093+0000][1][gc,age      ] GC(1) - age   1:    3964192 bytes,    3964192 total
[2025-09-11T11:51:00.093+0000][1][gc,phases   ] GC(1)   Pre Evacuate Collection Set: 0.4ms
[2025-09-11T11:51:00.093+0000][1][gc,phases   ] GC(1)   Merge Heap Roots: 0.1ms
[2025-09-11T11:51:00.093+0000][1][gc,phases   ] GC(1)   Evacuate Collection Set: 9.2ms
[2025-09-11T11:51:00.093+0000][1][gc,phases   ] GC(1)   Post Evacuate Collection Set: 3.9ms
[2025-09-11T11:51:00.093+0000][1][gc,phases   ] GC(1)   Other: 0.5ms
[2025-09-11T11:51:00.093+0000][1][gc,heap     ] GC(1) Eden regions: 29->0(128)
[2025-09-11T11:51:00.093+0000][1][gc,heap     ] GC(1) Survivor regions: 4->4(5)
[2025-09-11T11:51:00.093+0000][1][gc,heap     ] GC(1) Old regions: 3->7
[2025-09-11T11:51:00.093+0000][1][gc,heap     ] GC(1) Archive regions: 2->2
[2025-09-11T11:51:00.093+0000][1][gc,heap     ] GC(1) Humongous regions: 1->1
[2025-09-11T11:51:00.093+0000][1][gc,metaspace] GC(1) Metaspace: 12709K(12928K)->12709K(12928K) NonClass: 11266K(11392K)->11266K(11392K) Class: 1442K(1536K)->1442K(1536K)
[2025-09-11T11:51:00.093+0000][1][gc          ] GC(1) Pause Young (Normal) (G1 Evacuation Pause) 37M->12M(512M) 14.343ms
[2025-09-11T11:51:00.093+0000][1][gc,cpu      ] GC(1) User=0.07s Sys=0.01s Real=0.01s
[2025-09-11T11:51:00.093+0000][1][safepoint   ] Safepoint "G1CollectForAllocation", Time since last: 210192748 ns, Reaching safepoint: 256219 ns, At safepoint: 14532403 ns, Total: 14788622 ns
[2025-09-11T11:51:00.908+0000][1][gc,start    ] GC(2) Pause Young (Normal) (G1 Evacuation Pause)
[2025-09-11T11:51:00.908+0000][1][gc,task     ] GC(2) Using 12 workers of 13 for evacuation
[2025-09-11T11:51:00.908+0000][1][gc,age      ] GC(2) Desired survivor size 8912896 bytes, new threshold 15 (max threshold 15)
[2025-09-11T11:51:00.916+0000][1][gc,age      ] GC(2) Age table with threshold 15 (max threshold 15)
[2025-09-11T11:51:00.916+0000][1][gc,age      ] GC(2) - age   1:    3475544 bytes,    3475544 total
[2025-09-11T11:51:00.916+0000][1][gc,age      ] GC(2) - age   2:    1704920 bytes,    5180464 total
[2025-09-11T11:51:00.916+0000][1][gc,phases   ] GC(2)   Pre Evacuate Collection Set: 0.4ms
[2025-09-11T11:51:00.916+0000][1][gc,phases   ] GC(2)   Merge Heap Roots: 0.4ms
[2025-09-11T11:51:00.916+0000][1][gc,phases   ] GC(2)   Evacuate Collection Set: 5.0ms
[2025-09-11T11:51:00.916+0000][1][gc,phases   ] GC(2)   Post Evacuate Collection Set: 2.1ms
[2025-09-11T11:51:00.916+0000][1][gc,phases   ] GC(2)   Other: 0.4ms
[2025-09-11T11:51:00.916+0000][1][gc,heap     ] GC(2) Eden regions: 128->0(301)
[2025-09-11T11:51:00.916+0000][1][gc,heap     ] GC(2) Survivor regions: 4->6(17)
[2025-09-11T11:51:00.916+0000][1][gc,heap     ] GC(2) Old regions: 7->7
[2025-09-11T11:51:00.916+0000][1][gc,heap     ] GC(2) Archive regions: 2->2
[2025-09-11T11:51:00.916+0000][1][gc,heap     ] GC(2) Humongous regions: 1->1
[2025-09-11T11:51:00.916+0000][1][gc,metaspace] GC(2) Metaspace: 14624K(14912K)->14624K(14912K) NonClass: 12985K(13120K)->12985K(13120K) Class: 1639K(1792K)->1639K(1792K)
[2025-09-11T11:51:00.916+0000][1][gc          ] GC(2) Pause Young (Normal) (G1 Evacuation Pause) 140M->13M(512M) 8.398ms
[2025-09-11T11:51:00.916+0000][1][gc,cpu      ] GC(2) User=0.04s Sys=0.02s Real=0.01s
[2025-09-11T11:51:00.916+0000][1][safepoint   ] Safepoint "G1CollectForAllocation", Time since last: 814117266 ns, Reaching safepoint: 362528 ns, At safepoint: 8491244 ns, Total: 8853772 ns
[2025-09-11T11:51:01.622+0000][1][gc,start    ] GC(3) Pause Young (Concurrent Start) (Metadata GC Threshold)
[2025-09-11T11:51:01.623+0000][1][gc,task     ] GC(3) Using 12 workers of 13 for evacuation
[2025-09-11T11:51:01.623+0000][1][gc,age      ] GC(3) Desired survivor size 20447232 bytes, new threshold 15 (max threshold 15)
[2025-09-11T11:51:01.629+0000][1][gc,age      ] GC(3) Age table with threshold 15 (max threshold 15)
[2025-09-11T11:51:01.629+0000][1][gc,age      ] GC(3) - age   1:    1728016 bytes,    1728016 total
[2025-09-11T11:51:01.629+0000][1][gc,age      ] GC(3) - age   2:     286128 bytes,    2014144 total
[2025-09-11T11:51:01.629+0000][1][gc,age      ] GC(3) - age   3:    1684016 bytes,    3698160 total
[2025-09-11T11:51:01.629+0000][1][gc,phases   ] GC(3)   Pre Evacuate Collection Set: 0.6ms
[2025-09-11T11:51:01.629+0000][1][gc,phases   ] GC(3)   Merge Heap Roots: 0.3ms
[2025-09-11T11:51:01.629+0000][1][gc,phases   ] GC(3)   Evacuate Collection Set: 3.7ms
[2025-09-11T11:51:01.629+0000][1][gc,phases   ] GC(3)   Post Evacuate Collection Set: 1.8ms
[2025-09-11T11:51:01.629+0000][1][gc,phases   ] GC(3)   Other: 0.7ms
[2025-09-11T11:51:01.630+0000][1][gc,heap     ] GC(3) Eden regions: 57->0(303)
[2025-09-11T11:51:01.630+0000][1][gc,heap     ] GC(3) Survivor regions: 6->4(39)
[2025-09-11T11:51:01.630+0000][1][gc,heap     ] GC(3) Old regions: 7->7
[2025-09-11T11:51:01.630+0000][1][gc,heap     ] GC(3) Archive regions: 2->2
[2025-09-11T11:51:01.630+0000][1][gc,heap     ] GC(3) Humongous regions: 1->1
[2025-09-11T11:51:01.630+0000][1][gc,metaspace] GC(3) Metaspace: 21013K(21248K)->21013K(21248K) NonClass: 18469K(18560K)->18469K(18560K) Class: 2543K(2688K)->2543K(2688K)
[2025-09-11T11:51:01.630+0000][1][gc          ] GC(3) Pause Young (Concurrent Start) (Metadata GC Threshold) 70M->12M(512M) 7.155ms
[2025-09-11T11:51:01.630+0000][1][gc,cpu      ] GC(3) User=0.03s Sys=0.00s Real=0.00s
[2025-09-11T11:51:01.630+0000][1][safepoint   ] Safepoint "CollectForMetadataAllocation", Time since last: 707738695 ns, Reaching safepoint: 443734 ns, At safepoint: 7351458 ns, Total: 7795192 ns
[2025-09-11T11:51:01.630+0000][1][gc          ] GC(4) Concurrent Mark Cycle
[2025-09-11T11:51:01.630+0000][1][gc,marking  ] GC(4) Concurrent Clear Claimed Marks
[2025-09-11T11:51:01.630+0000][1][gc,marking  ] GC(4) Concurrent Clear Claimed Marks 0.039ms
[2025-09-11T11:51:01.630+0000][1][gc,marking  ] GC(4) Concurrent Scan Root Regions
[2025-09-11T11:51:01.633+0000][1][gc,marking  ] GC(4) Concurrent Scan Root Regions 2.900ms
[2025-09-11T11:51:01.633+0000][1][gc,marking  ] GC(4) Concurrent Mark
[2025-09-11T11:51:01.633+0000][1][gc,marking  ] GC(4) Concurrent Mark From Roots
[2025-09-11T11:51:01.633+0000][1][gc,task     ] GC(4) Using 3 workers of 3 for marking
[2025-09-11T11:51:01.637+0000][1][gc,marking  ] GC(4) Concurrent Mark From Roots 4.257ms
[2025-09-11T11:51:01.637+0000][1][gc,marking  ] GC(4) Concurrent Preclean
[2025-09-11T11:51:01.638+0000][1][gc,marking  ] GC(4) Concurrent Preclean 0.183ms
[2025-09-11T11:51:01.638+0000][1][gc,start    ] GC(4) Pause Remark
[2025-09-11T11:51:01.642+0000][1][gc          ] GC(4) Pause Remark 13M->13M(512M) 3.991ms
[2025-09-11T11:51:01.642+0000][1][gc,cpu      ] GC(4) User=0.01s Sys=0.00s Real=0.01s
[2025-09-11T11:51:01.642+0000][1][safepoint   ] Safepoint "G1Concurrent", Time since last: 8063912 ns, Reaching safepoint: 515339 ns, At safepoint: 4165016 ns, Total: 4680355 ns
[2025-09-11T11:51:01.643+0000][1][gc,marking  ] GC(4) Concurrent Mark 9.550ms
[2025-09-11T11:51:01.643+0000][1][gc,marking  ] GC(4) Concurrent Rebuild Remembered Sets
[2025-09-11T11:51:01.645+0000][1][gc,marking  ] GC(4) Concurrent Rebuild Remembered Sets 2.229ms
[2025-09-11T11:51:01.646+0000][1][gc,start    ] GC(4) Pause Cleanup
[2025-09-11T11:51:01.646+0000][1][gc          ] GC(4) Pause Cleanup 13M->13M(512M) 0.507ms
[2025-09-11T11:51:01.646+0000][1][gc,cpu      ] GC(4) User=0.00s Sys=0.00s Real=0.00s
[2025-09-11T11:51:01.646+0000][1][safepoint   ] Safepoint "G1Concurrent", Time since last: 2569395 ns, Reaching safepoint: 501338 ns, At safepoint: 646949 ns, Total: 1148287 ns
[2025-09-11T11:51:01.646+0000][1][gc,marking  ] GC(4) Concurrent Cleanup for Next Mark
[2025-09-11T11:51:01.652+0000][1][gc,marking  ] GC(4) Concurrent Cleanup for Next Mark 5.567ms
[2025-09-11T11:51:01.652+0000][1][gc          ] GC(4) Concurrent Mark Cycle 22.254ms
[2025-09-11T11:51:02.077+0000][1][safepoint   ] Safepoint "ICBufferFull", Time since last: 430514063 ns, Reaching safepoint: 583744 ns, At safepoint: 76506 ns, Total: 660250 ns
[2025-09-11T11:51:02.086+0000][1][safepoint   ] Safepoint "ICBufferFull", Time since last: 8298629 ns, Reaching safepoint: 375729 ns, At safepoint: 8601 ns, Total: 384330 ns
[2025-09-11T11:51:02.094+0000][1][safepoint   ] Safepoint "ICBufferFull", Time since last: 7731786 ns, Reaching safepoint: 569843 ns, At safepoint: 9701 ns, Total: 579544 ns
[2025-09-11T11:51:02.102+0000][1][safepoint   ] Safepoint "ICBufferFull", Time since last: 7420663 ns, Reaching safepoint: 268821 ns, At safepoint: 8300 ns, Total: 277121 ns
[2025-09-11T11:51:02.113+0000][1][safepoint   ] Safepoint "ICBufferFull", Time since last: 10184373 ns, Reaching safepoint: 466135 ns, At safepoint: 9601 ns, Total: 475736 ns
[2025-09-11T11:51:02.120+0000][1][safepoint   ] Safepoint "ICBufferFull", Time since last: 6431688 ns, Reaching safepoint: 415231 ns, At safepoint: 8701 ns, Total: 423932 ns
[2025-09-11T11:51:02.127+0000][1][safepoint   ] Safepoint "ICBufferFull", Time since last: 7139142 ns, Reaching safepoint: 469235 ns, At safepoint: 10001 ns, Total: 479236 ns
[2025-09-11T11:51:02.133+0000][1][safepoint   ] Safepoint "ICBufferFull", Time since last: 5537020 ns, Reaching safepoint: 238518 ns, At safepoint: 8201 ns, Total: 246719 ns
[2025-09-11T11:51:02.139+0000][1][safepoint   ] Safepoint "ICBufferFull", Time since last: 5188394 ns, Reaching safepoint: 903168 ns, At safepoint: 51904 ns, Total: 955072 ns
[2025-09-11T11:51:02.149+0000][1][safepoint   ] Safepoint "ICBufferFull", Time since last: 9048687 ns, Reaching safepoint: 463635 ns, At safepoint: 10801 ns, Total: 474436 ns
[2025-09-11T11:51:02.156+0000][1][safepoint   ] Safepoint "ICBufferFull", Time since last: 6538896 ns, Reaching safepoint: 370328 ns, At safepoint: 7300 ns, Total: 377628 ns
[2025-09-11T11:51:02.164+0000][1][safepoint   ] Safepoint "ICBufferFull", Time since last: 8049611 ns, Reaching safepoint: 278021 ns, At safepoint: 8001 ns, Total: 286022 ns
[2025-09-11T11:51:02.170+0000][1][safepoint   ] Safepoint "ICBufferFull", Time since last: 5714033 ns, Reaching safepoint: 509039 ns, At safepoint: 12201 ns, Total: 521240 ns
[2025-09-11T11:51:02.180+0000][1][safepoint   ] Safepoint "ICBufferFull", Time since last: 9667133 ns, Reaching safepoint: 369028 ns, At safepoint: 8101 ns, Total: 377129 ns
[2025-09-11T11:51:02.185+0000][1][safepoint   ] Safepoint "ICBufferFull", Time since last: 4590748 ns, Reaching safepoint: 411731 ns, At safepoint: 8901 ns, Total: 420632 ns
[2025-09-11T11:51:02.191+0000][1][safepoint   ] Safepoint "ICBufferFull", Time since last: 5782839 ns, Reaching safepoint: 405031 ns, At safepoint: 12100 ns, Total: 417131 ns
[2025-09-11T11:51:02.198+0000][1][safepoint   ] Safepoint "ICBufferFull", Time since last: 6140466 ns, Reaching safepoint: 298723 ns, At safepoint: 8201 ns, Total: 306924 ns
[2025-09-11T11:51:02.206+0000][1][safepoint   ] Safepoint "ICBufferFull", Time since last: 7494768 ns, Reaching safepoint: 510739 ns, At safepoint: 46704 ns, Total: 557443 ns
[2025-09-11T11:51:02.218+0000][1][safepoint   ] Safepoint "ICBufferFull", Time since last: 11704088 ns, Reaching safepoint: 347226 ns, At safepoint: 7600 ns, Total: 354826 ns
[2025-09-11T11:51:02.230+0000][1][safepoint   ] Safepoint "ICBufferFull", Time since last: 11461970 ns, Reaching safepoint: 527540 ns, At safepoint: 123809 ns, Total: 651349 ns
[2025-09-11T11:51:02.232+0000][1][safepoint   ] Safepoint "ICBufferFull", Time since last: 1900745 ns, Reaching safepoint: 176113 ns, At safepoint: 7601 ns, Total: 183714 ns
[2025-09-11T11:51:02.235+0000][1][safepoint   ] Safepoint "ICBufferFull", Time since last: 2135062 ns, Reaching safepoint: 408731 ns, At safepoint: 8400 ns, Total: 417131 ns
[2025-09-11T11:51:02.237+0000][1][safepoint   ] Safepoint "ICBufferFull", Time since last: 2121261 ns, Reaching safepoint: 369628 ns, At safepoint: 8801 ns, Total: 378429 ns
[2025-09-11T11:51:02.240+0000][1][safepoint   ] Safepoint "ICBufferFull", Time since last: 2117861 ns, Reaching safepoint: 586144 ns, At safepoint: 112509 ns, Total: 698653 ns
[2025-09-11T11:51:02.242+0000][1][safepoint   ] Safepoint "ICBufferFull", Time since last: 1886343 ns, Reaching safepoint: 387529 ns, At safepoint: 44803 ns, Total: 432332 ns
[2025-09-11T11:51:02.244+0000][1][safepoint   ] Safepoint "ICBufferFull", Time since last: 1770335 ns, Reaching safepoint: 319224 ns, At safepoint: 34503 ns, Total: 353727 ns
[2025-09-11T11:51:02.247+0000][1][safepoint   ] Safepoint "ICBufferFull", Time since last: 2212568 ns, Reaching safepoint: 322724 ns, At safepoint: 8101 ns, Total: 330825 ns
[2025-09-11T11:51:02.249+0000][1][safepoint   ] Safepoint "ICBufferFull", Time since last: 2065856 ns, Reaching safepoint: 373129 ns, At safepoint: 56504 ns, Total: 429633 ns
[2025-09-11T11:51:03.153+0000][1][safepoint   ] Safepoint "ICBufferFull", Time since last: 902797049 ns, Reaching safepoint: 411531 ns, At safepoint: 67105 ns, Total: 478636 ns
[2025-09-11T11:51:03.658+0000][1][gc,start    ] GC(5) Pause Young (Concurrent Start) (Metadata GC Threshold)
[2025-09-11T11:51:03.658+0000][1][gc,task     ] GC(5) Using 12 workers of 13 for evacuation
[2025-09-11T11:51:03.658+0000][1][gc,age      ] GC(5) Desired survivor size 20447232 bytes, new threshold 15 (max threshold 15)
[2025-09-11T11:51:03.669+0000][1][gc,age      ] GC(5) Age table with threshold 15 (max threshold 15)
[2025-09-11T11:51:03.669+0000][1][gc,age      ] GC(5) - age   1:    5541576 bytes,    5541576 total
[2025-09-11T11:51:03.669+0000][1][gc,age      ] GC(5) - age   2:    1626968 bytes,    7168544 total
[2025-09-11T11:51:03.669+0000][1][gc,age      ] GC(5) - age   3:     263872 bytes,    7432416 total
[2025-09-11T11:51:03.669+0000][1][gc,age      ] GC(5) - age   4:    1669176 bytes,    9101592 total
[2025-09-11T11:51:03.669+0000][1][gc,phases   ] GC(5)   Pre Evacuate Collection Set: 0.4ms
[2025-09-11T11:51:03.669+0000][1][gc,phases   ] GC(5)   Merge Heap Roots: 0.3ms
[2025-09-11T11:51:03.669+0000][1][gc,phases   ] GC(5)   Evacuate Collection Set: 6.6ms
[2025-09-11T11:51:03.669+0000][1][gc,phases   ] GC(5)   Post Evacuate Collection Set: 3.2ms
[2025-09-11T11:51:03.669+0000][1][gc,phases   ] GC(5)   Other: 0.6ms
[2025-09-11T11:51:03.669+0000][1][gc,heap     ] GC(5) Eden regions: 120->0(297)
[2025-09-11T11:51:03.669+0000][1][gc,heap     ] GC(5) Survivor regions: 4->10(39)
[2025-09-11T11:51:03.669+0000][1][gc,heap     ] GC(5) Old regions: 7->7
[2025-09-11T11:51:03.669+0000][1][gc,heap     ] GC(5) Archive regions: 2->2
[2025-09-11T11:51:03.669+0000][1][gc,heap     ] GC(5) Humongous regions: 2->1
[2025-09-11T11:51:03.669+0000][1][gc,metaspace] GC(5) Metaspace: 35362K(35648K)->35362K(35648K) NonClass: 30783K(30912K)->30783K(30912K) Class: 4579K(4736K)->4579K(4736K)
[2025-09-11T11:51:03.670+0000][1][gc          ] GC(5) Pause Young (Concurrent Start) (Metadata GC Threshold) 133M->17M(512M) 11.333ms
[2025-09-11T11:51:03.670+0000][1][gc,cpu      ] GC(5) User=0.07s Sys=0.01s Real=0.01s
[2025-09-11T11:51:03.670+0000][1][safepoint   ] Safepoint "CollectForMetadataAllocation", Time since last: 505011639 ns, Reaching safepoint: 361128 ns, At safepoint: 11590677 ns, Total: 11951805 ns
[2025-09-11T11:51:03.670+0000][1][gc          ] GC(6) Concurrent Mark Cycle
[2025-09-11T11:51:03.670+0000][1][gc,marking  ] GC(6) Concurrent Clear Claimed Marks
[2025-09-11T11:51:03.670+0000][1][gc,marking  ] GC(6) Concurrent Clear Claimed Marks 0.057ms
[2025-09-11T11:51:03.670+0000][1][gc,marking  ] GC(6) Concurrent Scan Root Regions
[2025-09-11T11:51:03.675+0000][1][gc,marking  ] GC(6) Concurrent Scan Root Regions 4.549ms
[2025-09-11T11:51:03.675+0000][1][gc,marking  ] GC(6) Concurrent Mark
[2025-09-11T11:51:03.675+0000][1][gc,marking  ] GC(6) Concurrent Mark From Roots
[2025-09-11T11:51:03.675+0000][1][gc,task     ] GC(6) Using 3 workers of 3 for marking
[2025-09-11T11:51:03.680+0000][1][gc,marking  ] GC(6) Concurrent Mark From Roots 5.455ms
[2025-09-11T11:51:03.680+0000][1][gc,marking  ] GC(6) Concurrent Preclean
[2025-09-11T11:51:03.680+0000][1][gc,marking  ] GC(6) Concurrent Preclean 0.235ms
[2025-09-11T11:51:03.681+0000][1][gc,start    ] GC(6) Pause Remark
[2025-09-11T11:51:03.685+0000][1][gc          ] GC(6) Pause Remark 18M->18M(512M) 4.201ms
[2025-09-11T11:51:03.686+0000][1][gc,cpu      ] GC(6) User=0.03s Sys=0.00s Real=0.01s
[2025-09-11T11:51:03.686+0000][1][safepoint   ] Safepoint "G1Concurrent", Time since last: 10978131 ns, Reaching safepoint: 509639 ns, At safepoint: 4457238 ns, Total: 4966877 ns
[2025-09-11T11:51:03.686+0000][1][gc,marking  ] GC(6) Concurrent Mark 11.101ms
[2025-09-11T11:51:03.686+0000][1][gc,marking  ] GC(6) Concurrent Rebuild Remembered Sets
[2025-09-11T11:51:03.689+0000][1][gc,marking  ] GC(6) Concurrent Rebuild Remembered Sets 2.610ms
[2025-09-11T11:51:03.690+0000][1][gc,start    ] GC(6) Pause Cleanup
[2025-09-11T11:51:03.690+0000][1][gc          ] GC(6) Pause Cleanup 18M->18M(512M) 0.604ms
[2025-09-11T11:51:03.690+0000][1][gc,cpu      ] GC(6) User=0.00s Sys=0.00s Real=0.00s
[2025-09-11T11:51:03.690+0000][1][safepoint   ] Safepoint "G1Concurrent", Time since last: 3030429 ns, Reaching safepoint: 819962 ns, At safepoint: 794860 ns, Total: 1614822 ns
[2025-09-11T11:51:03.690+0000][1][gc,marking  ] GC(6) Concurrent Cleanup for Next Mark
[2025-09-11T11:51:03.696+0000][1][gc,marking  ] GC(6) Concurrent Cleanup for Next Mark 5.913ms
[2025-09-11T11:51:03.696+0000][1][gc          ] GC(6) Concurrent Mark Cycle 26.741ms
[2025-09-11T11:51:04.467+0000][1][safepoint   ] Safepoint "ICBufferFull", Time since last: 774988782 ns, Reaching safepoint: 1525816 ns, At safepoint: 151911 ns, Total: 1677727 ns
[2025-09-11T11:51:05.150+0000][1][safepoint   ] Safepoint "ICBufferFull", Time since last: 682030743 ns, Reaching safepoint: 494838 ns, At safepoint: 45203 ns, Total: 540041 ns
[2025-09-11T11:51:06.093+0000][1][safepoint   ] Safepoint "ICBufferFull", Time since last: 942708081 ns, Reaching safepoint: 545242 ns, At safepoint: 12201 ns, Total: 557443 ns
[2025-09-11T11:51:07.094+0000][1][safepoint   ] Safepoint "Cleanup", Time since last: 1000342745 ns, Reaching safepoint: 380729 ns, At safepoint: 11501 ns, Total: 392230 ns
[2025-09-11T11:51:08.094+0000][1][safepoint   ] Safepoint "Cleanup", Time since last: 1000259539 ns, Reaching safepoint: 394730 ns, At safepoint: 17001 ns, Total: 411731 ns
[2025-09-11T11:51:09.278+0000][1][safepoint   ] Safepoint "Cleanup", Time since last: 1182970074 ns, Reaching safepoint: 364128 ns, At safepoint: 123109 ns, Total: 487237 ns
[2025-09-11T11:51:09.567+0000][1][gc,start    ] GC(7) Pause Young (Concurrent Start) (Metadata GC Threshold)
[2025-09-11T11:51:09.567+0000][1][gc,task     ] GC(7) Using 12 workers of 13 for evacuation
[2025-09-11T11:51:09.567+0000][1][gc,age      ] GC(7) Desired survivor size 20447232 bytes, new threshold 15 (max threshold 15)
[2025-09-11T11:51:09.587+0000][1][gc,age      ] GC(7) Age table with threshold 15 (max threshold 15)
[2025-09-11T11:51:09.587+0000][1][gc,age      ] GC(7) - age   1:    9890584 bytes,    9890584 total
[2025-09-11T11:51:09.587+0000][1][gc,age      ] GC(7) - age   2:    5320152 bytes,   15210736 total
[2025-09-11T11:51:09.587+0000][1][gc,age      ] GC(7) - age   3:    1606288 bytes,   16817024 total
[2025-09-11T11:51:09.587+0000][1][gc,age      ] GC(7) - age   4:     254624 bytes,   17071648 total
[2025-09-11T11:51:09.587+0000][1][gc,age      ] GC(7) - age   5:    1657888 bytes,   18729536 total
[2025-09-11T11:51:09.587+0000][1][gc,phases   ] GC(7)   Pre Evacuate Collection Set: 0.5ms
[2025-09-11T11:51:09.587+0000][1][gc,phases   ] GC(7)   Merge Heap Roots: 0.3ms
[2025-09-11T11:51:09.587+0000][1][gc,phases   ] GC(7)   Evacuate Collection Set: 16.1ms
[2025-09-11T11:51:09.587+0000][1][gc,phases   ] GC(7)   Post Evacuate Collection Set: 3.3ms
[2025-09-11T11:51:09.587+0000][1][gc,phases   ] GC(7)   Other: 0.5ms
[2025-09-11T11:51:09.587+0000][1][gc,heap     ] GC(7) Eden regions: 119->0(288)
[2025-09-11T11:51:09.587+0000][1][gc,heap     ] GC(7) Survivor regions: 10->19(39)
[2025-09-11T11:51:09.587+0000][1][gc,heap     ] GC(7) Old regions: 7->7
[2025-09-11T11:51:09.587+0000][1][gc,heap     ] GC(7) Archive regions: 2->2
[2025-09-11T11:51:09.587+0000][1][gc,heap     ] GC(7) Humongous regions: 1->1
[2025-09-11T11:51:09.587+0000][1][gc,metaspace] GC(7) Metaspace: 59168K(59648K)->59168K(59648K) NonClass: 51027K(51264K)->51027K(51264K) Class: 8140K(8384K)->8140K(8384K)
[2025-09-11T11:51:09.588+0000][1][gc          ] GC(7) Pause Young (Concurrent Start) (Metadata GC Threshold) 136M->27M(512M) 20.818ms
[2025-09-11T11:51:09.588+0000][1][gc,cpu      ] GC(7) User=0.14s Sys=0.03s Real=0.02s
[2025-09-11T11:51:09.588+0000][1][gc          ] GC(8) Concurrent Mark Cycle
[2025-09-11T11:51:09.588+0000][1][gc,marking  ] GC(8) Concurrent Clear Claimed Marks
[2025-09-11T11:51:09.588+0000][1][safepoint   ] Safepoint "CollectForMetadataAllocation", Time since last: 288590952 ns, Reaching safepoint: 386129 ns, At safepoint: 21150002 ns, Total: 21536131 ns
[2025-09-11T11:51:09.588+0000][1][gc,marking  ] GC(8) Concurrent Clear Claimed Marks 0.084ms
[2025-09-11T11:51:09.588+0000][1][gc,marking  ] GC(8) Concurrent Scan Root Regions
[2025-09-11T11:51:09.593+0000][1][safepoint   ] Safepoint "CollectForMetadataAllocation", Time since last: 347326 ns, Reaching safepoint: 4756260 ns, At safepoint: 182114 ns, Total: 4938374 ns
[2025-09-11T11:51:09.596+0000][1][gc,marking  ] GC(8) Concurrent Scan Root Regions 7.710ms
[2025-09-11T11:51:09.596+0000][1][gc,marking  ] GC(8) Concurrent Mark
[2025-09-11T11:51:09.596+0000][1][gc,marking  ] GC(8) Concurrent Mark From Roots
[2025-09-11T11:51:09.596+0000][1][gc,task     ] GC(8) Using 3 workers of 3 for marking
[2025-09-11T11:51:09.601+0000][1][gc,marking  ] GC(8) Concurrent Mark From Roots 4.888ms
[2025-09-11T11:51:09.601+0000][1][gc,marking  ] GC(8) Concurrent Preclean
[2025-09-11T11:51:09.601+0000][1][gc,marking  ] GC(8) Concurrent Preclean 0.172ms
[2025-09-11T11:51:09.601+0000][1][gc,start    ] GC(8) Pause Remark
[2025-09-11T11:51:09.606+0000][1][gc          ] GC(8) Pause Remark 28M->28M(512M) 4.023ms
[2025-09-11T11:51:09.606+0000][1][gc,cpu      ] GC(8) User=0.03s Sys=0.00s Real=0.00s
[2025-09-11T11:51:09.606+0000][1][safepoint   ] Safepoint "G1Concurrent", Time since last: 7974004 ns, Reaching safepoint: 378828 ns, At safepoint: 4269223 ns, Total: 4648051 ns
[2025-09-11T11:51:09.606+0000][1][gc,marking  ] GC(8) Concurrent Mark 10.113ms
[2025-09-11T11:51:09.606+0000][1][gc,marking  ] GC(8) Concurrent Rebuild Remembered Sets
[2025-09-11T11:51:09.608+0000][1][gc,marking  ] GC(8) Concurrent Rebuild Remembered Sets 2.457ms
[2025-09-11T11:51:09.611+0000][1][gc,start    ] GC(8) Pause Cleanup
[2025-09-11T11:51:09.612+0000][1][gc          ] GC(8) Pause Cleanup 28M->28M(512M) 0.543ms
[2025-09-11T11:51:09.612+0000][1][gc,cpu      ] GC(8) User=0.00s Sys=0.00s Real=0.00s
[2025-09-11T11:51:09.612+0000][1][safepoint   ] Safepoint "G1Concurrent", Time since last: 2768710 ns, Reaching safepoint: 2633600 ns, At safepoint: 808961 ns, Total: 3442561 ns
[2025-09-11T11:51:09.612+0000][1][gc,marking  ] GC(8) Concurrent Cleanup for Next Mark
[2025-09-11T11:51:09.613+0000][1][gc,marking  ] GC(8) Concurrent Cleanup for Next Mark 1.119ms
[2025-09-11T11:51:09.613+0000][1][gc          ] GC(8) Concurrent Mark Cycle 25.660ms
[2025-09-11T11:51:11.613+0000][1][safepoint   ] Safepoint "Cleanup", Time since last: 2000388683 ns, Reaching safepoint: 467935 ns, At safepoint: 17602 ns, Total: 485537 ns
[2025-09-11T11:51:14.614+0000][1][safepoint   ] Safepoint "Cleanup", Time since last: 3000710650 ns, Reaching safepoint: 561943 ns, At safepoint: 25202 ns, Total: 587145 ns
[2025-09-11T11:51:15.615+0000][1][safepoint   ] Safepoint "Cleanup", Time since last: 1000331691 ns, Reaching safepoint: 392130 ns, At safepoint: 13301 ns, Total: 405431 ns
[2025-09-11T11:51:19.616+0000][1][safepoint   ] Safepoint "Cleanup", Time since last: 4000876993 ns, Reaching safepoint: 403231 ns, At safepoint: 12501 ns, Total: 415732 ns
[2025-09-11T11:51:23.617+0000][1][safepoint   ] Safepoint "Cleanup", Time since last: 4000749373 ns, Reaching safepoint: 416932 ns, At safepoint: 16301 ns, Total: 433233 ns
[2025-09-11T11:51:27.261+0000][1][safepoint   ] Safepoint "Cleanup", Time since last: 3642612629 ns, Reaching safepoint: 435033 ns, At safepoint: 316824 ns, Total: 751857 ns
[2025-09-11T11:51:28.384+0000][1][safepoint   ] Safepoint "Cleanup", Time since last: 1123098832 ns, Reaching safepoint: 446334 ns, At safepoint: 61205 ns, Total: 507539 ns
[2025-09-11T11:51:33.384+0000][1][safepoint   ] Safepoint "Cleanup", Time since last: 5000991579 ns, Reaching safepoint: 390430 ns, At safepoint: 14701 ns, Total: 405131 ns
[2025-09-11T11:51:36.385+0000][1][safepoint   ] Safepoint "Cleanup", Time since last: 3000629847 ns, Reaching safepoint: 388428 ns, At safepoint: 13401 ns, Total: 401829 ns
[2025-09-11T11:51:38.385+0000][1][safepoint   ] Safepoint "Cleanup", Time since last: 2000451231 ns, Reaching safepoint: 368027 ns, At safepoint: 13401 ns, Total: 381428 ns
[2025-09-11T11:51:43.387+0000][1][safepoint   ] Safepoint "Cleanup", Time since last: 5001024784 ns, Reaching safepoint: 527042 ns, At safepoint: 64805 ns, Total: 591847 ns
[2025-09-11T11:51:44.388+0000][1][safepoint   ] Safepoint "Cleanup", Time since last: 1000324263 ns, Reaching safepoint: 389131 ns, At safepoint: 16001 ns, Total: 405132 ns
[2025-09-11T11:51:48.389+0000][1][safepoint   ] Safepoint "Cleanup", Time since last: 4000723809 ns, Reaching safepoint: 400332 ns, At safepoint: 14101 ns, Total: 414433 ns
[2025-09-11T11:51:52.390+0000][1][safepoint   ] Safepoint "Cleanup", Time since last: 4000922072 ns, Reaching safepoint: 369731 ns, At safepoint: 15901 ns, Total: 385632 ns
[2025-09-11T11:51:53.391+0000][1][safepoint   ] Safepoint "Cleanup", Time since last: 1000281207 ns, Reaching safepoint: 381031 ns, At safepoint: 17602 ns, Total: 398633 ns
[2025-09-11T11:51:54.392+0000][1][safepoint   ] Safepoint "Cleanup", Time since last: 1000340012 ns, Reaching safepoint: 378431 ns, At safepoint: 43804 ns, Total: 422235 ns
[2025-09-11T11:51:56.393+0000][1][safepoint   ] Safepoint "Cleanup", Time since last: 2000497408 ns, Reaching safepoint: 376831 ns, At safepoint: 15001 ns, Total: 391832 ns
[2025-09-11T11:51:58.393+0000][1][safepoint   ] Safepoint "Cleanup", Time since last: 2000481407 ns, Reaching safepoint: 389132 ns, At safepoint: 13902 ns, Total: 403034 ns
[2025-09-11T11:52:09.394+0000][1][safepoint   ] Safepoint "Cleanup", Time since last: 11002014273 ns, Reaching safepoint: 388029 ns, At safepoint: 15902 ns, Total: 403931 ns
[2025-09-11T11:52:10.394+0000][1][safepoint   ] Safepoint "Cleanup", Time since last: 1000326575 ns, Reaching safepoint: 463435 ns, At safepoint: 27702 ns, Total: 491137 ns
[2025-09-11T11:52:14.396+0000][1][safepoint   ] Safepoint "Cleanup", Time since last: 4000912271 ns, Reaching safepoint: 434433 ns, At safepoint: 15901 ns, Total: 450334 ns
[2025-09-11T11:52:24.398+0000][1][safepoint   ] Safepoint "Cleanup", Time since last: 10001878071 ns, Reaching safepoint: 810862 ns, At safepoint: 42703 ns, Total: 853565 ns
[2025-09-11T11:52:27.399+0000][1][safepoint   ] Safepoint "Cleanup", Time since last: 3000572246 ns, Reaching safepoint: 429633 ns, At safepoint: 14001 ns, Total: 443634 ns
[2025-09-11T11:52:35.399+0000][1][safepoint   ] Safepoint "Cleanup", Time since last: 8001457052 ns, Reaching safepoint: 431932 ns, At safepoint: 21902 ns, Total: 453834 ns
[2025-09-11T11:52:36.400+0000][1][safepoint   ] Safepoint "Cleanup", Time since last: 1000384638 ns, Reaching safepoint: 368427 ns, At safepoint: 16201 ns, Total: 384628 ns
[2025-09-11T11:52:58.404+0000][1][safepoint   ] Safepoint "Cleanup", Time since last: 22004092091 ns, Reaching safepoint: 518440 ns, At safepoint: 29002 ns, Total: 547442 ns
[2025-09-11T11:53:05.404+0000][1][safepoint   ] Safepoint "Cleanup", Time since last: 7001352213 ns, Reaching safepoint: 502638 ns, At safepoint: 40503 ns, Total: 543141 ns
[2025-09-11T11:53:09.406+0000][1][safepoint   ] Safepoint "Cleanup", Time since last: 4000980988 ns, Reaching safepoint: 431732 ns, At safepoint: 25102 ns, Total: 456834 ns
[2025-09-11T11:53:11.406+0000][1][safepoint   ] Safepoint "Cleanup", Time since last: 2000418522 ns, Reaching safepoint: 250120 ns, At safepoint: 38103 ns, Total: 288223 ns
[2025-09-11T11:53:20.408+0000][1][safepoint   ] Safepoint "Cleanup", Time since last: 9001672741 ns, Reaching safepoint: 455236 ns, At safepoint: 18901 ns, Total: 474137 ns
[2025-09-11T11:53:27.410+0000][1][safepoint   ] Safepoint "Cleanup", Time since last: 7001332444 ns, Reaching safepoint: 577744 ns, At safepoint: 103808 ns, Total: 681552 ns
[2025-09-11T11:53:28.411+0000][1][safepoint   ] Safepoint "Cleanup", Time since last: 1000408752 ns, Reaching safepoint: 344026 ns, At safepoint: 14701 ns, Total: 358727 ns
[2025-09-11T11:53:34.411+0000][1][safepoint   ] Safepoint "Cleanup", Time since last: 6001211919 ns, Reaching safepoint: 518139 ns, At safepoint: 33003 ns, Total: 551142 ns
[2025-09-11T11:53:47.414+0000][1][safepoint   ] Safepoint "Cleanup", Time since last: 13002420649 ns, Reaching safepoint: 486038 ns, At safepoint: 23101 ns, Total: 509139 ns
[2025-09-11T11:53:53.416+0000][1][safepoint   ] Safepoint "Cleanup", Time since last: 6001754425 ns, Reaching safepoint: 456436 ns, At safepoint: 30602 ns, Total: 487038 ns
[2025-09-11T11:53:54.417+0000][1][safepoint   ] Safepoint "Cleanup", Time since last: 1000302399 ns, Reaching safepoint: 370529 ns, At safepoint: 15001 ns, Total: 385530 ns
[2025-09-11T11:53:56.417+0000][1][safepoint   ] Safepoint "Cleanup", Time since last: 2000484089 ns, Reaching safepoint: 430133 ns, At safepoint: 14301 ns, Total: 444434 ns
[2025-09-11T11:53:58.418+0000][1][safepoint   ] Safepoint "Cleanup", Time since last: 2000577197 ns, Reaching safepoint: 379329 ns, At safepoint: 17001 ns, Total: 396330 ns
[2025-09-11T11:54:02.417+0000][1][safepoint   ] Safepoint "Cleanup", Time since last: 4000734721 ns, Reaching safepoint: 509230 ns, At safepoint: 28202 ns, Total: 537432 ns
[2025-09-11T11:54:06.418+0000][1][safepoint   ] Safepoint "Cleanup", Time since last: 4000808021 ns, Reaching safepoint: 438927 ns, At safepoint: 28001 ns, Total: 466928 ns
[2025-09-11T11:54:08.419+0000][1][safepoint   ] Safepoint "Cleanup", Time since last: 2000600380 ns, Reaching safepoint: 430332 ns, At safepoint: 16702 ns, Total: 447034 ns
[2025-09-11T11:54:12.421+0000][1][safepoint   ] Safepoint "Cleanup", Time since last: 4001028745 ns, Reaching safepoint: 409530 ns, At safepoint: 14801 ns, Total: 424331 ns
[2025-09-11T11:54:27.424+0000][1][safepoint   ] Safepoint "Cleanup", Time since last: 15002987442 ns, Reaching safepoint: 372029 ns, At safepoint: 41903 ns, Total: 413932 ns
[2025-09-11T11:54:28.425+0000][1][safepoint   ] Safepoint "Cleanup", Time since last: 1000284604 ns, Reaching safepoint: 358227 ns, At safepoint: 14001 ns, Total: 372228 ns
[2025-09-11T11:54:40.426+0000][1][safepoint   ] Safepoint "Cleanup", Time since last: 12002706472 ns, Reaching safepoint: 521240 ns, At safepoint: 30802 ns, Total: 552042 ns
[2025-09-11T11:54:44.428+0000][1][safepoint   ] Safepoint "Cleanup", Time since last: 4001147737 ns, Reaching safepoint: 352027 ns, At safepoint: 13201 ns, Total: 365228 ns
[2025-09-11T11:54:59.431+0000][1][safepoint   ] Safepoint "Cleanup", Time since last: 15002768983 ns, Reaching safepoint: 438033 ns, At safepoint: 18402 ns, Total: 456435 ns
[2025-09-11T11:55:02.430+0000][1][safepoint   ] Safepoint "Cleanup", Time since last: 3000696530 ns, Reaching safepoint: 375928 ns, At safepoint: 11801 ns, Total: 387729 ns
[2025-09-11T11:55:13.432+0000][1][safepoint   ] Safepoint "Cleanup", Time since last: 11001872791 ns, Reaching safepoint: 397531 ns, At safepoint: 46703 ns, Total: 444234 ns
[2025-09-11T11:55:27.435+0000][1][safepoint   ] Safepoint "Cleanup", Time since last: 14002941631 ns, Reaching safepoint: 431333 ns, At safepoint: 47703 ns, Total: 479036 ns
[2025-09-11T11:55:29.436+0000][1][safepoint   ] Safepoint "Cleanup", Time since last: 2000471412 ns, Reaching safepoint: 384030 ns, At safepoint: 17501 ns, Total: 401531 ns
[2025-09-11T11:55:50.438+0000][1][safepoint   ] Safepoint "Cleanup", Time since last: 21004206801 ns, Reaching safepoint: 392432 ns, At safepoint: 14901 ns, Total: 407333 ns
[2025-09-11T11:56:06.440+0000][1][safepoint   ] Safepoint "Cleanup", Time since last: 16003154528 ns, Reaching safepoint: 400327 ns, At safepoint: 15101 ns, Total: 415428 ns
[2025-09-11T11:56:14.442+0000][1][safepoint   ] Safepoint "Cleanup", Time since last: 8001554016 ns, Reaching safepoint: 470435 ns, At safepoint: 25302 ns, Total: 495737 ns
[2025-09-11T11:56:27.446+0000][1][safepoint   ] Safepoint "Cleanup", Time since last: 13002821814 ns, Reaching safepoint: 409831 ns, At safepoint: 16301 ns, Total: 426132 ns
[2025-09-11T11:56:29.447+0000][1][safepoint   ] Safepoint "Cleanup", Time since last: 2000430083 ns, Reaching safepoint: 500037 ns, At safepoint: 18302 ns, Total: 518339 ns
[2025-09-11T11:56:46.447+0000][1][safepoint   ] Safepoint "Cleanup", Time since last: 17003840582 ns, Reaching safepoint: 398843 ns, At safepoint: 14601 ns, Total: 413444 ns
[2025-09-11T11:57:15.452+0000][1][safepoint   ] Safepoint "Cleanup", Time since last: 29005647482 ns, Reaching safepoint: 587054 ns, At safepoint: 22902 ns, Total: 609956 ns
[2025-09-11T11:57:27.454+0000][1][safepoint   ] Safepoint "Cleanup", Time since last: 12002256078 ns, Reaching safepoint: 562845 ns, At safepoint: 27702 ns, Total: 590547 ns
[2025-09-11T11:57:36.455+0000][1][safepoint   ] Safepoint "Cleanup", Time since last: 9002363035 ns, Reaching safepoint: 366029 ns, At safepoint: 12401 ns, Total: 378430 ns
[2025-09-11T11:57:44.457+0000][1][safepoint   ] Safepoint "Cleanup", Time since last: 8001645014 ns, Reaching safepoint: 495238 ns, At safepoint: 15801 ns, Total: 511039 ns
[2025-09-11T11:57:59.461+0000][1][safepoint   ] Safepoint "Cleanup", Time since last: 15002853018 ns, Reaching safepoint: 384329 ns, At safepoint: 13902 ns, Total: 398231 ns
[2025-09-11T11:58:16.461+0000][1][safepoint   ] Safepoint "Cleanup", Time since last: 17003362408 ns, Reaching safepoint: 428664 ns, At safepoint: 15602 ns, Total: 444266 ns
[2025-09-11T11:58:27.464+0000][1][safepoint   ] Safepoint "Cleanup", Time since last: 11002201812 ns, Reaching safepoint: 379430 ns, At safepoint: 55005 ns, Total: 434435 ns
[2025-09-11T11:58:30.465+0000][1][safepoint   ] Safepoint "Cleanup", Time since last: 3000702537 ns, Reaching safepoint: 408433 ns, At safepoint: 17501 ns, Total: 425934 ns
[2025-09-11T11:58:46.467+0000][1][safepoint   ] Safepoint "Cleanup", Time since last: 16003593850 ns, Reaching safepoint: 508257 ns, At safepoint: 84310 ns, Total: 592567 ns
[2025-09-11T11:59:00.470+0000][1][safepoint   ] Safepoint "Cleanup", Time since last: 14002625905 ns, Reaching safepoint: 480429 ns, At safepoint: 18801 ns, Total: 499230 ns
[2025-09-11T11:59:06.469+0000][1][safepoint   ] Safepoint "Cleanup", Time since last: 6001372479 ns, Reaching safepoint: 465637 ns, At safepoint: 15301 ns, Total: 480938 ns
[2025-09-11T11:59:17.472+0000][1][safepoint   ] Safepoint "Cleanup", Time since last: 11002286608 ns, Reaching safepoint: 392431 ns, At safepoint: 14901 ns, Total: 407332 ns
[2025-09-11T11:59:19.473+0000][1][safepoint   ] Safepoint "Cleanup", Time since last: 2000427678 ns, Reaching safepoint: 428235 ns, At safepoint: 20501 ns, Total: 448736 ns
[2025-09-11T11:59:27.475+0000][1][safepoint   ] Safepoint "Cleanup", Time since last: 8001647096 ns, Reaching safepoint: 461237 ns, At safepoint: 81706 ns, Total: 542943 ns
[2025-09-11T11:59:29.476+0000][1][safepoint   ] Safepoint "Cleanup", Time since last: 2000436714 ns, Reaching safepoint: 361929 ns, At safepoint: 12701 ns, Total: 374630 ns
[2025-09-11T11:59:30.477+0000][1][safepoint   ] Safepoint "Cleanup", Time since last: 1000322359 ns, Reaching safepoint: 391731 ns, At safepoint: 13001 ns, Total: 404732 ns
[2025-09-11T11:59:36.477+0000][1][safepoint   ] Safepoint "Cleanup", Time since last: 6001358065 ns, Reaching safepoint: 540743 ns, At safepoint: 67006 ns, Total: 607749 ns
[2025-09-11T12:00:00.482+0000][1][safepoint   ] Safepoint "Cleanup", Time since last: 24004876593 ns, Reaching safepoint: 542040 ns, At safepoint: 69706 ns, Total: 611746 ns
[2025-09-11T12:00:18.484+0000][1][safepoint   ] Safepoint "Cleanup", Time since last: 18003659519 ns, Reaching safepoint: 464338 ns, At safepoint: 12201 ns, Total: 476539 ns
[2025-09-11T12:00:27.486+0000][1][safepoint   ] Safepoint "Cleanup", Time since last: 9001758546 ns, Reaching safepoint: 482338 ns, At safepoint: 88807 ns, Total: 571145 ns
[2025-09-11T12:00:30.487+0000][1][safepoint   ] Safepoint "Cleanup", Time since last: 3000670345 ns, Reaching safepoint: 427134 ns, At safepoint: 16702 ns, Total: 443836 ns
[2025-09-11T12:00:39.487+0000][1][safepoint   ] Safepoint "Cleanup", Time since last: 9002215945 ns, Reaching safepoint: 392022 ns, At safepoint: 15501 ns, Total: 407523 ns
[2025-09-11T12:01:00.492+0000][1][safepoint   ] Safepoint "Cleanup", Time since last: 21004225047 ns, Reaching safepoint: 635850 ns, At safepoint: 63105 ns, Total: 698955 ns
[2025-09-11T12:01:06.101+0000][1][safepoint   ] Safepoint "Cleanup", Time since last: 5611582642 ns, Reaching safepoint: 365329 ns, At safepoint: 38803 ns, Total: 404132 ns
[2025-09-11T12:01:07.668+0000][1][safepoint   ] Safepoint "Cleanup", Time since last: 1566938601 ns, Reaching safepoint: 560444 ns, At safepoint: 26202 ns, Total: 586646 ns
[2025-09-11T12:01:19.671+0000][1][safepoint   ] Safepoint "Cleanup", Time since last: 12002079874 ns, Reaching safepoint: 532442 ns, At safepoint: 28603 ns, Total: 561045 ns
[2025-09-11T12:01:27.673+0000][1][safepoint   ] Safepoint "Cleanup", Time since last: 8001469804 ns, Reaching safepoint: 365830 ns, At safepoint: 13301 ns, Total: 379131 ns
[2025-09-11T12:01:30.674+0000][1][safepoint   ] Safepoint "Cleanup", Time since last: 3000582077 ns, Reaching safepoint: 587547 ns, At safepoint: 27803 ns, Total: 615350 ns
[2025-09-11T12:02:00.678+0000][1][safepoint   ] Safepoint "Cleanup", Time since last: 30005203292 ns, Reaching safepoint: 404532 ns, At safepoint: 12401 ns, Total: 416933 ns
[2025-09-11T12:02:20.681+0000][1][safepoint   ] Safepoint "Cleanup", Time since last: 20004818942 ns, Reaching safepoint: 486540 ns, At safepoint: 17501 ns, Total: 504041 ns
[2025-09-11T12:02:27.683+0000][1][safepoint   ] Safepoint "Cleanup", Time since last: 7001338269 ns, Reaching safepoint: 392931 ns, At safepoint: 16302 ns, Total: 409233 ns
[2025-09-11T12:03:21.690+0000][1][safepoint   ] Safepoint "Cleanup", Time since last: 54011349878 ns, Reaching safepoint: 404633 ns, At safepoint: 23102 ns, Total: 427735 ns
[2025-09-11T12:03:27.691+0000][1][safepoint   ] Safepoint "Cleanup", Time since last: 6001448760 ns, Reaching safepoint: 369430 ns, At safepoint: 13301 ns, Total: 382731 ns
[2025-09-11T12:03:31.691+0000][1][safepoint   ] Safepoint "Cleanup", Time since last: 4001388482 ns, Reaching safepoint: 478339 ns, At safepoint: 28503 ns, Total: 506842 ns
[2025-09-11T12:04:01.696+0000][1][safepoint   ] Safepoint "Cleanup", Time since last: 30006424589 ns, Reaching safepoint: 522941 ns, At safepoint: 16901 ns, Total: 539842 ns
[2025-09-11T12:04:22.701+0000][1][safepoint   ] Safepoint "Cleanup", Time since last: 21004540000 ns, Reaching safepoint: 418834 ns, At safepoint: 16101 ns, Total: 434935 ns
[2025-09-11T12:04:27.702+0000][1][safepoint   ] Safepoint "Cleanup", Time since last: 5001027793 ns, Reaching safepoint: 583547 ns, At safepoint: 25602 ns, Total: 609149 ns
[2025-09-11T12:04:31.701+0000][1][safepoint   ] Safepoint "Cleanup", Time since last: 4000934800 ns, Reaching safepoint: 760561 ns, At safepoint: 33702 ns, Total: 794263 ns
[2025-09-11T12:04:33.702+0000][1][safepoint   ] Safepoint "Cleanup", Time since last: 2000609572 ns, Reaching safepoint: 377626 ns, At safepoint: 13800 ns, Total: 391426 ns
[2025-09-11T12:05:01.706+0000][1][safepoint   ] Safepoint "Cleanup", Time since last: 28005815288 ns, Reaching safepoint: 541344 ns, At safepoint: 28102 ns, Total: 569446 ns
[2025-09-11T12:05:23.710+0000][1][safepoint   ] Safepoint "Cleanup", Time since last: 22004003504 ns, Reaching safepoint: 411133 ns, At safepoint: 15602 ns, Total: 426735 ns
[2025-09-11T12:05:27.712+0000][1][safepoint   ] Safepoint "Cleanup", Time since last: 4001078387 ns, Reaching safepoint: 376831 ns, At safepoint: 13901 ns, Total: 390732 ns
[2025-09-11T12:05:31.712+0000][1][safepoint   ] Safepoint "Cleanup", Time since last: 4001202033 ns, Reaching safepoint: 433236 ns, At safepoint: 20001 ns, Total: 453237 ns
[2025-09-11T12:06:24.721+0000][1][safepoint   ] Safepoint "Cleanup", Time since last: 53011766385 ns, Reaching safepoint: 399131 ns, At safepoint: 13802 ns, Total: 412933 ns
[2025-09-11T12:06:27.722+0000][1][safepoint   ] Safepoint "Cleanup", Time since last: 3000645877 ns, Reaching safepoint: 362228 ns, At safepoint: 11701 ns, Total: 373929 ns
[2025-09-11T12:06:32.721+0000][1][safepoint   ] Safepoint "Cleanup", Time since last: 5001018556 ns, Reaching safepoint: 342923 ns, At safepoint: 12601 ns, Total: 355524 ns
[2025-09-11T12:06:36.722+0000][1][safepoint   ] Safepoint "Cleanup", Time since last: 4000859705 ns, Reaching safepoint: 366324 ns, At safepoint: 14401 ns, Total: 380725 ns
[2025-09-11T12:06:56.727+0000][1][safepoint   ] Safepoint "Cleanup", Time since last: 20004130540 ns, Reaching safepoint: 462036 ns, At safepoint: 23002 ns, Total: 485038 ns
[2025-09-11T12:07:02.727+0000][1][safepoint   ] Safepoint "Cleanup", Time since last: 6001561804 ns, Reaching safepoint: 741659 ns, At safepoint: 25502 ns, Total: 767161 ns
[2025-09-11T12:07:06.729+0000][1][safepoint   ] Safepoint "Cleanup", Time since last: 4001294691 ns, Reaching safepoint: 469736 ns, At safepoint: 91007 ns, Total: 560743 ns
[2025-09-11T12:07:25.733+0000][1][safepoint   ] Safepoint "Cleanup", Time since last: 19004250769 ns, Reaching safepoint: 492340 ns, At safepoint: 16502 ns, Total: 508842 ns
[2025-09-11T12:07:27.734+0000][1][safepoint   ] Safepoint "Cleanup", Time since last: 2000431189 ns, Reaching safepoint: 367530 ns, At safepoint: 12901 ns, Total: 380431 ns
[2025-09-11T12:08:26.742+0000][1][safepoint   ] Safepoint "Cleanup", Time since last: 59012768195 ns, Reaching safepoint: 462137 ns, At safepoint: 15601 ns, Total: 477738 ns
[2025-09-11T12:08:27.743+0000][1][safepoint   ] Safepoint "Cleanup", Time since last: 1000314432 ns, Reaching safepoint: 358129 ns, At safepoint: 15301 ns, Total: 373430 ns
[2025-09-11T12:08:32.742+0000][1][safepoint   ] Safepoint "Cleanup", Time since last: 5001040643 ns, Reaching safepoint: 498039 ns, At safepoint: 17402 ns, Total: 515441 ns
[2025-09-11T12:09:02.748+0000][1][safepoint   ] Safepoint "Cleanup", Time since last: 30008021954 ns, Reaching safepoint: 426535 ns, At safepoint: 21601 ns, Total: 448136 ns
[2025-09-11T12:09:27.754+0000][1][safepoint   ] Safepoint "Cleanup", Time since last: 25005001604 ns, Reaching safepoint: 512542 ns, At safepoint: 24502 ns, Total: 537044 ns
[2025-09-11T12:09:32.753+0000][1][safepoint   ] Safepoint "Cleanup", Time since last: 5001015553 ns, Reaching safepoint: 421634 ns, At safepoint: 13401 ns, Total: 435035 ns
[2025-09-11T12:10:27.764+0000][1][safepoint   ] Safepoint "Cleanup", Time since last: 55012943191 ns, Reaching safepoint: 393731 ns, At safepoint: 16001 ns, Total: 409732 ns
[2025-09-11T12:10:28.765+0000][1][safepoint   ] Safepoint "Cleanup", Time since last: 1000254731 ns, Reaching safepoint: 437534 ns, At safepoint: 13001 ns, Total: 450535 ns
[2025-09-11T12:10:33.764+0000][1][safepoint   ] Safepoint "Cleanup", Time since last: 5001104121 ns, Reaching safepoint: 456836 ns, At safepoint: 20701 ns, Total: 477537 ns
[2025-09-11T12:11:27.773+0000][1][safepoint   ] Safepoint "Cleanup", Time since last: 54010579508 ns, Reaching safepoint: 338529 ns, At safepoint: 13201 ns, Total: 351730 ns
[2025-09-11T12:11:29.774+0000][1][safepoint   ] Safepoint "Cleanup", Time since last: 2000617645 ns, Reaching safepoint: 539143 ns, At safepoint: 27503 ns, Total: 566646 ns
[2025-09-11T12:11:33.772+0000][1][safepoint   ] Safepoint "Cleanup", Time since last: 4001170294 ns, Reaching safepoint: 814266 ns, At safepoint: 24802 ns, Total: 839068 ns
[2025-09-11T12:11:36.773+0000][1][safepoint   ] Safepoint "Cleanup", Time since last: 3000688730 ns, Reaching safepoint: 494540 ns, At safepoint: 27402 ns, Total: 521942 ns
[2025-09-11T12:11:37.774+0000][1][safepoint   ] Safepoint "Cleanup", Time since last: 1000270243 ns, Reaching safepoint: 513941 ns, At safepoint: 28303 ns, Total: 542244 ns
[2025-09-11T12:11:39.144+0000][1][safepoint   ] Safepoint "Cleanup", Time since last: 1369409765 ns, Reaching safepoint: 370030 ns, At safepoint: 15501 ns, Total: 385531 ns
[2025-09-11T12:11:41.145+0000][1][safepoint   ] Safepoint "Cleanup", Time since last: 2000413875 ns, Reaching safepoint: 347628 ns, At safepoint: 14701 ns, Total: 362329 ns
[2025-09-11T12:11:42.146+0000][1][safepoint   ] Safepoint "Cleanup", Time since last: 1000316546 ns, Reaching safepoint: 443436 ns, At safepoint: 21701 ns, Total: 465137 ns
[2025-09-11T12:11:43.146+0000][1][safepoint   ] Safepoint "Cleanup", Time since last: 1000371651 ns, Reaching safepoint: 383431 ns, At safepoint: 13501 ns, Total: 396932 ns
[2025-09-11T12:11:46.147+0000][1][safepoint   ] Safepoint "Cleanup", Time since last: 3000867924 ns, Reaching safepoint: 343628 ns, At safepoint: 15601 ns, Total: 359229 ns
[2025-09-11T12:11:49.150+0000][1][safepoint   ] Safepoint "Cleanup", Time since last: 3001009535 ns, Reaching safepoint: 1190596 ns, At safepoint: 205817 ns, Total: 1396413 ns
[2025-09-11T12:11:51.151+0000][1][safepoint   ] Safepoint "Cleanup", Time since last: 2000935578 ns, Reaching safepoint: 405932 ns, At safepoint: 25302 ns, Total: 431234 ns
[2025-09-11T12:11:57.153+0000][1][safepoint   ] Safepoint "Cleanup", Time since last: 6001723485 ns, Reaching safepoint: 315525 ns, At safepoint: 11801 ns, Total: 327326 ns
[2025-09-11T12:12:02.154+0000][1][safepoint   ] Safepoint "Cleanup", Time since last: 5000994712 ns, Reaching safepoint: 514142 ns, At safepoint: 36503 ns, Total: 550645 ns
[2025-09-11T12:12:04.155+0000][1][safepoint   ] Safepoint "Cleanup", Time since last: 2000476019 ns, Reaching safepoint: 348428 ns, At safepoint: 13801 ns, Total: 362229 ns
[2025-09-11T12:12:06.184+0000][1][safepoint   ] Safepoint "Cleanup", Time since last: 2028036442 ns, Reaching safepoint: 514942 ns, At safepoint: 226418 ns, Total: 741360 ns
[2025-09-11T12:12:07.184+0000][1][safepoint   ] Safepoint "Cleanup", Time since last: 1000305165 ns, Reaching safepoint: 389032 ns, At safepoint: 15001 ns, Total: 404033 ns
[2025-09-11T12:12:12.187+0000][1][safepoint   ] Safepoint "Cleanup", Time since last: 5001713763 ns, Reaching safepoint: 552645 ns, At safepoint: 37003 ns, Total: 589648 ns
[2025-09-11T12:12:16.188+0000][1][safepoint   ] Safepoint "Cleanup", Time since last: 4000864070 ns, Reaching safepoint: 561346 ns, At safepoint: 259621 ns, Total: 820967 ns
[2025-09-11T12:12:17.189+0000][1][safepoint   ] Safepoint "Cleanup", Time since last: 1000706159 ns, Reaching safepoint: 413734 ns, At safepoint: 24702 ns, Total: 438436 ns
[2025-09-11T12:12:21.191+0000][1][safepoint   ] Safepoint "Cleanup", Time since last: 4000857506 ns, Reaching safepoint: 596848 ns, At safepoint: 83607 ns, Total: 680455 ns
[2025-09-11T12:12:26.193+0000][1][safepoint   ] Safepoint "Cleanup", Time since last: 5001000485 ns, Reaching safepoint: 607549 ns, At safepoint: 268122 ns, Total: 875671 ns
[2025-09-11T12:12:27.194+0000][1][safepoint   ] Safepoint "Cleanup", Time since last: 1000453110 ns, Reaching safepoint: 337427 ns, At safepoint: 13701 ns, Total: 351128 ns
[2025-09-11T12:12:29.194+0000][1][safepoint   ] Safepoint "Cleanup", Time since last: 2000481887 ns, Reaching safepoint: 347027 ns, At safepoint: 14802 ns, Total: 361829 ns
[2025-09-11T12:12:31.196+0000][1][safepoint   ] Safepoint "Cleanup", Time since last: 2000545891 ns, Reaching safepoint: 535143 ns, At safepoint: 150212 ns, Total: 685355 ns
[2025-09-11T12:12:32.194+0000][1][safepoint   ] Safepoint "Cleanup", Time since last: 1000253694 ns, Reaching safepoint: 588347 ns, At safepoint: 138411 ns, Total: 726758 ns
[2025-09-11T12:12:34.196+0000][1][safepoint   ] Safepoint "Cleanup", Time since last: 2000583911 ns, Reaching safepoint: 602747 ns, At safepoint: 34803 ns, Total: 637550 ns
[2025-09-11T12:12:36.196+0000][1][safepoint   ] Safepoint "Cleanup", Time since last: 2000524861 ns, Reaching safepoint: 349527 ns, At safepoint: 107109 ns, Total: 456636 ns
[2025-09-11T12:12:41.198+0000][1][safepoint   ] Safepoint "Cleanup", Time since last: 5001010547 ns, Reaching safepoint: 613150 ns, At safepoint: 204916 ns, Total: 818066 ns
[2025-09-11T12:12:42.199+0000][1][safepoint   ] Safepoint "Cleanup", Time since last: 1000423370 ns, Reaching safepoint: 391031 ns, At safepoint: 21402 ns, Total: 412433 ns
[2025-09-11T12:12:46.201+0000][1][safepoint   ] Safepoint "Cleanup", Time since last: 4000826908 ns, Reaching safepoint: 803765 ns, At safepoint: 252720 ns, Total: 1056485 ns
[2025-09-11T12:12:47.202+0000][1][safepoint   ] Safepoint "Cleanup", Time since last: 1000426370 ns, Reaching safepoint: 340927 ns, At safepoint: 41903 ns, Total: 382830 ns
[2025-09-11T12:12:49.203+0000][1][safepoint   ] Safepoint "Cleanup", Time since last: 2000526518 ns, Reaching safepoint: 489639 ns, At safepoint: 30403 ns, Total: 520042 ns
[2025-09-11T12:12:51.204+0000][1][safepoint   ] Safepoint "Cleanup", Time since last: 2000488751 ns, Reaching safepoint: 488840 ns, At safepoint: 20201 ns, Total: 509041 ns
[2025-09-11T12:12:55.205+0000][1][safepoint   ] Safepoint "Cleanup", Time since last: 4000848593 ns, Reaching safepoint: 352128 ns, At safepoint: 13302 ns, Total: 365430 ns
[2025-09-11T12:13:04.205+0000][1][safepoint   ] Safepoint "Cleanup", Time since last: 9001564176 ns, Reaching safepoint: 370028 ns, At safepoint: 11801 ns, Total: 381829 ns
[2025-09-11T12:13:05.205+0000][1][safepoint   ] Safepoint "Cleanup", Time since last: 1000278225 ns, Reaching safepoint: 447035 ns, At safepoint: 67906 ns, Total: 514941 ns
[2025-09-11T12:13:07.206+0000][1][safepoint   ] Safepoint "Cleanup", Time since last: 2000457723 ns, Reaching safepoint: 418633 ns, At safepoint: 19602 ns, Total: 438235 ns
[2025-09-11T12:13:27.212+0000][1][safepoint   ] Safepoint "Cleanup", Time since last: 20005113798 ns, Reaching safepoint: 364530 ns, At safepoint: 15701 ns, Total: 380231 ns
[2025-09-11T12:13:34.211+0000][1][safepoint   ] Safepoint "Cleanup", Time since last: 7001398395 ns, Reaching safepoint: 367728 ns, At safepoint: 14601 ns, Total: 382329 ns
[2025-09-11T12:13:42.214+0000][1][safepoint   ] Safepoint "Cleanup", Time since last: 8002010714 ns, Reaching safepoint: 323526 ns, At safepoint: 81706 ns, Total: 405232 ns
[2025-09-11T12:13:43.215+0000][1][safepoint   ] Safepoint "Cleanup", Time since last: 1000588357 ns, Reaching safepoint: 894070 ns, At safepoint: 24002 ns, Total: 918072 ns
[2025-09-11T12:13:44.217+0000][1][safepoint   ] Safepoint "Cleanup", Time since last: 1000529553 ns, Reaching safepoint: 753059 ns, At safepoint: 23802 ns, Total: 776861 ns
[2025-09-11T12:13:49.219+0000][1][safepoint   ] Safepoint "Cleanup", Time since last: 5001425677 ns, Reaching safepoint: 1277302 ns, At safepoint: 38303 ns, Total: 1315605 ns
[2025-09-11T12:14:07.221+0000][1][safepoint   ] Safepoint "Cleanup", Time since last: 18004005970 ns, Reaching safepoint: 388028 ns, At safepoint: 15502 ns, Total: 403530 ns
[2025-09-11T12:14:08.222+0000][1][safepoint   ] Safepoint "Cleanup", Time since last: 1000275609 ns, Reaching safepoint: 384828 ns, At safepoint: 13201 ns, Total: 398029 ns
[2025-09-11T12:14:11.223+0000][1][safepoint   ] Safepoint "Cleanup", Time since last: 3000615583 ns, Reaching safepoint: 355128 ns, At safepoint: 12501 ns, Total: 367629 ns
[2025-09-11T12:14:27.227+0000][1][safepoint   ] Safepoint "Cleanup", Time since last: 16003947236 ns, Reaching safepoint: 550941 ns, At safepoint: 35703 ns, Total: 586644 ns
[2025-09-11T12:14:34.226+0000][1][safepoint   ] Safepoint "Cleanup", Time since last: 7001239920 ns, Reaching safepoint: 361427 ns, At safepoint: 14001 ns, Total: 375428 ns
[2025-09-11T12:14:43.229+0000][1][safepoint   ] Safepoint "Cleanup", Time since last: 9001964474 ns, Reaching safepoint: 827766 ns, At safepoint: 25902 ns, Total: 853668 ns
[2025-09-11T12:15:05.232+0000][1][safepoint   ] Safepoint "Cleanup", Time since last: 22004908194 ns, Reaching safepoint: 556044 ns, At safepoint: 44503 ns, Total: 600547 ns
[2025-09-11T12:15:27.237+0000][1][safepoint   ] Safepoint "Cleanup", Time since last: 22004164730 ns, Reaching safepoint: 370230 ns, At safepoint: 43903 ns, Total: 414133 ns
[2025-09-11T12:15:35.236+0000][1][safepoint   ] Safepoint "Cleanup", Time since last: 8002029903 ns, Reaching safepoint: 379020 ns, At safepoint: 12701 ns, Total: 391721 ns
[2025-09-11T12:15:44.239+0000][1][safepoint   ] Safepoint "Cleanup", Time since last: 9002120563 ns, Reaching safepoint: 392331 ns, At safepoint: 15001 ns, Total: 407332 ns
[2025-09-11T12:16:27.248+0000][1][safepoint   ] Safepoint "Cleanup", Time since last: 43010315783 ns, Reaching safepoint: 395130 ns, At safepoint: 14001 ns, Total: 409131 ns
[2025-09-11T12:16:36.248+0000][1][safepoint   ] Safepoint "Cleanup", Time since last: 9001967603 ns, Reaching safepoint: 597346 ns, At safepoint: 23602 ns, Total: 620948 ns
[2025-09-11T12:16:45.251+0000][1][safepoint   ] Safepoint "Cleanup", Time since last: 9002309893 ns, Reaching safepoint: 385030 ns, At safepoint: 20202 ns, Total: 405232 ns
[2025-09-11T12:17:27.260+0000][1][safepoint   ] Safepoint "Cleanup", Time since last: 42010880836 ns, Reaching safepoint: 390733 ns, At safepoint: 12501 ns, Total: 403234 ns
[2025-09-11T12:17:46.262+0000][1][safepoint   ] Safepoint "Cleanup", Time since last: 19003992253 ns, Reaching safepoint: 509741 ns, At safepoint: 25602 ns, Total: 535343 ns
[2025-09-11T12:18:05.264+0000][1][safepoint   ] Safepoint "Cleanup", Time since last: 19003851939 ns, Reaching safepoint: 457635 ns, At safepoint: 19301 ns, Total: 476936 ns
[2025-09-11T12:18:27.269+0000][1][safepoint   ] Safepoint "Cleanup", Time since last: 22004570934 ns, Reaching safepoint: 397931 ns, At safepoint: 14201 ns, Total: 412132 ns
[2025-09-11T12:18:47.271+0000][1][safepoint   ] Safepoint "Cleanup", Time since last: 20004436896 ns, Reaching safepoint: 375330 ns, At safepoint: 11500 ns, Total: 386830 ns
[2025-09-11T12:19:27.278+0000][1][safepoint   ] Safepoint "Cleanup", Time since last: 40008844804 ns, Reaching safepoint: 399733 ns, At safepoint: 14401 ns, Total: 414134 ns
[2025-09-11T12:19:46.280+0000][1][safepoint   ] Safepoint "Cleanup", Time since last: 19004764170 ns, Reaching safepoint: 354237 ns, At safepoint: 13002 ns, Total: 367239 ns
[2025-09-11T12:19:48.281+0000][1][safepoint   ] Safepoint "Cleanup", Time since last: 2000598820 ns, Reaching safepoint: 410844 ns, At safepoint: 16502 ns, Total: 427346 ns
[2025-09-11T12:20:06.284+0000][1][safepoint   ] Safepoint "Cleanup", Time since last: 18004424292 ns, Reaching safepoint: 440836 ns, At safepoint: 16801 ns, Total: 457637 ns
[2025-09-11T12:20:08.286+0000][1][safepoint   ] Safepoint "Cleanup", Time since last: 2001670093 ns, Reaching safepoint: 977580 ns, At safepoint: 40903 ns, Total: 1018483 ns
[2025-09-11T12:20:27.291+0000][1][safepoint   ] Safepoint "Cleanup", Time since last: 19004248681 ns, Reaching safepoint: 540505 ns, At safepoint: 26100 ns, Total: 566605 ns
[2025-09-11T12:20:46.294+0000][1][safepoint   ] Safepoint "Cleanup", Time since last: 19004829886 ns, Reaching safepoint: 356730 ns, At safepoint: 11801 ns, Total: 368531 ns
[2025-09-11T12:20:49.295+0000][1][safepoint   ] Safepoint "Cleanup", Time since last: 3000631015 ns, Reaching safepoint: 500242 ns, At safepoint: 18102 ns, Total: 518344 ns
[2025-09-11T12:21:07.297+0000][1][safepoint   ] Safepoint "Cleanup", Time since last: 18003456418 ns, Reaching safepoint: 453637 ns, At safepoint: 18401 ns, Total: 472038 ns
[2025-09-11T12:21:27.301+0000][1][safepoint   ] Safepoint "Cleanup", Time since last: 20003625774 ns, Reaching safepoint: 461436 ns, At safepoint: 15201 ns, Total: 476637 ns
[2025-09-11T12:21:50.303+0000][1][safepoint   ] Safepoint "Cleanup", Time since last: 23004318770 ns, Reaching safepoint: 343729 ns, At safepoint: 13201 ns, Total: 356930 ns
[2025-09-11T12:22:06.305+0000][1][safepoint   ] Safepoint "Cleanup", Time since last: 16004798435 ns, Reaching safepoint: 378308 ns, At safepoint: 13901 ns, Total: 392209 ns
[2025-09-11T12:22:27.310+0000][1][safepoint   ] Safepoint "Cleanup", Time since last: 21004431734 ns, Reaching safepoint: 381130 ns, At safepoint: 13502 ns, Total: 394632 ns
[2025-09-11T12:22:29.311+0000][1][safepoint   ] Safepoint "Cleanup", Time since last: 2000461236 ns, Reaching safepoint: 495240 ns, At safepoint: 21902 ns, Total: 517142 ns
[2025-09-11T12:22:36.311+0000][1][safepoint   ] Safepoint "Cleanup", Time since last: 7001635318 ns, Reaching safepoint: 451537 ns, At safepoint: 29702 ns, Total: 481239 ns
[2025-09-11T12:22:51.316+0000][1][safepoint   ] Safepoint "Cleanup", Time since last: 15004491150 ns, Reaching safepoint: 370130 ns, At safepoint: 12601 ns, Total: 382731 ns
[2025-09-11T12:23:07.318+0000][1][safepoint   ] Safepoint "Cleanup", Time since last: 16003313500 ns, Reaching safepoint: 399532 ns, At safepoint: 11801 ns, Total: 411333 ns
[2025-09-11T12:23:09.320+0000][1][safepoint   ] Safepoint "Cleanup", Time since last: 2000945282 ns, Reaching safepoint: 812065 ns, At safepoint: 23602 ns, Total: 835667 ns
[2025-09-11T12:23:27.325+0000][1][safepoint   ] Safepoint "Cleanup", Time since last: 18004883055 ns, Reaching safepoint: 419433 ns, At safepoint: 15801 ns, Total: 435234 ns
[2025-09-11T12:23:52.327+0000][1][safepoint   ] Safepoint "Cleanup", Time since last: 25004969072 ns, Reaching safepoint: 409234 ns, At safepoint: 13701 ns, Total: 422935 ns
[2025-09-11T12:24:27.331+0000][1][safepoint   ] Safepoint "Cleanup", Time since last: 35007438988 ns, Reaching safepoint: 425939 ns, At safepoint: 43904 ns, Total: 469843 ns
[2025-09-11T12:24:53.336+0000][1][safepoint   ] Safepoint "Cleanup", Time since last: 26005573835 ns, Reaching safepoint: 500844 ns, At safepoint: 99308 ns, Total: 600152 ns
[2025-09-11T12:25:07.337+0000][1][safepoint   ] Safepoint "Cleanup", Time since last: 14003142494 ns, Reaching safepoint: 440737 ns, At safepoint: 24602 ns, Total: 465339 ns
[2025-09-11T12:25:27.341+0000][1][safepoint   ] Safepoint "Cleanup", Time since last: 20003485953 ns, Reaching safepoint: 478941 ns, At safepoint: 16401 ns, Total: 495342 ns
[2025-09-11T12:25:37.340+0000][1][safepoint   ] Safepoint "Cleanup", Time since last: 10001913862 ns, Reaching safepoint: 387632 ns, At safepoint: 45904 ns, Total: 433536 ns
[2025-09-11T12:25:43.343+0000][1][safepoint   ] Safepoint "Cleanup", Time since last: 6001480133 ns, Reaching safepoint: 872274 ns, At safepoint: 24502 ns, Total: 896776 ns
[2025-09-11T12:25:54.346+0000][1][safepoint   ] Safepoint "Cleanup", Time since last: 11002901715 ns, Reaching safepoint: 446638 ns, At safepoint: 15301 ns, Total: 461939 ns
[2025-09-11T12:26:27.351+0000][1][safepoint   ] Safepoint "Cleanup", Time since last: 33006099980 ns, Reaching safepoint: 873953 ns, At safepoint: 26002 ns, Total: 899955 ns
[2025-09-11T12:26:47.353+0000][1][safepoint   ] Safepoint "Cleanup", Time since last: 20003990787 ns, Reaching safepoint: 358830 ns, At safepoint: 14301 ns, Total: 373131 ns
[2025-09-11T12:26:50.354+0000][1][safepoint   ] Safepoint "Cleanup", Time since last: 3000740654 ns, Reaching safepoint: 367431 ns, At safepoint: 12801 ns, Total: 380232 ns
[2025-09-11T12:26:55.356+0000][1][safepoint   ] Safepoint "Cleanup", Time since last: 5001340008 ns, Reaching safepoint: 516843 ns, At safepoint: 56905 ns, Total: 573748 ns
[2025-09-11T12:27:00.358+0000][1][safepoint   ] Safepoint "Cleanup", Time since last: 5002090248 ns, Reaching safepoint: 536145 ns, At safepoint: 24802 ns, Total: 560947 ns
[2025-09-11T12:27:03.358+0000][1][safepoint   ] Safepoint "Cleanup", Time since last: 3000845982 ns, Reaching safepoint: 806167 ns, At safepoint: 28603 ns, Total: 834770 ns
[2025-09-11T12:27:05.128+0000][1][safepoint   ] Safepoint "Cleanup", Time since last: 1770038472 ns, Reaching safepoint: 614752 ns, At safepoint: 38403 ns, Total: 653155 ns
[2025-09-11T12:27:08.130+0000][1][safepoint   ] Safepoint "Cleanup", Time since last: 3001024930 ns, Reaching safepoint: 351129 ns, At safepoint: 16102 ns, Total: 367231 ns
[2025-09-11T12:27:10.131+0000][1][safepoint   ] Safepoint "Cleanup", Time since last: 2000535908 ns, Reaching safepoint: 573448 ns, At safepoint: 28403 ns, Total: 601851 ns
[2025-09-11T12:27:15.132+0000][1][safepoint   ] Safepoint "Cleanup", Time since last: 5001239539 ns, Reaching safepoint: 404234 ns, At safepoint: 14402 ns, Total: 418636 ns
[2025-09-11T12:27:21.134+0000][1][safepoint   ] Safepoint "Cleanup", Time since last: 6001219111 ns, Reaching safepoint: 359731 ns, At safepoint: 43803 ns, Total: 403534 ns
[2025-09-11T12:27:26.136+0000][1][safepoint   ] Safepoint "Cleanup", Time since last: 5000978143 ns, Reaching safepoint: 446538 ns, At safepoint: 14301 ns, Total: 460839 ns
[2025-09-11T12:27:31.137+0000][1][safepoint   ] Safepoint "Cleanup", Time since last: 5001029247 ns, Reaching safepoint: 386833 ns, At safepoint: 16701 ns, Total: 403534 ns
[2025-09-11T12:27:32.136+0000][1][safepoint   ] Safepoint "Cleanup", Time since last: 1000597458 ns, Reaching safepoint: 760764 ns, At safepoint: 23902 ns, Total: 784666 ns
[2025-09-11T12:27:36.138+0000][1][safepoint   ] Safepoint "Cleanup", Time since last: 4000903112 ns, Reaching safepoint: 391233 ns, At safepoint: 15501 ns, Total: 406734 ns
[2025-09-11T12:27:39.140+0000][1][safepoint   ] Safepoint "Cleanup", Time since last: 3001312451 ns, Reaching safepoint: 716460 ns, At safepoint: 26102 ns, Total: 742562 ns
[2025-09-11T12:27:41.142+0000][1][safepoint   ] Safepoint "Cleanup", Time since last: 2001093553 ns, Reaching safepoint: 836071 ns, At safepoint: 27702 ns, Total: 863773 ns
[2025-09-11T12:27:46.144+0000][1][safepoint   ] Safepoint "Cleanup", Time since last: 5002329347 ns, Reaching safepoint: 368131 ns, At safepoint: 15102 ns, Total: 383233 ns
[2025-09-11T12:27:47.145+0000][1][safepoint   ] Safepoint "Cleanup", Time since last: 1000293617 ns, Reaching safepoint: 343729 ns, At safepoint: 10801 ns, Total: 354530 ns
[2025-09-11T12:27:51.147+0000][1][safepoint   ] Safepoint "Cleanup", Time since last: 4001010675 ns, Reaching safepoint: 648655 ns, At safepoint: 63005 ns, Total: 711660 ns
[2025-09-11T12:27:53.471+0000][1][gc,heap,exit] Heap
[2025-09-11T12:27:53.474+0000][1][gc,heap,exit]  garbage-first heap   total 524288K, used 313606K [0x00000000e0000000, 0x0000000100000000)
[2025-09-11T12:27:53.474+0000][1][gc,heap,exit]   region size 1024K, 280 young (286720K), 19 survivors (19456K)
[2025-09-11T12:27:53.474+0000][1][gc,heap,exit]  Metaspace       used 68226K, committed 68800K, reserved 1114112K
[2025-09-11T12:27:53.474+0000][1][gc,heap,exit]   class space    used 8848K, committed 9152K, reserved 1048576K
