[2025-09-11T11:33:26.794+0000][1][gc] Using G1
[2025-09-11T11:33:26.806+0000][1][gc,init] Version: 16.0.1+9 (release)
[2025-09-11T11:33:26.806+0000][1][gc,init] CPUs: 16 total, 16 available
[2025-09-11T11:33:26.806+0000][1][gc,init] Memory: 15898M
[2025-09-11T11:33:26.806+0000][1][gc,init] Large Page Support: Disabled
[2025-09-11T11:33:26.806+0000][1][gc,init] NUMA Support: Disabled
[2025-09-11T11:33:26.806+0000][1][gc,init] Compressed Oops: Enabled (32-bit)
[2025-09-11T11:33:26.806+0000][1][gc,init] Heap Region Size: 1M
[2025-09-11T11:33:26.806+0000][1][gc,init] Heap Min Capacity: 512M
[2025-09-11T11:33:26.806+0000][1][gc,init] Heap Initial Capacity: 512M
[2025-09-11T11:33:26.806+0000][1][gc,init] Heap Max Capacity: 512M
[2025-09-11T11:33:26.806+0000][1][gc,init] Pre-touch: Disabled
[2025-09-11T11:33:26.806+0000][1][gc,init] Parallel Workers: 13
[2025-09-11T11:33:26.806+0000][1][gc,init] Concurrent Workers: 3
[2025-09-11T11:33:26.806+0000][1][gc,init] Concurrent Refinement Workers: 13
[2025-09-11T11:33:26.806+0000][1][gc,init] Periodic GC: Disabled
[2025-09-11T11:33:26.807+0000][1][gc,metaspace] CDS archive(s) mapped at: [0x0000000800000000-0x0000000800bea000-0x0000000800bea000), size 12492800, SharedBaseAddress: 0x0000000800000000, ArchiveRelocationMode: 0.
[2025-09-11T11:33:26.807+0000][1][gc,metaspace] Compressed class space mapped at: 0x0000000800c00000-0x0000000840c00000, reserved size: 1073741824
[2025-09-11T11:33:26.807+0000][1][gc,metaspace] Narrow klass base: 0x0000000800000000, Narrow klass shift: 3, Narrow klass range: 0x100000000
[2025-09-11T11:33:27.679+0000][1][safepoint   ] Safepoint "ICBufferFull", Time since last: 855440870 ns, Reaching safepoint: 324824 ns, At safepoint: 48104 ns, Total: 372928 ns
[2025-09-11T11:33:27.837+0000][1][gc,start    ] GC(0) Pause Young (Normal) (G1 Evacuation Pause)
[2025-09-11T11:33:27.842+0000][1][gc,task     ] GC(0) Using 12 workers of 13 for evacuation
[2025-09-11T11:33:27.842+0000][1][gc,age      ] GC(0) Desired survivor size 2097152 bytes, new threshold 15 (max threshold 15)
[2025-09-11T11:33:27.850+0000][1][gc,age      ] GC(0) Age table with threshold 15 (max threshold 15)
[2025-09-11T11:33:27.851+0000][1][gc,age      ] GC(0) - age   1:    4027192 bytes,    4027192 total
[2025-09-11T11:33:27.851+0000][1][gc,phases   ] GC(0)   Pre Evacuate Collection Set: 0.3ms
[2025-09-11T11:33:27.851+0000][1][gc,phases   ] GC(0)   Merge Heap Roots: 0.4ms
[2025-09-11T11:33:27.851+0000][1][gc,phases   ] GC(0)   Evacuate Collection Set: 5.0ms
[2025-09-11T11:33:27.851+0000][1][gc,phases   ] GC(0)   Post Evacuate Collection Set: 2.2ms
[2025-09-11T11:33:27.851+0000][1][gc,phases   ] GC(0)   Other: 5.7ms
[2025-09-11T11:33:27.851+0000][1][gc,heap     ] GC(0) Eden regions: 25->0(30)
[2025-09-11T11:33:27.851+0000][1][gc,heap     ] GC(0) Survivor regions: 0->4(4)
[2025-09-11T11:33:27.851+0000][1][gc,heap     ] GC(0) Old regions: 0->3
[2025-09-11T11:33:27.851+0000][1][gc,heap     ] GC(0) Archive regions: 2->2
[2025-09-11T11:33:27.851+0000][1][gc,heap     ] GC(0) Humongous regions: 1->1
[2025-09-11T11:33:27.851+0000][1][gc,metaspace] GC(0) Metaspace: 7532K(7744K)->7532K(7744K) NonClass: 6758K(6848K)->6758K(6848K) Class: 773K(896K)->773K(896K)
[2025-09-11T11:33:27.851+0000][1][gc          ] GC(0) Pause Young (Normal) (G1 Evacuation Pause) 26M->8M(512M) 13.870ms
[2025-09-11T11:33:27.851+0000][1][gc,cpu      ] GC(0) User=0.04s Sys=0.01s Real=0.01s
[2025-09-11T11:33:27.851+0000][1][safepoint   ] Safepoint "G1CollectForAllocation", Time since last: 157575952 ns, Reaching safepoint: 375427 ns, At safepoint: 14157529 ns, Total: 14532956 ns
[2025-09-11T11:33:28.931+0000][1][safepoint   ] Safepoint "Cleanup", Time since last: 1079498354 ns, Reaching safepoint: 385028 ns, At safepoint: 59404 ns, Total: 444432 ns
[2025-09-11T11:33:29.139+0000][1][gc,start    ] GC(1) Pause Young (Normal) (G1 Evacuation Pause)
[2025-09-11T11:33:29.139+0000][1][gc,task     ] GC(1) Using 12 workers of 13 for evacuation
[2025-09-11T11:33:29.139+0000][1][gc,age      ] GC(1) Desired survivor size 2621440 bytes, new threshold 1 (max threshold 15)
[2025-09-11T11:33:29.149+0000][1][gc,age      ] GC(1) Age table with threshold 1 (max threshold 15)
[2025-09-11T11:33:29.149+0000][1][gc,age      ] GC(1) - age   1:    4259128 bytes,    4259128 total
[2025-09-11T11:33:29.149+0000][1][gc,phases   ] GC(1)   Pre Evacuate Collection Set: 0.4ms
[2025-09-11T11:33:29.149+0000][1][gc,phases   ] GC(1)   Merge Heap Roots: 0.5ms
[2025-09-11T11:33:29.149+0000][1][gc,phases   ] GC(1)   Evacuate Collection Set: 5.9ms
[2025-09-11T11:33:29.149+0000][1][gc,phases   ] GC(1)   Post Evacuate Collection Set: 3.2ms
[2025-09-11T11:33:29.149+0000][1][gc,phases   ] GC(1)   Other: 0.5ms
[2025-09-11T11:33:29.149+0000][1][gc,heap     ] GC(1) Eden regions: 30->0(134)
[2025-09-11T11:33:29.149+0000][1][gc,heap     ] GC(1) Survivor regions: 4->5(5)
[2025-09-11T11:33:29.149+0000][1][gc,heap     ] GC(1) Old regions: 3->7
[2025-09-11T11:33:29.149+0000][1][gc,heap     ] GC(1) Archive regions: 2->2
[2025-09-11T11:33:29.149+0000][1][gc,heap     ] GC(1) Humongous regions: 1->1
[2025-09-11T11:33:29.149+0000][1][gc,metaspace] GC(1) Metaspace: 12779K(12992K)->12779K(12992K) NonClass: 11331K(11456K)->11331K(11456K) Class: 1447K(1536K)->1447K(1536K)
[2025-09-11T11:33:29.149+0000][1][gc          ] GC(1) Pause Young (Normal) (G1 Evacuation Pause) 38M->12M(512M) 10.682ms
[2025-09-11T11:33:29.149+0000][1][gc,cpu      ] GC(1) User=0.04s Sys=0.03s Real=0.01s
[2025-09-11T11:33:29.149+0000][1][safepoint   ] Safepoint "G1CollectForAllocation", Time since last: 207188658 ns, Reaching safepoint: 365226 ns, At safepoint: 10848589 ns, Total: 11213815 ns
[2025-09-11T11:33:29.869+0000][1][gc,start    ] GC(2) Pause Young (Normal) (G1 Evacuation Pause)
[2025-09-11T11:33:29.869+0000][1][gc,task     ] GC(2) Using 12 workers of 13 for evacuation
[2025-09-11T11:33:29.869+0000][1][gc,age      ] GC(2) Desired survivor size 9437184 bytes, new threshold 15 (max threshold 15)
[2025-09-11T11:33:29.879+0000][1][gc,age      ] GC(2) Age table with threshold 15 (max threshold 15)
[2025-09-11T11:33:29.879+0000][1][gc,age      ] GC(2) - age   1:    4532912 bytes,    4532912 total
[2025-09-11T11:33:29.879+0000][1][gc,age      ] GC(2) - age   2:    1714952 bytes,    6247864 total
[2025-09-11T11:33:29.879+0000][1][gc,phases   ] GC(2)   Pre Evacuate Collection Set: 0.5ms
[2025-09-11T11:33:29.879+0000][1][gc,phases   ] GC(2)   Merge Heap Roots: 0.4ms
[2025-09-11T11:33:29.879+0000][1][gc,phases   ] GC(2)   Evacuate Collection Set: 7.0ms
[2025-09-11T11:33:29.879+0000][1][gc,phases   ] GC(2)   Post Evacuate Collection Set: 2.0ms
[2025-09-11T11:33:29.879+0000][1][gc,phases   ] GC(2)   Other: 0.5ms
[2025-09-11T11:33:29.879+0000][1][gc,heap     ] GC(2) Eden regions: 134->0(300)
[2025-09-11T11:33:29.879+0000][1][gc,heap     ] GC(2) Survivor regions: 5->7(18)
[2025-09-11T11:33:29.879+0000][1][gc,heap     ] GC(2) Old regions: 7->7
[2025-09-11T11:33:29.879+0000][1][gc,heap     ] GC(2) Archive regions: 2->2
[2025-09-11T11:33:29.879+0000][1][gc,heap     ] GC(2) Humongous regions: 1->1
[2025-09-11T11:33:29.879+0000][1][gc,metaspace] GC(2) Metaspace: 14689K(14976K)->14689K(14976K) NonClass: 13044K(13184K)->13044K(13184K) Class: 1645K(1792K)->1645K(1792K)
[2025-09-11T11:33:29.879+0000][1][gc          ] GC(2) Pause Young (Normal) (G1 Evacuation Pause) 146M->14M(512M) 10.439ms
[2025-09-11T11:33:29.879+0000][1][gc,cpu      ] GC(2) User=0.05s Sys=0.02s Real=0.01s
[2025-09-11T11:33:29.879+0000][1][safepoint   ] Safepoint "G1CollectForAllocation", Time since last: 718809740 ns, Reaching safepoint: 371927 ns, At safepoint: 10543866 ns, Total: 10915793 ns
[2025-09-11T11:33:30.582+0000][1][gc,start    ] GC(3) Pause Young (Concurrent Start) (Metadata GC Threshold)
[2025-09-11T11:33:30.582+0000][1][gc,task     ] GC(3) Using 12 workers of 13 for evacuation
[2025-09-11T11:33:30.582+0000][1][gc,age      ] GC(3) Desired survivor size 20447232 bytes, new threshold 15 (max threshold 15)
[2025-09-11T11:33:30.590+0000][1][gc,age      ] GC(3) Age table with threshold 15 (max threshold 15)
[2025-09-11T11:33:30.590+0000][1][gc,age      ] GC(3) - age   1:    1687720 bytes,    1687720 total
[2025-09-11T11:33:30.590+0000][1][gc,age      ] GC(3) - age   2:     285840 bytes,    1973560 total
[2025-09-11T11:33:30.590+0000][1][gc,age      ] GC(3) - age   3:    1694016 bytes,    3667576 total
[2025-09-11T11:33:30.590+0000][1][gc,phases   ] GC(3)   Pre Evacuate Collection Set: 0.4ms
[2025-09-11T11:33:30.590+0000][1][gc,phases   ] GC(3)   Merge Heap Roots: 0.8ms
[2025-09-11T11:33:30.590+0000][1][gc,phases   ] GC(3)   Evacuate Collection Set: 4.0ms
[2025-09-11T11:33:30.590+0000][1][gc,phases   ] GC(3)   Post Evacuate Collection Set: 1.9ms
[2025-09-11T11:33:30.590+0000][1][gc,phases   ] GC(3)   Other: 0.6ms
[2025-09-11T11:33:30.590+0000][1][gc,heap     ] GC(3) Eden regions: 50->0(303)
[2025-09-11T11:33:30.590+0000][1][gc,heap     ] GC(3) Survivor regions: 7->4(39)
[2025-09-11T11:33:30.590+0000][1][gc,heap     ] GC(3) Old regions: 7->7
[2025-09-11T11:33:30.590+0000][1][gc,heap     ] GC(3) Archive regions: 2->2
[2025-09-11T11:33:30.590+0000][1][gc,heap     ] GC(3) Humongous regions: 1->1
[2025-09-11T11:33:30.590+0000][1][gc,metaspace] GC(3) Metaspace: 21015K(21248K)->21015K(21248K) NonClass: 18472K(18560K)->18472K(18560K) Class: 2543K(2688K)->2543K(2688K)
[2025-09-11T11:33:30.590+0000][1][gc          ] GC(3) Pause Young (Concurrent Start) (Metadata GC Threshold) 64M->12M(512M) 7.880ms
[2025-09-11T11:33:30.590+0000][1][gc,cpu      ] GC(3) User=0.02s Sys=0.01s Real=0.01s
[2025-09-11T11:33:30.590+0000][1][safepoint   ] Safepoint "CollectForMetadataAllocation", Time since last: 702785176 ns, Reaching safepoint: 438932 ns, At safepoint: 8054385 ns, Total: 8493317 ns
[2025-09-11T11:33:30.590+0000][1][gc          ] GC(4) Concurrent Mark Cycle
[2025-09-11T11:33:30.590+0000][1][gc,marking  ] GC(4) Concurrent Clear Claimed Marks
[2025-09-11T11:33:30.590+0000][1][gc,marking  ] GC(4) Concurrent Clear Claimed Marks 0.032ms
[2025-09-11T11:33:30.590+0000][1][gc,marking  ] GC(4) Concurrent Scan Root Regions
[2025-09-11T11:33:30.593+0000][1][gc,marking  ] GC(4) Concurrent Scan Root Regions 3.024ms
[2025-09-11T11:33:30.594+0000][1][gc,marking  ] GC(4) Concurrent Mark
[2025-09-11T11:33:30.594+0000][1][gc,marking  ] GC(4) Concurrent Mark From Roots
[2025-09-11T11:33:30.594+0000][1][gc,task     ] GC(4) Using 3 workers of 3 for marking
[2025-09-11T11:33:30.599+0000][1][gc,marking  ] GC(4) Concurrent Mark From Roots 5.669ms
[2025-09-11T11:33:30.599+0000][1][gc,marking  ] GC(4) Concurrent Preclean
[2025-09-11T11:33:30.600+0000][1][gc,marking  ] GC(4) Concurrent Preclean 0.191ms
[2025-09-11T11:33:30.600+0000][1][gc,start    ] GC(4) Pause Remark
[2025-09-11T11:33:30.604+0000][1][gc          ] GC(4) Pause Remark 12M->12M(512M) 3.892ms
[2025-09-11T11:33:30.604+0000][1][gc,cpu      ] GC(4) User=0.01s Sys=0.01s Real=0.01s
[2025-09-11T11:33:30.604+0000][1][safepoint   ] Safepoint "G1Concurrent", Time since last: 9458588 ns, Reaching safepoint: 544339 ns, At safepoint: 4115599 ns, Total: 4659938 ns
[2025-09-11T11:33:30.605+0000][1][gc,marking  ] GC(4) Concurrent Mark 11.048ms
[2025-09-11T11:33:30.605+0000][1][gc,marking  ] GC(4) Concurrent Rebuild Remembered Sets
[2025-09-11T11:33:30.608+0000][1][gc,marking  ] GC(4) Concurrent Rebuild Remembered Sets 3.089ms
[2025-09-11T11:33:30.609+0000][1][gc,start    ] GC(4) Pause Cleanup
[2025-09-11T11:33:30.610+0000][1][gc          ] GC(4) Pause Cleanup 13M->13M(512M) 0.796ms
[2025-09-11T11:33:30.610+0000][1][gc,cpu      ] GC(4) User=0.00s Sys=0.00s Real=0.00s
[2025-09-11T11:33:30.610+0000][1][safepoint   ] Safepoint "G1Concurrent", Time since last: 3808777 ns, Reaching safepoint: 902966 ns, At safepoint: 1031075 ns, Total: 1934041 ns
[2025-09-11T11:33:30.610+0000][1][gc,marking  ] GC(4) Concurrent Cleanup for Next Mark
[2025-09-11T11:33:30.616+0000][1][gc,marking  ] GC(4) Concurrent Cleanup for Next Mark 5.547ms
[2025-09-11T11:33:30.616+0000][1][gc          ] GC(4) Concurrent Mark Cycle 25.794ms
[2025-09-11T11:33:31.170+0000][1][safepoint   ] Safepoint "ICBufferFull", Time since last: 562290464 ns, Reaching safepoint: 388129 ns, At safepoint: 43703 ns, Total: 431832 ns
[2025-09-11T11:33:31.176+0000][1][safepoint   ] Safepoint "ICBufferFull", Time since last: 5887328 ns, Reaching safepoint: 405129 ns, At safepoint: 42203 ns, Total: 447332 ns
[2025-09-11T11:33:31.186+0000][1][safepoint   ] Safepoint "ICBufferFull", Time since last: 8884646 ns, Reaching safepoint: 698451 ns, At safepoint: 47803 ns, Total: 746254 ns
[2025-09-11T11:33:31.192+0000][1][safepoint   ] Safepoint "ICBufferFull", Time since last: 5549503 ns, Reaching safepoint: 381928 ns, At safepoint: 9101 ns, Total: 391029 ns
[2025-09-11T11:33:31.201+0000][1][safepoint   ] Safepoint "ICBufferFull", Time since last: 8690431 ns, Reaching safepoint: 375128 ns, At safepoint: 9600 ns, Total: 384728 ns
[2025-09-11T11:33:31.206+0000][1][safepoint   ] Safepoint "ICBufferFull", Time since last: 4769747 ns, Reaching safepoint: 414830 ns, At safepoint: 26702 ns, Total: 441532 ns
[2025-09-11T11:33:31.212+0000][1][safepoint   ] Safepoint "ICBufferFull", Time since last: 5425094 ns, Reaching safepoint: 487136 ns, At safepoint: 29202 ns, Total: 516338 ns
[2025-09-11T11:33:31.218+0000][1][safepoint   ] Safepoint "ICBufferFull", Time since last: 5070568 ns, Reaching safepoint: 565441 ns, At safepoint: 8501 ns, Total: 573942 ns
[2025-09-11T11:33:31.224+0000][1][safepoint   ] Safepoint "ICBufferFull", Time since last: 5373391 ns, Reaching safepoint: 478534 ns, At safepoint: 55504 ns, Total: 534038 ns
[2025-09-11T11:33:31.232+0000][1][safepoint   ] Safepoint "ICBufferFull", Time since last: 7493945 ns, Reaching safepoint: 407630 ns, At safepoint: 8800 ns, Total: 416430 ns
[2025-09-11T11:33:31.238+0000][1][safepoint   ] Safepoint "ICBufferFull", Time since last: 6200751 ns, Reaching safepoint: 391828 ns, At safepoint: 35003 ns, Total: 426831 ns
[2025-09-11T11:33:31.245+0000][1][safepoint   ] Safepoint "ICBufferFull", Time since last: 5975534 ns, Reaching safepoint: 379728 ns, At safepoint: 9801 ns, Total: 389529 ns
[2025-09-11T11:33:31.251+0000][1][safepoint   ] Safepoint "ICBufferFull", Time since last: 5545003 ns, Reaching safepoint: 435331 ns, At safepoint: 9901 ns, Total: 445232 ns
[2025-09-11T11:33:31.262+0000][1][safepoint   ] Safepoint "ICBufferFull", Time since last: 10589069 ns, Reaching safepoint: 510038 ns, At safepoint: 22001 ns, Total: 532039 ns
[2025-09-11T11:33:31.269+0000][1][safepoint   ] Safepoint "ICBufferFull", Time since last: 6931904 ns, Reaching safepoint: 473934 ns, At safepoint: 80306 ns, Total: 554240 ns
[2025-09-11T11:33:31.282+0000][1][safepoint   ] Safepoint "ICBufferFull", Time since last: 12021074 ns, Reaching safepoint: 376427 ns, At safepoint: 43403 ns, Total: 419830 ns
[2025-09-11T11:33:31.291+0000][1][safepoint   ] Safepoint "ICBufferFull", Time since last: 7637055 ns, Reaching safepoint: 1784530 ns, At safepoint: 224716 ns, Total: 2009246 ns
[2025-09-11T11:33:31.307+0000][1][safepoint   ] Safepoint "ICBufferFull", Time since last: 15028593 ns, Reaching safepoint: 785657 ns, At safepoint: 13601 ns, Total: 799258 ns
[2025-09-11T11:33:31.324+0000][1][safepoint   ] Safepoint "ICBufferFull", Time since last: 16124572 ns, Reaching safepoint: 444832 ns, At safepoint: 33102 ns, Total: 477934 ns
[2025-09-11T11:33:31.344+0000][1][safepoint   ] Safepoint "ICBufferFull", Time since last: 20079860 ns, Reaching safepoint: 297721 ns, At safepoint: 106908 ns, Total: 404629 ns
[2025-09-11T11:33:31.347+0000][1][safepoint   ] Safepoint "ICBufferFull", Time since last: 2213261 ns, Reaching safepoint: 475834 ns, At safepoint: 10201 ns, Total: 486035 ns
[2025-09-11T11:33:31.351+0000][1][safepoint   ] Safepoint "ICBufferFull", Time since last: 3636765 ns, Reaching safepoint: 207815 ns, At safepoint: 8600 ns, Total: 216415 ns
[2025-09-11T11:33:31.356+0000][1][safepoint   ] Safepoint "ICBufferFull", Time since last: 4229408 ns, Reaching safepoint: 667048 ns, At safepoint: 53104 ns, Total: 720152 ns
[2025-09-11T11:33:31.360+0000][1][safepoint   ] Safepoint "ICBufferFull", Time since last: 3748472 ns, Reaching safepoint: 913767 ns, At safepoint: 51604 ns, Total: 965371 ns
[2025-09-11T11:33:31.363+0000][1][safepoint   ] Safepoint "ICBufferFull", Time since last: 2210660 ns, Reaching safepoint: 608144 ns, At safepoint: 70306 ns, Total: 678450 ns
[2025-09-11T11:33:31.366+0000][1][safepoint   ] Safepoint "ICBufferFull", Time since last: 2300767 ns, Reaching safepoint: 387528 ns, At safepoint: 40803 ns, Total: 428331 ns
[2025-09-11T11:33:31.369+0000][1][safepoint   ] Safepoint "ICBufferFull", Time since last: 2038448 ns, Reaching safepoint: 477935 ns, At safepoint: 13001 ns, Total: 490936 ns
[2025-09-11T11:33:32.025+0000][1][safepoint   ] Safepoint "ICBufferFull", Time since last: 655623148 ns, Reaching safepoint: 386928 ns, At safepoint: 58004 ns, Total: 444932 ns
[2025-09-11T11:33:33.026+0000][1][safepoint   ] Safepoint "Cleanup", Time since last: 1000747431 ns, Reaching safepoint: 673049 ns, At safepoint: 189013 ns, Total: 862062 ns
[2025-09-11T11:33:33.572+0000][1][gc,start    ] GC(5) Pause Young (Concurrent Start) (Metadata GC Threshold)
[2025-09-11T11:33:33.572+0000][1][gc,task     ] GC(5) Using 12 workers of 13 for evacuation
[2025-09-11T11:33:33.573+0000][1][gc,age      ] GC(5) Desired survivor size 20447232 bytes, new threshold 15 (max threshold 15)
[2025-09-11T11:33:33.587+0000][1][gc,age      ] GC(5) Age table with threshold 15 (max threshold 15)
[2025-09-11T11:33:33.587+0000][1][gc,age      ] GC(5) - age   1:    5543184 bytes,    5543184 total
[2025-09-11T11:33:33.587+0000][1][gc,age      ] GC(5) - age   2:    1616144 bytes,    7159328 total
[2025-09-11T11:33:33.587+0000][1][gc,age      ] GC(5) - age   3:     263488 bytes,    7422816 total
[2025-09-11T11:33:33.587+0000][1][gc,age      ] GC(5) - age   4:    1679128 bytes,    9101944 total
[2025-09-11T11:33:33.587+0000][1][gc,phases   ] GC(5)   Pre Evacuate Collection Set: 0.5ms
[2025-09-11T11:33:33.587+0000][1][gc,phases   ] GC(5)   Merge Heap Roots: 0.4ms
[2025-09-11T11:33:33.587+0000][1][gc,phases   ] GC(5)   Evacuate Collection Set: 9.7ms
[2025-09-11T11:33:33.587+0000][1][gc,phases   ] GC(5)   Post Evacuate Collection Set: 3.7ms
[2025-09-11T11:33:33.587+0000][1][gc,phases   ] GC(5)   Other: 0.6ms
[2025-09-11T11:33:33.587+0000][1][gc,heap     ] GC(5) Eden regions: 120->0(297)
[2025-09-11T11:33:33.587+0000][1][gc,heap     ] GC(5) Survivor regions: 4->10(39)
[2025-09-11T11:33:33.587+0000][1][gc,heap     ] GC(5) Old regions: 7->7
[2025-09-11T11:33:33.587+0000][1][gc,heap     ] GC(5) Archive regions: 2->2
[2025-09-11T11:33:33.587+0000][1][gc,heap     ] GC(5) Humongous regions: 2->1
[2025-09-11T11:33:33.587+0000][1][gc,metaspace] GC(5) Metaspace: 35304K(35648K)->35304K(35648K) NonClass: 30731K(30912K)->30731K(30912K) Class: 4573K(4736K)->4573K(4736K)
[2025-09-11T11:33:33.587+0000][1][gc          ] GC(5) Pause Young (Concurrent Start) (Metadata GC Threshold) 133M->17M(512M) 15.041ms
[2025-09-11T11:33:33.587+0000][1][gc,cpu      ] GC(5) User=0.06s Sys=0.01s Real=0.02s
[2025-09-11T11:33:33.588+0000][1][safepoint   ] Safepoint "CollectForMetadataAllocation", Time since last: 545561431 ns, Reaching safepoint: 468734 ns, At safepoint: 15261705 ns, Total: 15730439 ns
[2025-09-11T11:33:33.588+0000][1][gc          ] GC(6) Concurrent Mark Cycle
[2025-09-11T11:33:33.588+0000][1][gc,marking  ] GC(6) Concurrent Clear Claimed Marks
[2025-09-11T11:33:33.588+0000][1][gc,marking  ] GC(6) Concurrent Clear Claimed Marks 0.052ms
[2025-09-11T11:33:33.588+0000][1][gc,marking  ] GC(6) Concurrent Scan Root Regions
[2025-09-11T11:33:33.595+0000][1][gc,marking  ] GC(6) Concurrent Scan Root Regions 7.050ms
[2025-09-11T11:33:33.595+0000][1][gc,marking  ] GC(6) Concurrent Mark
[2025-09-11T11:33:33.595+0000][1][gc,marking  ] GC(6) Concurrent Mark From Roots
[2025-09-11T11:33:33.595+0000][1][gc,task     ] GC(6) Using 3 workers of 3 for marking
[2025-09-11T11:33:33.602+0000][1][gc,marking  ] GC(6) Concurrent Mark From Roots 6.476ms
[2025-09-11T11:33:33.602+0000][1][gc,marking  ] GC(6) Concurrent Preclean
[2025-09-11T11:33:33.602+0000][1][gc,marking  ] GC(6) Concurrent Preclean 0.240ms
[2025-09-11T11:33:33.603+0000][1][gc,start    ] GC(6) Pause Remark
[2025-09-11T11:33:33.609+0000][1][gc          ] GC(6) Pause Remark 17M->17M(512M) 5.890ms
[2025-09-11T11:33:33.609+0000][1][gc,cpu      ] GC(6) User=0.02s Sys=0.00s Real=0.00s
[2025-09-11T11:33:33.609+0000][1][safepoint   ] Safepoint "G1Concurrent", Time since last: 14878077 ns, Reaching safepoint: 360826 ns, At safepoint: 6307256 ns, Total: 6668082 ns
[2025-09-11T11:33:33.613+0000][1][gc,marking  ] GC(6) Concurrent Mark 17.775ms
[2025-09-11T11:33:33.614+0000][1][gc,marking  ] GC(6) Concurrent Rebuild Remembered Sets
[2025-09-11T11:33:33.618+0000][1][gc,marking  ] GC(6) Concurrent Rebuild Remembered Sets 3.400ms
[2025-09-11T11:33:33.621+0000][1][gc,start    ] GC(6) Pause Cleanup
[2025-09-11T11:33:33.622+0000][1][gc          ] GC(6) Pause Cleanup 17M->17M(512M) 0.524ms
[2025-09-11T11:33:33.622+0000][1][gc,cpu      ] GC(6) User=0.00s Sys=0.00s Real=0.00s
[2025-09-11T11:33:33.622+0000][1][safepoint   ] Safepoint "G1Concurrent", Time since last: 11873559 ns, Reaching safepoint: 514938 ns, At safepoint: 964170 ns, Total: 1479108 ns
[2025-09-11T11:33:33.623+0000][1][gc,marking  ] GC(6) Concurrent Cleanup for Next Mark
[2025-09-11T11:33:33.630+0000][1][gc,marking  ] GC(6) Concurrent Cleanup for Next Mark 7.279ms
[2025-09-11T11:33:33.631+0000][1][gc          ] GC(6) Concurrent Mark Cycle 43.512ms
[2025-09-11T11:33:34.538+0000][1][safepoint   ] Safepoint "ICBufferFull", Time since last: 913900041 ns, Reaching safepoint: 1557012 ns, At safepoint: 115809 ns, Total: 1672821 ns
[2025-09-11T11:33:35.498+0000][1][safepoint   ] Safepoint "ICBufferFull", Time since last: 958620477 ns, Reaching safepoint: 1098680 ns, At safepoint: 156511 ns, Total: 1255191 ns
[2025-09-11T11:33:36.691+0000][1][safepoint   ] Safepoint "Cleanup", Time since last: 1193126750 ns, Reaching safepoint: 371726 ns, At safepoint: 110708 ns, Total: 482434 ns
[2025-09-11T11:33:37.692+0000][1][safepoint   ] Safepoint "Cleanup", Time since last: 1000331397 ns, Reaching safepoint: 386928 ns, At safepoint: 51304 ns, Total: 438232 ns
[2025-09-11T11:33:38.693+0000][1][safepoint   ] Safepoint "Cleanup", Time since last: 1000308094 ns, Reaching safepoint: 510337 ns, At safepoint: 18802 ns, Total: 529139 ns
[2025-09-11T11:33:39.694+0000][1][safepoint   ] Safepoint "Cleanup", Time since last: 1000265091 ns, Reaching safepoint: 471334 ns, At safepoint: 17201 ns, Total: 488535 ns
[2025-09-11T11:33:40.695+0000][1][safepoint   ] Safepoint "Cleanup", Time since last: 1000272793 ns, Reaching safepoint: 388428 ns, At safepoint: 14201 ns, Total: 402629 ns
[2025-09-11T11:33:41.695+0000][1][safepoint   ] Safepoint "Cleanup", Time since last: 1000279660 ns, Reaching safepoint: 351727 ns, At safepoint: 10100 ns, Total: 361827 ns
[2025-09-11T11:33:42.696+0000][1][safepoint   ] Safepoint "Cleanup", Time since last: 1000286325 ns, Reaching safepoint: 446333 ns, At safepoint: 11501 ns, Total: 457834 ns
[2025-09-11T11:33:45.697+0000][1][safepoint   ] Safepoint "Cleanup", Time since last: 3000696661 ns, Reaching safepoint: 435833 ns, At safepoint: 11901 ns, Total: 447734 ns
[2025-09-11T11:33:47.698+0000][1][safepoint   ] Safepoint "Cleanup", Time since last: 2000431838 ns, Reaching safepoint: 376928 ns, At safepoint: 10001 ns, Total: 386929 ns
[2025-09-11T11:33:51.699+0000][1][safepoint   ] Safepoint "Cleanup", Time since last: 4000801351 ns, Reaching safepoint: 506238 ns, At safepoint: 20501 ns, Total: 526739 ns
[2025-09-11T11:33:54.700+0000][1][safepoint   ] Safepoint "Cleanup", Time since last: 3000728840 ns, Reaching safepoint: 494837 ns, At safepoint: 20602 ns, Total: 515439 ns
[2025-09-11T11:33:56.990+0000][1][safepoint   ] Safepoint "Cleanup", Time since last: 2289088699 ns, Reaching safepoint: 358827 ns, At safepoint: 33502 ns, Total: 392329 ns
[2025-09-11T11:33:57.991+0000][1][safepoint   ] Safepoint "Cleanup", Time since last: 1000297430 ns, Reaching safepoint: 350326 ns, At safepoint: 10000 ns, Total: 360326 ns
[2025-09-11T11:34:03.990+0000][1][safepoint   ] Safepoint "Cleanup", Time since last: 6001243357 ns, Reaching safepoint: 478736 ns, At safepoint: 20101 ns, Total: 498837 ns
[2025-09-11T11:34:16.993+0000][1][safepoint   ] Safepoint "Cleanup", Time since last: 13002533469 ns, Reaching safepoint: 389029 ns, At safepoint: 11001 ns, Total: 400030 ns
[2025-09-11T11:34:39.996+0000][1][safepoint   ] Safepoint "Cleanup", Time since last: 23004565425 ns, Reaching safepoint: 469736 ns, At safepoint: 25701 ns, Total: 495437 ns
[2025-09-11T11:34:43.998+0000][1][safepoint   ] Safepoint "Cleanup", Time since last: 4000957199 ns, Reaching safepoint: 363927 ns, At safepoint: 9101 ns, Total: 373028 ns
[2025-09-11T11:34:52.000+0000][1][safepoint   ] Safepoint "Cleanup", Time since last: 8001821800 ns, Reaching safepoint: 352127 ns, At safepoint: 10501 ns, Total: 362628 ns
[2025-09-11T11:34:54.001+0000][1][safepoint   ] Safepoint "Cleanup", Time since last: 2000464046 ns, Reaching safepoint: 325824 ns, At safepoint: 8801 ns, Total: 334625 ns
[2025-09-11T11:34:56.002+0000][1][safepoint   ] Safepoint "Cleanup", Time since last: 2000572788 ns, Reaching safepoint: 390429 ns, At safepoint: 9301 ns, Total: 399730 ns
[2025-09-11T11:34:57.002+0000][1][safepoint   ] Safepoint "Cleanup", Time since last: 1000242840 ns, Reaching safepoint: 391630 ns, At safepoint: 21301 ns, Total: 412931 ns
[2025-09-11T11:35:02.002+0000][1][safepoint   ] Safepoint "Cleanup", Time since last: 5001058985 ns, Reaching safepoint: 364426 ns, At safepoint: 11500 ns, Total: 375926 ns
[2025-09-11T11:35:11.003+0000][1][safepoint   ] Safepoint "Cleanup", Time since last: 9001475562 ns, Reaching safepoint: 346626 ns, At safepoint: 9501 ns, Total: 356127 ns
[2025-09-11T11:35:27.007+0000][1][safepoint   ] Safepoint "Cleanup", Time since last: 16002866500 ns, Reaching safepoint: 619146 ns, At safepoint: 58004 ns, Total: 677150 ns
[2025-09-11T11:35:28.008+0000][1][safepoint   ] Safepoint "Cleanup", Time since last: 1000304272 ns, Reaching safepoint: 363128 ns, At safepoint: 9400 ns, Total: 372528 ns
[2025-09-11T11:35:37.007+0000][1][safepoint   ] Safepoint "Cleanup", Time since last: 9001598948 ns, Reaching safepoint: 384228 ns, At safepoint: 9701 ns, Total: 393929 ns
[2025-09-11T11:35:40.008+0000][1][safepoint   ] Safepoint "Cleanup", Time since last: 3000637290 ns, Reaching safepoint: 362327 ns, At safepoint: 9600 ns, Total: 371927 ns
[2025-09-11T11:35:44.010+0000][1][safepoint   ] Safepoint "Cleanup", Time since last: 4000739566 ns, Reaching safepoint: 388729 ns, At safepoint: 9101 ns, Total: 397830 ns
[2025-09-11T11:35:58.013+0000][1][safepoint   ] Safepoint "Cleanup", Time since last: 14002564540 ns, Reaching safepoint: 427432 ns, At safepoint: 10701 ns, Total: 438133 ns
[2025-09-11T11:36:03.011+0000][1][safepoint   ] Safepoint "Cleanup", Time since last: 5001026630 ns, Reaching safepoint: 351526 ns, At safepoint: 8601 ns, Total: 360127 ns
[2025-09-11T11:36:05.012+0000][1][safepoint   ] Safepoint "Cleanup", Time since last: 2000493879 ns, Reaching safepoint: 410130 ns, At safepoint: 12101 ns, Total: 422231 ns
[2025-09-11T11:36:07.013+0000][1][safepoint   ] Safepoint "Cleanup", Time since last: 2000463569 ns, Reaching safepoint: 400330 ns, At safepoint: 10100 ns, Total: 410430 ns
[2025-09-11T11:36:14.015+0000][1][safepoint   ] Safepoint "Cleanup", Time since last: 7001173893 ns, Reaching safepoint: 397031 ns, At safepoint: 9800 ns, Total: 406831 ns
[2025-09-11T11:36:20.016+0000][1][safepoint   ] Safepoint "Cleanup", Time since last: 6001114763 ns, Reaching safepoint: 390730 ns, At safepoint: 12801 ns, Total: 403531 ns
[2025-09-11T11:36:28.018+0000][1][safepoint   ] Safepoint "Cleanup", Time since last: 8001654125 ns, Reaching safepoint: 435133 ns, At safepoint: 11401 ns, Total: 446534 ns
[2025-09-11T11:36:41.019+0000][1][safepoint   ] Safepoint "Cleanup", Time since last: 13003003216 ns, Reaching safepoint: 460138 ns, At safepoint: 19901 ns, Total: 480039 ns
[2025-09-11T11:36:59.022+0000][1][safepoint   ] Safepoint "Cleanup", Time since last: 18003080795 ns, Reaching safepoint: 366930 ns, At safepoint: 10300 ns, Total: 377230 ns
[2025-09-11T11:37:11.023+0000][1][safepoint   ] Safepoint "Cleanup", Time since last: 12002078026 ns, Reaching safepoint: 496946 ns, At safepoint: 18302 ns, Total: 515248 ns
[2025-09-11T11:37:14.024+0000][1][safepoint   ] Safepoint "Cleanup", Time since last: 3000659539 ns, Reaching safepoint: 425139 ns, At safepoint: 25603 ns, Total: 450742 ns
[2025-09-11T11:37:25.027+0000][1][safepoint   ] Safepoint "Cleanup", Time since last: 11002148498 ns, Reaching safepoint: 450835 ns, At safepoint: 10700 ns, Total: 461535 ns
[2025-09-11T11:37:29.028+0000][1][safepoint   ] Safepoint "Cleanup", Time since last: 4000814262 ns, Reaching safepoint: 439028 ns, At safepoint: 9501 ns, Total: 448529 ns
[2025-09-11T11:37:41.029+0000][1][safepoint   ] Safepoint "Cleanup", Time since last: 12002414643 ns, Reaching safepoint: 394629 ns, At safepoint: 10601 ns, Total: 405230 ns
[2025-09-11T11:37:59.032+0000][1][safepoint   ] Safepoint "Cleanup", Time since last: 18003270027 ns, Reaching safepoint: 364327 ns, At safepoint: 9401 ns, Total: 373728 ns
[2025-09-11T11:38:16.034+0000][1][safepoint   ] Safepoint "Cleanup", Time since last: 17002862579 ns, Reaching safepoint: 423633 ns, At safepoint: 10200 ns, Total: 433833 ns
[2025-09-11T11:38:29.036+0000][1][safepoint   ] Safepoint "Cleanup", Time since last: 13002332334 ns, Reaching safepoint: 299422 ns, At safepoint: 64105 ns, Total: 363527 ns
[2025-09-11T11:38:33.035+0000][1][safepoint   ] Safepoint "Cleanup", Time since last: 4000687291 ns, Reaching safepoint: 321623 ns, At safepoint: 22502 ns, Total: 344125 ns
[2025-09-11T11:38:59.040+0000][1][safepoint   ] Safepoint "Cleanup", Time since last: 26004849841 ns, Reaching safepoint: 362028 ns, At safepoint: 9000 ns, Total: 371028 ns
[2025-09-11T11:39:10.040+0000][1][safepoint   ] Safepoint "Cleanup", Time since last: 11001888792 ns, Reaching safepoint: 357529 ns, At safepoint: 9000 ns, Total: 366529 ns
[2025-09-11T11:39:44.044+0000][1][safepoint   ] Safepoint "Cleanup", Time since last: 34006160182 ns, Reaching safepoint: 391229 ns, At safepoint: 18702 ns, Total: 409931 ns
[2025-09-11T11:40:09.047+0000][1][safepoint   ] Safepoint "Cleanup", Time since last: 25004617678 ns, Reaching safepoint: 418131 ns, At safepoint: 8601 ns, Total: 426732 ns
[2025-09-11T11:40:10.048+0000][1][safepoint   ] Safepoint "Cleanup", Time since last: 1000289235 ns, Reaching safepoint: 409231 ns, At safepoint: 33303 ns, Total: 442534 ns
[2025-09-11T11:40:18.050+0000][1][safepoint   ] Safepoint "Cleanup", Time since last: 8001395237 ns, Reaching safepoint: 405830 ns, At safepoint: 10101 ns, Total: 415931 ns
[2025-09-11T11:40:29.052+0000][1][safepoint   ] Safepoint "Cleanup", Time since last: 11001982224 ns, Reaching safepoint: 365127 ns, At safepoint: 19502 ns, Total: 384629 ns
[2025-09-11T11:40:30.053+0000][1][safepoint   ] Safepoint "Cleanup", Time since last: 1000274008 ns, Reaching safepoint: 325725 ns, At safepoint: 9500 ns, Total: 335225 ns
[2025-09-11T11:40:37.370+0000][1][gc,start    ] GC(7) Pause Young (Concurrent Start) (Metadata GC Threshold)
[2025-09-11T11:40:37.370+0000][1][gc,task     ] GC(7) Using 12 workers of 13 for evacuation
[2025-09-11T11:40:37.370+0000][1][gc,age      ] GC(7) Desired survivor size 20447232 bytes, new threshold 15 (max threshold 15)
[2025-09-11T11:40:37.393+0000][1][gc,age      ] GC(7) Age table with threshold 15 (max threshold 15)
[2025-09-11T11:40:37.393+0000][1][gc,age      ] GC(7) - age   1:   11126480 bytes,   11126480 total
[2025-09-11T11:40:37.393+0000][1][gc,age      ] GC(7) - age   2:    5314632 bytes,   16441112 total
[2025-09-11T11:40:37.393+0000][1][gc,age      ] GC(7) - age   3:    1595928 bytes,   18037040 total
[2025-09-11T11:40:37.393+0000][1][gc,age      ] GC(7) - age   4:     254464 bytes,   18291504 total
[2025-09-11T11:40:37.393+0000][1][gc,age      ] GC(7) - age   5:    1667160 bytes,   19958664 total
[2025-09-11T11:40:37.393+0000][1][gc,phases   ] GC(7)   Pre Evacuate Collection Set: 0.6ms
[2025-09-11T11:40:37.393+0000][1][gc,phases   ] GC(7)   Merge Heap Roots: 0.3ms
[2025-09-11T11:40:37.393+0000][1][gc,phases   ] GC(7)   Evacuate Collection Set: 17.7ms
[2025-09-11T11:40:37.393+0000][1][gc,phases   ] GC(7)   Post Evacuate Collection Set: 3.8ms
[2025-09-11T11:40:37.393+0000][1][gc,phases   ] GC(7)   Other: 0.7ms
[2025-09-11T11:40:37.393+0000][1][gc,heap     ] GC(7) Eden regions: 126->0(287)
[2025-09-11T11:40:37.393+0000][1][gc,heap     ] GC(7) Survivor regions: 10->20(39)
[2025-09-11T11:40:37.393+0000][1][gc,heap     ] GC(7) Old regions: 7->7
[2025-09-11T11:40:37.393+0000][1][gc,heap     ] GC(7) Archive regions: 2->2
[2025-09-11T11:40:37.393+0000][1][gc,heap     ] GC(7) Humongous regions: 1->1
[2025-09-11T11:40:37.393+0000][1][gc,metaspace] GC(7) Metaspace: 59085K(59520K)->59085K(59520K) NonClass: 51053K(51264K)->51053K(51264K) Class: 8031K(8256K)->8031K(8256K)
[2025-09-11T11:40:37.393+0000][1][gc          ] GC(7) Pause Young (Concurrent Start) (Metadata GC Threshold) 142M->28M(512M) 23.318ms
[2025-09-11T11:40:37.394+0000][1][gc,cpu      ] GC(7) User=0.15s Sys=0.03s Real=0.02s
[2025-09-11T11:40:37.394+0000][1][gc          ] GC(8) Concurrent Mark Cycle
[2025-09-11T11:40:37.394+0000][1][gc,marking  ] GC(8) Concurrent Clear Claimed Marks
[2025-09-11T11:40:37.394+0000][1][safepoint   ] Safepoint "CollectForMetadataAllocation", Time since last: 7319341764 ns, Reaching safepoint: 399830 ns, At safepoint: 23710868 ns, Total: 24110698 ns
[2025-09-11T11:40:37.394+0000][1][gc,marking  ] GC(8) Concurrent Clear Claimed Marks 0.095ms
[2025-09-11T11:40:37.394+0000][1][gc,marking  ] GC(8) Concurrent Scan Root Regions
[2025-09-11T11:40:37.402+0000][1][gc,marking  ] GC(8) Concurrent Scan Root Regions 8.436ms
[2025-09-11T11:40:37.402+0000][1][gc,marking  ] GC(8) Concurrent Mark
[2025-09-11T11:40:37.402+0000][1][gc,marking  ] GC(8) Concurrent Mark From Roots
[2025-09-11T11:40:37.402+0000][1][gc,task     ] GC(8) Using 3 workers of 3 for marking
[2025-09-11T11:40:37.409+0000][1][gc,marking  ] GC(8) Concurrent Mark From Roots 6.469ms
[2025-09-11T11:40:37.409+0000][1][gc,marking  ] GC(8) Concurrent Preclean
[2025-09-11T11:40:37.409+0000][1][gc,marking  ] GC(8) Concurrent Preclean 0.202ms
[2025-09-11T11:40:37.410+0000][1][gc,start    ] GC(8) Pause Remark
[2025-09-11T11:40:37.415+0000][1][gc          ] GC(8) Pause Remark 29M->29M(512M) 5.204ms
[2025-09-11T11:40:37.415+0000][1][gc,cpu      ] GC(8) User=0.03s Sys=0.00s Real=0.00s
[2025-09-11T11:40:37.415+0000][1][safepoint   ] Safepoint "G1Concurrent", Time since last: 15616665 ns, Reaching safepoint: 467634 ns, At safepoint: 5572416 ns, Total: 6040050 ns
[2025-09-11T11:40:37.416+0000][1][gc,marking  ] GC(8) Concurrent Mark 13.167ms
[2025-09-11T11:40:37.416+0000][1][gc,marking  ] GC(8) Concurrent Rebuild Remembered Sets
[2025-09-11T11:40:37.418+0000][1][gc,marking  ] GC(8) Concurrent Rebuild Remembered Sets 2.821ms
[2025-09-11T11:40:37.421+0000][1][gc,start    ] GC(8) Pause Cleanup
[2025-09-11T11:40:37.422+0000][1][gc          ] GC(8) Pause Cleanup 29M->29M(512M) 0.588ms
[2025-09-11T11:40:37.422+0000][1][gc,cpu      ] GC(8) User=0.01s Sys=0.00s Real=0.01s
[2025-09-11T11:40:37.422+0000][1][safepoint   ] Safepoint "G1Concurrent", Time since last: 3157636 ns, Reaching safepoint: 2541689 ns, At safepoint: 938570 ns, Total: 3480259 ns
[2025-09-11T11:40:37.423+0000][1][gc,marking  ] GC(8) Concurrent Cleanup for Next Mark
[2025-09-11T11:40:37.425+0000][1][gc,marking  ] GC(8) Concurrent Cleanup for Next Mark 1.887ms
[2025-09-11T11:40:37.425+0000][1][gc          ] GC(8) Concurrent Mark Cycle 31.160ms
[2025-09-11T11:40:40.423+0000][1][safepoint   ] Safepoint "Cleanup", Time since last: 3000637528 ns, Reaching safepoint: 425533 ns, At safepoint: 14401 ns, Total: 439934 ns
[2025-09-11T11:40:59.427+0000][1][safepoint   ] Safepoint "Cleanup", Time since last: 19003360338 ns, Reaching safepoint: 557543 ns, At safepoint: 22501 ns, Total: 580044 ns
[2025-09-11T11:41:21.429+0000][1][safepoint   ] Safepoint "Cleanup", Time since last: 22004005923 ns, Reaching safepoint: 659357 ns, At safepoint: 178316 ns, Total: 837673 ns
[2025-09-11T11:41:21.760+0000][1][safepoint   ] Safepoint "ICBufferFull", Time since last: 329653214 ns, Reaching safepoint: 556948 ns, At safepoint: 219219 ns, Total: 776167 ns
[2025-09-11T11:41:22.797+0000][1][safepoint   ] Safepoint "Cleanup", Time since last: 1036550974 ns, Reaching safepoint: 446239 ns, At safepoint: 60205 ns, Total: 506444 ns
[2025-09-11T11:41:24.798+0000][1][safepoint   ] Safepoint "Cleanup", Time since last: 2000553950 ns, Reaching safepoint: 375533 ns, At safepoint: 12301 ns, Total: 387834 ns
[2025-09-11T11:41:26.799+0000][1][safepoint   ] Safepoint "Cleanup", Time since last: 2000485291 ns, Reaching safepoint: 405031 ns, At safepoint: 12001 ns, Total: 417032 ns
[2025-09-11T11:41:28.799+0000][1][safepoint   ] Safepoint "Cleanup", Time since last: 2000509923 ns, Reaching safepoint: 363528 ns, At safepoint: 40603 ns, Total: 404131 ns
[2025-09-11T11:41:29.800+0000][1][safepoint   ] Safepoint "Cleanup", Time since last: 1000322167 ns, Reaching safepoint: 634750 ns, At safepoint: 37902 ns, Total: 672652 ns
[2025-09-11T11:41:31.799+0000][1][safepoint   ] Safepoint "Cleanup", Time since last: 2000579828 ns, Reaching safepoint: 397931 ns, At safepoint: 17201 ns, Total: 415132 ns
[2025-09-11T11:41:32.800+0000][1][safepoint   ] Safepoint "Cleanup", Time since last: 1000354469 ns, Reaching safepoint: 387330 ns, At safepoint: 13301 ns, Total: 400631 ns
[2025-09-11T11:41:33.801+0000][1][safepoint   ] Safepoint "Cleanup", Time since last: 1000337768 ns, Reaching safepoint: 442935 ns, At safepoint: 19401 ns, Total: 462336 ns
[2025-09-11T11:41:35.802+0000][1][safepoint   ] Safepoint "Cleanup", Time since last: 2000466277 ns, Reaching safepoint: 514740 ns, At safepoint: 24002 ns, Total: 538742 ns
[2025-09-11T11:41:36.803+0000][1][safepoint   ] Safepoint "Cleanup", Time since last: 1000262196 ns, Reaching safepoint: 369228 ns, At safepoint: 12901 ns, Total: 382129 ns
[2025-09-11T11:41:41.804+0000][1][safepoint   ] Safepoint "Cleanup", Time since last: 5001017857 ns, Reaching safepoint: 447735 ns, At safepoint: 15501 ns, Total: 463236 ns
[2025-09-11T11:41:42.805+0000][1][safepoint   ] Safepoint "Cleanup", Time since last: 1000293014 ns, Reaching safepoint: 623550 ns, At safepoint: 25003 ns, Total: 648553 ns
[2025-09-11T11:41:47.807+0000][1][safepoint   ] Safepoint "Cleanup", Time since last: 5001084242 ns, Reaching safepoint: 433735 ns, At safepoint: 62805 ns, Total: 496540 ns
[2025-09-11T11:41:52.808+0000][1][safepoint   ] Safepoint "Cleanup", Time since last: 5001127397 ns, Reaching safepoint: 377230 ns, At safepoint: 14501 ns, Total: 391731 ns
[2025-09-11T11:41:57.810+0000][1][safepoint   ] Safepoint "Cleanup", Time since last: 5001095458 ns, Reaching safepoint: 757260 ns, At safepoint: 50704 ns, Total: 807964 ns
[2025-09-11T11:41:59.811+0000][1][safepoint   ] Safepoint "Cleanup", Time since last: 2000492195 ns, Reaching safepoint: 420132 ns, At safepoint: 14501 ns, Total: 434633 ns
[2025-09-11T11:42:02.810+0000][1][safepoint   ] Safepoint "Cleanup", Time since last: 3000704647 ns, Reaching safepoint: 347427 ns, At safepoint: 94407 ns, Total: 441834 ns
[2025-09-11T11:42:07.811+0000][1][safepoint   ] Safepoint "Cleanup", Time since last: 5001106726 ns, Reaching safepoint: 266921 ns, At safepoint: 42103 ns, Total: 309024 ns
[2025-09-11T11:42:08.812+0000][1][safepoint   ] Safepoint "Cleanup", Time since last: 1000270344 ns, Reaching safepoint: 379330 ns, At safepoint: 16901 ns, Total: 396231 ns
[2025-09-11T11:42:10.813+0000][1][safepoint   ] Safepoint "Cleanup", Time since last: 2000530887 ns, Reaching safepoint: 410932 ns, At safepoint: 13801 ns, Total: 424733 ns
[2025-09-11T11:42:12.814+0000][1][safepoint   ] Safepoint "Cleanup", Time since last: 2000539188 ns, Reaching safepoint: 365529 ns, At safepoint: 40903 ns, Total: 406432 ns
[2025-09-11T11:42:17.816+0000][1][safepoint   ] Safepoint "Cleanup", Time since last: 5000994314 ns, Reaching safepoint: 864267 ns, At safepoint: 40504 ns, Total: 904771 ns
[2025-09-11T11:42:22.817+0000][1][safepoint   ] Safepoint "Cleanup", Time since last: 5001107854 ns, Reaching safepoint: 388130 ns, At safepoint: 13201 ns, Total: 401331 ns
[2025-09-11T11:42:23.818+0000][1][safepoint   ] Safepoint "Cleanup", Time since last: 1000324408 ns, Reaching safepoint: 478637 ns, At safepoint: 24102 ns, Total: 502739 ns
[2025-09-11T11:42:24.818+0000][1][safepoint   ] Safepoint "Cleanup", Time since last: 1000297206 ns, Reaching safepoint: 368429 ns, At safepoint: 13401 ns, Total: 381830 ns
[2025-09-11T11:42:25.819+0000][1][safepoint   ] Safepoint "Cleanup", Time since last: 1000301006 ns, Reaching safepoint: 351927 ns, At safepoint: 14401 ns, Total: 366328 ns
[2025-09-11T11:42:27.820+0000][1][safepoint   ] Safepoint "Cleanup", Time since last: 2000423599 ns, Reaching safepoint: 323725 ns, At safepoint: 31102 ns, Total: 354827 ns
[2025-09-11T11:42:29.821+0000][1][safepoint   ] Safepoint "Cleanup", Time since last: 2000442400 ns, Reaching safepoint: 347227 ns, At safepoint: 13101 ns, Total: 360328 ns
[2025-09-11T11:42:32.820+0000][1][safepoint   ] Safepoint "Cleanup", Time since last: 3000721541 ns, Reaching safepoint: 382829 ns, At safepoint: 46804 ns, Total: 429633 ns
[2025-09-11T11:42:35.821+0000][1][safepoint   ] Safepoint "Cleanup", Time since last: 3000659830 ns, Reaching safepoint: 363528 ns, At safepoint: 15101 ns, Total: 378629 ns
[2025-09-11T11:42:37.822+0000][1][safepoint   ] Safepoint "Cleanup", Time since last: 2000459055 ns, Reaching safepoint: 296523 ns, At safepoint: 22202 ns, Total: 318725 ns
[2025-09-11T11:42:40.823+0000][1][safepoint   ] Safepoint "Cleanup", Time since last: 3000601163 ns, Reaching safepoint: 358728 ns, At safepoint: 15202 ns, Total: 373930 ns
[2025-09-11T11:42:42.824+0000][1][safepoint   ] Safepoint "Cleanup", Time since last: 2000418893 ns, Reaching safepoint: 577946 ns, At safepoint: 65905 ns, Total: 643851 ns
[2025-09-11T11:43:00.827+0000][1][safepoint   ] Safepoint "Cleanup", Time since last: 18003037707 ns, Reaching safepoint: 419232 ns, At safepoint: 26202 ns, Total: 445434 ns
[2025-09-11T11:43:10.827+0000][1][safepoint   ] Safepoint "Cleanup", Time since last: 10001999135 ns, Reaching safepoint: 532744 ns, At safepoint: 33903 ns, Total: 566647 ns
[2025-09-11T11:43:13.828+0000][1][safepoint   ] Safepoint "Cleanup", Time since last: 3000655323 ns, Reaching safepoint: 425235 ns, At safepoint: 23202 ns, Total: 448437 ns
[2025-09-11T11:43:23.830+0000][1][safepoint   ] Safepoint "Cleanup", Time since last: 10001815441 ns, Reaching safepoint: 360231 ns, At safepoint: 12302 ns, Total: 372533 ns
[2025-09-11T11:43:27.832+0000][1][safepoint   ] Safepoint "Cleanup", Time since last: 4000723065 ns, Reaching safepoint: 454236 ns, At safepoint: 32202 ns, Total: 486438 ns
[2025-09-11T11:43:28.832+0000][1][safepoint   ] Safepoint "Cleanup", Time since last: 1000275731 ns, Reaching safepoint: 392130 ns, At safepoint: 16601 ns, Total: 408731 ns
[2025-09-11T11:43:30.833+0000][1][safepoint   ] Safepoint "Cleanup", Time since last: 2000468356 ns, Reaching safepoint: 514240 ns, At safepoint: 39103 ns, Total: 553343 ns
[2025-09-11T11:43:36.833+0000][1][safepoint   ] Safepoint "Cleanup", Time since last: 6001324996 ns, Reaching safepoint: 480638 ns, At safepoint: 55204 ns, Total: 535842 ns
[2025-09-11T11:43:38.706+0000][1][safepoint   ] Safepoint "Cleanup", Time since last: 1871915287 ns, Reaching safepoint: 571144 ns, At safepoint: 24202 ns, Total: 595346 ns
[2025-09-11T11:43:40.706+0000][1][safepoint   ] Safepoint "Cleanup", Time since last: 2000461109 ns, Reaching safepoint: 355627 ns, At safepoint: 15601 ns, Total: 371228 ns
[2025-09-11T11:44:00.710+0000][1][safepoint   ] Safepoint "Cleanup", Time since last: 20003365527 ns, Reaching safepoint: 484837 ns, At safepoint: 47804 ns, Total: 532641 ns
[2025-09-11T11:44:10.710+0000][1][safepoint   ] Safepoint "Cleanup", Time since last: 10001798222 ns, Reaching safepoint: 338027 ns, At safepoint: 13201 ns, Total: 351228 ns
[2025-09-11T11:44:20.712+0000][1][safepoint   ] Safepoint "Cleanup", Time since last: 10001860324 ns, Reaching safepoint: 378229 ns, At safepoint: 14901 ns, Total: 393130 ns
[2025-09-11T11:44:24.714+0000][1][safepoint   ] Safepoint "Cleanup", Time since last: 4000755811 ns, Reaching safepoint: 376029 ns, At safepoint: 13401 ns, Total: 389430 ns
[2025-09-11T11:44:27.715+0000][1][safepoint   ] Safepoint "Cleanup", Time since last: 3000687672 ns, Reaching safepoint: 418433 ns, At safepoint: 21301 ns, Total: 439734 ns
[2025-09-11T11:44:30.716+0000][1][safepoint   ] Safepoint "Cleanup", Time since last: 3000615752 ns, Reaching safepoint: 413532 ns, At safepoint: 27102 ns, Total: 440634 ns
[2025-09-11T11:44:33.715+0000][1][safepoint   ] Safepoint "Cleanup", Time since last: 3000600984 ns, Reaching safepoint: 399331 ns, At safepoint: 15101 ns, Total: 414432 ns
[2025-09-11T11:44:36.716+0000][1][safepoint   ] Safepoint "Cleanup", Time since last: 3000604884 ns, Reaching safepoint: 396231 ns, At safepoint: 33803 ns, Total: 430034 ns
[2025-09-11T11:44:41.717+0000][1][safepoint   ] Safepoint "Cleanup", Time since last: 5000911628 ns, Reaching safepoint: 378429 ns, At safepoint: 14601 ns, Total: 393030 ns
[2025-09-11T11:44:43.718+0000][1][safepoint   ] Safepoint "Cleanup", Time since last: 2000430000 ns, Reaching safepoint: 546542 ns, At safepoint: 34302 ns, Total: 580844 ns
[2025-09-11T11:44:46.719+0000][1][safepoint   ] Safepoint "Cleanup", Time since last: 3000615215 ns, Reaching safepoint: 432533 ns, At safepoint: 26102 ns, Total: 458635 ns
[2025-09-11T11:44:47.720+0000][1][safepoint   ] Safepoint "Cleanup", Time since last: 1000378455 ns, Reaching safepoint: 318025 ns, At safepoint: 28002 ns, Total: 346027 ns
[2025-09-11T11:44:51.721+0000][1][safepoint   ] Safepoint "Cleanup", Time since last: 4000940275 ns, Reaching safepoint: 379530 ns, At safepoint: 14501 ns, Total: 394031 ns
[2025-09-11T11:44:56.723+0000][1][safepoint   ] Safepoint "Cleanup", Time since last: 5001146776 ns, Reaching safepoint: 360728 ns, At safepoint: 13001 ns, Total: 373729 ns
[2025-09-11T11:45:00.724+0000][1][safepoint   ] Safepoint "Cleanup", Time since last: 4000948710 ns, Reaching safepoint: 527841 ns, At safepoint: 40003 ns, Total: 567844 ns
[2025-09-11T11:45:01.723+0000][1][safepoint   ] Safepoint "Cleanup", Time since last: 1000282006 ns, Reaching safepoint: 391830 ns, At safepoint: 15401 ns, Total: 407231 ns
[2025-09-11T11:45:02.724+0000][1][safepoint   ] Safepoint "Cleanup", Time since last: 1000214581 ns, Reaching safepoint: 729751 ns, At safepoint: 37202 ns, Total: 766953 ns
[2025-09-11T11:45:06.725+0000][1][safepoint   ] Safepoint "Cleanup", Time since last: 4000695740 ns, Reaching safepoint: 465532 ns, At safepoint: 51403 ns, Total: 516935 ns
[2025-09-11T11:45:11.726+0000][1][safepoint   ] Safepoint "Cleanup", Time since last: 5000829902 ns, Reaching safepoint: 405431 ns, At safepoint: 14501 ns, Total: 419932 ns
[2025-09-11T11:45:17.728+0000][1][safepoint   ] Safepoint "Cleanup", Time since last: 6001147098 ns, Reaching safepoint: 399931 ns, At safepoint: 18602 ns, Total: 418533 ns
[2025-09-11T11:45:22.729+0000][1][safepoint   ] Safepoint "Cleanup", Time since last: 5001027856 ns, Reaching safepoint: 522341 ns, At safepoint: 31402 ns, Total: 553743 ns
[2025-09-11T11:45:25.730+0000][1][safepoint   ] Safepoint "Cleanup", Time since last: 3000620629 ns, Reaching safepoint: 344127 ns, At safepoint: 12201 ns, Total: 356328 ns
[2025-09-11T11:45:27.731+0000][1][safepoint   ] Safepoint "Cleanup", Time since last: 2000438822 ns, Reaching safepoint: 505336 ns, At safepoint: 32702 ns, Total: 538038 ns
[2025-09-11T11:45:30.732+0000][1][safepoint   ] Safepoint "Cleanup", Time since last: 3000666942 ns, Reaching safepoint: 365326 ns, At safepoint: 12501 ns, Total: 377827 ns
[2025-09-11T11:45:32.731+0000][1][safepoint   ] Safepoint "Cleanup", Time since last: 2000448362 ns, Reaching safepoint: 409728 ns, At safepoint: 18502 ns, Total: 428230 ns
[2025-09-11T11:45:37.732+0000][1][safepoint   ] Safepoint "Cleanup", Time since last: 5000982347 ns, Reaching safepoint: 475736 ns, At safepoint: 21102 ns, Total: 496838 ns
[2025-09-11T11:45:42.734+0000][1][safepoint   ] Safepoint "Cleanup", Time since last: 5001053661 ns, Reaching safepoint: 367229 ns, At safepoint: 13701 ns, Total: 380930 ns
[2025-09-11T11:45:47.735+0000][1][safepoint   ] Safepoint "Cleanup", Time since last: 5000939595 ns, Reaching safepoint: 445335 ns, At safepoint: 30702 ns, Total: 476037 ns
[2025-09-11T11:45:48.736+0000][1][safepoint   ] Safepoint "Cleanup", Time since last: 1000274866 ns, Reaching safepoint: 371529 ns, At safepoint: 12701 ns, Total: 384230 ns
[2025-09-11T11:45:52.737+0000][1][safepoint   ] Safepoint "Cleanup", Time since last: 4000871330 ns, Reaching safepoint: 368928 ns, At safepoint: 41403 ns, Total: 410331 ns
[2025-09-11T11:45:57.739+0000][1][safepoint   ] Safepoint "Cleanup", Time since last: 5001187383 ns, Reaching safepoint: 227517 ns, At safepoint: 51504 ns, Total: 279021 ns
[2025-09-11T11:46:02.738+0000][1][safepoint   ] Safepoint "Cleanup", Time since last: 5001074568 ns, Reaching safepoint: 507039 ns, At safepoint: 24902 ns, Total: 531941 ns
[2025-09-11T11:46:07.739+0000][1][safepoint   ] Safepoint "Cleanup", Time since last: 5001047321 ns, Reaching safepoint: 235618 ns, At safepoint: 16501 ns, Total: 252119 ns
[2025-09-11T11:46:12.741+0000][1][safepoint   ] Safepoint "Cleanup", Time since last: 5001100521 ns, Reaching safepoint: 438434 ns, At safepoint: 15801 ns, Total: 454235 ns
[2025-09-11T11:46:17.742+0000][1][safepoint   ] Safepoint "Cleanup", Time since last: 5000934358 ns, Reaching safepoint: 421132 ns, At safepoint: 24102 ns, Total: 445234 ns
[2025-09-11T11:46:22.743+0000][1][safepoint   ] Safepoint "Cleanup", Time since last: 5001021375 ns, Reaching safepoint: 323225 ns, At safepoint: 14501 ns, Total: 337726 ns
[2025-09-11T11:46:26.745+0000][1][safepoint   ] Safepoint "Cleanup", Time since last: 4001167488 ns, Reaching safepoint: 369129 ns, At safepoint: 12601 ns, Total: 381730 ns
[2025-09-11T11:46:27.746+0000][1][safepoint   ] Safepoint "Cleanup", Time since last: 1000528140 ns, Reaching safepoint: 490538 ns, At safepoint: 26802 ns, Total: 517340 ns
[2025-09-11T11:46:32.745+0000][1][safepoint   ] Safepoint "Cleanup", Time since last: 5000911361 ns, Reaching safepoint: 533741 ns, At safepoint: 25402 ns, Total: 559143 ns
[2025-09-11T11:46:37.746+0000][1][safepoint   ] Safepoint "Cleanup", Time since last: 5001004258 ns, Reaching safepoint: 403031 ns, At safepoint: 22501 ns, Total: 425532 ns
[2025-09-11T11:46:41.748+0000][1][safepoint   ] Safepoint "Cleanup", Time since last: 4000987653 ns, Reaching safepoint: 378530 ns, At safepoint: 11800 ns, Total: 390330 ns
[2025-09-11T11:46:42.748+0000][1][safepoint   ] Safepoint "Cleanup", Time since last: 1000332185 ns, Reaching safepoint: 340826 ns, At safepoint: 13101 ns, Total: 353927 ns
[2025-09-11T11:46:47.750+0000][1][safepoint   ] Safepoint "Cleanup", Time since last: 5001104642 ns, Reaching safepoint: 452735 ns, At safepoint: 34802 ns, Total: 487537 ns
[2025-09-11T11:46:52.751+0000][1][safepoint   ] Safepoint "Cleanup", Time since last: 5001044023 ns, Reaching safepoint: 364529 ns, At safepoint: 46003 ns, Total: 410532 ns
[2025-09-11T11:46:57.753+0000][1][safepoint   ] Safepoint "Cleanup", Time since last: 5000889816 ns, Reaching safepoint: 371329 ns, At safepoint: 14801 ns, Total: 386130 ns
[2025-09-11T11:47:02.752+0000][1][safepoint   ] Safepoint "Cleanup", Time since last: 5000949457 ns, Reaching safepoint: 311424 ns, At safepoint: 55804 ns, Total: 367228 ns
[2025-09-11T11:47:06.754+0000][1][safepoint   ] Safepoint "Cleanup", Time since last: 4000951276 ns, Reaching safepoint: 383529 ns, At safepoint: 42703 ns, Total: 426232 ns
[2025-09-11T11:47:12.755+0000][1][safepoint   ] Safepoint "Cleanup", Time since last: 6001174406 ns, Reaching safepoint: 417732 ns, At safepoint: 41703 ns, Total: 459435 ns
[2025-09-11T11:47:17.756+0000][1][safepoint   ] Safepoint "Cleanup", Time since last: 5001003322 ns, Reaching safepoint: 303323 ns, At safepoint: 15901 ns, Total: 319224 ns
[2025-09-11T11:47:22.758+0000][1][safepoint   ] Safepoint "Cleanup", Time since last: 5000961493 ns, Reaching safepoint: 397431 ns, At safepoint: 16101 ns, Total: 413532 ns
[2025-09-11T11:47:27.759+0000][1][safepoint   ] Safepoint "Cleanup", Time since last: 5000953394 ns, Reaching safepoint: 595542 ns, At safepoint: 38903 ns, Total: 634445 ns
[2025-09-11T11:47:31.758+0000][1][safepoint   ] Safepoint "Cleanup", Time since last: 4001094827 ns, Reaching safepoint: 424929 ns, At safepoint: 24602 ns, Total: 449531 ns
[2025-09-11T11:47:32.759+0000][1][safepoint   ] Safepoint "Cleanup", Time since last: 1000237805 ns, Reaching safepoint: 896662 ns, At safepoint: 31503 ns, Total: 928165 ns
[2025-09-11T11:47:42.761+0000][1][safepoint   ] Safepoint "Cleanup", Time since last: 10001732795 ns, Reaching safepoint: 362028 ns, At safepoint: 13501 ns, Total: 375529 ns
[2025-09-11T11:47:47.763+0000][1][safepoint   ] Safepoint "Cleanup", Time since last: 5000983649 ns, Reaching safepoint: 350627 ns, At safepoint: 14101 ns, Total: 364728 ns
[2025-09-11T11:47:53.265+0000][1][safepoint   ] Safepoint "Cleanup", Time since last: 5501440528 ns, Reaching safepoint: 360627 ns, At safepoint: 12001 ns, Total: 372628 ns
[2025-09-11T11:47:57.266+0000][1][safepoint   ] Safepoint "Cleanup", Time since last: 4000868470 ns, Reaching safepoint: 384830 ns, At safepoint: 16301 ns, Total: 401131 ns
[2025-09-11T11:48:02.265+0000][1][safepoint   ] Safepoint "Cleanup", Time since last: 5001011147 ns, Reaching safepoint: 381923 ns, At safepoint: 12400 ns, Total: 394323 ns
[2025-09-11T11:48:06.267+0000][1][safepoint   ] Safepoint "Cleanup", Time since last: 4000894150 ns, Reaching safepoint: 404925 ns, At safepoint: 12200 ns, Total: 417125 ns
[2025-09-11T11:48:07.267+0000][1][safepoint   ] Safepoint "Cleanup", Time since last: 1000287609 ns, Reaching safepoint: 336625 ns, At safepoint: 62805 ns, Total: 399430 ns
[2025-09-11T11:48:11.268+0000][1][safepoint   ] Safepoint "Cleanup", Time since last: 4000735307 ns, Reaching safepoint: 357427 ns, At safepoint: 12601 ns, Total: 370028 ns
[2025-09-11T11:48:18.270+0000][1][safepoint   ] Safepoint "Cleanup", Time since last: 7001349187 ns, Reaching safepoint: 395630 ns, At safepoint: 17701 ns, Total: 413331 ns
[2025-09-11T11:48:27.272+0000][1][safepoint   ] Safepoint "Cleanup", Time since last: 9001908151 ns, Reaching safepoint: 366427 ns, At safepoint: 42004 ns, Total: 408431 ns
[2025-09-11T11:48:28.273+0000][1][safepoint   ] Safepoint "Cleanup", Time since last: 1000236318 ns, Reaching safepoint: 404730 ns, At safepoint: 17502 ns, Total: 422232 ns
[2025-09-11T11:48:44.274+0000][1][safepoint   ] Safepoint "Cleanup", Time since last: 16002956349 ns, Reaching safepoint: 441733 ns, At safepoint: 40003 ns, Total: 481736 ns
[2025-09-11T11:48:44.813+0000][1][gc,heap,exit] Heap
[2025-09-11T11:48:44.813+0000][1][gc,heap,exit]  garbage-first heap   total 524288K, used 248901K [0x00000000e0000000, 0x0000000100000000)
[2025-09-11T11:48:44.813+0000][1][gc,heap,exit]   region size 1024K, 229 young (234496K), 20 survivors (20480K)
[2025-09-11T11:48:44.813+0000][1][gc,heap,exit]  Metaspace       used 67971K, committed 68544K, reserved 1114112K
[2025-09-11T11:48:44.813+0000][1][gc,heap,exit]   class space    used 8866K, committed 9152K, reserved 1048576K
