[2025-09-11T11:26:23.455+0000][1][gc] Using G1
[2025-09-11T11:26:23.465+0000][1][gc,init] Version: 16.0.1+9 (release)
[2025-09-11T11:26:23.465+0000][1][gc,init] CPUs: 16 total, 16 available
[2025-09-11T11:26:23.465+0000][1][gc,init] Memory: 15898M
[2025-09-11T11:26:23.465+0000][1][gc,init] Large Page Support: Disabled
[2025-09-11T11:26:23.465+0000][1][gc,init] NUMA Support: Disabled
[2025-09-11T11:26:23.465+0000][1][gc,init] Compressed Oops: Enabled (32-bit)
[2025-09-11T11:26:23.465+0000][1][gc,init] Heap Region Size: 1M
[2025-09-11T11:26:23.465+0000][1][gc,init] Heap Min Capacity: 512M
[2025-09-11T11:26:23.465+0000][1][gc,init] Heap Initial Capacity: 512M
[2025-09-11T11:26:23.465+0000][1][gc,init] Heap Max Capacity: 512M
[2025-09-11T11:26:23.465+0000][1][gc,init] Pre-touch: Disabled
[2025-09-11T11:26:23.465+0000][1][gc,init] Parallel Workers: 13
[2025-09-11T11:26:23.465+0000][1][gc,init] Concurrent Workers: 3
[2025-09-11T11:26:23.465+0000][1][gc,init] Concurrent Refinement Workers: 13
[2025-09-11T11:26:23.465+0000][1][gc,init] Periodic GC: Disabled
[2025-09-11T11:26:23.466+0000][1][gc,metaspace] CDS archive(s) mapped at: [0x0000000800000000-0x0000000800bea000-0x0000000800bea000), size 12492800, SharedBaseAddress: 0x0000000800000000, ArchiveRelocationMode: 0.
[2025-09-11T11:26:23.466+0000][1][gc,metaspace] Compressed class space mapped at: 0x0000000800c00000-0x0000000840c00000, reserved size: 1073741824
[2025-09-11T11:26:23.466+0000][1][gc,metaspace] Narrow klass base: 0x0000000800000000, Narrow klass shift: 3, Narrow klass range: 0x100000000
[2025-09-11T11:26:24.486+0000][1][safepoint   ] Safepoint "ICBufferFull", Time since last: 1001319153 ns, Reaching safepoint: 358930 ns, At safepoint: 45503 ns, Total: 404433 ns
[2025-09-11T11:26:24.714+0000][1][gc,start    ] GC(0) Pause Young (Normal) (G1 Evacuation Pause)
[2025-09-11T11:26:24.720+0000][1][gc,task     ] GC(0) Using 12 workers of 13 for evacuation
[2025-09-11T11:26:24.720+0000][1][gc,age      ] GC(0) Desired survivor size 2097152 bytes, new threshold 15 (max threshold 15)
[2025-09-11T11:26:24.729+0000][1][gc,age      ] GC(0) Age table with threshold 15 (max threshold 15)
[2025-09-11T11:26:24.729+0000][1][gc,age      ] GC(0) - age   1:    3701296 bytes,    3701296 total
[2025-09-11T11:26:24.729+0000][1][gc,phases   ] GC(0)   Pre Evacuate Collection Set: 0.5ms
[2025-09-11T11:26:24.729+0000][1][gc,phases   ] GC(0)   Merge Heap Roots: 0.3ms
[2025-09-11T11:26:24.729+0000][1][gc,phases   ] GC(0)   Evacuate Collection Set: 6.0ms
[2025-09-11T11:26:24.729+0000][1][gc,phases   ] GC(0)   Post Evacuate Collection Set: 2.0ms
[2025-09-11T11:26:24.729+0000][1][gc,phases   ] GC(0)   Other: 6.2ms
[2025-09-11T11:26:24.729+0000][1][gc,heap     ] GC(0) Eden regions: 25->0(29)
[2025-09-11T11:26:24.729+0000][1][gc,heap     ] GC(0) Survivor regions: 0->4(4)
[2025-09-11T11:26:24.729+0000][1][gc,heap     ] GC(0) Old regions: 0->3
[2025-09-11T11:26:24.729+0000][1][gc,heap     ] GC(0) Archive regions: 2->2
[2025-09-11T11:26:24.729+0000][1][gc,heap     ] GC(0) Humongous regions: 1->1
[2025-09-11T11:26:24.729+0000][1][gc,metaspace] GC(0) Metaspace: 7784K(8000K)->7784K(8000K) NonClass: 6972K(7104K)->6972K(7104K) Class: 812K(896K)->812K(896K)
[2025-09-11T11:26:24.729+0000][1][gc          ] GC(0) Pause Young (Normal) (G1 Evacuation Pause) 26M->8M(512M) 15.101ms
[2025-09-11T11:26:24.729+0000][1][gc,cpu      ] GC(0) User=0.00s Sys=0.07s Real=0.02s
[2025-09-11T11:26:24.729+0000][1][safepoint   ] Safepoint "G1CollectForAllocation", Time since last: 228226979 ns, Reaching safepoint: 152713 ns, At safepoint: 15260549 ns, Total: 15413262 ns
[2025-09-11T11:26:25.840+0000][1][safepoint   ] Safepoint "Cleanup", Time since last: 1109904440 ns, Reaching safepoint: 499341 ns, At safepoint: 78306 ns, Total: 577647 ns
[2025-09-11T11:26:26.090+0000][1][gc,start    ] GC(1) Pause Young (Normal) (G1 Evacuation Pause)
[2025-09-11T11:26:26.090+0000][1][gc,task     ] GC(1) Using 12 workers of 13 for evacuation
[2025-09-11T11:26:26.090+0000][1][gc,age      ] GC(1) Desired survivor size 2621440 bytes, new threshold 1 (max threshold 15)
[2025-09-11T11:26:26.109+0000][1][gc,age      ] GC(1) Age table with threshold 1 (max threshold 15)
[2025-09-11T11:26:26.109+0000][1][gc,age      ] GC(1) - age   1:    4085824 bytes,    4085824 total
[2025-09-11T11:26:26.109+0000][1][gc,phases   ] GC(1)   Pre Evacuate Collection Set: 0.4ms
[2025-09-11T11:26:26.109+0000][1][gc,phases   ] GC(1)   Merge Heap Roots: 0.4ms
[2025-09-11T11:26:26.109+0000][1][gc,phases   ] GC(1)   Evacuate Collection Set: 14.7ms
[2025-09-11T11:26:26.109+0000][1][gc,phases   ] GC(1)   Post Evacuate Collection Set: 3.1ms
[2025-09-11T11:26:26.109+0000][1][gc,phases   ] GC(1)   Other: 0.5ms
[2025-09-11T11:26:26.109+0000][1][gc,heap     ] GC(1) Eden regions: 29->0(302)
[2025-09-11T11:26:26.110+0000][1][gc,heap     ] GC(1) Survivor regions: 4->5(5)
[2025-09-11T11:26:26.110+0000][1][gc,heap     ] GC(1) Old regions: 3->7
[2025-09-11T11:26:26.110+0000][1][gc,heap     ] GC(1) Archive regions: 2->2
[2025-09-11T11:26:26.110+0000][1][gc,heap     ] GC(1) Humongous regions: 1->1
[2025-09-11T11:26:26.110+0000][1][gc,metaspace] GC(1) Metaspace: 12717K(12928K)->12717K(12928K) NonClass: 11274K(11392K)->11274K(11392K) Class: 1442K(1536K)->1442K(1536K)
[2025-09-11T11:26:26.110+0000][1][gc          ] GC(1) Pause Young (Normal) (G1 Evacuation Pause) 37M->12M(512M) 19.278ms
[2025-09-11T11:26:26.110+0000][1][gc,cpu      ] GC(1) User=0.06s Sys=0.06s Real=0.02s
[2025-09-11T11:26:26.110+0000][1][safepoint   ] Safepoint "G1CollectForAllocation", Time since last: 249993661 ns, Reaching safepoint: 602249 ns, At safepoint: 19591604 ns, Total: 20193853 ns
[2025-09-11T11:26:27.299+0000][1][safepoint   ] Safepoint "Cleanup", Time since last: 1188258653 ns, Reaching safepoint: 541944 ns, At safepoint: 47904 ns, Total: 589848 ns
[2025-09-11T11:26:27.821+0000][1][gc,start    ] GC(2) Pause Young (Concurrent Start) (Metadata GC Threshold)
[2025-09-11T11:26:27.821+0000][1][gc,task     ] GC(2) Using 12 workers of 13 for evacuation
[2025-09-11T11:26:27.821+0000][1][gc,age      ] GC(2) Desired survivor size 20447232 bytes, new threshold 15 (max threshold 15)
[2025-09-11T11:26:27.830+0000][1][gc,age      ] GC(2) Age table with threshold 15 (max threshold 15)
[2025-09-11T11:26:27.830+0000][1][gc,age      ] GC(2) - age   1:    2018568 bytes,    2018568 total
[2025-09-11T11:26:27.830+0000][1][gc,age      ] GC(2) - age   2:    1633480 bytes,    3652048 total
[2025-09-11T11:26:27.830+0000][1][gc,phases   ] GC(2)   Pre Evacuate Collection Set: 0.4ms
[2025-09-11T11:26:27.830+0000][1][gc,phases   ] GC(2)   Merge Heap Roots: 0.3ms
[2025-09-11T11:26:27.830+0000][1][gc,phases   ] GC(2)   Evacuate Collection Set: 4.7ms
[2025-09-11T11:26:27.830+0000][1][gc,phases   ] GC(2)   Post Evacuate Collection Set: 2.3ms
[2025-09-11T11:26:27.830+0000][1][gc,phases   ] GC(2)   Other: 0.9ms
[2025-09-11T11:26:27.830+0000][1][gc,heap     ] GC(2) Eden regions: 184->0(303)
[2025-09-11T11:26:27.830+0000][1][gc,heap     ] GC(2) Survivor regions: 5->4(39)
[2025-09-11T11:26:27.830+0000][1][gc,heap     ] GC(2) Old regions: 7->7
[2025-09-11T11:26:27.830+0000][1][gc,heap     ] GC(2) Archive regions: 2->2
[2025-09-11T11:26:27.830+0000][1][gc,heap     ] GC(2) Humongous regions: 1->1
[2025-09-11T11:26:27.830+0000][1][gc,metaspace] GC(2) Metaspace: 21009K(21248K)->21009K(21248K) NonClass: 18464K(18560K)->18464K(18560K) Class: 2544K(2688K)->2544K(2688K)
[2025-09-11T11:26:27.830+0000][1][gc          ] GC(2) Pause Young (Concurrent Start) (Metadata GC Threshold) 196M->12M(512M) 8.737ms
[2025-09-11T11:26:27.830+0000][1][gc,cpu      ] GC(2) User=0.04s Sys=0.01s Real=0.01s
[2025-09-11T11:26:27.830+0000][1][safepoint   ] Safepoint "CollectForMetadataAllocation", Time since last: 522153736 ns, Reaching safepoint: 356929 ns, At safepoint: 8955633 ns, Total: 9312562 ns
[2025-09-11T11:26:27.830+0000][1][gc          ] GC(3) Concurrent Mark Cycle
[2025-09-11T11:26:27.830+0000][1][gc,marking  ] GC(3) Concurrent Clear Claimed Marks
[2025-09-11T11:26:27.830+0000][1][gc,marking  ] GC(3) Concurrent Clear Claimed Marks 0.031ms
[2025-09-11T11:26:27.830+0000][1][gc,marking  ] GC(3) Concurrent Scan Root Regions
[2025-09-11T11:26:27.834+0000][1][gc,marking  ] GC(3) Concurrent Scan Root Regions 3.268ms
[2025-09-11T11:26:27.834+0000][1][gc,marking  ] GC(3) Concurrent Mark
[2025-09-11T11:26:27.834+0000][1][gc,marking  ] GC(3) Concurrent Mark From Roots
[2025-09-11T11:26:27.834+0000][1][gc,task     ] GC(3) Using 3 workers of 3 for marking
[2025-09-11T11:26:27.838+0000][1][gc,marking  ] GC(3) Concurrent Mark From Roots 4.201ms
[2025-09-11T11:26:27.838+0000][1][gc,marking  ] GC(3) Concurrent Preclean
[2025-09-11T11:26:27.838+0000][1][gc,marking  ] GC(3) Concurrent Preclean 0.228ms
[2025-09-11T11:26:27.839+0000][1][gc,start    ] GC(3) Pause Remark
[2025-09-11T11:26:27.842+0000][1][gc          ] GC(3) Pause Remark 12M->12M(512M) 3.467ms
[2025-09-11T11:26:27.842+0000][1][gc,cpu      ] GC(3) User=0.00s Sys=0.01s Real=0.00s
[2025-09-11T11:26:27.843+0000][1][safepoint   ] Safepoint "G1Concurrent", Time since last: 8201971 ns, Reaching safepoint: 476439 ns, At safepoint: 3661100 ns, Total: 4137539 ns
[2025-09-11T11:26:27.843+0000][1][gc,marking  ] GC(3) Concurrent Mark 9.001ms
[2025-09-11T11:26:27.843+0000][1][gc,marking  ] GC(3) Concurrent Rebuild Remembered Sets
[2025-09-11T11:26:27.845+0000][1][gc,marking  ] GC(3) Concurrent Rebuild Remembered Sets 2.486ms
[2025-09-11T11:26:27.846+0000][1][gc,start    ] GC(3) Pause Cleanup
[2025-09-11T11:26:27.847+0000][1][gc          ] GC(3) Pause Cleanup 13M->13M(512M) 0.603ms
[2025-09-11T11:26:27.847+0000][1][gc,cpu      ] GC(3) User=0.01s Sys=0.00s Real=0.00s
[2025-09-11T11:26:27.847+0000][1][safepoint   ] Safepoint "G1Concurrent", Time since last: 2929940 ns, Reaching safepoint: 648253 ns, At safepoint: 778663 ns, Total: 1426916 ns
[2025-09-11T11:26:27.847+0000][1][gc,marking  ] GC(3) Concurrent Cleanup for Next Mark
[2025-09-11T11:26:27.852+0000][1][gc,marking  ] GC(3) Concurrent Cleanup for Next Mark 5.219ms
[2025-09-11T11:26:27.852+0000][1][gc          ] GC(3) Concurrent Mark Cycle 22.136ms
[2025-09-11T11:26:28.302+0000][1][safepoint   ] Safepoint "ICBufferFull", Time since last: 454610208 ns, Reaching safepoint: 524243 ns, At safepoint: 47804 ns, Total: 572047 ns
[2025-09-11T11:26:28.308+0000][1][safepoint   ] Safepoint "ICBufferFull", Time since last: 5769472 ns, Reaching safepoint: 362530 ns, At safepoint: 7500 ns, Total: 370030 ns
[2025-09-11T11:26:28.314+0000][1][safepoint   ] Safepoint "ICBufferFull", Time since last: 5596358 ns, Reaching safepoint: 371031 ns, At safepoint: 7700 ns, Total: 378731 ns
[2025-09-11T11:26:28.320+0000][1][safepoint   ] Safepoint "ICBufferFull", Time since last: 4961406 ns, Reaching safepoint: 410134 ns, At safepoint: 7001 ns, Total: 417135 ns
[2025-09-11T11:26:28.326+0000][1][safepoint   ] Safepoint "ICBufferFull", Time since last: 5813775 ns, Reaching safepoint: 407234 ns, At safepoint: 7700 ns, Total: 414934 ns
[2025-09-11T11:26:28.336+0000][1][safepoint   ] Safepoint "ICBufferFull", Time since last: 9856507 ns, Reaching safepoint: 496341 ns, At safepoint: 10401 ns, Total: 506742 ns
[2025-09-11T11:26:28.341+0000][1][safepoint   ] Safepoint "ICBufferFull", Time since last: 4140638 ns, Reaching safepoint: 385132 ns, At safepoint: 7801 ns, Total: 392933 ns
[2025-09-11T11:26:28.345+0000][1][safepoint   ] Safepoint "ICBufferFull", Time since last: 4050231 ns, Reaching safepoint: 437536 ns, At safepoint: 61505 ns, Total: 499041 ns
[2025-09-11T11:26:28.352+0000][1][safepoint   ] Safepoint "ICBufferFull", Time since last: 6570138 ns, Reaching safepoint: 357329 ns, At safepoint: 7100 ns, Total: 364429 ns
[2025-09-11T11:26:28.361+0000][1][safepoint   ] Safepoint "ICBufferFull", Time since last: 8094963 ns, Reaching safepoint: 357929 ns, At safepoint: 6401 ns, Total: 364330 ns
[2025-09-11T11:26:28.367+0000][1][safepoint   ] Safepoint "ICBufferFull", Time since last: 5643762 ns, Reaching safepoint: 441736 ns, At safepoint: 11601 ns, Total: 453337 ns
[2025-09-11T11:26:28.373+0000][1][safepoint   ] Safepoint "ICBufferFull", Time since last: 5702067 ns, Reaching safepoint: 630551 ns, At safepoint: 14701 ns, Total: 645252 ns
[2025-09-11T11:26:28.382+0000][1][safepoint   ] Safepoint "ICBufferFull", Time since last: 8194771 ns, Reaching safepoint: 396733 ns, At safepoint: 8100 ns, Total: 404833 ns
[2025-09-11T11:26:28.388+0000][1][safepoint   ] Safepoint "ICBufferFull", Time since last: 6047395 ns, Reaching safepoint: 416334 ns, At safepoint: 37203 ns, Total: 453537 ns
[2025-09-11T11:26:28.393+0000][1][safepoint   ] Safepoint "ICBufferFull", Time since last: 4605477 ns, Reaching safepoint: 341928 ns, At safepoint: 6701 ns, Total: 348629 ns
[2025-09-11T11:26:28.399+0000][1][safepoint   ] Safepoint "ICBufferFull", Time since last: 5135720 ns, Reaching safepoint: 496341 ns, At safepoint: 14701 ns, Total: 511042 ns
[2025-09-11T11:26:28.404+0000][1][safepoint   ] Safepoint "ICBufferFull", Time since last: 4814994 ns, Reaching safepoint: 453637 ns, At safepoint: 9901 ns, Total: 463538 ns
[2025-09-11T11:26:28.410+0000][1][safepoint   ] Safepoint "ICBufferFull", Time since last: 5665764 ns, Reaching safepoint: 380131 ns, At safepoint: 8100 ns, Total: 388231 ns
[2025-09-11T11:26:28.422+0000][1][safepoint   ] Safepoint "ICBufferFull", Time since last: 11210118 ns, Reaching safepoint: 360829 ns, At safepoint: 34403 ns, Total: 395232 ns
[2025-09-11T11:26:28.431+0000][1][safepoint   ] Safepoint "ICBufferFull", Time since last: 8893528 ns, Reaching safepoint: 530143 ns, At safepoint: 61806 ns, Total: 591949 ns
[2025-09-11T11:26:28.434+0000][1][safepoint   ] Safepoint "ICBufferFull", Time since last: 1836350 ns, Reaching safepoint: 449137 ns, At safepoint: 38703 ns, Total: 487840 ns
[2025-09-11T11:26:28.436+0000][1][safepoint   ] Safepoint "ICBufferFull", Time since last: 1748043 ns, Reaching safepoint: 369330 ns, At safepoint: 41703 ns, Total: 411033 ns
[2025-09-11T11:26:28.438+0000][1][safepoint   ] Safepoint "ICBufferFull", Time since last: 1592125 ns, Reaching safepoint: 397131 ns, At safepoint: 11001 ns, Total: 408132 ns
[2025-09-11T11:26:28.440+0000][1][safepoint   ] Safepoint "ICBufferFull", Time since last: 1706831 ns, Reaching safepoint: 398631 ns, At safepoint: 81406 ns, Total: 480037 ns
[2025-09-11T11:26:28.442+0000][1][safepoint   ] Safepoint "ICBufferFull", Time since last: 1555921 ns, Reaching safepoint: 328325 ns, At safepoint: 31402 ns, Total: 359727 ns
[2025-09-11T11:26:28.444+0000][1][safepoint   ] Safepoint "ICBufferFull", Time since last: 1385707 ns, Reaching safepoint: 484438 ns, At safepoint: 9100 ns, Total: 493538 ns
[2025-09-11T11:26:28.895+0000][1][safepoint   ] Safepoint "ICBufferFull", Time since last: 450890119 ns, Reaching safepoint: 395831 ns, At safepoint: 60505 ns, Total: 456336 ns
[2025-09-11T11:26:29.878+0000][1][gc,heap,exit] Heap
[2025-09-11T11:26:29.878+0000][1][gc,heap,exit]  garbage-first heap   total 524288K, used 130437K [0x00000000e0000000, 0x0000000100000000)
[2025-09-11T11:26:29.878+0000][1][gc,heap,exit]   region size 1024K, 119 young (121856K), 4 survivors (4096K)
[2025-09-11T11:26:29.878+0000][1][gc,heap,exit]  Metaspace       used 33800K, committed 34176K, reserved 1081344K
[2025-09-11T11:26:29.878+0000][1][gc,heap,exit]   class space    used 4256K, committed 4416K, reserved 1048576K
